================================================
Quick Training Test (GPU, Limited Batches)
================================================
[2026-02-07 22:13:57,229][ocr.pipelines.orchestrator][INFO] - 🎯 OCRProjectOrchestrator initialized
[2026-02-07 22:13:57,229][ocr.pipelines.orchestrator][INFO] -    Domain: recognition
[2026-02-07 22:13:57,229][ocr.pipelines.orchestrator][INFO] -    Mode: train
[2026-02-07 22:13:57,229][ocr.pipelines.orchestrator][INFO] - \n============================================================
[2026-02-07 22:13:57,229][ocr.pipelines.orchestrator][INFO] - 🚀 Starting TRAIN for recognition domain
[2026-02-07 22:13:57,229][ocr.pipelines.orchestrator][INFO] - ============================================================\n
[2026-02-07 22:13:57,229][ocr.pipelines.orchestrator][INFO] - 🏗️ Building model and datasets...
[2026-02-07 22:13:57,229][ocr.pipelines.strategies.recognition_config][INFO] - 💉 Injecting vocab_size for recognition model...
[2026-02-07 22:13:57,231][ocr.domains.recognition.data.tokenizer][INFO] - Loaded tokenizer: 1023 chars, vocab_size=1027, max_len=25
[2026-02-07 22:13:57,231][ocr.pipelines.strategies.recognition_config][INFO] -    ✓ Vocab size 1027 injected into model config
[2026-02-07 22:13:58,421][timm.models._builder][INFO] - Loading pretrained weights from Hugging Face hub (timm/resnet18.a1_in1k)
[2026-02-07 22:13:58,652][timm.models._hub][INFO] - [timm/resnet18.a1_in1k] Safe alternative available for 'pytorch_model.bin' (as 'model.safetensors'). Loading weights using safetensors.
[2026-02-07 22:13:58,793][timm.models._builder][INFO] - Loading pretrained weights from Hugging Face hub (timm/resnet18.a1_in1k)
[2026-02-07 22:13:58,997][timm.models._hub][INFO] - [timm/resnet18.a1_in1k] Safe alternative available for 'pytorch_model.bin' (as 'model.safetensors'). Loading weights using safetensors.
[2026-02-07 22:13:59,064][ocr.pipelines.orchestrator][INFO] -    ✓ Model created: PARSeq
[2026-02-07 22:13:59,069][ocr.domains.recognition.data.tokenizer][INFO] - Loaded tokenizer: 1023 chars, vocab_size=1027, max_len=25
[2026-02-07 22:13:59,073][ocr.domains.recognition.data.tokenizer][INFO] - Loaded tokenizer: 1023 chars, vocab_size=1027, max_len=25
[2026-02-07 22:13:59,076][ocr.domains.recognition.data.tokenizer][INFO] - Loaded tokenizer: 1023 chars, vocab_size=1027, max_len=25
[2026-02-07 22:13:59,080][ocr.domains.recognition.data.tokenizer][INFO] - Loaded tokenizer: 1023 chars, vocab_size=1027, max_len=25
[2026-02-07 22:13:59,081][ocr.pipelines.orchestrator][INFO] -    ✓ Datasets created
[2026-02-07 22:13:59,105][ocr.pipelines.orchestrator][INFO] -    ✓ RecognitionPLModule created
[2026-02-07 22:13:59,115][ocr.pipelines.orchestrator][INFO] -    ✓ DataModule created
[2026-02-07 22:13:59,116][ocr.pipelines.orchestrator][INFO] - ⚡ Configuring Lightning Trainer...
INFO: GPU available: True (cuda), used: True
[2026-02-07 22:13:59,150][lightning.pytorch.utilities.rank_zero][INFO] - GPU available: True (cuda), used: True
INFO: TPU available: False, using: 0 TPU cores
[2026-02-07 22:13:59,151][lightning.pytorch.utilities.rank_zero][INFO] - TPU available: False, using: 0 TPU cores
INFO: 💡 Tip: For seamless cloud logging and experiment tracking, try installing [litlogger](https://pypi.org/project/litlogger/) to enable LitLogger, which logs metrics and artifacts automatically to the Lightning Experiments platform.
[2026-02-07 22:13:59,151][lightning.pytorch.utilities.rank_zero][INFO] - 💡 Tip: For seamless cloud logging and experiment tracking, try installing [litlogger](https://pypi.org/project/litlogger/) to enable LitLogger, which logs metrics and artifacts automatically to the Lightning Experiments platform.
INFO: `Trainer(overfit_batches=1)` was configured so 1 batch will be used.
[2026-02-07 22:13:59,151][lightning.pytorch.utilities.rank_zero][INFO] - `Trainer(overfit_batches=1)` was configured so 1 batch will be used.
[2026-02-07 22:13:59,151][ocr.pipelines.orchestrator][INFO] -    ✓ Trainer ready
[2026-02-07 22:13:59,151][ocr.pipelines.orchestrator][INFO] - 🏋️ Starting training...\n
INFO: LOCAL_RANK: 0 - CUDA_VISIBLE_DEVICES: [0]
[2026-02-07 22:13:59,387][lightning.pytorch.accelerators.cuda][INFO] - LOCAL_RANK: 0 - CUDA_VISIBLE_DEVICES: [0]
┏━━━┳━━━━━━━━━┳━━━━━━━━━━━━━━━┳━━━━━━━━┳━━━━━━━┳━━━━━━━┓
┃   ┃ Name    ┃ Type          ┃ Params ┃ Mode  ┃ FLOPs ┃
┡━━━╇━━━━━━━━━╇━━━━━━━━━━━━━━━╇━━━━━━━━╇━━━━━━━╇━━━━━━━┩
│ 0 │ model   │ PARSeq        │ 40.5 M │ train │     0 │
│ 1 │ rec_cer │ CharErrorRate │      0 │ train │     0 │
└───┴─────────┴───────────────┴────────┴───────┴───────┘
Trainable params: 40.5 M                                                                                                  
Non-trainable params: 0                                                                                                   
Total params: 40.5 M                                                                                                      
Total estimated model params size (MB): 161                                                                               
Modules in train mode: 269                                                                                                
Modules in eval mode: 0                                                                                                   
Total FLOPs: 0                                                                                                            
/workspaces/.venv/lib/python3.11/site-packages/torch/nn/functional.py:5962: UserWarning: Support for mismatched key_padding_mask and attn_mask is deprecated. Use same type for both instead.
  warnings.warn(
DEBUG: Visual Feat: torch.Size([1, 256, 2, 8]), Mean: 0.9975, Std: 1.4797
DEBUG: Pos Embed: torch.Size([1, 256, 2, 8]), Mean: 0.5037, Std: 0.4963

[Grad Debug] Step 0 - Pos Encoder Grad Norm: 0.5875
[Grad Debug] Step 0 - Embed Tokens Grad Norm: 0.5875
DEBUG: Visual Feat: torch.Size([1, 256, 2, 8]), Mean: 0.9975, Std: 1.4797
DEBUG: Pos Embed: torch.Size([1, 256, 2, 8]), Mean: 0.5037, Std: 0.4963
DEBUG: Visual Feat: torch.Size([1, 256, 2, 8]), Mean: 0.9975, Std: 1.4797
DEBUG: Pos Embed: torch.Size([1, 256, 2, 8]), Mean: 0.5037, Std: 0.4963
DEBUG: Visual Feat: torch.Size([1, 256, 2, 8]), Mean: 0.9975, Std: 1.4797
DEBUG: Pos Embed: torch.Size([1, 256, 2, 8]), Mean: 0.5037, Std: 0.4963
DEBUG: Visual Feat: torch.Size([1, 256, 2, 8]), Mean: 0.9975, Std: 1.4797
DEBUG: Pos Embed: torch.Size([1, 256, 2, 8]), Mean: 0.5037, Std: 0.4963
DEBUG: Visual Feat: torch.Size([1, 256, 2, 8]), Mean: 0.9975, Std: 1.4797
DEBUG: Pos Embed: torch.Size([1, 256, 2, 8]), Mean: 0.5037, Std: 0.4963
DEBUG: Visual Feat: torch.Size([1, 256, 2, 8]), Mean: 0.9975, Std: 1.4797
DEBUG: Pos Embed: torch.Size([1, 256, 2, 8]), Mean: 0.5037, Std: 0.4963
DEBUG: Visual Feat: torch.Size([1, 256, 2, 8]), Mean: 0.9975, Std: 1.4797
DEBUG: Pos Embed: torch.Size([1, 256, 2, 8]), Mean: 0.5037, Std: 0.4963
DEBUG: Visual Feat: torch.Size([1, 256, 2, 8]), Mean: 0.9975, Std: 1.4797
DEBUG: Pos Embed: torch.Size([1, 256, 2, 8]), Mean: 0.5037, Std: 0.4963
DEBUG: Visual Feat: torch.Size([1, 256, 2, 8]), Mean: 0.9975, Std: 1.4797
DEBUG: Pos Embed: torch.Size([1, 256, 2, 8]), Mean: 0.5037, Std: 0.4963
DEBUG: Visual Feat: torch.Size([1, 256, 2, 8]), Mean: 1.1136, Std: 1.7507
DEBUG: Pos Embed: torch.Size([1, 256, 2, 8]), Mean: 0.5037, Std: 0.4963
DEBUG: Visual Feat: torch.Size([1, 256, 2, 8]), Mean: 1.1136, Std: 1.7507
DEBUG: Pos Embed: torch.Size([1, 256, 2, 8]), Mean: 0.5037, Std: 0.4963

[Validation Debug] Samples:
  Pred Type: <class 'dict'>
  Pred Keys: ['logits', 'tokens']
  Pred IDs: [1, 6, 6, 6, 6, 6, 6, 6, 6, 6, 6, 6, 6, 6, 6, 6, 6, 6, 6, 6, 6, 6, 6, 6, 6, 6]
  Pred: '"""""""""""""""""""""""""' | GT: '"변화와'
  Match Count: 0/1
DEBUG: Visual Feat: torch.Size([1, 256, 2, 8]), Mean: 0.9975, Std: 1.4797
DEBUG: Pos Embed: torch.Size([1, 256, 2, 8]), Mean: 0.5037, Std: 0.4963

[Grad Debug] Step 10 - Pos Encoder Grad Norm: 0.0000
[Grad Debug] Step 10 - Embed Tokens Grad Norm: 0.0000
DEBUG: Visual Feat: torch.Size([1, 256, 2, 8]), Mean: 0.9975, Std: 1.4797
DEBUG: Pos Embed: torch.Size([1, 256, 2, 8]), Mean: 0.5037, Std: 0.4963
DEBUG: Visual Feat: torch.Size([1, 256, 2, 8]), Mean: 0.9975, Std: 1.4797
DEBUG: Pos Embed: torch.Size([1, 256, 2, 8]), Mean: 0.5037, Std: 0.4963
DEBUG: Visual Feat: torch.Size([1, 256, 2, 8]), Mean: 0.9975, Std: 1.4797
DEBUG: Pos Embed: torch.Size([1, 256, 2, 8]), Mean: 0.5037, Std: 0.4963
DEBUG: Visual Feat: torch.Size([1, 256, 2, 8]), Mean: 0.9975, Std: 1.4797
DEBUG: Pos Embed: torch.Size([1, 256, 2, 8]), Mean: 0.5037, Std: 0.4963
DEBUG: Visual Feat: torch.Size([1, 256, 2, 8]), Mean: 0.9975, Std: 1.4797
DEBUG: Pos Embed: torch.Size([1, 256, 2, 8]), Mean: 0.5037, Std: 0.4963
DEBUG: Visual Feat: torch.Size([1, 256, 2, 8]), Mean: 0.9975, Std: 1.4797
DEBUG: Pos Embed: torch.Size([1, 256, 2, 8]), Mean: 0.5037, Std: 0.4963
DEBUG: Visual Feat: torch.Size([1, 256, 2, 8]), Mean: 0.9975, Std: 1.4797
DEBUG: Pos Embed: torch.Size([1, 256, 2, 8]), Mean: 0.5037, Std: 0.4963
DEBUG: Visual Feat: torch.Size([1, 256, 2, 8]), Mean: 0.9975, Std: 1.4797
DEBUG: Pos Embed: torch.Size([1, 256, 2, 8]), Mean: 0.5037, Std: 0.4963
DEBUG: Visual Feat: torch.Size([1, 256, 2, 8]), Mean: 0.9975, Std: 1.4797
DEBUG: Pos Embed: torch.Size([1, 256, 2, 8]), Mean: 0.5037, Std: 0.4963
DEBUG: Visual Feat: torch.Size([1, 256, 2, 8]), Mean: 1.0968, Std: 1.8506
DEBUG: Pos Embed: torch.Size([1, 256, 2, 8]), Mean: 0.5037, Std: 0.4963
DEBUG: Visual Feat: torch.Size([1, 256, 2, 8]), Mean: 1.0968, Std: 1.8506
DEBUG: Pos Embed: torch.Size([1, 256, 2, 8]), Mean: 0.5037, Std: 0.4963

[Validation Debug] Samples:
  Pred Type: <class 'dict'>
  Pred Keys: ['logits', 'tokens']
  Pred IDs: [1, 539, 539, 539, 539, 539, 539, 539, 539, 539, 539, 539, 539, 539, 539, 539, 539, 539, 539, 539, 539, 539, 539, 539, 539, 539]
  Pred: '변변변변변변변변변변변변변변변변변변변변변변변변변' | GT: '"변화와'
  Match Count: 0/1
DEBUG: Visual Feat: torch.Size([1, 256, 2, 8]), Mean: 0.9975, Std: 1.4797
DEBUG: Pos Embed: torch.Size([1, 256, 2, 8]), Mean: 0.5037, Std: 0.4963

[Grad Debug] Step 20 - Pos Encoder Grad Norm: 0.0000
[Grad Debug] Step 20 - Embed Tokens Grad Norm: 0.0000
DEBUG: Visual Feat: torch.Size([1, 256, 2, 8]), Mean: 0.9975, Std: 1.4797
DEBUG: Pos Embed: torch.Size([1, 256, 2, 8]), Mean: 0.5037, Std: 0.4963
DEBUG: Visual Feat: torch.Size([1, 256, 2, 8]), Mean: 0.9975, Std: 1.4797
DEBUG: Pos Embed: torch.Size([1, 256, 2, 8]), Mean: 0.5037, Std: 0.4963
DEBUG: Visual Feat: torch.Size([1, 256, 2, 8]), Mean: 0.9975, Std: 1.4797
DEBUG: Pos Embed: torch.Size([1, 256, 2, 8]), Mean: 0.5037, Std: 0.4963
DEBUG: Visual Feat: torch.Size([1, 256, 2, 8]), Mean: 0.9975, Std: 1.4797
DEBUG: Pos Embed: torch.Size([1, 256, 2, 8]), Mean: 0.5037, Std: 0.4963
DEBUG: Visual Feat: torch.Size([1, 256, 2, 8]), Mean: 0.9975, Std: 1.4797
DEBUG: Pos Embed: torch.Size([1, 256, 2, 8]), Mean: 0.5037, Std: 0.4963
DEBUG: Visual Feat: torch.Size([1, 256, 2, 8]), Mean: 0.9975, Std: 1.4797
DEBUG: Pos Embed: torch.Size([1, 256, 2, 8]), Mean: 0.5037, Std: 0.4963
DEBUG: Visual Feat: torch.Size([1, 256, 2, 8]), Mean: 0.9975, Std: 1.4797
DEBUG: Pos Embed: torch.Size([1, 256, 2, 8]), Mean: 0.5037, Std: 0.4963
DEBUG: Visual Feat: torch.Size([1, 256, 2, 8]), Mean: 0.9975, Std: 1.4797
DEBUG: Pos Embed: torch.Size([1, 256, 2, 8]), Mean: 0.5037, Std: 0.4963
DEBUG: Visual Feat: torch.Size([1, 256, 2, 8]), Mean: 0.9975, Std: 1.4797
DEBUG: Pos Embed: torch.Size([1, 256, 2, 8]), Mean: 0.5037, Std: 0.4963
DEBUG: Visual Feat: torch.Size([1, 256, 2, 8]), Mean: 0.9864, Std: 1.8146
DEBUG: Pos Embed: torch.Size([1, 256, 2, 8]), Mean: 0.5037, Std: 0.4963
DEBUG: Visual Feat: torch.Size([1, 256, 2, 8]), Mean: 0.9864, Std: 1.8146
DEBUG: Pos Embed: torch.Size([1, 256, 2, 8]), Mean: 0.5037, Std: 0.4963

[Validation Debug] Samples:
  Pred Type: <class 'dict'>
  Pred Keys: ['logits', 'tokens']
  Pred IDs: [1, 6, 6, 6, 6, 6, 6, 6, 6, 6, 6, 6, 6, 6, 6, 6, 6, 6, 6, 6, 6, 6, 6, 6, 6, 6]
  Pred: '"""""""""""""""""""""""""' | GT: '"변화와'
  Match Count: 0/1
DEBUG: Visual Feat: torch.Size([1, 256, 2, 8]), Mean: 0.9975, Std: 1.4797
DEBUG: Pos Embed: torch.Size([1, 256, 2, 8]), Mean: 0.5037, Std: 0.4963

[Grad Debug] Step 30 - Pos Encoder Grad Norm: 0.0000
[Grad Debug] Step 30 - Embed Tokens Grad Norm: 0.0000
DEBUG: Visual Feat: torch.Size([1, 256, 2, 8]), Mean: 0.9975, Std: 1.4797
DEBUG: Pos Embed: torch.Size([1, 256, 2, 8]), Mean: 0.5037, Std: 0.4963
DEBUG: Visual Feat: torch.Size([1, 256, 2, 8]), Mean: 0.9975, Std: 1.4797
DEBUG: Pos Embed: torch.Size([1, 256, 2, 8]), Mean: 0.5037, Std: 0.4963
DEBUG: Visual Feat: torch.Size([1, 256, 2, 8]), Mean: 0.9975, Std: 1.4797
DEBUG: Pos Embed: torch.Size([1, 256, 2, 8]), Mean: 0.5037, Std: 0.4963
DEBUG: Visual Feat: torch.Size([1, 256, 2, 8]), Mean: 0.9975, Std: 1.4797
DEBUG: Pos Embed: torch.Size([1, 256, 2, 8]), Mean: 0.5037, Std: 0.4963
DEBUG: Visual Feat: torch.Size([1, 256, 2, 8]), Mean: 0.9975, Std: 1.4797
DEBUG: Pos Embed: torch.Size([1, 256, 2, 8]), Mean: 0.5037, Std: 0.4963
DEBUG: Visual Feat: torch.Size([1, 256, 2, 8]), Mean: 0.9975, Std: 1.4797
DEBUG: Pos Embed: torch.Size([1, 256, 2, 8]), Mean: 0.5037, Std: 0.4963
DEBUG: Visual Feat: torch.Size([1, 256, 2, 8]), Mean: 0.9975, Std: 1.4797
DEBUG: Pos Embed: torch.Size([1, 256, 2, 8]), Mean: 0.5037, Std: 0.4963
DEBUG: Visual Feat: torch.Size([1, 256, 2, 8]), Mean: 0.9975, Std: 1.4797
DEBUG: Pos Embed: torch.Size([1, 256, 2, 8]), Mean: 0.5037, Std: 0.4963
DEBUG: Visual Feat: torch.Size([1, 256, 2, 8]), Mean: 0.9975, Std: 1.4797
DEBUG: Pos Embed: torch.Size([1, 256, 2, 8]), Mean: 0.5037, Std: 0.4963
DEBUG: Visual Feat: torch.Size([1, 256, 2, 8]), Mean: 0.9920, Std: 1.7633
DEBUG: Pos Embed: torch.Size([1, 256, 2, 8]), Mean: 0.5037, Std: 0.4963
DEBUG: Visual Feat: torch.Size([1, 256, 2, 8]), Mean: 0.9920, Std: 1.7633
DEBUG: Pos Embed: torch.Size([1, 256, 2, 8]), Mean: 0.5037, Std: 0.4963

[Validation Debug] Samples:
  Pred Type: <class 'dict'>
  Pred Keys: ['logits', 'tokens']
  Pred IDs: [1, 697, 697, 697, 697, 697, 697, 697, 697, 697, 697, 697, 697, 697, 697, 697, 697, 697, 697, 697, 697, 697, 697, 697, 697, 697]
  Pred: '와와와와와와와와와와와와와와와와와와와와와와와와와' | GT: '"변화와'
  Match Count: 0/1
DEBUG: Visual Feat: torch.Size([1, 256, 2, 8]), Mean: 0.9975, Std: 1.4797
DEBUG: Pos Embed: torch.Size([1, 256, 2, 8]), Mean: 0.5037, Std: 0.4963

[Grad Debug] Step 40 - Pos Encoder Grad Norm: 0.0000
[Grad Debug] Step 40 - Embed Tokens Grad Norm: 0.0000
DEBUG: Visual Feat: torch.Size([1, 256, 2, 8]), Mean: 0.9975, Std: 1.4797
DEBUG: Pos Embed: torch.Size([1, 256, 2, 8]), Mean: 0.5037, Std: 0.4963
DEBUG: Visual Feat: torch.Size([1, 256, 2, 8]), Mean: 0.9975, Std: 1.4797
DEBUG: Pos Embed: torch.Size([1, 256, 2, 8]), Mean: 0.5037, Std: 0.4963
DEBUG: Visual Feat: torch.Size([1, 256, 2, 8]), Mean: 0.9975, Std: 1.4797
DEBUG: Pos Embed: torch.Size([1, 256, 2, 8]), Mean: 0.5037, Std: 0.4963
DEBUG: Visual Feat: torch.Size([1, 256, 2, 8]), Mean: 0.9975, Std: 1.4797
DEBUG: Pos Embed: torch.Size([1, 256, 2, 8]), Mean: 0.5037, Std: 0.4963
DEBUG: Visual Feat: torch.Size([1, 256, 2, 8]), Mean: 0.9975, Std: 1.4797
DEBUG: Pos Embed: torch.Size([1, 256, 2, 8]), Mean: 0.5037, Std: 0.4963
DEBUG: Visual Feat: torch.Size([1, 256, 2, 8]), Mean: 0.9975, Std: 1.4797
DEBUG: Pos Embed: torch.Size([1, 256, 2, 8]), Mean: 0.5037, Std: 0.4963
DEBUG: Visual Feat: torch.Size([1, 256, 2, 8]), Mean: 0.9975, Std: 1.4797
DEBUG: Pos Embed: torch.Size([1, 256, 2, 8]), Mean: 0.5037, Std: 0.4963
DEBUG: Visual Feat: torch.Size([1, 256, 2, 8]), Mean: 0.9975, Std: 1.4797
DEBUG: Pos Embed: torch.Size([1, 256, 2, 8]), Mean: 0.5037, Std: 0.4963
DEBUG: Visual Feat: torch.Size([1, 256, 2, 8]), Mean: 0.9975, Std: 1.4797
DEBUG: Pos Embed: torch.Size([1, 256, 2, 8]), Mean: 0.5037, Std: 0.4963
DEBUG: Visual Feat: torch.Size([1, 256, 2, 8]), Mean: 0.9943, Std: 1.6574
DEBUG: Pos Embed: torch.Size([1, 256, 2, 8]), Mean: 0.5037, Std: 0.4963
DEBUG: Visual Feat: torch.Size([1, 256, 2, 8]), Mean: 0.9943, Std: 1.6574
DEBUG: Pos Embed: torch.Size([1, 256, 2, 8]), Mean: 0.5037, Std: 0.4963

[Validation Debug] Samples:
  Pred Type: <class 'dict'>
  Pred Keys: ['logits', 'tokens']
  Pred IDs: [1, 697, 697, 697, 697, 697, 697, 697, 697, 697, 697, 697, 697, 697, 697, 697, 697, 697, 697, 697, 697, 697, 697, 697, 697, 697]
  Pred: '와와와와와와와와와와와와와와와와와와와와와와와와와' | GT: '"변화와'
  Match Count: 0/1
DEBUG: Visual Feat: torch.Size([1, 256, 2, 8]), Mean: 0.9975, Std: 1.4797
DEBUG: Pos Embed: torch.Size([1, 256, 2, 8]), Mean: 0.5037, Std: 0.4963

[Grad Debug] Step 50 - Pos Encoder Grad Norm: 0.0000
[Grad Debug] Step 50 - Embed Tokens Grad Norm: 0.0000
DEBUG: Visual Feat: torch.Size([1, 256, 2, 8]), Mean: 0.9975, Std: 1.4797
DEBUG: Pos Embed: torch.Size([1, 256, 2, 8]), Mean: 0.5037, Std: 0.4963
DEBUG: Visual Feat: torch.Size([1, 256, 2, 8]), Mean: 0.9975, Std: 1.4797
DEBUG: Pos Embed: torch.Size([1, 256, 2, 8]), Mean: 0.5037, Std: 0.4963
DEBUG: Visual Feat: torch.Size([1, 256, 2, 8]), Mean: 0.9975, Std: 1.4797
DEBUG: Pos Embed: torch.Size([1, 256, 2, 8]), Mean: 0.5037, Std: 0.4963
DEBUG: Visual Feat: torch.Size([1, 256, 2, 8]), Mean: 0.9975, Std: 1.4797
DEBUG: Pos Embed: torch.Size([1, 256, 2, 8]), Mean: 0.5037, Std: 0.4963
DEBUG: Visual Feat: torch.Size([1, 256, 2, 8]), Mean: 0.9975, Std: 1.4797
DEBUG: Pos Embed: torch.Size([1, 256, 2, 8]), Mean: 0.5037, Std: 0.4963
DEBUG: Visual Feat: torch.Size([1, 256, 2, 8]), Mean: 0.9975, Std: 1.4797
DEBUG: Pos Embed: torch.Size([1, 256, 2, 8]), Mean: 0.5037, Std: 0.4963
DEBUG: Visual Feat: torch.Size([1, 256, 2, 8]), Mean: 0.9975, Std: 1.4797
DEBUG: Pos Embed: torch.Size([1, 256, 2, 8]), Mean: 0.5037, Std: 0.4963
DEBUG: Visual Feat: torch.Size([1, 256, 2, 8]), Mean: 0.9975, Std: 1.4797
DEBUG: Pos Embed: torch.Size([1, 256, 2, 8]), Mean: 0.5037, Std: 0.4963
DEBUG: Visual Feat: torch.Size([1, 256, 2, 8]), Mean: 0.9975, Std: 1.4797
DEBUG: Pos Embed: torch.Size([1, 256, 2, 8]), Mean: 0.5037, Std: 0.4963
DEBUG: Visual Feat: torch.Size([1, 256, 2, 8]), Mean: 0.9468, Std: 1.5458
DEBUG: Pos Embed: torch.Size([1, 256, 2, 8]), Mean: 0.5037, Std: 0.4963
DEBUG: Visual Feat: torch.Size([1, 256, 2, 8]), Mean: 0.9468, Std: 1.5458
DEBUG: Pos Embed: torch.Size([1, 256, 2, 8]), Mean: 0.5037, Std: 0.4963

[Validation Debug] Samples:
  Pred Type: <class 'dict'>
  Pred Keys: ['logits', 'tokens']
  Pred IDs: [1, 539, 539, 539, 539, 539, 539, 539, 539, 539, 539, 539, 539, 539, 539, 539, 539, 539, 539, 539, 539, 539, 539, 539, 539, 539]
  Pred: '변변변변변변변변변변변변변변변변변변변변변변변변변' | GT: '"변화와'
  Match Count: 0/1
DEBUG: Visual Feat: torch.Size([1, 256, 2, 8]), Mean: 0.9975, Std: 1.4797
DEBUG: Pos Embed: torch.Size([1, 256, 2, 8]), Mean: 0.5037, Std: 0.4963

[Grad Debug] Step 60 - Pos Encoder Grad Norm: 0.0000
[Grad Debug] Step 60 - Embed Tokens Grad Norm: 0.0000
DEBUG: Visual Feat: torch.Size([1, 256, 2, 8]), Mean: 0.9975, Std: 1.4797
DEBUG: Pos Embed: torch.Size([1, 256, 2, 8]), Mean: 0.5037, Std: 0.4963
DEBUG: Visual Feat: torch.Size([1, 256, 2, 8]), Mean: 0.9975, Std: 1.4797
DEBUG: Pos Embed: torch.Size([1, 256, 2, 8]), Mean: 0.5037, Std: 0.4963
DEBUG: Visual Feat: torch.Size([1, 256, 2, 8]), Mean: 0.9975, Std: 1.4797
DEBUG: Pos Embed: torch.Size([1, 256, 2, 8]), Mean: 0.5037, Std: 0.4963
DEBUG: Visual Feat: torch.Size([1, 256, 2, 8]), Mean: 0.9975, Std: 1.4797
DEBUG: Pos Embed: torch.Size([1, 256, 2, 8]), Mean: 0.5037, Std: 0.4963
DEBUG: Visual Feat: torch.Size([1, 256, 2, 8]), Mean: 0.9975, Std: 1.4797
DEBUG: Pos Embed: torch.Size([1, 256, 2, 8]), Mean: 0.5037, Std: 0.4963
DEBUG: Visual Feat: torch.Size([1, 256, 2, 8]), Mean: 0.9975, Std: 1.4797
DEBUG: Pos Embed: torch.Size([1, 256, 2, 8]), Mean: 0.5037, Std: 0.4963
DEBUG: Visual Feat: torch.Size([1, 256, 2, 8]), Mean: 0.9975, Std: 1.4797
DEBUG: Pos Embed: torch.Size([1, 256, 2, 8]), Mean: 0.5037, Std: 0.4963
DEBUG: Visual Feat: torch.Size([1, 256, 2, 8]), Mean: 0.9975, Std: 1.4797
DEBUG: Pos Embed: torch.Size([1, 256, 2, 8]), Mean: 0.5037, Std: 0.4963
DEBUG: Visual Feat: torch.Size([1, 256, 2, 8]), Mean: 0.9975, Std: 1.4797
DEBUG: Pos Embed: torch.Size([1, 256, 2, 8]), Mean: 0.5037, Std: 0.4963
DEBUG: Visual Feat: torch.Size([1, 256, 2, 8]), Mean: 0.9366, Std: 1.4512
DEBUG: Pos Embed: torch.Size([1, 256, 2, 8]), Mean: 0.5037, Std: 0.4963
DEBUG: Visual Feat: torch.Size([1, 256, 2, 8]), Mean: 0.9366, Std: 1.4512
DEBUG: Pos Embed: torch.Size([1, 256, 2, 8]), Mean: 0.5037, Std: 0.4963

[Validation Debug] Samples:
  Pred Type: <class 'dict'>
  Pred Keys: ['logits', 'tokens']
  Pred IDs: [1, 539, 539, 539, 539, 539, 539, 539, 539, 539, 539, 539, 539, 539, 539, 539, 539, 539, 539, 539, 539, 539, 539, 539, 539, 539]
  Pred: '변변변변변변변변변변변변변변변변변변변변변변변변변' | GT: '"변화와'
  Match Count: 0/1
DEBUG: Visual Feat: torch.Size([1, 256, 2, 8]), Mean: 0.9975, Std: 1.4797
DEBUG: Pos Embed: torch.Size([1, 256, 2, 8]), Mean: 0.5037, Std: 0.4963

[Grad Debug] Step 70 - Pos Encoder Grad Norm: 0.0000
[Grad Debug] Step 70 - Embed Tokens Grad Norm: 0.0000
DEBUG: Visual Feat: torch.Size([1, 256, 2, 8]), Mean: 0.9975, Std: 1.4797
DEBUG: Pos Embed: torch.Size([1, 256, 2, 8]), Mean: 0.5037, Std: 0.4963
DEBUG: Visual Feat: torch.Size([1, 256, 2, 8]), Mean: 0.9975, Std: 1.4797
DEBUG: Pos Embed: torch.Size([1, 256, 2, 8]), Mean: 0.5037, Std: 0.4963
DEBUG: Visual Feat: torch.Size([1, 256, 2, 8]), Mean: 0.9975, Std: 1.4797
DEBUG: Pos Embed: torch.Size([1, 256, 2, 8]), Mean: 0.5037, Std: 0.4963
DEBUG: Visual Feat: torch.Size([1, 256, 2, 8]), Mean: 0.9975, Std: 1.4797
DEBUG: Pos Embed: torch.Size([1, 256, 2, 8]), Mean: 0.5037, Std: 0.4963
DEBUG: Visual Feat: torch.Size([1, 256, 2, 8]), Mean: 0.9975, Std: 1.4797
DEBUG: Pos Embed: torch.Size([1, 256, 2, 8]), Mean: 0.5037, Std: 0.4963
DEBUG: Visual Feat: torch.Size([1, 256, 2, 8]), Mean: 0.9975, Std: 1.4797
DEBUG: Pos Embed: torch.Size([1, 256, 2, 8]), Mean: 0.5037, Std: 0.4963
DEBUG: Visual Feat: torch.Size([1, 256, 2, 8]), Mean: 0.9975, Std: 1.4797
DEBUG: Pos Embed: torch.Size([1, 256, 2, 8]), Mean: 0.5037, Std: 0.4963
DEBUG: Visual Feat: torch.Size([1, 256, 2, 8]), Mean: 0.9975, Std: 1.4797
DEBUG: Pos Embed: torch.Size([1, 256, 2, 8]), Mean: 0.5037, Std: 0.4963
DEBUG: Visual Feat: torch.Size([1, 256, 2, 8]), Mean: 0.9975, Std: 1.4797
DEBUG: Pos Embed: torch.Size([1, 256, 2, 8]), Mean: 0.5037, Std: 0.4963
DEBUG: Visual Feat: torch.Size([1, 256, 2, 8]), Mean: 0.9579, Std: 1.4297
DEBUG: Pos Embed: torch.Size([1, 256, 2, 8]), Mean: 0.5037, Std: 0.4963
DEBUG: Visual Feat: torch.Size([1, 256, 2, 8]), Mean: 0.9579, Std: 1.4297
DEBUG: Pos Embed: torch.Size([1, 256, 2, 8]), Mean: 0.5037, Std: 0.4963

[Validation Debug] Samples:
  Pred Type: <class 'dict'>
  Pred Keys: ['logits', 'tokens']
  Pred IDs: [1, 2]
  Pred: '' | GT: '"변화와'
  Match Count: 0/1
DEBUG: Visual Feat: torch.Size([1, 256, 2, 8]), Mean: 0.9975, Std: 1.4797
DEBUG: Pos Embed: torch.Size([1, 256, 2, 8]), Mean: 0.5037, Std: 0.4963

[Grad Debug] Step 80 - Pos Encoder Grad Norm: 0.0000
[Grad Debug] Step 80 - Embed Tokens Grad Norm: 0.0000
DEBUG: Visual Feat: torch.Size([1, 256, 2, 8]), Mean: 0.9975, Std: 1.4797
DEBUG: Pos Embed: torch.Size([1, 256, 2, 8]), Mean: 0.5037, Std: 0.4963
DEBUG: Visual Feat: torch.Size([1, 256, 2, 8]), Mean: 0.9975, Std: 1.4797
DEBUG: Pos Embed: torch.Size([1, 256, 2, 8]), Mean: 0.5037, Std: 0.4963
DEBUG: Visual Feat: torch.Size([1, 256, 2, 8]), Mean: 0.9975, Std: 1.4797
DEBUG: Pos Embed: torch.Size([1, 256, 2, 8]), Mean: 0.5037, Std: 0.4963
DEBUG: Visual Feat: torch.Size([1, 256, 2, 8]), Mean: 0.9975, Std: 1.4797
DEBUG: Pos Embed: torch.Size([1, 256, 2, 8]), Mean: 0.5037, Std: 0.4963
DEBUG: Visual Feat: torch.Size([1, 256, 2, 8]), Mean: 0.9975, Std: 1.4797
DEBUG: Pos Embed: torch.Size([1, 256, 2, 8]), Mean: 0.5037, Std: 0.4963
DEBUG: Visual Feat: torch.Size([1, 256, 2, 8]), Mean: 0.9975, Std: 1.4797
DEBUG: Pos Embed: torch.Size([1, 256, 2, 8]), Mean: 0.5037, Std: 0.4963
DEBUG: Visual Feat: torch.Size([1, 256, 2, 8]), Mean: 0.9975, Std: 1.4797
DEBUG: Pos Embed: torch.Size([1, 256, 2, 8]), Mean: 0.5037, Std: 0.4963
DEBUG: Visual Feat: torch.Size([1, 256, 2, 8]), Mean: 0.9975, Std: 1.4797
DEBUG: Pos Embed: torch.Size([1, 256, 2, 8]), Mean: 0.5037, Std: 0.4963
DEBUG: Visual Feat: torch.Size([1, 256, 2, 8]), Mean: 0.9975, Std: 1.4797
DEBUG: Pos Embed: torch.Size([1, 256, 2, 8]), Mean: 0.5037, Std: 0.4963
DEBUG: Visual Feat: torch.Size([1, 256, 2, 8]), Mean: 0.9693, Std: 1.4220
DEBUG: Pos Embed: torch.Size([1, 256, 2, 8]), Mean: 0.5037, Std: 0.4963
DEBUG: Visual Feat: torch.Size([1, 256, 2, 8]), Mean: 0.9693, Std: 1.4220
DEBUG: Pos Embed: torch.Size([1, 256, 2, 8]), Mean: 0.5037, Std: 0.4963

[Validation Debug] Samples:
  Pred Type: <class 'dict'>
  Pred Keys: ['logits', 'tokens']
  Pred IDs: [1, 697, 697, 697, 697, 697, 697, 697, 697, 697, 697, 697, 697, 697, 697, 697, 697, 697, 697, 697, 697, 697, 697, 697, 697, 697]
  Pred: '와와와와와와와와와와와와와와와와와와와와와와와와와' | GT: '"변화와'
  Match Count: 0/1
DEBUG: Visual Feat: torch.Size([1, 256, 2, 8]), Mean: 0.9975, Std: 1.4797
DEBUG: Pos Embed: torch.Size([1, 256, 2, 8]), Mean: 0.5037, Std: 0.4963

[Grad Debug] Step 90 - Pos Encoder Grad Norm: 0.0000
[Grad Debug] Step 90 - Embed Tokens Grad Norm: 0.0000
DEBUG: Visual Feat: torch.Size([1, 256, 2, 8]), Mean: 0.9975, Std: 1.4797
DEBUG: Pos Embed: torch.Size([1, 256, 2, 8]), Mean: 0.5037, Std: 0.4963
DEBUG: Visual Feat: torch.Size([1, 256, 2, 8]), Mean: 0.9975, Std: 1.4797
DEBUG: Pos Embed: torch.Size([1, 256, 2, 8]), Mean: 0.5037, Std: 0.4963
DEBUG: Visual Feat: torch.Size([1, 256, 2, 8]), Mean: 0.9975, Std: 1.4797
DEBUG: Pos Embed: torch.Size([1, 256, 2, 8]), Mean: 0.5037, Std: 0.4963
DEBUG: Visual Feat: torch.Size([1, 256, 2, 8]), Mean: 0.9975, Std: 1.4797
DEBUG: Pos Embed: torch.Size([1, 256, 2, 8]), Mean: 0.5037, Std: 0.4963
DEBUG: Visual Feat: torch.Size([1, 256, 2, 8]), Mean: 0.9975, Std: 1.4797
DEBUG: Pos Embed: torch.Size([1, 256, 2, 8]), Mean: 0.5037, Std: 0.4963
DEBUG: Visual Feat: torch.Size([1, 256, 2, 8]), Mean: 0.9975, Std: 1.4797
DEBUG: Pos Embed: torch.Size([1, 256, 2, 8]), Mean: 0.5037, Std: 0.4963
DEBUG: Visual Feat: torch.Size([1, 256, 2, 8]), Mean: 0.9975, Std: 1.4797
DEBUG: Pos Embed: torch.Size([1, 256, 2, 8]), Mean: 0.5037, Std: 0.4963
DEBUG: Visual Feat: torch.Size([1, 256, 2, 8]), Mean: 0.9975, Std: 1.4797
DEBUG: Pos Embed: torch.Size([1, 256, 2, 8]), Mean: 0.5037, Std: 0.4963
DEBUG: Visual Feat: torch.Size([1, 256, 2, 8]), Mean: 0.9975, Std: 1.4797
DEBUG: Pos Embed: torch.Size([1, 256, 2, 8]), Mean: 0.5037, Std: 0.4963
DEBUG: Visual Feat: torch.Size([1, 256, 2, 8]), Mean: 0.9729, Std: 1.4187
DEBUG: Pos Embed: torch.Size([1, 256, 2, 8]), Mean: 0.5037, Std: 0.4963
DEBUG: Visual Feat: torch.Size([1, 256, 2, 8]), Mean: 0.9729, Std: 1.4187
DEBUG: Pos Embed: torch.Size([1, 256, 2, 8]), Mean: 0.5037, Std: 0.4963

[Validation Debug] Samples:
  Pred Type: <class 'dict'>
  Pred Keys: ['logits', 'tokens']
  Pred IDs: [1, 988, 988, 988, 988, 988, 988, 988, 988, 988, 988, 988, 988, 988, 988, 988, 988, 988, 988, 988, 988, 988, 988, 988, 988, 988]
  Pred: '화화화화화화화화화화화화화화화화화화화화화화화화화' | GT: '"변화와'
  Match Count: 0/1
DEBUG: Visual Feat: torch.Size([1, 256, 2, 8]), Mean: 0.9975, Std: 1.4797
DEBUG: Pos Embed: torch.Size([1, 256, 2, 8]), Mean: 0.5037, Std: 0.4963

[Grad Debug] Step 100 - Pos Encoder Grad Norm: 0.0000
[Grad Debug] Step 100 - Embed Tokens Grad Norm: 0.0000
DEBUG: Visual Feat: torch.Size([1, 256, 2, 8]), Mean: 0.9975, Std: 1.4797
DEBUG: Pos Embed: torch.Size([1, 256, 2, 8]), Mean: 0.5037, Std: 0.4963
DEBUG: Visual Feat: torch.Size([1, 256, 2, 8]), Mean: 0.9975, Std: 1.4797
DEBUG: Pos Embed: torch.Size([1, 256, 2, 8]), Mean: 0.5037, Std: 0.4963
DEBUG: Visual Feat: torch.Size([1, 256, 2, 8]), Mean: 0.9975, Std: 1.4797
DEBUG: Pos Embed: torch.Size([1, 256, 2, 8]), Mean: 0.5037, Std: 0.4963
DEBUG: Visual Feat: torch.Size([1, 256, 2, 8]), Mean: 0.9975, Std: 1.4797
DEBUG: Pos Embed: torch.Size([1, 256, 2, 8]), Mean: 0.5037, Std: 0.4963
DEBUG: Visual Feat: torch.Size([1, 256, 2, 8]), Mean: 0.9975, Std: 1.4797
DEBUG: Pos Embed: torch.Size([1, 256, 2, 8]), Mean: 0.5037, Std: 0.4963
DEBUG: Visual Feat: torch.Size([1, 256, 2, 8]), Mean: 0.9975, Std: 1.4797
DEBUG: Pos Embed: torch.Size([1, 256, 2, 8]), Mean: 0.5037, Std: 0.4963
DEBUG: Visual Feat: torch.Size([1, 256, 2, 8]), Mean: 0.9975, Std: 1.4797
DEBUG: Pos Embed: torch.Size([1, 256, 2, 8]), Mean: 0.5037, Std: 0.4963
DEBUG: Visual Feat: torch.Size([1, 256, 2, 8]), Mean: 0.9975, Std: 1.4797
DEBUG: Pos Embed: torch.Size([1, 256, 2, 8]), Mean: 0.5037, Std: 0.4963
DEBUG: Visual Feat: torch.Size([1, 256, 2, 8]), Mean: 0.9975, Std: 1.4797
DEBUG: Pos Embed: torch.Size([1, 256, 2, 8]), Mean: 0.5037, Std: 0.4963
DEBUG: Visual Feat: torch.Size([1, 256, 2, 8]), Mean: 0.9729, Std: 1.4169
DEBUG: Pos Embed: torch.Size([1, 256, 2, 8]), Mean: 0.5037, Std: 0.4963
DEBUG: Visual Feat: torch.Size([1, 256, 2, 8]), Mean: 0.9729, Std: 1.4169
DEBUG: Pos Embed: torch.Size([1, 256, 2, 8]), Mean: 0.5037, Std: 0.4963

[Validation Debug] Samples:
  Pred Type: <class 'dict'>
  Pred Keys: ['logits', 'tokens']
  Pred IDs: [1, 539, 539, 539, 539, 539, 539, 539, 539, 539, 539, 539, 539, 539, 539, 539, 539, 539, 539, 539, 539, 539, 539, 539, 539, 539]
  Pred: '변변변변변변변변변변변변변변변변변변변변변변변변변' | GT: '"변화와'
  Match Count: 0/1
DEBUG: Visual Feat: torch.Size([1, 256, 2, 8]), Mean: 0.9975, Std: 1.4797
DEBUG: Pos Embed: torch.Size([1, 256, 2, 8]), Mean: 0.5037, Std: 0.4963

[Grad Debug] Step 110 - Pos Encoder Grad Norm: 0.0000
[Grad Debug] Step 110 - Embed Tokens Grad Norm: 0.0000
DEBUG: Visual Feat: torch.Size([1, 256, 2, 8]), Mean: 0.9975, Std: 1.4797
DEBUG: Pos Embed: torch.Size([1, 256, 2, 8]), Mean: 0.5037, Std: 0.4963
DEBUG: Visual Feat: torch.Size([1, 256, 2, 8]), Mean: 0.9975, Std: 1.4797
DEBUG: Pos Embed: torch.Size([1, 256, 2, 8]), Mean: 0.5037, Std: 0.4963
DEBUG: Visual Feat: torch.Size([1, 256, 2, 8]), Mean: 0.9975, Std: 1.4797
DEBUG: Pos Embed: torch.Size([1, 256, 2, 8]), Mean: 0.5037, Std: 0.4963
DEBUG: Visual Feat: torch.Size([1, 256, 2, 8]), Mean: 0.9975, Std: 1.4797
DEBUG: Pos Embed: torch.Size([1, 256, 2, 8]), Mean: 0.5037, Std: 0.4963
DEBUG: Visual Feat: torch.Size([1, 256, 2, 8]), Mean: 0.9975, Std: 1.4797
DEBUG: Pos Embed: torch.Size([1, 256, 2, 8]), Mean: 0.5037, Std: 0.4963
DEBUG: Visual Feat: torch.Size([1, 256, 2, 8]), Mean: 0.9975, Std: 1.4797
DEBUG: Pos Embed: torch.Size([1, 256, 2, 8]), Mean: 0.5037, Std: 0.4963
DEBUG: Visual Feat: torch.Size([1, 256, 2, 8]), Mean: 0.9975, Std: 1.4797
DEBUG: Pos Embed: torch.Size([1, 256, 2, 8]), Mean: 0.5037, Std: 0.4963
DEBUG: Visual Feat: torch.Size([1, 256, 2, 8]), Mean: 0.9975, Std: 1.4797
DEBUG: Pos Embed: torch.Size([1, 256, 2, 8]), Mean: 0.5037, Std: 0.4963
DEBUG: Visual Feat: torch.Size([1, 256, 2, 8]), Mean: 0.9975, Std: 1.4797
DEBUG: Pos Embed: torch.Size([1, 256, 2, 8]), Mean: 0.5037, Std: 0.4963
DEBUG: Visual Feat: torch.Size([1, 256, 2, 8]), Mean: 0.9727, Std: 1.4163
DEBUG: Pos Embed: torch.Size([1, 256, 2, 8]), Mean: 0.5037, Std: 0.4963
DEBUG: Visual Feat: torch.Size([1, 256, 2, 8]), Mean: 0.9727, Std: 1.4163
DEBUG: Pos Embed: torch.Size([1, 256, 2, 8]), Mean: 0.5037, Std: 0.4963

[Validation Debug] Samples:
  Pred Type: <class 'dict'>
  Pred Keys: ['logits', 'tokens']
  Pred IDs: [1, 539, 539, 539, 539, 539, 539, 539, 539, 539, 539, 539, 539, 539, 539, 539, 539, 539, 539, 539, 539, 539, 539, 539, 539, 539]
  Pred: '변변변변변변변변변변변변변변변변변변변변변변변변변' | GT: '"변화와'
  Match Count: 0/1
DEBUG: Visual Feat: torch.Size([1, 256, 2, 8]), Mean: 0.9975, Std: 1.4797
DEBUG: Pos Embed: torch.Size([1, 256, 2, 8]), Mean: 0.5037, Std: 0.4963

[Grad Debug] Step 120 - Pos Encoder Grad Norm: 0.0000
[Grad Debug] Step 120 - Embed Tokens Grad Norm: 0.0000
DEBUG: Visual Feat: torch.Size([1, 256, 2, 8]), Mean: 0.9975, Std: 1.4797
DEBUG: Pos Embed: torch.Size([1, 256, 2, 8]), Mean: 0.5037, Std: 0.4963
DEBUG: Visual Feat: torch.Size([1, 256, 2, 8]), Mean: 0.9975, Std: 1.4797
DEBUG: Pos Embed: torch.Size([1, 256, 2, 8]), Mean: 0.5037, Std: 0.4963
DEBUG: Visual Feat: torch.Size([1, 256, 2, 8]), Mean: 0.9975, Std: 1.4797
DEBUG: Pos Embed: torch.Size([1, 256, 2, 8]), Mean: 0.5037, Std: 0.4963
DEBUG: Visual Feat: torch.Size([1, 256, 2, 8]), Mean: 0.9975, Std: 1.4797
DEBUG: Pos Embed: torch.Size([1, 256, 2, 8]), Mean: 0.5037, Std: 0.4963
DEBUG: Visual Feat: torch.Size([1, 256, 2, 8]), Mean: 0.9975, Std: 1.4797
DEBUG: Pos Embed: torch.Size([1, 256, 2, 8]), Mean: 0.5037, Std: 0.4963
DEBUG: Visual Feat: torch.Size([1, 256, 2, 8]), Mean: 0.9975, Std: 1.4797
DEBUG: Pos Embed: torch.Size([1, 256, 2, 8]), Mean: 0.5037, Std: 0.4963
DEBUG: Visual Feat: torch.Size([1, 256, 2, 8]), Mean: 0.9975, Std: 1.4797
DEBUG: Pos Embed: torch.Size([1, 256, 2, 8]), Mean: 0.5037, Std: 0.4963
DEBUG: Visual Feat: torch.Size([1, 256, 2, 8]), Mean: 0.9975, Std: 1.4797
DEBUG: Pos Embed: torch.Size([1, 256, 2, 8]), Mean: 0.5037, Std: 0.4963
DEBUG: Visual Feat: torch.Size([1, 256, 2, 8]), Mean: 0.9975, Std: 1.4797
DEBUG: Pos Embed: torch.Size([1, 256, 2, 8]), Mean: 0.5037, Std: 0.4963
DEBUG: Visual Feat: torch.Size([1, 256, 2, 8]), Mean: 0.9725, Std: 1.4157
DEBUG: Pos Embed: torch.Size([1, 256, 2, 8]), Mean: 0.5037, Std: 0.4963
DEBUG: Visual Feat: torch.Size([1, 256, 2, 8]), Mean: 0.9725, Std: 1.4157
DEBUG: Pos Embed: torch.Size([1, 256, 2, 8]), Mean: 0.5037, Std: 0.4963

[Validation Debug] Samples:
  Pred Type: <class 'dict'>
  Pred Keys: ['logits', 'tokens']
  Pred IDs: [1, 988, 988, 988, 988, 988, 988, 988, 988, 988, 988, 988, 988, 988, 988, 988, 988, 988, 988, 988, 988, 988, 988, 988, 988, 988]
  Pred: '화화화화화화화화화화화화화화화화화화화화화화화화화' | GT: '"변화와'
  Match Count: 0/1
DEBUG: Visual Feat: torch.Size([1, 256, 2, 8]), Mean: 0.9975, Std: 1.4797
DEBUG: Pos Embed: torch.Size([1, 256, 2, 8]), Mean: 0.5037, Std: 0.4963

[Grad Debug] Step 130 - Pos Encoder Grad Norm: 0.0000
[Grad Debug] Step 130 - Embed Tokens Grad Norm: 0.0000
DEBUG: Visual Feat: torch.Size([1, 256, 2, 8]), Mean: 0.9975, Std: 1.4797
DEBUG: Pos Embed: torch.Size([1, 256, 2, 8]), Mean: 0.5037, Std: 0.4963
DEBUG: Visual Feat: torch.Size([1, 256, 2, 8]), Mean: 0.9975, Std: 1.4797
DEBUG: Pos Embed: torch.Size([1, 256, 2, 8]), Mean: 0.5037, Std: 0.4963
DEBUG: Visual Feat: torch.Size([1, 256, 2, 8]), Mean: 0.9975, Std: 1.4797
DEBUG: Pos Embed: torch.Size([1, 256, 2, 8]), Mean: 0.5037, Std: 0.4963
DEBUG: Visual Feat: torch.Size([1, 256, 2, 8]), Mean: 0.9975, Std: 1.4797
DEBUG: Pos Embed: torch.Size([1, 256, 2, 8]), Mean: 0.5037, Std: 0.4963
DEBUG: Visual Feat: torch.Size([1, 256, 2, 8]), Mean: 0.9975, Std: 1.4797
DEBUG: Pos Embed: torch.Size([1, 256, 2, 8]), Mean: 0.5037, Std: 0.4963
DEBUG: Visual Feat: torch.Size([1, 256, 2, 8]), Mean: 0.9975, Std: 1.4797
DEBUG: Pos Embed: torch.Size([1, 256, 2, 8]), Mean: 0.5037, Std: 0.4963
DEBUG: Visual Feat: torch.Size([1, 256, 2, 8]), Mean: 0.9975, Std: 1.4797
DEBUG: Pos Embed: torch.Size([1, 256, 2, 8]), Mean: 0.5037, Std: 0.4963
DEBUG: Visual Feat: torch.Size([1, 256, 2, 8]), Mean: 0.9975, Std: 1.4797
DEBUG: Pos Embed: torch.Size([1, 256, 2, 8]), Mean: 0.5037, Std: 0.4963
DEBUG: Visual Feat: torch.Size([1, 256, 2, 8]), Mean: 0.9975, Std: 1.4797
DEBUG: Pos Embed: torch.Size([1, 256, 2, 8]), Mean: 0.5037, Std: 0.4963
DEBUG: Visual Feat: torch.Size([1, 256, 2, 8]), Mean: 0.9726, Std: 1.4159
DEBUG: Pos Embed: torch.Size([1, 256, 2, 8]), Mean: 0.5037, Std: 0.4963
DEBUG: Visual Feat: torch.Size([1, 256, 2, 8]), Mean: 0.9726, Std: 1.4159
DEBUG: Pos Embed: torch.Size([1, 256, 2, 8]), Mean: 0.5037, Std: 0.4963

[Validation Debug] Samples:
  Pred Type: <class 'dict'>
  Pred Keys: ['logits', 'tokens']
  Pred IDs: [1, 697, 697, 697, 697, 697, 697, 697, 697, 697, 697, 697, 697, 697, 697, 697, 697, 697, 697, 697, 697, 697, 697, 697, 697, 697]
  Pred: '와와와와와와와와와와와와와와와와와와와와와와와와와' | GT: '"변화와'
  Match Count: 0/1
DEBUG: Visual Feat: torch.Size([1, 256, 2, 8]), Mean: 0.9975, Std: 1.4797
DEBUG: Pos Embed: torch.Size([1, 256, 2, 8]), Mean: 0.5037, Std: 0.4963

[Grad Debug] Step 140 - Pos Encoder Grad Norm: 0.0000
[Grad Debug] Step 140 - Embed Tokens Grad Norm: 0.0000
DEBUG: Visual Feat: torch.Size([1, 256, 2, 8]), Mean: 0.9975, Std: 1.4797
DEBUG: Pos Embed: torch.Size([1, 256, 2, 8]), Mean: 0.5037, Std: 0.4963
DEBUG: Visual Feat: torch.Size([1, 256, 2, 8]), Mean: 0.9975, Std: 1.4797
DEBUG: Pos Embed: torch.Size([1, 256, 2, 8]), Mean: 0.5037, Std: 0.4963
DEBUG: Visual Feat: torch.Size([1, 256, 2, 8]), Mean: 0.9975, Std: 1.4797
DEBUG: Pos Embed: torch.Size([1, 256, 2, 8]), Mean: 0.5037, Std: 0.4963
DEBUG: Visual Feat: torch.Size([1, 256, 2, 8]), Mean: 0.9975, Std: 1.4797
DEBUG: Pos Embed: torch.Size([1, 256, 2, 8]), Mean: 0.5037, Std: 0.4963
DEBUG: Visual Feat: torch.Size([1, 256, 2, 8]), Mean: 0.9975, Std: 1.4797
DEBUG: Pos Embed: torch.Size([1, 256, 2, 8]), Mean: 0.5037, Std: 0.4963
DEBUG: Visual Feat: torch.Size([1, 256, 2, 8]), Mean: 0.9975, Std: 1.4797
DEBUG: Pos Embed: torch.Size([1, 256, 2, 8]), Mean: 0.5037, Std: 0.4963
DEBUG: Visual Feat: torch.Size([1, 256, 2, 8]), Mean: 0.9975, Std: 1.4797
DEBUG: Pos Embed: torch.Size([1, 256, 2, 8]), Mean: 0.5037, Std: 0.4963
DEBUG: Visual Feat: torch.Size([1, 256, 2, 8]), Mean: 0.9975, Std: 1.4797
DEBUG: Pos Embed: torch.Size([1, 256, 2, 8]), Mean: 0.5037, Std: 0.4963
DEBUG: Visual Feat: torch.Size([1, 256, 2, 8]), Mean: 0.9975, Std: 1.4797
DEBUG: Pos Embed: torch.Size([1, 256, 2, 8]), Mean: 0.5037, Std: 0.4963
DEBUG: Visual Feat: torch.Size([1, 256, 2, 8]), Mean: 0.9723, Std: 1.4157
DEBUG: Pos Embed: torch.Size([1, 256, 2, 8]), Mean: 0.5037, Std: 0.4963
DEBUG: Visual Feat: torch.Size([1, 256, 2, 8]), Mean: 0.9723, Std: 1.4157
DEBUG: Pos Embed: torch.Size([1, 256, 2, 8]), Mean: 0.5037, Std: 0.4963

[Validation Debug] Samples:
  Pred Type: <class 'dict'>
  Pred Keys: ['logits', 'tokens']
  Pred IDs: [1, 6, 6, 6, 6, 6, 6, 6, 6, 6, 6, 6, 6, 6, 6, 6, 6, 6, 6, 6, 6, 6, 6, 6, 6, 6]
  Pred: '"""""""""""""""""""""""""' | GT: '"변화와'
  Match Count: 0/1
DEBUG: Visual Feat: torch.Size([1, 256, 2, 8]), Mean: 0.9975, Std: 1.4797
DEBUG: Pos Embed: torch.Size([1, 256, 2, 8]), Mean: 0.5037, Std: 0.4963

[Grad Debug] Step 150 - Pos Encoder Grad Norm: 0.0000
[Grad Debug] Step 150 - Embed Tokens Grad Norm: 0.0000
DEBUG: Visual Feat: torch.Size([1, 256, 2, 8]), Mean: 0.9975, Std: 1.4797
DEBUG: Pos Embed: torch.Size([1, 256, 2, 8]), Mean: 0.5037, Std: 0.4963
DEBUG: Visual Feat: torch.Size([1, 256, 2, 8]), Mean: 0.9975, Std: 1.4797
DEBUG: Pos Embed: torch.Size([1, 256, 2, 8]), Mean: 0.5037, Std: 0.4963
DEBUG: Visual Feat: torch.Size([1, 256, 2, 8]), Mean: 0.9975, Std: 1.4797
DEBUG: Pos Embed: torch.Size([1, 256, 2, 8]), Mean: 0.5037, Std: 0.4963
DEBUG: Visual Feat: torch.Size([1, 256, 2, 8]), Mean: 0.9975, Std: 1.4797
DEBUG: Pos Embed: torch.Size([1, 256, 2, 8]), Mean: 0.5037, Std: 0.4963
DEBUG: Visual Feat: torch.Size([1, 256, 2, 8]), Mean: 0.9975, Std: 1.4797
DEBUG: Pos Embed: torch.Size([1, 256, 2, 8]), Mean: 0.5037, Std: 0.4963
DEBUG: Visual Feat: torch.Size([1, 256, 2, 8]), Mean: 0.9975, Std: 1.4797
DEBUG: Pos Embed: torch.Size([1, 256, 2, 8]), Mean: 0.5037, Std: 0.4963
DEBUG: Visual Feat: torch.Size([1, 256, 2, 8]), Mean: 0.9975, Std: 1.4797
DEBUG: Pos Embed: torch.Size([1, 256, 2, 8]), Mean: 0.5037, Std: 0.4963
DEBUG: Visual Feat: torch.Size([1, 256, 2, 8]), Mean: 0.9975, Std: 1.4797
DEBUG: Pos Embed: torch.Size([1, 256, 2, 8]), Mean: 0.5037, Std: 0.4963
DEBUG: Visual Feat: torch.Size([1, 256, 2, 8]), Mean: 0.9975, Std: 1.4797
DEBUG: Pos Embed: torch.Size([1, 256, 2, 8]), Mean: 0.5037, Std: 0.4963
DEBUG: Visual Feat: torch.Size([1, 256, 2, 8]), Mean: 0.9722, Std: 1.4157
DEBUG: Pos Embed: torch.Size([1, 256, 2, 8]), Mean: 0.5037, Std: 0.4963
DEBUG: Visual Feat: torch.Size([1, 256, 2, 8]), Mean: 0.9722, Std: 1.4157
DEBUG: Pos Embed: torch.Size([1, 256, 2, 8]), Mean: 0.5037, Std: 0.4963

[Validation Debug] Samples:
  Pred Type: <class 'dict'>
  Pred Keys: ['logits', 'tokens']
  Pred IDs: [1, 539, 539, 539, 539, 539, 539, 539, 539, 539, 539, 539, 539, 539, 539, 539, 539, 539, 539, 539, 539, 539, 539, 539, 539, 539]
  Pred: '변변변변변변변변변변변변변변변변변변변변변변변변변' | GT: '"변화와'
  Match Count: 0/1
DEBUG: Visual Feat: torch.Size([1, 256, 2, 8]), Mean: 0.9975, Std: 1.4797
DEBUG: Pos Embed: torch.Size([1, 256, 2, 8]), Mean: 0.5037, Std: 0.4963

[Grad Debug] Step 160 - Pos Encoder Grad Norm: 0.0000
[Grad Debug] Step 160 - Embed Tokens Grad Norm: 0.0000
DEBUG: Visual Feat: torch.Size([1, 256, 2, 8]), Mean: 0.9975, Std: 1.4797
DEBUG: Pos Embed: torch.Size([1, 256, 2, 8]), Mean: 0.5037, Std: 0.4963
DEBUG: Visual Feat: torch.Size([1, 256, 2, 8]), Mean: 0.9975, Std: 1.4797
DEBUG: Pos Embed: torch.Size([1, 256, 2, 8]), Mean: 0.5037, Std: 0.4963
DEBUG: Visual Feat: torch.Size([1, 256, 2, 8]), Mean: 0.9975, Std: 1.4797
DEBUG: Pos Embed: torch.Size([1, 256, 2, 8]), Mean: 0.5037, Std: 0.4963
DEBUG: Visual Feat: torch.Size([1, 256, 2, 8]), Mean: 0.9975, Std: 1.4797
DEBUG: Pos Embed: torch.Size([1, 256, 2, 8]), Mean: 0.5037, Std: 0.4963
DEBUG: Visual Feat: torch.Size([1, 256, 2, 8]), Mean: 0.9975, Std: 1.4797
DEBUG: Pos Embed: torch.Size([1, 256, 2, 8]), Mean: 0.5037, Std: 0.4963
DEBUG: Visual Feat: torch.Size([1, 256, 2, 8]), Mean: 0.9975, Std: 1.4797
DEBUG: Pos Embed: torch.Size([1, 256, 2, 8]), Mean: 0.5037, Std: 0.4963
DEBUG: Visual Feat: torch.Size([1, 256, 2, 8]), Mean: 0.9975, Std: 1.4797
DEBUG: Pos Embed: torch.Size([1, 256, 2, 8]), Mean: 0.5037, Std: 0.4963
DEBUG: Visual Feat: torch.Size([1, 256, 2, 8]), Mean: 0.9975, Std: 1.4797
DEBUG: Pos Embed: torch.Size([1, 256, 2, 8]), Mean: 0.5037, Std: 0.4963
DEBUG: Visual Feat: torch.Size([1, 256, 2, 8]), Mean: 0.9975, Std: 1.4797
DEBUG: Pos Embed: torch.Size([1, 256, 2, 8]), Mean: 0.5037, Std: 0.4963
DEBUG: Visual Feat: torch.Size([1, 256, 2, 8]), Mean: 0.9724, Std: 1.4158
DEBUG: Pos Embed: torch.Size([1, 256, 2, 8]), Mean: 0.5037, Std: 0.4963
DEBUG: Visual Feat: torch.Size([1, 256, 2, 8]), Mean: 0.9724, Std: 1.4158
DEBUG: Pos Embed: torch.Size([1, 256, 2, 8]), Mean: 0.5037, Std: 0.4963

[Validation Debug] Samples:
  Pred Type: <class 'dict'>
  Pred Keys: ['logits', 'tokens']
  Pred IDs: [1, 539, 539, 539, 539, 539, 539, 539, 539, 539, 539, 539, 539, 539, 539, 539, 539, 539, 539, 539, 539, 539, 539, 539, 539, 539]
  Pred: '변변변변변변변변변변변변변변변변변변변변변변변변변' | GT: '"변화와'
  Match Count: 0/1
DEBUG: Visual Feat: torch.Size([1, 256, 2, 8]), Mean: 0.9975, Std: 1.4797
DEBUG: Pos Embed: torch.Size([1, 256, 2, 8]), Mean: 0.5037, Std: 0.4963

[Grad Debug] Step 170 - Pos Encoder Grad Norm: 0.0000
[Grad Debug] Step 170 - Embed Tokens Grad Norm: 0.0000
DEBUG: Visual Feat: torch.Size([1, 256, 2, 8]), Mean: 0.9975, Std: 1.4797
DEBUG: Pos Embed: torch.Size([1, 256, 2, 8]), Mean: 0.5037, Std: 0.4963
DEBUG: Visual Feat: torch.Size([1, 256, 2, 8]), Mean: 0.9975, Std: 1.4797
DEBUG: Pos Embed: torch.Size([1, 256, 2, 8]), Mean: 0.5037, Std: 0.4963
DEBUG: Visual Feat: torch.Size([1, 256, 2, 8]), Mean: 0.9975, Std: 1.4797
DEBUG: Pos Embed: torch.Size([1, 256, 2, 8]), Mean: 0.5037, Std: 0.4963
DEBUG: Visual Feat: torch.Size([1, 256, 2, 8]), Mean: 0.9975, Std: 1.4797
DEBUG: Pos Embed: torch.Size([1, 256, 2, 8]), Mean: 0.5037, Std: 0.4963
DEBUG: Visual Feat: torch.Size([1, 256, 2, 8]), Mean: 0.9975, Std: 1.4797
DEBUG: Pos Embed: torch.Size([1, 256, 2, 8]), Mean: 0.5037, Std: 0.4963
DEBUG: Visual Feat: torch.Size([1, 256, 2, 8]), Mean: 0.9975, Std: 1.4797
DEBUG: Pos Embed: torch.Size([1, 256, 2, 8]), Mean: 0.5037, Std: 0.4963
DEBUG: Visual Feat: torch.Size([1, 256, 2, 8]), Mean: 0.9975, Std: 1.4797
DEBUG: Pos Embed: torch.Size([1, 256, 2, 8]), Mean: 0.5037, Std: 0.4963
DEBUG: Visual Feat: torch.Size([1, 256, 2, 8]), Mean: 0.9975, Std: 1.4797
DEBUG: Pos Embed: torch.Size([1, 256, 2, 8]), Mean: 0.5037, Std: 0.4963
DEBUG: Visual Feat: torch.Size([1, 256, 2, 8]), Mean: 0.9975, Std: 1.4797
DEBUG: Pos Embed: torch.Size([1, 256, 2, 8]), Mean: 0.5037, Std: 0.4963
DEBUG: Visual Feat: torch.Size([1, 256, 2, 8]), Mean: 0.9724, Std: 1.4158
DEBUG: Pos Embed: torch.Size([1, 256, 2, 8]), Mean: 0.5037, Std: 0.4963
DEBUG: Visual Feat: torch.Size([1, 256, 2, 8]), Mean: 0.9724, Std: 1.4158
DEBUG: Pos Embed: torch.Size([1, 256, 2, 8]), Mean: 0.5037, Std: 0.4963

[Validation Debug] Samples:
  Pred Type: <class 'dict'>
  Pred Keys: ['logits', 'tokens']
  Pred IDs: [1, 2]
  Pred: '' | GT: '"변화와'
  Match Count: 0/1
DEBUG: Visual Feat: torch.Size([1, 256, 2, 8]), Mean: 0.9975, Std: 1.4797
DEBUG: Pos Embed: torch.Size([1, 256, 2, 8]), Mean: 0.5037, Std: 0.4963

[Grad Debug] Step 180 - Pos Encoder Grad Norm: 0.0000
[Grad Debug] Step 180 - Embed Tokens Grad Norm: 0.0000
DEBUG: Visual Feat: torch.Size([1, 256, 2, 8]), Mean: 0.9975, Std: 1.4797
DEBUG: Pos Embed: torch.Size([1, 256, 2, 8]), Mean: 0.5037, Std: 0.4963
DEBUG: Visual Feat: torch.Size([1, 256, 2, 8]), Mean: 0.9975, Std: 1.4797
DEBUG: Pos Embed: torch.Size([1, 256, 2, 8]), Mean: 0.5037, Std: 0.4963
DEBUG: Visual Feat: torch.Size([1, 256, 2, 8]), Mean: 0.9975, Std: 1.4797
DEBUG: Pos Embed: torch.Size([1, 256, 2, 8]), Mean: 0.5037, Std: 0.4963
DEBUG: Visual Feat: torch.Size([1, 256, 2, 8]), Mean: 0.9975, Std: 1.4797
DEBUG: Pos Embed: torch.Size([1, 256, 2, 8]), Mean: 0.5037, Std: 0.4963
DEBUG: Visual Feat: torch.Size([1, 256, 2, 8]), Mean: 0.9975, Std: 1.4797
DEBUG: Pos Embed: torch.Size([1, 256, 2, 8]), Mean: 0.5037, Std: 0.4963
DEBUG: Visual Feat: torch.Size([1, 256, 2, 8]), Mean: 0.9975, Std: 1.4797
DEBUG: Pos Embed: torch.Size([1, 256, 2, 8]), Mean: 0.5037, Std: 0.4963
DEBUG: Visual Feat: torch.Size([1, 256, 2, 8]), Mean: 0.9975, Std: 1.4797
DEBUG: Pos Embed: torch.Size([1, 256, 2, 8]), Mean: 0.5037, Std: 0.4963
DEBUG: Visual Feat: torch.Size([1, 256, 2, 8]), Mean: 0.9975, Std: 1.4797
DEBUG: Pos Embed: torch.Size([1, 256, 2, 8]), Mean: 0.5037, Std: 0.4963
DEBUG: Visual Feat: torch.Size([1, 256, 2, 8]), Mean: 0.9975, Std: 1.4797
DEBUG: Pos Embed: torch.Size([1, 256, 2, 8]), Mean: 0.5037, Std: 0.4963
DEBUG: Visual Feat: torch.Size([1, 256, 2, 8]), Mean: 0.9724, Std: 1.4158
DEBUG: Pos Embed: torch.Size([1, 256, 2, 8]), Mean: 0.5037, Std: 0.4963
DEBUG: Visual Feat: torch.Size([1, 256, 2, 8]), Mean: 0.9724, Std: 1.4158
DEBUG: Pos Embed: torch.Size([1, 256, 2, 8]), Mean: 0.5037, Std: 0.4963

[Validation Debug] Samples:
  Pred Type: <class 'dict'>
  Pred Keys: ['logits', 'tokens']
  Pred IDs: [1, 539, 539, 539, 539, 539, 539, 539, 539, 539, 539, 539, 539, 539, 539, 539, 539, 539, 539, 539, 539, 539, 539, 539, 539, 539]
  Pred: '변변변변변변변변변변변변변변변변변변변변변변변변변' | GT: '"변화와'
  Match Count: 0/1
DEBUG: Visual Feat: torch.Size([1, 256, 2, 8]), Mean: 0.9975, Std: 1.4797
DEBUG: Pos Embed: torch.Size([1, 256, 2, 8]), Mean: 0.5037, Std: 0.4963

[Grad Debug] Step 190 - Pos Encoder Grad Norm: 0.0001
[Grad Debug] Step 190 - Embed Tokens Grad Norm: 0.0001
DEBUG: Visual Feat: torch.Size([1, 256, 2, 8]), Mean: 0.9975, Std: 1.4797
DEBUG: Pos Embed: torch.Size([1, 256, 2, 8]), Mean: 0.5037, Std: 0.4963
DEBUG: Visual Feat: torch.Size([1, 256, 2, 8]), Mean: 0.9975, Std: 1.4797
DEBUG: Pos Embed: torch.Size([1, 256, 2, 8]), Mean: 0.5037, Std: 0.4963
DEBUG: Visual Feat: torch.Size([1, 256, 2, 8]), Mean: 0.9975, Std: 1.4797
DEBUG: Pos Embed: torch.Size([1, 256, 2, 8]), Mean: 0.5037, Std: 0.4963
DEBUG: Visual Feat: torch.Size([1, 256, 2, 8]), Mean: 0.9975, Std: 1.4797
DEBUG: Pos Embed: torch.Size([1, 256, 2, 8]), Mean: 0.5037, Std: 0.4963
DEBUG: Visual Feat: torch.Size([1, 256, 2, 8]), Mean: 0.9975, Std: 1.4797
DEBUG: Pos Embed: torch.Size([1, 256, 2, 8]), Mean: 0.5037, Std: 0.4963
DEBUG: Visual Feat: torch.Size([1, 256, 2, 8]), Mean: 0.9975, Std: 1.4797
DEBUG: Pos Embed: torch.Size([1, 256, 2, 8]), Mean: 0.5037, Std: 0.4963
DEBUG: Visual Feat: torch.Size([1, 256, 2, 8]), Mean: 0.9975, Std: 1.4797
DEBUG: Pos Embed: torch.Size([1, 256, 2, 8]), Mean: 0.5037, Std: 0.4963INFO: `Trainer.fit` stopped: `max_epochs=200` reached.

DEBUG: Visual Feat: torch.Size([1, 256, 2, 8]), Mean: 0.9975, Std: 1.4797
DEBUG: Pos Embed: torch.Size([1, 256, 2, 8]), Mean: 0.5037, Std: 0.4963
DEBUG: Visual Feat: torch.Size([1, 256, 2, 8]), Mean: 0.9975, Std: 1.4797
DEBUG: Pos Embed: torch.Size([1, 256, 2, 8]), Mean: 0.5037, Std: 0.4963
DEBUG: Visual Feat: torch.Size([1, 256, 2, 8]), Mean: 0.9723, Std: 1.4158
DEBUG: Pos Embed: torch.Size([1, 256, 2, 8]), Mean: 0.5037, Std: 0.4963
DEBUG: Visual Feat: torch.Size([1, 256, 2, 8]), Mean: 0.9723, Std: 1.4158
DEBUG: Pos Embed: torch.Size([1, 256, 2, 8]), Mean: 0.5037, Std: 0.4963

[Validation Debug] Samples:
  Pred Type: <class 'dict'>
  Pred Keys: ['logits', 'tokens']
  Pred IDs: [1, 539, 539, 539, 539, 539, 539, 539, 539, 539, 539, 539, 539, 539, 539, 539, 539, 539, 539, 539, 539, 539, 539, 539, 539, 539]
  Pred: '변변변변변변변변변변변변변변변변변변변변변변변변변' | GT: '"변화와'
  Match Count: 0/1
[2026-02-07 22:14:25,716][lightning.pytorch.utilities.rank_zero][INFO] - `Trainer.fit` stopped: `max_epochs=200` reached.
Epoch 199/199 ━━━━━━━━━━━━━━━━━━━━━━━━━━━━━━━━━━━━━━ 1/1 0:00:00 • 0:00:00 0.00it/s v_num: 56.000 val/acc: 0.000 val/cer: 
                                                                                    6.000                                 
[2026-02-07 22:14:26,109][ocr.pipelines.orchestrator][INFO] - \n✅ Training complete!

✅ Training test completed successfully!
