================================================
Quick Training Test (GPU, Limited Batches)
================================================
[2026-02-07 22:08:29,578][ocr.pipelines.orchestrator][INFO] - 🎯 OCRProjectOrchestrator initialized
[2026-02-07 22:08:29,579][ocr.pipelines.orchestrator][INFO] -    Domain: recognition
[2026-02-07 22:08:29,579][ocr.pipelines.orchestrator][INFO] -    Mode: train
[2026-02-07 22:08:29,579][ocr.pipelines.orchestrator][INFO] - \n============================================================
[2026-02-07 22:08:29,579][ocr.pipelines.orchestrator][INFO] - 🚀 Starting TRAIN for recognition domain
[2026-02-07 22:08:29,579][ocr.pipelines.orchestrator][INFO] - ============================================================\n
[2026-02-07 22:08:29,579][ocr.pipelines.orchestrator][INFO] - 🏗️ Building model and datasets...
[2026-02-07 22:08:29,579][ocr.pipelines.strategies.recognition_config][INFO] - 💉 Injecting vocab_size for recognition model...
[2026-02-07 22:08:29,581][ocr.domains.recognition.data.tokenizer][INFO] - Loaded tokenizer: 1023 chars, vocab_size=1027, max_len=25
[2026-02-07 22:08:29,582][ocr.pipelines.strategies.recognition_config][INFO] -    ✓ Vocab size 1027 injected into model config
[2026-02-07 22:08:31,004][timm.models._builder][INFO] - Loading pretrained weights from Hugging Face hub (timm/resnet18.a1_in1k)
[2026-02-07 22:08:31,237][timm.models._hub][INFO] - [timm/resnet18.a1_in1k] Safe alternative available for 'pytorch_model.bin' (as 'model.safetensors'). Loading weights using safetensors.
[2026-02-07 22:08:31,391][timm.models._builder][INFO] - Loading pretrained weights from Hugging Face hub (timm/resnet18.a1_in1k)
[2026-02-07 22:08:31,592][timm.models._hub][INFO] - [timm/resnet18.a1_in1k] Safe alternative available for 'pytorch_model.bin' (as 'model.safetensors'). Loading weights using safetensors.
[2026-02-07 22:08:31,654][ocr.pipelines.orchestrator][INFO] -    ✓ Model created: PARSeq
[2026-02-07 22:08:31,659][ocr.domains.recognition.data.tokenizer][INFO] - Loaded tokenizer: 1023 chars, vocab_size=1027, max_len=25
[2026-02-07 22:08:31,662][ocr.domains.recognition.data.tokenizer][INFO] - Loaded tokenizer: 1023 chars, vocab_size=1027, max_len=25
[2026-02-07 22:08:31,668][ocr.domains.recognition.data.tokenizer][INFO] - Loaded tokenizer: 1023 chars, vocab_size=1027, max_len=25
[2026-02-07 22:08:31,672][ocr.domains.recognition.data.tokenizer][INFO] - Loaded tokenizer: 1023 chars, vocab_size=1027, max_len=25
[2026-02-07 22:08:31,673][ocr.pipelines.orchestrator][INFO] -    ✓ Datasets created
[2026-02-07 22:08:31,699][ocr.pipelines.orchestrator][INFO] -    ✓ RecognitionPLModule created
[2026-02-07 22:08:31,710][ocr.pipelines.orchestrator][INFO] -    ✓ DataModule created
[2026-02-07 22:08:31,710][ocr.pipelines.orchestrator][INFO] - ⚡ Configuring Lightning Trainer...
INFO: GPU available: True (cuda), used: True
[2026-02-07 22:08:31,746][lightning.pytorch.utilities.rank_zero][INFO] - GPU available: True (cuda), used: True
INFO: TPU available: False, using: 0 TPU cores
[2026-02-07 22:08:31,747][lightning.pytorch.utilities.rank_zero][INFO] - TPU available: False, using: 0 TPU cores
INFO: 💡 Tip: For seamless cloud logging and experiment tracking, try installing [litlogger](https://pypi.org/project/litlogger/) to enable LitLogger, which logs metrics and artifacts automatically to the Lightning Experiments platform.
[2026-02-07 22:08:31,748][lightning.pytorch.utilities.rank_zero][INFO] - 💡 Tip: For seamless cloud logging and experiment tracking, try installing [litlogger](https://pypi.org/project/litlogger/) to enable LitLogger, which logs metrics and artifacts automatically to the Lightning Experiments platform.
INFO: `Trainer(overfit_batches=1)` was configured so 1 batch will be used.
[2026-02-07 22:08:31,748][lightning.pytorch.utilities.rank_zero][INFO] - `Trainer(overfit_batches=1)` was configured so 1 batch will be used.
[2026-02-07 22:08:31,748][ocr.pipelines.orchestrator][INFO] -    ✓ Trainer ready
[2026-02-07 22:08:31,748][ocr.pipelines.orchestrator][INFO] - 🏋️ Starting training...\n
INFO: LOCAL_RANK: 0 - CUDA_VISIBLE_DEVICES: [0]
[2026-02-07 22:08:31,922][lightning.pytorch.accelerators.cuda][INFO] - LOCAL_RANK: 0 - CUDA_VISIBLE_DEVICES: [0]
┏━━━┳━━━━━━━━━┳━━━━━━━━━━━━━━━┳━━━━━━━━┳━━━━━━━┳━━━━━━━┓
┃   ┃ Name    ┃ Type          ┃ Params ┃ Mode  ┃ FLOPs ┃
┡━━━╇━━━━━━━━━╇━━━━━━━━━━━━━━━╇━━━━━━━━╇━━━━━━━╇━━━━━━━┩
│ 0 │ model   │ PARSeq        │ 40.5 M │ train │     0 │
│ 1 │ rec_cer │ CharErrorRate │      0 │ train │     0 │
└───┴─────────┴───────────────┴────────┴───────┴───────┘
Trainable params: 40.5 M                                                                                                  
Non-trainable params: 0                                                                                                   
Total params: 40.5 M                                                                                                      
Total estimated model params size (MB): 161                                                                               
Modules in train mode: 269                                                                                                
Modules in eval mode: 0                                                                                                   
Total FLOPs: 0                                                                                                            
/workspaces/.venv/lib/python3.11/site-packages/torch/nn/functional.py:5962: UserWarning: Support for mismatched key_padding_mask and attn_mask is deprecated. Use same type for both instead.
  warnings.warn(
DEBUG: Visual Feat: torch.Size([1, 256, 2, 8]), Mean: 0.9975, Std: 1.4797
DEBUG: Pos Embed: torch.Size([1, 256, 2, 8]), Mean: 0.5037, Std: 0.4963

[Grad Debug] Step 0 - Pos Encoder Grad Norm: 0.1147
[Grad Debug] Step 0 - Embed Tokens Grad Norm: 0.1147
DEBUG: Visual Feat: torch.Size([1, 256, 2, 8]), Mean: 1.0014, Std: 1.4680
DEBUG: Pos Embed: torch.Size([1, 256, 2, 8]), Mean: 0.5037, Std: 0.4963
DEBUG: Visual Feat: torch.Size([1, 256, 2, 8]), Mean: 0.9992, Std: 1.5042
DEBUG: Pos Embed: torch.Size([1, 256, 2, 8]), Mean: 0.5037, Std: 0.4963
DEBUG: Visual Feat: torch.Size([1, 256, 2, 8]), Mean: 1.0011, Std: 1.4925
DEBUG: Pos Embed: torch.Size([1, 256, 2, 8]), Mean: 0.5037, Std: 0.4963
DEBUG: Visual Feat: torch.Size([1, 256, 2, 8]), Mean: 1.0020, Std: 1.4953
DEBUG: Pos Embed: torch.Size([1, 256, 2, 8]), Mean: 0.5037, Std: 0.4963
DEBUG: Visual Feat: torch.Size([1, 256, 2, 8]), Mean: 1.0023, Std: 1.4963
DEBUG: Pos Embed: torch.Size([1, 256, 2, 8]), Mean: 0.5037, Std: 0.4963
DEBUG: Visual Feat: torch.Size([1, 256, 2, 8]), Mean: 1.0033, Std: 1.4927
DEBUG: Pos Embed: torch.Size([1, 256, 2, 8]), Mean: 0.5037, Std: 0.4963
DEBUG: Visual Feat: torch.Size([1, 256, 2, 8]), Mean: 1.0034, Std: 1.4897
DEBUG: Pos Embed: torch.Size([1, 256, 2, 8]), Mean: 0.5037, Std: 0.4963
DEBUG: Visual Feat: torch.Size([1, 256, 2, 8]), Mean: 1.0022, Std: 1.4872
DEBUG: Pos Embed: torch.Size([1, 256, 2, 8]), Mean: 0.5037, Std: 0.4963
DEBUG: Visual Feat: torch.Size([1, 256, 2, 8]), Mean: 1.0002, Std: 1.4829
DEBUG: Pos Embed: torch.Size([1, 256, 2, 8]), Mean: 0.5037, Std: 0.4963
DEBUG: Visual Feat: torch.Size([1, 256, 2, 8]), Mean: 1.0135, Std: 1.3359
DEBUG: Pos Embed: torch.Size([1, 256, 2, 8]), Mean: 0.5037, Std: 0.4963
DEBUG: Visual Feat: torch.Size([1, 256, 2, 8]), Mean: 1.0135, Std: 1.3359
DEBUG: Pos Embed: torch.Size([1, 256, 2, 8]), Mean: 0.5037, Std: 0.4963

[Validation Debug] Samples:
  Pred Type: <class 'dict'>
  Pred Keys: ['logits', 'tokens']
  Pred IDs: [1, 6, 6, 6, 6, 6, 6, 6, 6, 6, 6, 6, 6, 6, 6, 6, 6, 6, 6, 6, 6, 6, 6, 6, 6, 6]
  Pred: '"""""""""""""""""""""""""' | GT: '"변화와'
  Match Count: 0/1
DEBUG: Visual Feat: torch.Size([1, 256, 2, 8]), Mean: 0.9975, Std: 1.4805
DEBUG: Pos Embed: torch.Size([1, 256, 2, 8]), Mean: 0.5037, Std: 0.4963

[Grad Debug] Step 10 - Pos Encoder Grad Norm: 0.0000
[Grad Debug] Step 10 - Embed Tokens Grad Norm: 0.0000
DEBUG: Visual Feat: torch.Size([1, 256, 2, 8]), Mean: 0.9947, Std: 1.4791
DEBUG: Pos Embed: torch.Size([1, 256, 2, 8]), Mean: 0.5037, Std: 0.4963
DEBUG: Visual Feat: torch.Size([1, 256, 2, 8]), Mean: 0.9914, Std: 1.4764
DEBUG: Pos Embed: torch.Size([1, 256, 2, 8]), Mean: 0.5037, Std: 0.4963
DEBUG: Visual Feat: torch.Size([1, 256, 2, 8]), Mean: 0.9879, Std: 1.4723
DEBUG: Pos Embed: torch.Size([1, 256, 2, 8]), Mean: 0.5037, Std: 0.4963
DEBUG: Visual Feat: torch.Size([1, 256, 2, 8]), Mean: 0.9843, Std: 1.4671
DEBUG: Pos Embed: torch.Size([1, 256, 2, 8]), Mean: 0.5037, Std: 0.4963
DEBUG: Visual Feat: torch.Size([1, 256, 2, 8]), Mean: 0.9806, Std: 1.4640
DEBUG: Pos Embed: torch.Size([1, 256, 2, 8]), Mean: 0.5037, Std: 0.4963
DEBUG: Visual Feat: torch.Size([1, 256, 2, 8]), Mean: 0.9771, Std: 1.4621
DEBUG: Pos Embed: torch.Size([1, 256, 2, 8]), Mean: 0.5037, Std: 0.4963
DEBUG: Visual Feat: torch.Size([1, 256, 2, 8]), Mean: 0.9740, Std: 1.4624
DEBUG: Pos Embed: torch.Size([1, 256, 2, 8]), Mean: 0.5037, Std: 0.4963
DEBUG: Visual Feat: torch.Size([1, 256, 2, 8]), Mean: 0.9717, Std: 1.4619
DEBUG: Pos Embed: torch.Size([1, 256, 2, 8]), Mean: 0.5037, Std: 0.4963
DEBUG: Visual Feat: torch.Size([1, 256, 2, 8]), Mean: 0.9686, Std: 1.4604
DEBUG: Pos Embed: torch.Size([1, 256, 2, 8]), Mean: 0.5037, Std: 0.4963
DEBUG: Visual Feat: torch.Size([1, 256, 2, 8]), Mean: 0.9676, Std: 1.1868
DEBUG: Pos Embed: torch.Size([1, 256, 2, 8]), Mean: 0.5037, Std: 0.4963
DEBUG: Visual Feat: torch.Size([1, 256, 2, 8]), Mean: 0.9676, Std: 1.1868
DEBUG: Pos Embed: torch.Size([1, 256, 2, 8]), Mean: 0.5037, Std: 0.4963

[Validation Debug] Samples:
  Pred Type: <class 'dict'>
  Pred Keys: ['logits', 'tokens']
  Pred IDs: [1, 539, 539, 539, 539, 539, 539, 539, 539, 539, 539, 539, 539, 539, 539, 539, 539, 539, 539, 539, 539, 539, 539, 539, 539, 539]
  Pred: '변변변변변변변변변변변변변변변변변변변변변변변변변' | GT: '"변화와'
  Match Count: 0/1
DEBUG: Visual Feat: torch.Size([1, 256, 2, 8]), Mean: 0.9655, Std: 1.4587
DEBUG: Pos Embed: torch.Size([1, 256, 2, 8]), Mean: 0.5037, Std: 0.4963

[Grad Debug] Step 20 - Pos Encoder Grad Norm: 0.0000
[Grad Debug] Step 20 - Embed Tokens Grad Norm: 0.0000
DEBUG: Visual Feat: torch.Size([1, 256, 2, 8]), Mean: 0.9633, Std: 1.4601
DEBUG: Pos Embed: torch.Size([1, 256, 2, 8]), Mean: 0.5037, Std: 0.4963
DEBUG: Visual Feat: torch.Size([1, 256, 2, 8]), Mean: 0.9609, Std: 1.4611
DEBUG: Pos Embed: torch.Size([1, 256, 2, 8]), Mean: 0.5037, Std: 0.4963
DEBUG: Visual Feat: torch.Size([1, 256, 2, 8]), Mean: 0.9583, Std: 1.4597
DEBUG: Pos Embed: torch.Size([1, 256, 2, 8]), Mean: 0.5037, Std: 0.4963
DEBUG: Visual Feat: torch.Size([1, 256, 2, 8]), Mean: 0.9559, Std: 1.4577
DEBUG: Pos Embed: torch.Size([1, 256, 2, 8]), Mean: 0.5037, Std: 0.4963
DEBUG: Visual Feat: torch.Size([1, 256, 2, 8]), Mean: 0.9525, Std: 1.4531
DEBUG: Pos Embed: torch.Size([1, 256, 2, 8]), Mean: 0.5037, Std: 0.4963
DEBUG: Visual Feat: torch.Size([1, 256, 2, 8]), Mean: 0.9491, Std: 1.4478
DEBUG: Pos Embed: torch.Size([1, 256, 2, 8]), Mean: 0.5037, Std: 0.4963
DEBUG: Visual Feat: torch.Size([1, 256, 2, 8]), Mean: 0.9455, Std: 1.4367
DEBUG: Pos Embed: torch.Size([1, 256, 2, 8]), Mean: 0.5037, Std: 0.4963
DEBUG: Visual Feat: torch.Size([1, 256, 2, 8]), Mean: 0.9429, Std: 1.4237
DEBUG: Pos Embed: torch.Size([1, 256, 2, 8]), Mean: 0.5037, Std: 0.4963
DEBUG: Visual Feat: torch.Size([1, 256, 2, 8]), Mean: 0.9403, Std: 1.4136
DEBUG: Pos Embed: torch.Size([1, 256, 2, 8]), Mean: 0.5037, Std: 0.4963
DEBUG: Visual Feat: torch.Size([1, 256, 2, 8]), Mean: 0.9324, Std: 1.2435
DEBUG: Pos Embed: torch.Size([1, 256, 2, 8]), Mean: 0.5037, Std: 0.4963
DEBUG: Visual Feat: torch.Size([1, 256, 2, 8]), Mean: 0.9324, Std: 1.2435
DEBUG: Pos Embed: torch.Size([1, 256, 2, 8]), Mean: 0.5037, Std: 0.4963

[Validation Debug] Samples:
  Pred Type: <class 'dict'>
  Pred Keys: ['logits', 'tokens']
  Pred IDs: [1, 697, 697, 697, 697, 697, 697, 697, 697, 697, 697, 697, 697, 697, 697, 697, 697, 697, 697, 697, 697, 697, 697, 697, 697, 697]
  Pred: '와와와와와와와와와와와와와와와와와와와와와와와와와' | GT: '"변화와'
  Match Count: 0/1
DEBUG: Visual Feat: torch.Size([1, 256, 2, 8]), Mean: 0.9373, Std: 1.4034
DEBUG: Pos Embed: torch.Size([1, 256, 2, 8]), Mean: 0.5037, Std: 0.4963

[Grad Debug] Step 30 - Pos Encoder Grad Norm: 0.0000
[Grad Debug] Step 30 - Embed Tokens Grad Norm: 0.0000
DEBUG: Visual Feat: torch.Size([1, 256, 2, 8]), Mean: 0.9353, Std: 1.3884
DEBUG: Pos Embed: torch.Size([1, 256, 2, 8]), Mean: 0.5037, Std: 0.4963
DEBUG: Visual Feat: torch.Size([1, 256, 2, 8]), Mean: 0.9336, Std: 1.3832
DEBUG: Pos Embed: torch.Size([1, 256, 2, 8]), Mean: 0.5037, Std: 0.4963
DEBUG: Visual Feat: torch.Size([1, 256, 2, 8]), Mean: 0.9311, Std: 1.3793
DEBUG: Pos Embed: torch.Size([1, 256, 2, 8]), Mean: 0.5037, Std: 0.4963
DEBUG: Visual Feat: torch.Size([1, 256, 2, 8]), Mean: 0.9293, Std: 1.3779
DEBUG: Pos Embed: torch.Size([1, 256, 2, 8]), Mean: 0.5037, Std: 0.4963
DEBUG: Visual Feat: torch.Size([1, 256, 2, 8]), Mean: 0.9241, Std: 1.3824
DEBUG: Pos Embed: torch.Size([1, 256, 2, 8]), Mean: 0.5037, Std: 0.4963
DEBUG: Visual Feat: torch.Size([1, 256, 2, 8]), Mean: 0.9195, Std: 1.3808
DEBUG: Pos Embed: torch.Size([1, 256, 2, 8]), Mean: 0.5037, Std: 0.4963
DEBUG: Visual Feat: torch.Size([1, 256, 2, 8]), Mean: 0.9151, Std: 1.3760
DEBUG: Pos Embed: torch.Size([1, 256, 2, 8]), Mean: 0.5037, Std: 0.4963
DEBUG: Visual Feat: torch.Size([1, 256, 2, 8]), Mean: 0.9100, Std: 1.3706
DEBUG: Pos Embed: torch.Size([1, 256, 2, 8]), Mean: 0.5037, Std: 0.4963
DEBUG: Visual Feat: torch.Size([1, 256, 2, 8]), Mean: 0.9049, Std: 1.3653
DEBUG: Pos Embed: torch.Size([1, 256, 2, 8]), Mean: 0.5037, Std: 0.4963
DEBUG: Visual Feat: torch.Size([1, 256, 2, 8]), Mean: 0.9279, Std: 1.2699
DEBUG: Pos Embed: torch.Size([1, 256, 2, 8]), Mean: 0.5037, Std: 0.4963
DEBUG: Visual Feat: torch.Size([1, 256, 2, 8]), Mean: 0.9279, Std: 1.2699
DEBUG: Pos Embed: torch.Size([1, 256, 2, 8]), Mean: 0.5037, Std: 0.4963

[Validation Debug] Samples:
  Pred Type: <class 'dict'>
  Pred Keys: ['logits', 'tokens']
  Pred IDs: [1, 6, 6, 6, 6, 6, 6, 6, 6, 6, 6, 6, 6, 6, 6, 6, 6, 6, 6, 6, 6, 6, 6, 6, 6, 6]
  Pred: '"""""""""""""""""""""""""' | GT: '"변화와'
  Match Count: 0/1
DEBUG: Visual Feat: torch.Size([1, 256, 2, 8]), Mean: 0.8999, Std: 1.3618
DEBUG: Pos Embed: torch.Size([1, 256, 2, 8]), Mean: 0.5037, Std: 0.4963

[Grad Debug] Step 40 - Pos Encoder Grad Norm: 0.0000
[Grad Debug] Step 40 - Embed Tokens Grad Norm: 0.0000
DEBUG: Visual Feat: torch.Size([1, 256, 2, 8]), Mean: 0.8978, Std: 1.3660
DEBUG: Pos Embed: torch.Size([1, 256, 2, 8]), Mean: 0.5037, Std: 0.4963
DEBUG: Visual Feat: torch.Size([1, 256, 2, 8]), Mean: 0.8957, Std: 1.3689
DEBUG: Pos Embed: torch.Size([1, 256, 2, 8]), Mean: 0.5037, Std: 0.4963
DEBUG: Visual Feat: torch.Size([1, 256, 2, 8]), Mean: 0.8957, Std: 1.3675
DEBUG: Pos Embed: torch.Size([1, 256, 2, 8]), Mean: 0.5037, Std: 0.4963
DEBUG: Visual Feat: torch.Size([1, 256, 2, 8]), Mean: 0.8971, Std: 1.3588
DEBUG: Pos Embed: torch.Size([1, 256, 2, 8]), Mean: 0.5037, Std: 0.4963
DEBUG: Visual Feat: torch.Size([1, 256, 2, 8]), Mean: 0.8940, Std: 1.3539
DEBUG: Pos Embed: torch.Size([1, 256, 2, 8]), Mean: 0.5037, Std: 0.4963
DEBUG: Visual Feat: torch.Size([1, 256, 2, 8]), Mean: 0.8903, Std: 1.3492
DEBUG: Pos Embed: torch.Size([1, 256, 2, 8]), Mean: 0.5037, Std: 0.4963
DEBUG: Visual Feat: torch.Size([1, 256, 2, 8]), Mean: 0.8858, Std: 1.3451
DEBUG: Pos Embed: torch.Size([1, 256, 2, 8]), Mean: 0.5037, Std: 0.4963
DEBUG: Visual Feat: torch.Size([1, 256, 2, 8]), Mean: 0.8821, Std: 1.3387
DEBUG: Pos Embed: torch.Size([1, 256, 2, 8]), Mean: 0.5037, Std: 0.4963
DEBUG: Visual Feat: torch.Size([1, 256, 2, 8]), Mean: 0.8794, Std: 1.3271
DEBUG: Pos Embed: torch.Size([1, 256, 2, 8]), Mean: 0.5037, Std: 0.4963
DEBUG: Visual Feat: torch.Size([1, 256, 2, 8]), Mean: 0.9305, Std: 1.2944
DEBUG: Pos Embed: torch.Size([1, 256, 2, 8]), Mean: 0.5037, Std: 0.4963
DEBUG: Visual Feat: torch.Size([1, 256, 2, 8]), Mean: 0.9305, Std: 1.2944
DEBUG: Pos Embed: torch.Size([1, 256, 2, 8]), Mean: 0.5037, Std: 0.4963

[Validation Debug] Samples:
  Pred Type: <class 'dict'>
  Pred Keys: ['logits', 'tokens']
  Pred IDs: [1, 539, 539, 539, 539, 539, 539, 539, 539, 539, 539, 539, 539, 539, 539, 539, 539, 539, 539, 539, 539, 539, 539, 539, 539, 539]
  Pred: '변변변변변변변변변변변변변변변변변변변변변변변변변' | GT: '"변화와'
  Match Count: 0/1
DEBUG: Visual Feat: torch.Size([1, 256, 2, 8]), Mean: 0.8759, Std: 1.3161
DEBUG: Pos Embed: torch.Size([1, 256, 2, 8]), Mean: 0.5037, Std: 0.4963

[Grad Debug] Step 50 - Pos Encoder Grad Norm: 0.0000
[Grad Debug] Step 50 - Embed Tokens Grad Norm: 0.0000
DEBUG: Visual Feat: torch.Size([1, 256, 2, 8]), Mean: 0.8711, Std: 1.3061
DEBUG: Pos Embed: torch.Size([1, 256, 2, 8]), Mean: 0.5037, Std: 0.4963
DEBUG: Visual Feat: torch.Size([1, 256, 2, 8]), Mean: 0.8651, Std: 1.2994
DEBUG: Pos Embed: torch.Size([1, 256, 2, 8]), Mean: 0.5037, Std: 0.4963
DEBUG: Visual Feat: torch.Size([1, 256, 2, 8]), Mean: 0.8619, Std: 1.2962
DEBUG: Pos Embed: torch.Size([1, 256, 2, 8]), Mean: 0.5037, Std: 0.4963
DEBUG: Visual Feat: torch.Size([1, 256, 2, 8]), Mean: 0.8583, Std: 1.2914
DEBUG: Pos Embed: torch.Size([1, 256, 2, 8]), Mean: 0.5037, Std: 0.4963
DEBUG: Visual Feat: torch.Size([1, 256, 2, 8]), Mean: 0.8540, Std: 1.2859
DEBUG: Pos Embed: torch.Size([1, 256, 2, 8]), Mean: 0.5037, Std: 0.4963
DEBUG: Visual Feat: torch.Size([1, 256, 2, 8]), Mean: 0.8480, Std: 1.2758
DEBUG: Pos Embed: torch.Size([1, 256, 2, 8]), Mean: 0.5037, Std: 0.4963
DEBUG: Visual Feat: torch.Size([1, 256, 2, 8]), Mean: 0.8424, Std: 1.2656
DEBUG: Pos Embed: torch.Size([1, 256, 2, 8]), Mean: 0.5037, Std: 0.4963
DEBUG: Visual Feat: torch.Size([1, 256, 2, 8]), Mean: 0.8444, Std: 1.2637
DEBUG: Pos Embed: torch.Size([1, 256, 2, 8]), Mean: 0.5037, Std: 0.4963
DEBUG: Visual Feat: torch.Size([1, 256, 2, 8]), Mean: 0.8431, Std: 1.2656
DEBUG: Pos Embed: torch.Size([1, 256, 2, 8]), Mean: 0.5037, Std: 0.4963
DEBUG: Visual Feat: torch.Size([1, 256, 2, 8]), Mean: 0.9022, Std: 1.2887
DEBUG: Pos Embed: torch.Size([1, 256, 2, 8]), Mean: 0.5037, Std: 0.4963
DEBUG: Visual Feat: torch.Size([1, 256, 2, 8]), Mean: 0.9022, Std: 1.2887
DEBUG: Pos Embed: torch.Size([1, 256, 2, 8]), Mean: 0.5037, Std: 0.4963

[Validation Debug] Samples:
  Pred Type: <class 'dict'>
  Pred Keys: ['logits', 'tokens']
  Pred IDs: [1, 988, 988, 988, 988, 988, 988, 988, 988, 988, 988, 988, 988, 988, 988, 988, 988, 988, 988, 988, 988, 988, 988, 988, 988, 988]
  Pred: '화화화화화화화화화화화화화화화화화화화화화화화화화' | GT: '"변화와'
  Match Count: 0/1
DEBUG: Visual Feat: torch.Size([1, 256, 2, 8]), Mean: 0.8420, Std: 1.2650
DEBUG: Pos Embed: torch.Size([1, 256, 2, 8]), Mean: 0.5037, Std: 0.4963

[Grad Debug] Step 60 - Pos Encoder Grad Norm: 0.0000
[Grad Debug] Step 60 - Embed Tokens Grad Norm: 0.0000
DEBUG: Visual Feat: torch.Size([1, 256, 2, 8]), Mean: 0.8344, Std: 1.2519
DEBUG: Pos Embed: torch.Size([1, 256, 2, 8]), Mean: 0.5037, Std: 0.4963
DEBUG: Visual Feat: torch.Size([1, 256, 2, 8]), Mean: 0.8270, Std: 1.2522
DEBUG: Pos Embed: torch.Size([1, 256, 2, 8]), Mean: 0.5037, Std: 0.4963
DEBUG: Visual Feat: torch.Size([1, 256, 2, 8]), Mean: 0.8333, Std: 1.2528
DEBUG: Pos Embed: torch.Size([1, 256, 2, 8]), Mean: 0.5037, Std: 0.4963
DEBUG: Visual Feat: torch.Size([1, 256, 2, 8]), Mean: 0.8284, Std: 1.2221
DEBUG: Pos Embed: torch.Size([1, 256, 2, 8]), Mean: 0.5037, Std: 0.4963
DEBUG: Visual Feat: torch.Size([1, 256, 2, 8]), Mean: 0.8243, Std: 1.2237
DEBUG: Pos Embed: torch.Size([1, 256, 2, 8]), Mean: 0.5037, Std: 0.4963
DEBUG: Visual Feat: torch.Size([1, 256, 2, 8]), Mean: 0.8194, Std: 1.2310
DEBUG: Pos Embed: torch.Size([1, 256, 2, 8]), Mean: 0.5037, Std: 0.4963
DEBUG: Visual Feat: torch.Size([1, 256, 2, 8]), Mean: 0.8165, Std: 1.2087
DEBUG: Pos Embed: torch.Size([1, 256, 2, 8]), Mean: 0.5037, Std: 0.4963
DEBUG: Visual Feat: torch.Size([1, 256, 2, 8]), Mean: 0.8196, Std: 1.2252
DEBUG: Pos Embed: torch.Size([1, 256, 2, 8]), Mean: 0.5037, Std: 0.4963
DEBUG: Visual Feat: torch.Size([1, 256, 2, 8]), Mean: 0.8161, Std: 1.2382
DEBUG: Pos Embed: torch.Size([1, 256, 2, 8]), Mean: 0.5037, Std: 0.4963
DEBUG: Visual Feat: torch.Size([1, 256, 2, 8]), Mean: 0.8020, Std: 1.2749
DEBUG: Pos Embed: torch.Size([1, 256, 2, 8]), Mean: 0.5037, Std: 0.4963
DEBUG: Visual Feat: torch.Size([1, 256, 2, 8]), Mean: 0.8020, Std: 1.2749
DEBUG: Pos Embed: torch.Size([1, 256, 2, 8]), Mean: 0.5037, Std: 0.4963

[Validation Debug] Samples:
  Pred Type: <class 'dict'>
  Pred Keys: ['logits', 'tokens']
  Pred IDs: [1, 2]
  Pred: '' | GT: '"변화와'
  Match Count: 0/1
DEBUG: Visual Feat: torch.Size([1, 256, 2, 8]), Mean: 0.8130, Std: 1.2475
DEBUG: Pos Embed: torch.Size([1, 256, 2, 8]), Mean: 0.5037, Std: 0.4963

[Grad Debug] Step 70 - Pos Encoder Grad Norm: 0.0000
[Grad Debug] Step 70 - Embed Tokens Grad Norm: 0.0000
DEBUG: Visual Feat: torch.Size([1, 256, 2, 8]), Mean: 0.8096, Std: 1.2448
DEBUG: Pos Embed: torch.Size([1, 256, 2, 8]), Mean: 0.5037, Std: 0.4963
DEBUG: Visual Feat: torch.Size([1, 256, 2, 8]), Mean: 0.8060, Std: 1.2436
DEBUG: Pos Embed: torch.Size([1, 256, 2, 8]), Mean: 0.5037, Std: 0.4963
DEBUG: Visual Feat: torch.Size([1, 256, 2, 8]), Mean: 0.8018, Std: 1.2399
DEBUG: Pos Embed: torch.Size([1, 256, 2, 8]), Mean: 0.5037, Std: 0.4963
DEBUG: Visual Feat: torch.Size([1, 256, 2, 8]), Mean: 0.7989, Std: 1.2417
DEBUG: Pos Embed: torch.Size([1, 256, 2, 8]), Mean: 0.5037, Std: 0.4963
DEBUG: Visual Feat: torch.Size([1, 256, 2, 8]), Mean: 0.7960, Std: 1.2434
DEBUG: Pos Embed: torch.Size([1, 256, 2, 8]), Mean: 0.5037, Std: 0.4963
DEBUG: Visual Feat: torch.Size([1, 256, 2, 8]), Mean: 0.7937, Std: 1.2416
DEBUG: Pos Embed: torch.Size([1, 256, 2, 8]), Mean: 0.5037, Std: 0.4963
DEBUG: Visual Feat: torch.Size([1, 256, 2, 8]), Mean: 0.7912, Std: 1.2376
DEBUG: Pos Embed: torch.Size([1, 256, 2, 8]), Mean: 0.5037, Std: 0.4963
DEBUG: Visual Feat: torch.Size([1, 256, 2, 8]), Mean: 0.7879, Std: 1.2313
DEBUG: Pos Embed: torch.Size([1, 256, 2, 8]), Mean: 0.5037, Std: 0.4963
DEBUG: Visual Feat: torch.Size([1, 256, 2, 8]), Mean: 0.7855, Std: 1.2293
DEBUG: Pos Embed: torch.Size([1, 256, 2, 8]), Mean: 0.5037, Std: 0.4963
DEBUG: Visual Feat: torch.Size([1, 256, 2, 8]), Mean: 0.7939, Std: 1.1647
DEBUG: Pos Embed: torch.Size([1, 256, 2, 8]), Mean: 0.5037, Std: 0.4963
DEBUG: Visual Feat: torch.Size([1, 256, 2, 8]), Mean: 0.7939, Std: 1.1647
DEBUG: Pos Embed: torch.Size([1, 256, 2, 8]), Mean: 0.5037, Std: 0.4963

[Validation Debug] Samples:
  Pred Type: <class 'dict'>
  Pred Keys: ['logits', 'tokens']
  Pred IDs: [1, 6, 6, 6, 6, 6, 6, 6, 6, 6, 6, 6, 6, 6, 6, 6, 6, 6, 6, 6, 6, 6, 6, 6, 6, 6]
  Pred: '"""""""""""""""""""""""""' | GT: '"변화와'
  Match Count: 0/1
DEBUG: Visual Feat: torch.Size([1, 256, 2, 8]), Mean: 0.7844, Std: 1.2335
DEBUG: Pos Embed: torch.Size([1, 256, 2, 8]), Mean: 0.5037, Std: 0.4963

[Grad Debug] Step 80 - Pos Encoder Grad Norm: 0.0000
[Grad Debug] Step 80 - Embed Tokens Grad Norm: 0.0000
DEBUG: Visual Feat: torch.Size([1, 256, 2, 8]), Mean: 0.7834, Std: 1.2409
DEBUG: Pos Embed: torch.Size([1, 256, 2, 8]), Mean: 0.5037, Std: 0.4963
DEBUG: Visual Feat: torch.Size([1, 256, 2, 8]), Mean: 0.7822, Std: 1.2469
DEBUG: Pos Embed: torch.Size([1, 256, 2, 8]), Mean: 0.5037, Std: 0.4963
DEBUG: Visual Feat: torch.Size([1, 256, 2, 8]), Mean: 0.7802, Std: 1.2460
DEBUG: Pos Embed: torch.Size([1, 256, 2, 8]), Mean: 0.5037, Std: 0.4963
DEBUG: Visual Feat: torch.Size([1, 256, 2, 8]), Mean: 0.7776, Std: 1.2398
DEBUG: Pos Embed: torch.Size([1, 256, 2, 8]), Mean: 0.5037, Std: 0.4963
DEBUG: Visual Feat: torch.Size([1, 256, 2, 8]), Mean: 0.7737, Std: 1.2234
DEBUG: Pos Embed: torch.Size([1, 256, 2, 8]), Mean: 0.5037, Std: 0.4963
DEBUG: Visual Feat: torch.Size([1, 256, 2, 8]), Mean: 0.7708, Std: 1.2183
DEBUG: Pos Embed: torch.Size([1, 256, 2, 8]), Mean: 0.5037, Std: 0.4963
DEBUG: Visual Feat: torch.Size([1, 256, 2, 8]), Mean: 0.7666, Std: 1.2021
DEBUG: Pos Embed: torch.Size([1, 256, 2, 8]), Mean: 0.5037, Std: 0.4963
DEBUG: Visual Feat: torch.Size([1, 256, 2, 8]), Mean: 0.7608, Std: 1.1790
DEBUG: Pos Embed: torch.Size([1, 256, 2, 8]), Mean: 0.5037, Std: 0.4963
DEBUG: Visual Feat: torch.Size([1, 256, 2, 8]), Mean: 0.7553, Std: 1.1587
DEBUG: Pos Embed: torch.Size([1, 256, 2, 8]), Mean: 0.5037, Std: 0.4963
DEBUG: Visual Feat: torch.Size([1, 256, 2, 8]), Mean: 0.7584, Std: 1.0065
DEBUG: Pos Embed: torch.Size([1, 256, 2, 8]), Mean: 0.5037, Std: 0.4963
DEBUG: Visual Feat: torch.Size([1, 256, 2, 8]), Mean: 0.7584, Std: 1.0065
DEBUG: Pos Embed: torch.Size([1, 256, 2, 8]), Mean: 0.5037, Std: 0.4963

[Validation Debug] Samples:
  Pred Type: <class 'dict'>
  Pred Keys: ['logits', 'tokens']
  Pred IDs: [1, 2]
  Pred: '' | GT: '"변화와'
  Match Count: 0/1
DEBUG: Visual Feat: torch.Size([1, 256, 2, 8]), Mean: 0.7499, Std: 1.1394
DEBUG: Pos Embed: torch.Size([1, 256, 2, 8]), Mean: 0.5037, Std: 0.4963

[Grad Debug] Step 90 - Pos Encoder Grad Norm: 0.0000
[Grad Debug] Step 90 - Embed Tokens Grad Norm: 0.0000
DEBUG: Visual Feat: torch.Size([1, 256, 2, 8]), Mean: 0.7435, Std: 1.1172
DEBUG: Pos Embed: torch.Size([1, 256, 2, 8]), Mean: 0.5037, Std: 0.4963
DEBUG: Visual Feat: torch.Size([1, 256, 2, 8]), Mean: 0.7371, Std: 1.1291
DEBUG: Pos Embed: torch.Size([1, 256, 2, 8]), Mean: 0.5037, Std: 0.4963
DEBUG: Visual Feat: torch.Size([1, 256, 2, 8]), Mean: 0.7373, Std: 1.1600
DEBUG: Pos Embed: torch.Size([1, 256, 2, 8]), Mean: 0.5037, Std: 0.4963
DEBUG: Visual Feat: torch.Size([1, 256, 2, 8]), Mean: 0.7380, Std: 1.1892
DEBUG: Pos Embed: torch.Size([1, 256, 2, 8]), Mean: 0.5037, Std: 0.4963
DEBUG: Visual Feat: torch.Size([1, 256, 2, 8]), Mean: 0.7378, Std: 1.2053
DEBUG: Pos Embed: torch.Size([1, 256, 2, 8]), Mean: 0.5037, Std: 0.4963
DEBUG: Visual Feat: torch.Size([1, 256, 2, 8]), Mean: 0.7367, Std: 1.2171
DEBUG: Pos Embed: torch.Size([1, 256, 2, 8]), Mean: 0.5037, Std: 0.4963
DEBUG: Visual Feat: torch.Size([1, 256, 2, 8]), Mean: 0.7356, Std: 1.2213
DEBUG: Pos Embed: torch.Size([1, 256, 2, 8]), Mean: 0.5037, Std: 0.4963
DEBUG: Visual Feat: torch.Size([1, 256, 2, 8]), Mean: 0.7340, Std: 1.2185
DEBUG: Pos Embed: torch.Size([1, 256, 2, 8]), Mean: 0.5037, Std: 0.4963
DEBUG: Visual Feat: torch.Size([1, 256, 2, 8]), Mean: 0.7330, Std: 1.2073
DEBUG: Pos Embed: torch.Size([1, 256, 2, 8]), Mean: 0.5037, Std: 0.4963
DEBUG: Visual Feat: torch.Size([1, 256, 2, 8]), Mean: 0.7564, Std: 0.9819
DEBUG: Pos Embed: torch.Size([1, 256, 2, 8]), Mean: 0.5037, Std: 0.4963
DEBUG: Visual Feat: torch.Size([1, 256, 2, 8]), Mean: 0.7564, Std: 0.9819
DEBUG: Pos Embed: torch.Size([1, 256, 2, 8]), Mean: 0.5037, Std: 0.4963

[Validation Debug] Samples:
  Pred Type: <class 'dict'>
  Pred Keys: ['logits', 'tokens']
  Pred IDs: [1, 697, 697, 697, 697, 697, 697, 697, 697, 697, 697, 697, 697, 697, 697, 697, 697, 697, 697, 697, 697, 697, 697, 697, 697, 697]
  Pred: '와와와와와와와와와와와와와와와와와와와와와와와와와' | GT: '"변화와'
  Match Count: 0/1
DEBUG: Visual Feat: torch.Size([1, 256, 2, 8]), Mean: 0.7314, Std: 1.1934
DEBUG: Pos Embed: torch.Size([1, 256, 2, 8]), Mean: 0.5037, Std: 0.4963

[Grad Debug] Step 100 - Pos Encoder Grad Norm: 0.0000
[Grad Debug] Step 100 - Embed Tokens Grad Norm: 0.0000
DEBUG: Visual Feat: torch.Size([1, 256, 2, 8]), Mean: 0.7294, Std: 1.1812
DEBUG: Pos Embed: torch.Size([1, 256, 2, 8]), Mean: 0.5037, Std: 0.4963
DEBUG: Visual Feat: torch.Size([1, 256, 2, 8]), Mean: 0.7275, Std: 1.1727
DEBUG: Pos Embed: torch.Size([1, 256, 2, 8]), Mean: 0.5037, Std: 0.4963
DEBUG: Visual Feat: torch.Size([1, 256, 2, 8]), Mean: 0.7254, Std: 1.1733
DEBUG: Pos Embed: torch.Size([1, 256, 2, 8]), Mean: 0.5037, Std: 0.4963
DEBUG: Visual Feat: torch.Size([1, 256, 2, 8]), Mean: 0.7235, Std: 1.1749
DEBUG: Pos Embed: torch.Size([1, 256, 2, 8]), Mean: 0.5037, Std: 0.4963
DEBUG: Visual Feat: torch.Size([1, 256, 2, 8]), Mean: 0.7206, Std: 1.1689
DEBUG: Pos Embed: torch.Size([1, 256, 2, 8]), Mean: 0.5037, Std: 0.4963
DEBUG: Visual Feat: torch.Size([1, 256, 2, 8]), Mean: 0.7187, Std: 1.1689
DEBUG: Pos Embed: torch.Size([1, 256, 2, 8]), Mean: 0.5037, Std: 0.4963
DEBUG: Visual Feat: torch.Size([1, 256, 2, 8]), Mean: 0.7174, Std: 1.1694
DEBUG: Pos Embed: torch.Size([1, 256, 2, 8]), Mean: 0.5037, Std: 0.4963
DEBUG: Visual Feat: torch.Size([1, 256, 2, 8]), Mean: 0.7156, Std: 1.1727
DEBUG: Pos Embed: torch.Size([1, 256, 2, 8]), Mean: 0.5037, Std: 0.4963
DEBUG: Visual Feat: torch.Size([1, 256, 2, 8]), Mean: 0.7132, Std: 1.1857
DEBUG: Pos Embed: torch.Size([1, 256, 2, 8]), Mean: 0.5037, Std: 0.4963
DEBUG: Visual Feat: torch.Size([1, 256, 2, 8]), Mean: 0.6698, Std: 0.8694
DEBUG: Pos Embed: torch.Size([1, 256, 2, 8]), Mean: 0.5037, Std: 0.4963
DEBUG: Visual Feat: torch.Size([1, 256, 2, 8]), Mean: 0.6698, Std: 0.8694
DEBUG: Pos Embed: torch.Size([1, 256, 2, 8]), Mean: 0.5037, Std: 0.4963

[Validation Debug] Samples:
  Pred Type: <class 'dict'>
  Pred Keys: ['logits', 'tokens']
  Pred IDs: [1, 2]
  Pred: '' | GT: '"변화와'
  Match Count: 0/1
DEBUG: Visual Feat: torch.Size([1, 256, 2, 8]), Mean: 0.7102, Std: 1.1877
DEBUG: Pos Embed: torch.Size([1, 256, 2, 8]), Mean: 0.5037, Std: 0.4963

[Grad Debug] Step 110 - Pos Encoder Grad Norm: 0.0000
[Grad Debug] Step 110 - Embed Tokens Grad Norm: 0.0000
DEBUG: Visual Feat: torch.Size([1, 256, 2, 8]), Mean: 0.7062, Std: 1.1647
DEBUG: Pos Embed: torch.Size([1, 256, 2, 8]), Mean: 0.5037, Std: 0.4963
DEBUG: Visual Feat: torch.Size([1, 256, 2, 8]), Mean: 0.7017, Std: 1.1395
DEBUG: Pos Embed: torch.Size([1, 256, 2, 8]), Mean: 0.5037, Std: 0.4963
DEBUG: Visual Feat: torch.Size([1, 256, 2, 8]), Mean: 0.6970, Std: 1.1221
DEBUG: Pos Embed: torch.Size([1, 256, 2, 8]), Mean: 0.5037, Std: 0.4963
DEBUG: Visual Feat: torch.Size([1, 256, 2, 8]), Mean: 0.6920, Std: 1.1024
DEBUG: Pos Embed: torch.Size([1, 256, 2, 8]), Mean: 0.5037, Std: 0.4963
DEBUG: Visual Feat: torch.Size([1, 256, 2, 8]), Mean: 0.6872, Std: 1.0783
DEBUG: Pos Embed: torch.Size([1, 256, 2, 8]), Mean: 0.5037, Std: 0.4963
DEBUG: Visual Feat: torch.Size([1, 256, 2, 8]), Mean: 0.6830, Std: 1.0507
DEBUG: Pos Embed: torch.Size([1, 256, 2, 8]), Mean: 0.5037, Std: 0.4963
DEBUG: Visual Feat: torch.Size([1, 256, 2, 8]), Mean: 0.6770, Std: 1.1033
DEBUG: Pos Embed: torch.Size([1, 256, 2, 8]), Mean: 0.5037, Std: 0.4963
DEBUG: Visual Feat: torch.Size([1, 256, 2, 8]), Mean: 0.6840, Std: 1.1323
DEBUG: Pos Embed: torch.Size([1, 256, 2, 8]), Mean: 0.5037, Std: 0.4963
DEBUG: Visual Feat: torch.Size([1, 256, 2, 8]), Mean: 0.6885, Std: 1.1445
DEBUG: Pos Embed: torch.Size([1, 256, 2, 8]), Mean: 0.5037, Std: 0.4963
DEBUG: Visual Feat: torch.Size([1, 256, 2, 8]), Mean: 0.5967, Std: 0.8344
DEBUG: Pos Embed: torch.Size([1, 256, 2, 8]), Mean: 0.5037, Std: 0.4963
DEBUG: Visual Feat: torch.Size([1, 256, 2, 8]), Mean: 0.5967, Std: 0.8344
DEBUG: Pos Embed: torch.Size([1, 256, 2, 8]), Mean: 0.5037, Std: 0.4963

[Validation Debug] Samples:
  Pred Type: <class 'dict'>
  Pred Keys: ['logits', 'tokens']
  Pred IDs: [1, 988, 988, 988, 988, 988, 988, 988, 988, 988, 988, 988, 988, 988, 988, 988, 988, 988, 988, 988, 988, 988, 988, 988, 988, 988]
  Pred: '화화화화화화화화화화화화화화화화화화화화화화화화화' | GT: '"변화와'
  Match Count: 0/1
DEBUG: Visual Feat: torch.Size([1, 256, 2, 8]), Mean: 0.6897, Std: 1.1482
DEBUG: Pos Embed: torch.Size([1, 256, 2, 8]), Mean: 0.5037, Std: 0.4963

[Grad Debug] Step 120 - Pos Encoder Grad Norm: 0.0000
[Grad Debug] Step 120 - Embed Tokens Grad Norm: 0.0000
DEBUG: Visual Feat: torch.Size([1, 256, 2, 8]), Mean: 0.6890, Std: 1.1442
DEBUG: Pos Embed: torch.Size([1, 256, 2, 8]), Mean: 0.5037, Std: 0.4963
DEBUG: Visual Feat: torch.Size([1, 256, 2, 8]), Mean: 0.6880, Std: 1.1449
DEBUG: Pos Embed: torch.Size([1, 256, 2, 8]), Mean: 0.5037, Std: 0.4963
DEBUG: Visual Feat: torch.Size([1, 256, 2, 8]), Mean: 0.6856, Std: 1.1490
DEBUG: Pos Embed: torch.Size([1, 256, 2, 8]), Mean: 0.5037, Std: 0.4963
DEBUG: Visual Feat: torch.Size([1, 256, 2, 8]), Mean: 0.6829, Std: 1.1501
DEBUG: Pos Embed: torch.Size([1, 256, 2, 8]), Mean: 0.5037, Std: 0.4963
DEBUG: Visual Feat: torch.Size([1, 256, 2, 8]), Mean: 0.6793, Std: 1.1599
DEBUG: Pos Embed: torch.Size([1, 256, 2, 8]), Mean: 0.5037, Std: 0.4963
DEBUG: Visual Feat: torch.Size([1, 256, 2, 8]), Mean: 0.6767, Std: 1.1681
DEBUG: Pos Embed: torch.Size([1, 256, 2, 8]), Mean: 0.5037, Std: 0.4963
DEBUG: Visual Feat: torch.Size([1, 256, 2, 8]), Mean: 0.6747, Std: 1.1723
DEBUG: Pos Embed: torch.Size([1, 256, 2, 8]), Mean: 0.5037, Std: 0.4963
DEBUG: Visual Feat: torch.Size([1, 256, 2, 8]), Mean: 0.6728, Std: 1.1739
DEBUG: Pos Embed: torch.Size([1, 256, 2, 8]), Mean: 0.5037, Std: 0.4963
DEBUG: Visual Feat: torch.Size([1, 256, 2, 8]), Mean: 0.6704, Std: 1.1738
DEBUG: Pos Embed: torch.Size([1, 256, 2, 8]), Mean: 0.5037, Std: 0.4963
DEBUG: Visual Feat: torch.Size([1, 256, 2, 8]), Mean: 0.5562, Std: 0.8019
DEBUG: Pos Embed: torch.Size([1, 256, 2, 8]), Mean: 0.5037, Std: 0.4963
DEBUG: Visual Feat: torch.Size([1, 256, 2, 8]), Mean: 0.5562, Std: 0.8019
DEBUG: Pos Embed: torch.Size([1, 256, 2, 8]), Mean: 0.5037, Std: 0.4963

[Validation Debug] Samples:
  Pred Type: <class 'dict'>
  Pred Keys: ['logits', 'tokens']
  Pred IDs: [1, 697, 697, 697, 697, 697, 697, 697, 697, 697, 697, 697, 697, 697, 697, 697, 697, 697, 697, 697, 697, 697, 697, 697, 697, 697]
  Pred: '와와와와와와와와와와와와와와와와와와와와와와와와와' | GT: '"변화와'
  Match Count: 0/1
DEBUG: Visual Feat: torch.Size([1, 256, 2, 8]), Mean: 0.6683, Std: 1.1895
DEBUG: Pos Embed: torch.Size([1, 256, 2, 8]), Mean: 0.5037, Std: 0.4963

[Grad Debug] Step 130 - Pos Encoder Grad Norm: 0.0000
[Grad Debug] Step 130 - Embed Tokens Grad Norm: 0.0000
DEBUG: Visual Feat: torch.Size([1, 256, 2, 8]), Mean: 0.6652, Std: 1.2051
DEBUG: Pos Embed: torch.Size([1, 256, 2, 8]), Mean: 0.5037, Std: 0.4963
DEBUG: Visual Feat: torch.Size([1, 256, 2, 8]), Mean: 0.6615, Std: 1.2168
DEBUG: Pos Embed: torch.Size([1, 256, 2, 8]), Mean: 0.5037, Std: 0.4963
DEBUG: Visual Feat: torch.Size([1, 256, 2, 8]), Mean: 0.6590, Std: 1.2189
DEBUG: Pos Embed: torch.Size([1, 256, 2, 8]), Mean: 0.5037, Std: 0.4963
DEBUG: Visual Feat: torch.Size([1, 256, 2, 8]), Mean: 0.6555, Std: 1.2157
DEBUG: Pos Embed: torch.Size([1, 256, 2, 8]), Mean: 0.5037, Std: 0.4963
DEBUG: Visual Feat: torch.Size([1, 256, 2, 8]), Mean: 0.6512, Std: 1.2120
DEBUG: Pos Embed: torch.Size([1, 256, 2, 8]), Mean: 0.5037, Std: 0.4963
DEBUG: Visual Feat: torch.Size([1, 256, 2, 8]), Mean: 0.6479, Std: 1.2109
DEBUG: Pos Embed: torch.Size([1, 256, 2, 8]), Mean: 0.5037, Std: 0.4963
DEBUG: Visual Feat: torch.Size([1, 256, 2, 8]), Mean: 0.6452, Std: 1.2103
DEBUG: Pos Embed: torch.Size([1, 256, 2, 8]), Mean: 0.5037, Std: 0.4963
DEBUG: Visual Feat: torch.Size([1, 256, 2, 8]), Mean: 0.6424, Std: 1.2162
DEBUG: Pos Embed: torch.Size([1, 256, 2, 8]), Mean: 0.5037, Std: 0.4963
DEBUG: Visual Feat: torch.Size([1, 256, 2, 8]), Mean: 0.6397, Std: 1.2216
DEBUG: Pos Embed: torch.Size([1, 256, 2, 8]), Mean: 0.5037, Std: 0.4963
DEBUG: Visual Feat: torch.Size([1, 256, 2, 8]), Mean: 0.5580, Std: 0.8025
DEBUG: Pos Embed: torch.Size([1, 256, 2, 8]), Mean: 0.5037, Std: 0.4963
DEBUG: Visual Feat: torch.Size([1, 256, 2, 8]), Mean: 0.5580, Std: 0.8025
DEBUG: Pos Embed: torch.Size([1, 256, 2, 8]), Mean: 0.5037, Std: 0.4963

[Validation Debug] Samples:
  Pred Type: <class 'dict'>
  Pred Keys: ['logits', 'tokens']
  Pred IDs: [1, 2]
  Pred: '' | GT: '"변화와'
  Match Count: 0/1
DEBUG: Visual Feat: torch.Size([1, 256, 2, 8]), Mean: 0.6393, Std: 1.2485
DEBUG: Pos Embed: torch.Size([1, 256, 2, 8]), Mean: 0.5037, Std: 0.4963

[Grad Debug] Step 140 - Pos Encoder Grad Norm: 0.0004
[Grad Debug] Step 140 - Embed Tokens Grad Norm: 0.0004
DEBUG: Visual Feat: torch.Size([1, 256, 2, 8]), Mean: 0.6232, Std: 1.3433
DEBUG: Pos Embed: torch.Size([1, 256, 2, 8]), Mean: 0.5037, Std: 0.4963
DEBUG: Visual Feat: torch.Size([1, 256, 2, 8]), Mean: 0.6090, Std: 1.3866
DEBUG: Pos Embed: torch.Size([1, 256, 2, 8]), Mean: 0.5037, Std: 0.4963
DEBUG: Visual Feat: torch.Size([1, 256, 2, 8]), Mean: 0.6019, Std: 1.3761
DEBUG: Pos Embed: torch.Size([1, 256, 2, 8]), Mean: 0.5037, Std: 0.4963
DEBUG: Visual Feat: torch.Size([1, 256, 2, 8]), Mean: 0.6018, Std: 1.2526
DEBUG: Pos Embed: torch.Size([1, 256, 2, 8]), Mean: 0.5037, Std: 0.4963
DEBUG: Visual Feat: torch.Size([1, 256, 2, 8]), Mean: 0.6022, Std: 1.1917
DEBUG: Pos Embed: torch.Size([1, 256, 2, 8]), Mean: 0.5037, Std: 0.4963
DEBUG: Visual Feat: torch.Size([1, 256, 2, 8]), Mean: 0.5997, Std: 1.1496
DEBUG: Pos Embed: torch.Size([1, 256, 2, 8]), Mean: 0.5037, Std: 0.4963
DEBUG: Visual Feat: torch.Size([1, 256, 2, 8]), Mean: 0.6066, Std: 1.1468
DEBUG: Pos Embed: torch.Size([1, 256, 2, 8]), Mean: 0.5037, Std: 0.4963
DEBUG: Visual Feat: torch.Size([1, 256, 2, 8]), Mean: 0.6105, Std: 1.1426
DEBUG: Pos Embed: torch.Size([1, 256, 2, 8]), Mean: 0.5037, Std: 0.4963
DEBUG: Visual Feat: torch.Size([1, 256, 2, 8]), Mean: 0.6117, Std: 1.1350
DEBUG: Pos Embed: torch.Size([1, 256, 2, 8]), Mean: 0.5037, Std: 0.4963
DEBUG: Visual Feat: torch.Size([1, 256, 2, 8]), Mean: 0.5534, Std: 0.8613
DEBUG: Pos Embed: torch.Size([1, 256, 2, 8]), Mean: 0.5037, Std: 0.4963
DEBUG: Visual Feat: torch.Size([1, 256, 2, 8]), Mean: 0.5534, Std: 0.8613
DEBUG: Pos Embed: torch.Size([1, 256, 2, 8]), Mean: 0.5037, Std: 0.4963

[Validation Debug] Samples:
  Pred Type: <class 'dict'>
  Pred Keys: ['logits', 'tokens']
  Pred IDs: [1, 697, 697, 697, 697, 697, 697, 697, 697, 697, 697, 697, 697, 697, 697, 697, 697, 697, 697, 697, 697, 697, 697, 697, 697, 697]
  Pred: '와와와와와와와와와와와와와와와와와와와와와와와와와' | GT: '"변화와'
  Match Count: 0/1
DEBUG: Visual Feat: torch.Size([1, 256, 2, 8]), Mean: 0.6070, Std: 1.1494
DEBUG: Pos Embed: torch.Size([1, 256, 2, 8]), Mean: 0.5037, Std: 0.4963

[Grad Debug] Step 150 - Pos Encoder Grad Norm: 0.0001
[Grad Debug] Step 150 - Embed Tokens Grad Norm: 0.0001
DEBUG: Visual Feat: torch.Size([1, 256, 2, 8]), Mean: 0.6035, Std: 1.1601
DEBUG: Pos Embed: torch.Size([1, 256, 2, 8]), Mean: 0.5037, Std: 0.4963
DEBUG: Visual Feat: torch.Size([1, 256, 2, 8]), Mean: 0.6007, Std: 1.1656
DEBUG: Pos Embed: torch.Size([1, 256, 2, 8]), Mean: 0.5037, Std: 0.4963
DEBUG: Visual Feat: torch.Size([1, 256, 2, 8]), Mean: 0.5986, Std: 1.1672
DEBUG: Pos Embed: torch.Size([1, 256, 2, 8]), Mean: 0.5037, Std: 0.4963
DEBUG: Visual Feat: torch.Size([1, 256, 2, 8]), Mean: 0.5973, Std: 1.1670
DEBUG: Pos Embed: torch.Size([1, 256, 2, 8]), Mean: 0.5037, Std: 0.4963
DEBUG: Visual Feat: torch.Size([1, 256, 2, 8]), Mean: 0.5966, Std: 1.1664
DEBUG: Pos Embed: torch.Size([1, 256, 2, 8]), Mean: 0.5037, Std: 0.4963
DEBUG: Visual Feat: torch.Size([1, 256, 2, 8]), Mean: 0.5962, Std: 1.1651
DEBUG: Pos Embed: torch.Size([1, 256, 2, 8]), Mean: 0.5037, Std: 0.4963
DEBUG: Visual Feat: torch.Size([1, 256, 2, 8]), Mean: 0.5954, Std: 1.1634
DEBUG: Pos Embed: torch.Size([1, 256, 2, 8]), Mean: 0.5037, Std: 0.4963
DEBUG: Visual Feat: torch.Size([1, 256, 2, 8]), Mean: 0.5958, Std: 1.1597
DEBUG: Pos Embed: torch.Size([1, 256, 2, 8]), Mean: 0.5037, Std: 0.4963
DEBUG: Visual Feat: torch.Size([1, 256, 2, 8]), Mean: 0.5960, Std: 1.1547
DEBUG: Pos Embed: torch.Size([1, 256, 2, 8]), Mean: 0.5037, Std: 0.4963
DEBUG: Visual Feat: torch.Size([1, 256, 2, 8]), Mean: 0.5005, Std: 0.7355
DEBUG: Pos Embed: torch.Size([1, 256, 2, 8]), Mean: 0.5037, Std: 0.4963
DEBUG: Visual Feat: torch.Size([1, 256, 2, 8]), Mean: 0.5005, Std: 0.7355
DEBUG: Pos Embed: torch.Size([1, 256, 2, 8]), Mean: 0.5037, Std: 0.4963

[Validation Debug] Samples:
  Pred Type: <class 'dict'>
  Pred Keys: ['logits', 'tokens']
  Pred IDs: [1, 697, 697, 697, 697, 697, 697, 697, 697, 697, 697, 697, 697, 697, 697, 697, 697, 697, 697, 697, 697, 697, 697, 697, 697, 697]
  Pred: '와와와와와와와와와와와와와와와와와와와와와와와와와' | GT: '"변화와'
  Match Count: 0/1
DEBUG: Visual Feat: torch.Size([1, 256, 2, 8]), Mean: 0.5952, Std: 1.1497
DEBUG: Pos Embed: torch.Size([1, 256, 2, 8]), Mean: 0.5037, Std: 0.4963

[Grad Debug] Step 160 - Pos Encoder Grad Norm: 0.0001
[Grad Debug] Step 160 - Embed Tokens Grad Norm: 0.0001
DEBUG: Visual Feat: torch.Size([1, 256, 2, 8]), Mean: 0.5932, Std: 1.1426
DEBUG: Pos Embed: torch.Size([1, 256, 2, 8]), Mean: 0.5037, Std: 0.4963
DEBUG: Visual Feat: torch.Size([1, 256, 2, 8]), Mean: 0.5936, Std: 1.1305
DEBUG: Pos Embed: torch.Size([1, 256, 2, 8]), Mean: 0.5037, Std: 0.4963
DEBUG: Visual Feat: torch.Size([1, 256, 2, 8]), Mean: 0.5935, Std: 1.1322
DEBUG: Pos Embed: torch.Size([1, 256, 2, 8]), Mean: 0.5037, Std: 0.4963
DEBUG: Visual Feat: torch.Size([1, 256, 2, 8]), Mean: 0.5929, Std: 1.1298
DEBUG: Pos Embed: torch.Size([1, 256, 2, 8]), Mean: 0.5037, Std: 0.4963
DEBUG: Visual Feat: torch.Size([1, 256, 2, 8]), Mean: 0.5933, Std: 1.1232
DEBUG: Pos Embed: torch.Size([1, 256, 2, 8]), Mean: 0.5037, Std: 0.4963
DEBUG: Visual Feat: torch.Size([1, 256, 2, 8]), Mean: 0.5934, Std: 1.1154
DEBUG: Pos Embed: torch.Size([1, 256, 2, 8]), Mean: 0.5037, Std: 0.4963
DEBUG: Visual Feat: torch.Size([1, 256, 2, 8]), Mean: 0.5948, Std: 1.1033
DEBUG: Pos Embed: torch.Size([1, 256, 2, 8]), Mean: 0.5037, Std: 0.4963
DEBUG: Visual Feat: torch.Size([1, 256, 2, 8]), Mean: 0.5957, Std: 1.0918
DEBUG: Pos Embed: torch.Size([1, 256, 2, 8]), Mean: 0.5037, Std: 0.4963
DEBUG: Visual Feat: torch.Size([1, 256, 2, 8]), Mean: 0.5951, Std: 1.0856
DEBUG: Pos Embed: torch.Size([1, 256, 2, 8]), Mean: 0.5037, Std: 0.4963
DEBUG: Visual Feat: torch.Size([1, 256, 2, 8]), Mean: 0.4896, Std: 0.7008
DEBUG: Pos Embed: torch.Size([1, 256, 2, 8]), Mean: 0.5037, Std: 0.4963
DEBUG: Visual Feat: torch.Size([1, 256, 2, 8]), Mean: 0.4896, Std: 0.7008
DEBUG: Pos Embed: torch.Size([1, 256, 2, 8]), Mean: 0.5037, Std: 0.4963

[Validation Debug] Samples:
  Pred Type: <class 'dict'>
  Pred Keys: ['logits', 'tokens']
  Pred IDs: [1, 539, 539, 539, 539, 539, 539, 539, 539, 539, 539, 539, 539, 539, 539, 539, 539, 539, 539, 539, 539, 539, 539, 539, 539, 539]
  Pred: '변변변변변변변변변변변변변변변변변변변변변변변변변' | GT: '"변화와'
  Match Count: 0/1
DEBUG: Visual Feat: torch.Size([1, 256, 2, 8]), Mean: 0.5935, Std: 1.0752
DEBUG: Pos Embed: torch.Size([1, 256, 2, 8]), Mean: 0.5037, Std: 0.4963

[Grad Debug] Step 170 - Pos Encoder Grad Norm: 0.0000
[Grad Debug] Step 170 - Embed Tokens Grad Norm: 0.0000
DEBUG: Visual Feat: torch.Size([1, 256, 2, 8]), Mean: 0.5921, Std: 1.0481
DEBUG: Pos Embed: torch.Size([1, 256, 2, 8]), Mean: 0.5037, Std: 0.4963
DEBUG: Visual Feat: torch.Size([1, 256, 2, 8]), Mean: 0.5877, Std: 1.0634
DEBUG: Pos Embed: torch.Size([1, 256, 2, 8]), Mean: 0.5037, Std: 0.4963
DEBUG: Visual Feat: torch.Size([1, 256, 2, 8]), Mean: 0.5843, Std: 1.0851
DEBUG: Pos Embed: torch.Size([1, 256, 2, 8]), Mean: 0.5037, Std: 0.4963
DEBUG: Visual Feat: torch.Size([1, 256, 2, 8]), Mean: 0.5828, Std: 1.0853
DEBUG: Pos Embed: torch.Size([1, 256, 2, 8]), Mean: 0.5037, Std: 0.4963
DEBUG: Visual Feat: torch.Size([1, 256, 2, 8]), Mean: 0.5809, Std: 1.0785
DEBUG: Pos Embed: torch.Size([1, 256, 2, 8]), Mean: 0.5037, Std: 0.4963
DEBUG: Visual Feat: torch.Size([1, 256, 2, 8]), Mean: 0.5792, Std: 1.0860
DEBUG: Pos Embed: torch.Size([1, 256, 2, 8]), Mean: 0.5037, Std: 0.4963
DEBUG: Visual Feat: torch.Size([1, 256, 2, 8]), Mean: 0.5789, Std: 1.0820
DEBUG: Pos Embed: torch.Size([1, 256, 2, 8]), Mean: 0.5037, Std: 0.4963
DEBUG: Visual Feat: torch.Size([1, 256, 2, 8]), Mean: 0.5789, Std: 1.0848
DEBUG: Pos Embed: torch.Size([1, 256, 2, 8]), Mean: 0.5037, Std: 0.4963
DEBUG: Visual Feat: torch.Size([1, 256, 2, 8]), Mean: 0.5784, Std: 1.1073
DEBUG: Pos Embed: torch.Size([1, 256, 2, 8]), Mean: 0.5037, Std: 0.4963
DEBUG: Visual Feat: torch.Size([1, 256, 2, 8]), Mean: 0.4878, Std: 0.6968
DEBUG: Pos Embed: torch.Size([1, 256, 2, 8]), Mean: 0.5037, Std: 0.4963
DEBUG: Visual Feat: torch.Size([1, 256, 2, 8]), Mean: 0.4878, Std: 0.6968
DEBUG: Pos Embed: torch.Size([1, 256, 2, 8]), Mean: 0.5037, Std: 0.4963

[Validation Debug] Samples:
  Pred Type: <class 'dict'>
  Pred Keys: ['logits', 'tokens']
  Pred IDs: [1, 6, 6, 6, 6, 6, 6, 6, 6, 6, 6, 6, 6, 6, 6, 6, 6, 6, 6, 6, 6, 6, 6, 6, 6, 6]
  Pred: '"""""""""""""""""""""""""' | GT: '"변화와'
  Match Count: 0/1
DEBUG: Visual Feat: torch.Size([1, 256, 2, 8]), Mean: 0.5803, Std: 1.1364
DEBUG: Pos Embed: torch.Size([1, 256, 2, 8]), Mean: 0.5037, Std: 0.4963

[Grad Debug] Step 180 - Pos Encoder Grad Norm: 0.0000
[Grad Debug] Step 180 - Embed Tokens Grad Norm: 0.0000
DEBUG: Visual Feat: torch.Size([1, 256, 2, 8]), Mean: 0.5808, Std: 1.1634
DEBUG: Pos Embed: torch.Size([1, 256, 2, 8]), Mean: 0.5037, Std: 0.4963
DEBUG: Visual Feat: torch.Size([1, 256, 2, 8]), Mean: 0.5807, Std: 1.1816
DEBUG: Pos Embed: torch.Size([1, 256, 2, 8]), Mean: 0.5037, Std: 0.4963
DEBUG: Visual Feat: torch.Size([1, 256, 2, 8]), Mean: 0.5832, Std: 1.2069
DEBUG: Pos Embed: torch.Size([1, 256, 2, 8]), Mean: 0.5037, Std: 0.4963
DEBUG: Visual Feat: torch.Size([1, 256, 2, 8]), Mean: 0.5785, Std: 1.2315
DEBUG: Pos Embed: torch.Size([1, 256, 2, 8]), Mean: 0.5037, Std: 0.4963
DEBUG: Visual Feat: torch.Size([1, 256, 2, 8]), Mean: 0.5751, Std: 1.2494
DEBUG: Pos Embed: torch.Size([1, 256, 2, 8]), Mean: 0.5037, Std: 0.4963
DEBUG: Visual Feat: torch.Size([1, 256, 2, 8]), Mean: 0.5670, Std: 1.2735
DEBUG: Pos Embed: torch.Size([1, 256, 2, 8]), Mean: 0.5037, Std: 0.4963
DEBUG: Visual Feat: torch.Size([1, 256, 2, 8]), Mean: 0.5567, Std: 1.3017
DEBUG: Pos Embed: torch.Size([1, 256, 2, 8]), Mean: 0.5037, Std: 0.4963
DEBUG: Visual Feat: torch.Size([1, 256, 2, 8]), Mean: 0.5545, Std: 1.3302
DEBUG: Pos Embed: torch.Size([1, 256, 2, 8]), Mean: 0.5037, Std: 0.4963
DEBUG: Visual Feat: torch.Size([1, 256, 2, 8]), Mean: 0.5485, Std: 1.3618
DEBUG: Pos Embed: torch.Size([1, 256, 2, 8]), Mean: 0.5037, Std: 0.4963
DEBUG: Visual Feat: torch.Size([1, 256, 2, 8]), Mean: 0.4724, Std: 0.6683
DEBUG: Pos Embed: torch.Size([1, 256, 2, 8]), Mean: 0.5037, Std: 0.4963
DEBUG: Visual Feat: torch.Size([1, 256, 2, 8]), Mean: 0.4724, Std: 0.6683
DEBUG: Pos Embed: torch.Size([1, 256, 2, 8]), Mean: 0.5037, Std: 0.4963

[Validation Debug] Samples:
  Pred Type: <class 'dict'>
  Pred Keys: ['logits', 'tokens']
  Pred IDs: [1, 988, 988, 988, 988, 988, 988, 988, 988, 988, 988, 988, 988, 988, 988, 988, 988, 988, 988, 988, 988, 988, 988, 988, 988, 988]
  Pred: '화화화화화화화화화화화화화화화화화화화화화화화화화' | GT: '"변화와'
  Match Count: 0/1
DEBUG: Visual Feat: torch.Size([1, 256, 2, 8]), Mean: 0.5292, Std: 1.3655
DEBUG: Pos Embed: torch.Size([1, 256, 2, 8]), Mean: 0.5037, Std: 0.4963

[Grad Debug] Step 190 - Pos Encoder Grad Norm: 0.0064
[Grad Debug] Step 190 - Embed Tokens Grad Norm: 0.0064
DEBUG: Visual Feat: torch.Size([1, 256, 2, 8]), Mean: 0.4991, Std: 1.3196
DEBUG: Pos Embed: torch.Size([1, 256, 2, 8]), Mean: 0.5037, Std: 0.4963
DEBUG: Visual Feat: torch.Size([1, 256, 2, 8]), Mean: 0.4916, Std: 1.3198
DEBUG: Pos Embed: torch.Size([1, 256, 2, 8]), Mean: 0.5037, Std: 0.4963
DEBUG: Visual Feat: torch.Size([1, 256, 2, 8]), Mean: 0.4714, Std: 1.4034
DEBUG: Pos Embed: torch.Size([1, 256, 2, 8]), Mean: 0.5037, Std: 0.4963
DEBUG: Visual Feat: torch.Size([1, 256, 2, 8]), Mean: 0.4848, Std: 1.3848
DEBUG: Pos Embed: torch.Size([1, 256, 2, 8]), Mean: 0.5037, Std: 0.4963
DEBUG: Visual Feat: torch.Size([1, 256, 2, 8]), Mean: 0.4960, Std: 1.2868
DEBUG: Pos Embed: torch.Size([1, 256, 2, 8]), Mean: 0.5037, Std: 0.4963
DEBUG: Visual Feat: torch.Size([1, 256, 2, 8]), Mean: 0.5154, Std: 0.9966
DEBUG: Pos Embed: torch.Size([1, 256, 2, 8]), Mean: 0.5037, Std: 0.4963
DEBUG: Visual Feat: torch.Size([1, 256, 2, 8]), Mean: 0.5106, Std: 0.8835
DEBUG: Pos Embed: torch.Size([1, 256, 2, 8]), Mean: 0.5037, Std: 0.4963
DEBUG: Visual Feat: torch.Size([1, 256, 2, 8]), Mean: 0.5271, Std: 0.8853
DEBUG: Pos Embed: torch.Size([1, 256, 2, 8]), Mean: 0.5037, Std: 0.4963
DEBUG: Visual Feat: torch.Size([1, 256, 2, 8]), Mean: 0.5251, Std: 1.1105
DEBUG: Pos Embed: torch.Size([1, 256, 2, 8]), Mean: 0.5037, Std: 0.4963
DEBUG: Visual Feat: torch.Size([1, 256, 2, 8]), Mean: 2.6458, Std: 6.5435
DEBUG: Pos Embed: torch.Size([1, 256, 2, 8]), Mean: 0.5037, Std: 0.4963INFO: `Trainer.fit` stopped: `max_epochs=200` reached.

DEBUG: Visual Feat: torch.Size([1, 256, 2, 8]), Mean: 2.6458, Std: 6.5435
DEBUG: Pos Embed: torch.Size([1, 256, 2, 8]), Mean: 0.5037, Std: 0.4963

[Validation Debug] Samples:
  Pred Type: <class 'dict'>
  Pred Keys: ['logits', 'tokens']
  Pred IDs: [1, 539, 539, 539, 539, 539, 539, 539, 539, 539, 539, 539, 539, 539, 539, 539, 539, 539, 539, 539, 539, 539, 539, 539, 539, 539]
  Pred: '변변변변변변변변변변변변변변변변변변변변변변변변변' | GT: '"변화와'
  Match Count: 0/1
[2026-02-07 22:09:01,530][lightning.pytorch.utilities.rank_zero][INFO] - `Trainer.fit` stopped: `max_epochs=200` reached.
Epoch 199/199 ━━━━━━━━━━━━━━━━━━━━━━━━━━━━━━━━━━━━━━ 1/1 0:00:00 • 0:00:00 0.00it/s v_num: 52.000 val/acc: 0.000 val/cer: 
                                                                                    6.000                                 
[2026-02-07 22:09:01,921][ocr.pipelines.orchestrator][INFO] - \n✅ Training complete!

✅ Training test completed successfully!
