[2026-02-08 01:31:26,895][ocr.pipelines.orchestrator][INFO] - 🎯 OCRProjectOrchestrator initialized
[2026-02-08 01:31:26,896][ocr.pipelines.orchestrator][INFO] -    Domain: recognition
[2026-02-08 01:31:26,896][ocr.pipelines.orchestrator][INFO] -    Mode: train
[2026-02-08 01:31:26,896][ocr.pipelines.orchestrator][INFO] - \n============================================================
[2026-02-08 01:31:26,896][ocr.pipelines.orchestrator][INFO] - 🚀 Starting TRAIN for recognition domain
[2026-02-08 01:31:26,896][ocr.pipelines.orchestrator][INFO] - ============================================================\n
[2026-02-08 01:31:26,896][ocr.pipelines.orchestrator][INFO] - 🏗️ Building model and datasets...
[2026-02-08 01:31:26,896][ocr.pipelines.strategies.recognition_config][INFO] - 💉 Injecting vocab_size for recognition model...
[2026-02-08 01:31:26,898][ocr.domains.recognition.data.tokenizer][INFO] - Loaded tokenizer: 1023 chars, vocab_size=1027, max_len=25
[2026-02-08 01:31:26,898][ocr.pipelines.strategies.recognition_config][INFO] -    ✓ Vocab size 1027 injected into model config
[2026-02-08 01:31:28,153][timm.models._builder][INFO] - Loading pretrained weights from Hugging Face hub (timm/resnet18.a1_in1k)
[2026-02-08 01:31:28,500][timm.models._hub][INFO] - [timm/resnet18.a1_in1k] Safe alternative available for 'pytorch_model.bin' (as 'model.safetensors'). Loading weights using safetensors.
[2026-02-08 01:31:28,690][timm.models._builder][INFO] - Loading pretrained weights from Hugging Face hub (timm/resnet18.a1_in1k)
[2026-02-08 01:31:28,897][timm.models._hub][INFO] - [timm/resnet18.a1_in1k] Safe alternative available for 'pytorch_model.bin' (as 'model.safetensors'). Loading weights using safetensors.
[2026-02-08 01:31:29,427][ocr.pipelines.orchestrator][INFO] -    ✓ Model created: PARSeqOfficial
[2026-02-08 01:31:29,434][ocr.domains.recognition.data.tokenizer][INFO] - Loaded tokenizer: 1023 chars, vocab_size=1027, max_len=25
[2026-02-08 01:31:29,440][ocr.domains.recognition.data.tokenizer][INFO] - Loaded tokenizer: 1023 chars, vocab_size=1027, max_len=25
[2026-02-08 01:31:29,567][ocr.domains.recognition.data.tokenizer][INFO] - Loaded tokenizer: 1023 chars, vocab_size=1027, max_len=25
[2026-02-08 01:31:29,570][ocr.domains.recognition.data.tokenizer][INFO] - Loaded tokenizer: 1023 chars, vocab_size=1027, max_len=25
[2026-02-08 01:31:29,571][ocr.pipelines.orchestrator][INFO] -    ✓ Datasets created
[2026-02-08 01:31:29,595][ocr.pipelines.orchestrator][INFO] -    ✓ RecognitionPLModule created
[2026-02-08 01:31:29,607][ocr.pipelines.orchestrator][INFO] -    ✓ DataModule created
[2026-02-08 01:31:29,607][ocr.pipelines.orchestrator][INFO] - ⚡ Configuring Lightning Trainer...
INFO: Using 16bit Automatic Mixed Precision (AMP)
[2026-02-08 01:31:29,695][lightning.pytorch.utilities.rank_zero][INFO] - Using 16bit Automatic Mixed Precision (AMP)
INFO: GPU available: True (cuda), used: True
[2026-02-08 01:31:29,702][lightning.pytorch.utilities.rank_zero][INFO] - GPU available: True (cuda), used: True
INFO: TPU available: False, using: 0 TPU cores
[2026-02-08 01:31:29,702][lightning.pytorch.utilities.rank_zero][INFO] - TPU available: False, using: 0 TPU cores
INFO: 💡 Tip: For seamless cloud logging and experiment tracking, try installing [litlogger](https://pypi.org/project/litlogger/) to enable LitLogger, which logs metrics and artifacts automatically to the Lightning Experiments platform.
[2026-02-08 01:31:29,703][lightning.pytorch.utilities.rank_zero][INFO] - 💡 Tip: For seamless cloud logging and experiment tracking, try installing [litlogger](https://pypi.org/project/litlogger/) to enable LitLogger, which logs metrics and artifacts automatically to the Lightning Experiments platform.
[2026-02-08 01:31:29,703][ocr.pipelines.orchestrator][INFO] -    ✓ Trainer ready
[2026-02-08 01:31:29,703][ocr.pipelines.orchestrator][INFO] - 🏋️ Starting training...\n
INFO: LOCAL_RANK: 0 - CUDA_VISIBLE_DEVICES: [0]
[2026-02-08 01:31:29,792][lightning.pytorch.accelerators.cuda][INFO] - LOCAL_RANK: 0 - CUDA_VISIBLE_DEVICES: [0]
/workspaces/.venv/lib/python3.11/site-packages/lightning/pytorch/utilities/model_summary/model_summary.py:242: Precision 16-mixed is not supported by the model summary.  Estimated model size in MB will not be accurate. Using 32 bits instead.
┏━━━┳━━━━━━━━━┳━━━━━━━━━━━━━━━━┳━━━━━━━━┳━━━━━━━┳━━━━━━━┓
┃   ┃ Name    ┃ Type           ┃ Params ┃ Mode  ┃ FLOPs ┃
┡━━━╇━━━━━━━━━╇━━━━━━━━━━━━━━━━╇━━━━━━━━╇━━━━━━━╇━━━━━━━┩
│ 0 │ model   │ PARSeqOfficial │ 24.5 M │ train │     0 │
│ 1 │ rec_cer │ CharErrorRate  │      0 │ train │     0 │
└───┴─────────┴────────────────┴────────┴───────┴───────┘
Trainable params: 24.5 M                                             
Non-trainable params: 0                                              
Total params: 24.5 M                                                 
Total estimated model params size (MB): 98                           
Modules in train mode: 289                                           
Modules in eval mode: 0                                              
Total FLOPs: 0                                                       

[Validation Debug] Samples:
  Pred Type: <class 'dict'>
  Pred Keys: ['logits', 'tokens']
  Pred IDs: [49, 49, 49, 49, 49, 49, 49, 49, 49, 49, 49, 49, 49, 49, 49, 49, 49, 49, 49, 49, 49, 49, 49, 49, 49, 49]
  Pred: 'MMMMMMMMMMMMMMMMMMMMMMMMMM' | GT: '"변화와'
  Match Count: 0/1
terminate called after throwing an instance of 'c10::Error'
  what():  CUDA error: initialization error
CUDA kernel errors might be asynchronously reported at some other API call, so the stacktrace below might be incorrect.
For debugging consider passing CUDA_LAUNCH_BLOCKING=1
Compile with `TORCH_USE_CUDA_DSA` to enable device-side assertions.

Exception raised from c10_cuda_check_implementation at /pytorch/c10/cuda/CUDAException.cpp:43 (most recent call first):
frame #0: c10::Error::Error(c10::SourceLocation, std::string) + 0x96 (0x74168956c1b6 in /workspaces/.venv/lib/python3.11/site-packages/torch/lib/libc10.so)
frame #1: c10::detail::torchCheckFail(char const*, char const*, unsigned int, std::string const&) + 0x64 (0x741689515a76 in /workspaces/.venv/lib/python3.11/site-packages/torch/lib/libc10.so)
frame #2: c10::cuda::c10_cuda_check_implementation(int, char const*, char const*, int, bool) + 0x118 (0x7416899a3918 in /workspaces/.venv/lib/python3.11/site-packages/torch/lib/libc10_cuda.so)
frame #3: c10::cuda::ExchangeDevice(signed char) + 0x92 (0x7416899a4002 in /workspaces/.venv/lib/python3.11/site-packages/torch/lib/libc10_cuda.so)
frame #4: <unknown function> + 0x103ad3a (0x74163783ad3a in /workspaces/.venv/lib/python3.11/site-packages/torch/lib/libtorch_cuda.so)
frame #5: <unknown function> + 0x10433c5 (0x7416378433c5 in /workspaces/.venv/lib/python3.11/site-packages/torch/lib/libtorch_cuda.so)
frame #6: <unknown function> + 0x643582 (0x741681243582 in /workspaces/.venv/lib/python3.11/site-packages/torch/lib/libtorch_python.so)
frame #7: <unknown function> + 0x6f30f (0x74168954d30f in /workspaces/.venv/lib/python3.11/site-packages/torch/lib/libc10.so)
frame #8: c10::TensorImpl::~TensorImpl() + 0x21b (0x74168954633b in /workspaces/.venv/lib/python3.11/site-packages/torch/lib/libc10.so)
frame #9: c10::TensorImpl::~TensorImpl() + 0x9 (0x7416895464e9 in /workspaces/.venv/lib/python3.11/site-packages/torch/lib/libc10.so)
frame #10: <unknown function> + 0x904458 (0x741681504458 in /workspaces/.venv/lib/python3.11/site-packages/torch/lib/libtorch_python.so)
frame #11: THPVariable_subclass_dealloc(_object*) + 0x2f6 (0x7416815047a6 in /workspaces/.venv/lib/python3.11/site-packages/torch/lib/libtorch_python.so)
frame #12: <unknown function> + 0x33484e (0x565aee11584e in /workspaces/.venv/bin/python3)
frame #13: <unknown function> + 0x31ec3e (0x565aee0ffc3e in /workspaces/.venv/bin/python3)
frame #14: <unknown function> + 0x31ec73 (0x565aee0ffc73 in /workspaces/.venv/bin/python3)
frame #15: <unknown function> + 0x31ec73 (0x565aee0ffc73 in /workspaces/.venv/bin/python3)
frame #16: <unknown function> + 0x31ec73 (0x565aee0ffc73 in /workspaces/.venv/bin/python3)
frame #17: <unknown function> + 0x31ec73 (0x565aee0ffc73 in /workspaces/.venv/bin/python3)
frame #18: <unknown function> + 0x31ec73 (0x565aee0ffc73 in /workspaces/.venv/bin/python3)
frame #19: <unknown function> + 0x31ec73 (0x565aee0ffc73 in /workspaces/.venv/bin/python3)
frame #20: <unknown function> + 0x3d2c34 (0x565aee1b3c34 in /workspaces/.venv/bin/python3)
frame #21: <unknown function> + 0x1fd241 (0x565aedfde241 in /workspaces/.venv/bin/python3)
frame #22: <unknown function> + 0x3dac87 (0x565aee1bbc87 in /workspaces/.venv/bin/python3)
frame #23: <unknown function> + 0x31f3db (0x565aee1003db in /workspaces/.venv/bin/python3)
frame #24: _PyObject_LookupAttr + 0x10c3 (0x565aedff0743 in /workspaces/.venv/bin/python3)
frame #25: <unknown function> + 0x370df0 (0x565aee151df0 in /workspaces/.venv/bin/python3)
frame #26: _PyEval_EvalFrameDefault + 0x3876f (0x565aee18bc7f in /workspaces/.venv/bin/python3)
frame #27: _PyFunction_Vectorcall + 0x535 (0x565aee0f6815 in /workspaces/.venv/bin/python3)
frame #28: _PyEval_EvalFrameDefault + 0x39877 (0x565aee18cd87 in /workspaces/.venv/bin/python3)
frame #29: _PyFunction_Vectorcall + 0x535 (0x565aee0f6815 in /workspaces/.venv/bin/python3)
frame #30: _PyEval_EvalFrameDefault + 0x39877 (0x565aee18cd87 in /workspaces/.venv/bin/python3)
frame #31: _PyFunction_Vectorcall + 0x535 (0x565aee0f6815 in /workspaces/.venv/bin/python3)
frame #32: _PyEval_EvalFrameDefault + 0x39877 (0x565aee18cd87 in /workspaces/.venv/bin/python3)
frame #33: _PyFunction_Vectorcall + 0x535 (0x565aee0f6815 in /workspaces/.venv/bin/python3)
frame #34: <unknown function> + 0x3479d9 (0x565aee1289d9 in /workspaces/.venv/bin/python3)
frame #35: <unknown function> + 0x34ae05 (0x565aee12be05 in /workspaces/.venv/bin/python3)
frame #36: _PyEval_EvalFrameDefault + 0x3558d (0x565aee188a9d in /workspaces/.venv/bin/python3)
frame #37: _PyFunction_Vectorcall + 0x535 (0x565aee0f6815 in /workspaces/.venv/bin/python3)
frame #38: <unknown function> + 0x3479d9 (0x565aee1289d9 in /workspaces/.venv/bin/python3)
frame #39: <unknown function> + 0x34ae05 (0x565aee12be05 in /workspaces/.venv/bin/python3)
frame #40: _PyEval_EvalFrameDefault + 0x3558d (0x565aee188a9d in /workspaces/.venv/bin/python3)
frame #41: _PyFunction_Vectorcall + 0x535 (0x565aee0f6815 in /workspaces/.venv/bin/python3)
frame #42: PyObject_CallOneArg + 0x52 (0x565aedfd6f42 in /workspaces/.venv/bin/python3)
frame #43: <unknown function> + 0x4630b2 (0x565aee2440b2 in /workspaces/.venv/bin/python3)
frame #44: PyObject_GetIter + 0x13 (0x565aedfd10f3 in /workspaces/.venv/bin/python3)
frame #45: <unknown function> + 0x338d8b (0x565aee119d8b in /workspaces/.venv/bin/python3)
frame #46: _PyEval_EvalFrameDefault + 0x35127 (0x565aee188637 in /workspaces/.venv/bin/python3)
frame #47: _PyFunction_Vectorcall + 0x535 (0x565aee0f6815 in /workspaces/.venv/bin/python3)
frame #48: PyObject_CallOneArg + 0x52 (0x565aedfd6f42 in /workspaces/.venv/bin/python3)
frame #49: <unknown function> + 0x4630b2 (0x565aee2440b2 in /workspaces/.venv/bin/python3)
frame #50: PyObject_GetIter + 0x13 (0x565aedfd10f3 in /workspaces/.venv/bin/python3)
frame #51: <unknown function> + 0x338d8b (0x565aee119d8b in /workspaces/.venv/bin/python3)
frame #52: _PyEval_EvalFrameDefault + 0x35127 (0x565aee188637 in /workspaces/.venv/bin/python3)
frame #53: _PyFunction_Vectorcall + 0x535 (0x565aee0f6815 in /workspaces/.venv/bin/python3)
frame #54: PyObject_CallOneArg + 0x52 (0x565aedfd6f42 in /workspaces/.venv/bin/python3)
frame #55: <unknown function> + 0x4630b2 (0x565aee2440b2 in /workspaces/.venv/bin/python3)
frame #56: PyObject_GetIter + 0x13 (0x565aedfd10f3 in /workspaces/.venv/bin/python3)
frame #57: <unknown function> + 0x338d8b (0x565aee119d8b in /workspaces/.venv/bin/python3)
frame #58: _PyEval_EvalFrameDefault + 0x35127 (0x565aee188637 in /workspaces/.venv/bin/python3)
frame #59: _PyFunction_Vectorcall + 0x535 (0x565aee0f6815 in /workspaces/.venv/bin/python3)
frame #60: PyObject_CallOneArg + 0x52 (0x565aedfd6f42 in /workspaces/.venv/bin/python3)
frame #61: <unknown function> + 0x4630b2 (0x565aee2440b2 in /workspaces/.venv/bin/python3)
frame #62: PyObject_GetIter + 0x13 (0x565aedfd10f3 in /workspaces/.venv/bin/python3)

terminate called after throwing an instance of 'c10::Error'
  what():  CUDA error: initialization error
CUDA kernel errors might be asynchronously reported at some other API call, so the stacktrace below might be incorrect.
For debugging consider passing CUDA_LAUNCH_BLOCKING=1
Compile with `TORCH_USE_CUDA_DSA` to enable device-side assertions.

Exception raised from c10_cuda_check_implementation at /pytorch/c10/cuda/CUDAException.cpp:43 (most recent call first):
frame #0: c10::Error::Error(c10::SourceLocation, std::string) + 0x96 (0x74168956c1b6 in /workspaces/.venv/lib/python3.11/site-packages/torch/lib/libc10.so)
frame #1: c10::detail::torchCheckFail(char const*, char const*, unsigned int, std::string const&) + 0x64 (0x741689515a76 in /workspaces/.venv/lib/python3.11/site-packages/torch/lib/libc10.so)
frame #2: c10::cuda::c10_cuda_check_implementation(int, char const*, char const*, int, bool) + 0x118 (0x7416899a3918 in /workspaces/.venv/lib/python3.11/site-packages/torch/lib/libc10_cuda.so)
frame #3: c10::cuda::ExchangeDevice(signed char) + 0x92 (0x7416899a4002 in /workspaces/.venv/lib/python3.11/site-packages/torch/lib/libc10_cuda.so)
frame #4: <unknown function> + 0x103ad3a (0x74163783ad3a in /workspaces/.venv/lib/python3.11/site-packages/torch/lib/libtorch_cuda.so)
frame #5: <unknown function> + 0x10433c5 (0x7416378433c5 in /workspaces/.venv/lib/python3.11/site-packages/torch/lib/libtorch_cuda.so)
frame #6: <unknown function> + 0x643582 (0x741681243582 in /workspaces/.venv/lib/python3.11/site-packages/torch/lib/libtorch_python.so)
frame #7: <unknown function> + 0x6f30f (0x74168954d30f in /workspaces/.venv/lib/python3.11/site-packages/torch/lib/libc10.so)
frame #8: c10::TensorImpl::~TensorImpl() + 0x21b (0x74168954633b in /workspaces/.venv/lib/python3.11/site-packages/torch/lib/libc10.so)
frame #9: c10::TensorImpl::~TensorImpl() + 0x9 (0x7416895464e9 in /workspaces/.venv/lib/python3.11/site-packages/torch/lib/libc10.so)
frame #10: <unknown function> + 0x904458 (0x741681504458 in /workspaces/.venv/lib/python3.11/site-packages/torch/lib/libtorch_python.so)
frame #11: THPVariable_subclass_dealloc(_object*) + 0x2f6 (0x7416815047a6 in /workspaces/.venv/lib/python3.11/site-packages/torch/lib/libtorch_python.so)
frame #12: <unknown function> + 0x33484e (0x565aee11584e in /workspaces/.venv/bin/python3)
frame #13: <unknown function> + 0x31ec3e (0x565aee0ffc3e in /workspaces/.venv/bin/python3)
frame #14: <unknown function> + 0x31ec73 (0x565aee0ffc73 in /workspaces/.venv/bin/python3)
frame #15: <unknown function> + 0x31ec73 (0x565aee0ffc73 in /workspaces/.venv/bin/python3)
frame #16: <unknown function> + 0x31ec73 (0x565aee0ffc73 in /workspaces/.venv/bin/python3)
frame #17: <unknown function> + 0x31ec73 (0x565aee0ffc73 in /workspaces/.venv/bin/python3)
frame #18: <unknown function> + 0x31ec73 (0x565aee0ffc73 in /workspaces/.venv/bin/python3)
frame #19: <unknown function> + 0x31ec73 (0x565aee0ffc73 in /workspaces/.venv/bin/python3)
frame #20: <unknown function> + 0x3d2c34 (0x565aee1b3c34 in /workspaces/.venv/bin/python3)
frame #21: <unknown function> + 0x1fd241 (0x565aedfde241 in /workspaces/.venv/bin/python3)
frame #22: <unknown function> + 0x3dac87 (0x565aee1bbc87 in /workspaces/.venv/bin/python3)
frame #23: <unknown function> + 0x31f3db (0x565aee1003db in /workspaces/.venv/bin/python3)
frame #24: _PyObject_LookupAttr + 0x10c3 (0x565aedff0743 in /workspaces/.venv/bin/python3)
frame #25: <unknown function> + 0x370df0 (0x565aee151df0 in /workspaces/.venv/bin/python3)
frame #26: _PyEval_EvalFrameDefault + 0x3876f (0x565aee18bc7f in /workspaces/.venv/bin/python3)
frame #27: _PyFunction_Vectorcall + 0x535 (0x565aee0f6815 in /workspaces/.venv/bin/python3)
frame #28: _PyEval_EvalFrameDefault + 0x39877 (0x565aee18cd87 in /workspaces/.venv/bin/python3)
frame #29: _PyFunction_Vectorcall + 0x535 (0x565aee0f6815 in /workspaces/.venv/bin/python3)
frame #30: _PyEval_EvalFrameDefault + 0x39877 (0x565aee18cd87 in /workspaces/.venv/bin/python3)
frame #31: _PyFunction_Vectorcall + 0x535 (0x565aee0f6815 in /workspaces/.venv/bin/python3)
frame #32: _PyEval_EvalFrameDefault + 0x39877 (0x565aee18cd87 in /workspaces/.venv/bin/python3)
frame #33: _PyFunction_Vectorcall + 0x535 (0x565aee0f6815 in /workspaces/.venv/bin/python3)
frame #34: <unknown function> + 0x3479d9 (0x565aee1289d9 in /workspaces/.venv/bin/python3)
frame #35: <unknown function> + 0x34ae05 (0x565aee12be05 in /workspaces/.venv/bin/python3)
frame #36: _PyEval_EvalFrameDefault + 0x3558d (0x565aee188a9d in /workspaces/.venv/bin/python3)
frame #37: _PyFunction_Vectorcall + 0x535 (0x565aee0f6815 in /workspaces/.venv/bin/python3)
frame #38: <unknown function> + 0x3479d9 (0x565aee1289d9 in /workspaces/.venv/bin/python3)
frame #39: <unknown function> + 0x34ae05 (0x565aee12be05 in /workspaces/.venv/bin/python3)
frame #40: _PyEval_EvalFrameDefault + 0x3558d (0x565aee188a9d in /workspaces/.venv/bin/python3)
frame #41: _PyFunction_Vectorcall + 0x535 (0x565aee0f6815 in /workspaces/.venv/bin/python3)
frame #42: PyObject_CallOneArg + 0x52 (0x565aedfd6f42 in /workspaces/.venv/bin/python3)
frame #43: <unknown function> + 0x4630b2 (0x565aee2440b2 in /workspaces/.venv/bin/python3)
frame #44: PyObject_GetIter + 0x13 (0x565aedfd10f3 in /workspaces/.venv/bin/python3)
frame #45: <unknown function> + 0x338d8b (0x565aee119d8b in /workspaces/.venv/bin/python3)
frame #46: _PyEval_EvalFrameDefault + 0x35127 (0x565aee188637 in /workspaces/.venv/bin/python3)
frame #47: _PyFunction_Vectorcall + 0x535 (0x565aee0f6815 in /workspaces/.venv/bin/python3)
frame #48: PyObject_CallOneArg + 0x52 (0x565aedfd6f42 in /workspaces/.venv/bin/python3)
frame #49: <unknown function> + 0x4630b2 (0x565aee2440b2 in /workspaces/.venv/bin/python3)
frame #50: PyObject_GetIter + 0x13 (0x565aedfd10f3 in /workspaces/.venv/bin/python3)
frame #51: <unknown function> + 0x338d8b (0x565aee119d8b in /workspaces/.venv/bin/python3)
frame #52: _PyEval_EvalFrameDefault + 0x35127 (0x565aee188637 in /workspaces/.venv/bin/python3)
frame #53: _PyFunction_Vectorcall + 0x535 (0x565aee0f6815 in /workspaces/.venv/bin/python3)
frame #54: PyObject_CallOneArg + 0x52 (0x565aedfd6f42 in /workspaces/.venv/bin/python3)
frame #55: <unknown function> + 0x4630b2 (0x565aee2440b2 in /workspaces/.venv/bin/python3)
frame #56: PyObject_GetIter + 0x13 (0x565aedfd10f3 in /workspaces/.venv/bin/python3)
frame #57: <unknown function> + 0x338d8b (0x565aee119d8b in /workspaces/.venv/bin/python3)
frame #58: _PyEval_EvalFrameDefault + 0x35127 (0x565aee188637 in /workspaces/.venv/bin/python3)
frame #59: _PyFunction_Vectorcall + 0x535 (0x565aee0f6815 in /workspaces/.venv/bin/python3)
frame #60: PyObject_CallOneArg + 0x52 (0x565aedfd6f42 in /workspaces/.venv/bin/python3)
frame #61: <unknown function> + 0x4630b2 (0x565aee2440b2 in /workspaces/.venv/bin/python3)
frame #62: PyObject_GetIter + 0x13 (0x565aedfd10f3 in /workspaces/.venv/bin/python3)

Epoch 0/1                 0/15 0:00:44 •     0.00it/s v_num: 67.000  
                               -:--:--                val/acc: 0.000 
                                                      val/cer: 6.500 
Error executing job with overrides: ['domain=recognition', 'experiment=rec_baseline_official', 'trainer.max_epochs=2', 'trainer.limit_train_batches=15', 'trainer.limit_val_batches=5', 'data.batch_size=16', 'run_name=run45_official_parseq']
Traceback (most recent call last):
  File "/workspaces/.venv/lib/python3.11/site-packages/torch/utils/data/dataloader.py", line 1251, in _try_get_data
    data = self._data_queue.get(timeout=timeout)
           ^^^^^^^^^^^^^^^^^^^^^^^^^^^^^^^^^^^^^
  File "/home/vscode/.local/share/uv/python/cpython-3.11.14-linux-x86_64-gnu/lib/python3.11/queue.py", line 180, in get
    self.not_empty.wait(remaining)
  File "/home/vscode/.local/share/uv/python/cpython-3.11.14-linux-x86_64-gnu/lib/python3.11/threading.py", line 331, in wait
    gotit = waiter.acquire(True, timeout)
            ^^^^^^^^^^^^^^^^^^^^^^^^^^^^^
  File "/workspaces/.venv/lib/python3.11/site-packages/torch/utils/data/_utils/signal_handling.py", line 73, in handler
    _error_if_any_worker_fails()
RuntimeError: DataLoader worker (pid 28724) is killed by signal: Aborted. 

The above exception was the direct cause of the following exception:

Traceback (most recent call last):
  File "/workspaces/scripts/runners/train.py", line 64, in train
    orchestrator.run()
  File "/workspaces/ocr/pipelines/orchestrator.py", line 185, in run
    trainer.fit(pl_module, data_module, ckpt_path=checkpoint_path)
  File "/workspaces/.venv/lib/python3.11/site-packages/lightning/pytorch/trainer/trainer.py", line 584, in fit
    call._call_and_handle_interrupt(
  File "/workspaces/.venv/lib/python3.11/site-packages/lightning/pytorch/trainer/call.py", line 49, in _call_and_handle_interrupt
    return trainer_fn(*args, **kwargs)
           ^^^^^^^^^^^^^^^^^^^^^^^^^^^
  File "/workspaces/.venv/lib/python3.11/site-packages/lightning/pytorch/trainer/trainer.py", line 630, in _fit_impl
    self._run(model, ckpt_path=ckpt_path, weights_only=weights_only)
  File "/workspaces/.venv/lib/python3.11/site-packages/lightning/pytorch/trainer/trainer.py", line 1079, in _run
    results = self._run_stage()
              ^^^^^^^^^^^^^^^^^
  File "/workspaces/.venv/lib/python3.11/site-packages/lightning/pytorch/trainer/trainer.py", line 1123, in _run_stage
    self.fit_loop.run()
  File "/workspaces/.venv/lib/python3.11/site-packages/lightning/pytorch/loops/fit_loop.py", line 217, in run
    self.advance()
  File "/workspaces/.venv/lib/python3.11/site-packages/lightning/pytorch/loops/fit_loop.py", line 465, in advance
    self.epoch_loop.run(self._data_fetcher)
  File "/workspaces/.venv/lib/python3.11/site-packages/lightning/pytorch/loops/training_epoch_loop.py", line 153, in run
    self.advance(data_fetcher)
  File "/workspaces/.venv/lib/python3.11/site-packages/lightning/pytorch/loops/training_epoch_loop.py", line 311, in advance
    batch, _, __ = next(data_fetcher)
                   ^^^^^^^^^^^^^^^^^^
  File "/workspaces/.venv/lib/python3.11/site-packages/lightning/pytorch/loops/fetchers.py", line 134, in __next__
    batch = super().__next__()
            ^^^^^^^^^^^^^^^^^^
  File "/workspaces/.venv/lib/python3.11/site-packages/lightning/pytorch/loops/fetchers.py", line 61, in __next__
    batch = next(self.iterator)
            ^^^^^^^^^^^^^^^^^^^
  File "/workspaces/.venv/lib/python3.11/site-packages/lightning/pytorch/utilities/combined_loader.py", line 341, in __next__
    out = next(self._iterator)
          ^^^^^^^^^^^^^^^^^^^^
  File "/workspaces/.venv/lib/python3.11/site-packages/lightning/pytorch/utilities/combined_loader.py", line 78, in __next__
    out[i] = next(self.iterators[i])
             ^^^^^^^^^^^^^^^^^^^^^^^
  File "/workspaces/.venv/lib/python3.11/site-packages/torch/utils/data/dataloader.py", line 708, in __next__
    data = self._next_data()
           ^^^^^^^^^^^^^^^^^
  File "/workspaces/.venv/lib/python3.11/site-packages/torch/utils/data/dataloader.py", line 1458, in _next_data
    idx, data = self._get_data()
                ^^^^^^^^^^^^^^^^
  File "/workspaces/.venv/lib/python3.11/site-packages/torch/utils/data/dataloader.py", line 1410, in _get_data
    success, data = self._try_get_data()
                    ^^^^^^^^^^^^^^^^^^^^
  File "/workspaces/.venv/lib/python3.11/site-packages/torch/utils/data/dataloader.py", line 1264, in _try_get_data
    raise RuntimeError(
RuntimeError: DataLoader worker (pid(s) 28724) exited unexpectedly

Set the environment variable HYDRA_FULL_ERROR=1 for a complete stack trace.
