[2026-02-08 00:14:19,786][ocr.pipelines.orchestrator][INFO] - 🎯 OCRProjectOrchestrator initialized
[2026-02-08 00:14:19,786][ocr.pipelines.orchestrator][INFO] -    Domain: recognition
[2026-02-08 00:14:19,786][ocr.pipelines.orchestrator][INFO] -    Mode: train
[2026-02-08 00:14:19,786][ocr.pipelines.orchestrator][INFO] - \n============================================================
[2026-02-08 00:14:19,786][ocr.pipelines.orchestrator][INFO] - 🚀 Starting TRAIN for recognition domain
[2026-02-08 00:14:19,786][ocr.pipelines.orchestrator][INFO] - ============================================================\n
[2026-02-08 00:14:19,786][ocr.pipelines.orchestrator][INFO] - 🏗️ Building model and datasets...
[2026-02-08 00:14:19,787][ocr.pipelines.strategies.recognition_config][INFO] - 💉 Injecting vocab_size for recognition model...
[2026-02-08 00:14:19,789][ocr.domains.recognition.data.tokenizer][INFO] - Loaded tokenizer: 1023 chars, vocab_size=1027, max_len=25
[2026-02-08 00:14:19,790][ocr.pipelines.strategies.recognition_config][INFO] -    ✓ Vocab size 1027 injected into model config
[2026-02-08 00:14:21,258][timm.models._builder][INFO] - Loading pretrained weights from Hugging Face hub (timm/resnet18.a1_in1k)
[2026-02-08 00:14:21,543][timm.models._hub][INFO] - [timm/resnet18.a1_in1k] Safe alternative available for 'pytorch_model.bin' (as 'model.safetensors'). Loading weights using safetensors.
[2026-02-08 00:14:21,740][timm.models._builder][INFO] - Loading pretrained weights from Hugging Face hub (timm/resnet18.a1_in1k)
[2026-02-08 00:14:21,947][timm.models._hub][INFO] - [timm/resnet18.a1_in1k] Safe alternative available for 'pytorch_model.bin' (as 'model.safetensors'). Loading weights using safetensors.
[2026-02-08 00:14:22,009][ocr.pipelines.orchestrator][INFO] -    ✓ Model created: PARSeq
[2026-02-08 00:14:22,017][ocr.domains.recognition.data.tokenizer][INFO] - Loaded tokenizer: 1023 chars, vocab_size=1027, max_len=25
[2026-02-08 00:14:22,023][ocr.domains.recognition.data.tokenizer][INFO] - Loaded tokenizer: 1023 chars, vocab_size=1027, max_len=25
[2026-02-08 00:14:22,027][ocr.domains.recognition.data.tokenizer][INFO] - Loaded tokenizer: 1023 chars, vocab_size=1027, max_len=25
[2026-02-08 00:14:22,031][ocr.domains.recognition.data.tokenizer][INFO] - Loaded tokenizer: 1023 chars, vocab_size=1027, max_len=25
[2026-02-08 00:14:22,033][ocr.pipelines.orchestrator][INFO] -    ✓ Datasets created
[2026-02-08 00:14:22,059][ocr.pipelines.orchestrator][INFO] -    ✓ RecognitionPLModule created
[2026-02-08 00:14:22,070][ocr.pipelines.orchestrator][INFO] -    ✓ DataModule created
[2026-02-08 00:14:22,071][ocr.pipelines.orchestrator][INFO] - ⚡ Configuring Lightning Trainer...
INFO: Using 16bit Automatic Mixed Precision (AMP)
[2026-02-08 00:14:22,103][lightning.pytorch.utilities.rank_zero][INFO] - Using 16bit Automatic Mixed Precision (AMP)
INFO: GPU available: True (cuda), used: True
[2026-02-08 00:14:22,109][lightning.pytorch.utilities.rank_zero][INFO] - GPU available: True (cuda), used: True
INFO: TPU available: False, using: 0 TPU cores
[2026-02-08 00:14:22,110][lightning.pytorch.utilities.rank_zero][INFO] - TPU available: False, using: 0 TPU cores
INFO: 💡 Tip: For seamless cloud logging and experiment tracking, try installing [litlogger](https://pypi.org/project/litlogger/) to enable LitLogger, which logs metrics and artifacts automatically to the Lightning Experiments platform.
[2026-02-08 00:14:22,111][lightning.pytorch.utilities.rank_zero][INFO] - 💡 Tip: For seamless cloud logging and experiment tracking, try installing [litlogger](https://pypi.org/project/litlogger/) to enable LitLogger, which logs metrics and artifacts automatically to the Lightning Experiments platform.
[2026-02-08 00:14:22,111][ocr.pipelines.orchestrator][INFO] -    ✓ Trainer ready
[2026-02-08 00:14:22,111][ocr.pipelines.orchestrator][INFO] - 🏋️ Starting training...\n
INFO: LOCAL_RANK: 0 - CUDA_VISIBLE_DEVICES: [0]
[2026-02-08 00:14:22,346][lightning.pytorch.accelerators.cuda][INFO] - LOCAL_RANK: 0 - CUDA_VISIBLE_DEVICES: [0]
/workspaces/.venv/lib/python3.11/site-packages/lightning/pytorch/utilities/model_summary/model_summary.py:242: Precision 16-mixed is not supported by the model summary.  Estimated model size in MB will not be accurate. Using 32 bits instead.
┏━━━┳━━━━━━━━━┳━━━━━━━━━━┳━━━━━━━━┳━━━━━━━┳━━━━━━━┓
┃   ┃ Name    ┃ Type     ┃ Params ┃ Mode  ┃ FLOPs ┃
┡━━━╇━━━━━━━━━╇━━━━━━━━━━╇━━━━━━━━╇━━━━━━━╇━━━━━━━┩
│ 0 │ model   │ PARSeq   │ 27.5 M │ train │     0 │
│ 1 │ rec_cer │ CharErr… │      0 │ train │     0 │
└───┴─────────┴──────────┴────────┴───────┴───────┘
Trainable params: 27.5 M                           
Non-trainable params: 0                            
Total params: 27.5 M                               
Total estimated model params size (MB): 110        
Modules in train mode: 269                         
Modules in eval mode: 0                            
Total FLOPs: 0                                     
/workspaces/.venv/lib/python3.11/site-packages/torch/nn/functional.py:5962: UserWarning: Support for mismatched key_padding_mask and attn_mask is deprecated. Use same type for both instead.
  warnings.warn(
DEBUG: Input Images: torch.Size([1, 3, 32, 128]), Mean: 1.6363, Std: 1.1930, Min: -2.0665, Max: 2.6400
DEBUG: Visual Feat: torch.Size([1, 256, 2, 8]), Mean: 1.2607, Std: 1.9580
DEBUG: Pos Embed: torch.Size([1, 256, 2, 8]), Mean: 8.0625, Std: 7.9414
DEBUG: Input Images: torch.Size([1, 3, 32, 128]), Mean: 1.6363, Std: 1.1930, Min: -2.0665, Max: 2.6400
DEBUG: Visual Feat: torch.Size([1, 256, 2, 8]), Mean: 1.2607, Std: 1.9580
DEBUG: Pos Embed: torch.Size([1, 256, 2, 8]), Mean: 8.0625, Std: 7.9414

[Validation Debug] Samples:
  Pred Type: <class 'dict'>
  Pred Keys: ['logits', 'tokens']
  Pred IDs: [1, 229, 229, 229, 229, 229, 229, 229, 229, 229, 229, 229, 229, 229, 229, 229, 229, 229, 229, 229, 229, 229, 229, 229, 229, 229]
  Pred: '과과과과과과과과과과과과과과과과과과과과과과과과과' | GT: '"변화와'
  Match Count: 0/1
DEBUG: Input Images: torch.Size([1, 3, 32, 128]), Mean: 1.6363, Std: 1.1930, Min: -2.0665, Max: 2.6400
DEBUG: Visual Feat: torch.Size([1, 256, 2, 8]), Mean: 0.9980, Std: 1.4805
DEBUG: Pos Embed: torch.Size([1, 256, 2, 8]), Mean: 8.0625, Std: 7.9414

[Grad Debug] Step 0 - Pos Encoder Grad Norm: 0.0053
[Grad Debug] Step 0 - Embed Tokens Grad Norm: 0.0053
DEBUG: Input Images: torch.Size([1, 3, 32, 128]), Mean: 1.7590, Std: 1.0933, Min: -2.0323, Max: 2.6400
DEBUG: Visual Feat: torch.Size([1, 256, 2, 8]), Mean: 0.9858, Std: 1.4521
DEBUG: Pos Embed: torch.Size([1, 256, 2, 8]), Mean: 8.0625, Std: 7.9414

[Grad Debug] Step 0 - Pos Encoder Grad Norm: 0.0193
[Grad Debug] Step 0 - Embed Tokens Grad Norm: 0.0193
DEBUG: Input Images: torch.Size([1, 3, 32, 128]), Mean: 1.6523, Std: 1.2201, Min: -2.0494, Max: 2.6400
DEBUG: Visual Feat: torch.Size([1, 256, 2, 8]), Mean: 0.9976, Std: 1.4697
DEBUG: Pos Embed: torch.Size([1, 256, 2, 8]), Mean: 8.0625, Std: 7.9414
DEBUG: Input Images: torch.Size([1, 3, 32, 128]), Mean: 1.7051, Std: 1.1486, Min: -2.0323, Max: 2.6400
DEBUG: Visual Feat: torch.Size([1, 256, 2, 8]), Mean: 0.9844, Std: 1.4209
DEBUG: Pos Embed: torch.Size([1, 256, 2, 8]), Mean: 8.0625, Std: 7.9414
DEBUG: Input Images: torch.Size([1, 3, 32, 128]), Mean: 1.9463, Std: 1.1645, Min: -2.1179, Max: 2.6400
DEBUG: Visual Feat: torch.Size([1, 256, 2, 8]), Mean: 1.0117, Std: 1.4561
DEBUG: Pos Embed: torch.Size([1, 256, 2, 8]), Mean: 8.0625, Std: 7.9414
DEBUG: Input Images: torch.Size([1, 3, 32, 128]), Mean: 0.9317, Std: 1.5756, Min: -2.1179, Max: 2.6400
DEBUG: Visual Feat: torch.Size([1, 256, 2, 8]), Mean: 1.0088, Std: 1.4805
DEBUG: Pos Embed: torch.Size([1, 256, 2, 8]), Mean: 8.0625, Std: 7.9414
DEBUG: Input Images: torch.Size([1, 3, 32, 128]), Mean: 1.5846, Std: 1.0247, Min: -1.9980, Max: 2.6400
DEBUG: Visual Feat: torch.Size([1, 256, 2, 8]), Mean: 0.9902, Std: 1.4580
DEBUG: Pos Embed: torch.Size([1, 256, 2, 8]), Mean: 8.0625, Std: 7.9414
DEBUG: Input Images: torch.Size([1, 3, 32, 128]), Mean: 1.5029, Std: 1.1811, Min: -2.1179, Max: 2.6400
DEBUG: Visual Feat: torch.Size([1, 256, 2, 8]), Mean: 0.9854, Std: 1.4453
DEBUG: Pos Embed: torch.Size([1, 256, 2, 8]), Mean: 8.0625, Std: 7.9414
DEBUG: Input Images: torch.Size([1, 3, 32, 128]), Mean: 2.0024, Std: 0.9373, Min: -2.1008, Max: 2.6400
DEBUG: Visual Feat: torch.Size([1, 256, 2, 8]), Mean: 0.9434, Std: 1.4004
DEBUG: Pos Embed: torch.Size([1, 256, 2, 8]), Mean: 8.0625, Std: 7.9414
DEBUG: Input Images: torch.Size([1, 3, 32, 128]), Mean: 1.8272, Std: 1.0909, Min: -2.0494, Max: 2.6400
DEBUG: Visual Feat: torch.Size([1, 256, 2, 8]), Mean: 0.9873, Std: 1.4229
DEBUG: Pos Embed: torch.Size([1, 256, 2, 8]), Mean: 8.0625, Std: 7.9414
DEBUG: Input Images: torch.Size([1, 3, 32, 128]), Mean: 1.8296, Std: 1.0994, Min: -2.0837, Max: 2.6400
DEBUG: Visual Feat: torch.Size([1, 256, 2, 8]), Mean: 1.0039, Std: 1.4805
DEBUG: Pos Embed: torch.Size([1, 256, 2, 8]), Mean: 8.0625, Std: 7.9414
DEBUG: Input Images: torch.Size([1, 3, 32, 128]), Mean: 1.9491, Std: 0.9821, Min: -2.0665, Max: 2.6400
DEBUG: Visual Feat: torch.Size([1, 256, 2, 8]), Mean: 1.0010, Std: 1.4199
DEBUG: Pos Embed: torch.Size([1, 256, 2, 8]), Mean: 8.0625, Std: 7.9414
DEBUG: Input Images: torch.Size([1, 3, 32, 128]), Mean: 1.8821, Std: 1.0378, Min: -2.0152, Max: 2.6400
DEBUG: Visual Feat: torch.Size([1, 256, 2, 8]), Mean: 0.9810, Std: 1.4385
DEBUG: Pos Embed: torch.Size([1, 256, 2, 8]), Mean: 8.0625, Std: 7.9414
DEBUG: Input Images: torch.Size([1, 3, 32, 128]), Mean: 1.9315, Std: 0.9871, Min: -1.9295, Max: 2.6400
DEBUG: Visual Feat: torch.Size([1, 256, 2, 8]), Mean: 0.9941, Std: 1.4258
DEBUG: Pos Embed: torch.Size([1, 256, 2, 8]), Mean: 8.0625, Std: 7.9414
DEBUG: Input Images: torch.Size([1, 3, 32, 128]), Mean: 1.6384, Std: 1.2405, Min: -2.1008, Max: 2.6400
DEBUG: Visual Feat: torch.Size([1, 256, 2, 8]), Mean: 0.9834, Std: 1.4424
DEBUG: Pos Embed: torch.Size([1, 256, 2, 8]), Mean: 8.0625, Std: 7.9414
DEBUG: Input Images: torch.Size([1, 3, 32, 128]), Mean: 2.0981, Std: 0.8775, Min: -1.9467, Max: 2.6400
DEBUG: Visual Feat: torch.Size([1, 256, 2, 8]), Mean: 0.9937, Std: 1.4727
DEBUG: Pos Embed: torch.Size([1, 256, 2, 8]), Mean: 8.0625, Std: 7.9414
DEBUG: Input Images: torch.Size([1, 3, 32, 128]), Mean: 1.7771, Std: 1.0178, Min: -2.0152, Max: 2.6400
DEBUG: Visual Feat: torch.Size([1, 256, 2, 8]), Mean: 0.9551, Std: 1.3838
DEBUG: Pos Embed: torch.Size([1, 256, 2, 8]), Mean: 8.0625, Std: 7.9414
DEBUG: Input Images: torch.Size([1, 3, 32, 128]), Mean: 1.8269, Std: 1.1036, Min: -2.0837, Max: 2.6400
DEBUG: Visual Feat: torch.Size([1, 256, 2, 8]), Mean: 0.9883, Std: 1.4443
DEBUG: Pos Embed: torch.Size([1, 256, 2, 8]), Mean: 8.0625, Std: 7.9414
DEBUG: Input Images: torch.Size([1, 3, 32, 128]), Mean: 1.7589, Std: 1.1341, Min: -2.0837, Max: 2.6400
DEBUG: Visual Feat: torch.Size([1, 256, 2, 8]), Mean: 1.0068, Std: 1.4639
DEBUG: Pos Embed: torch.Size([1, 256, 2, 8]), Mean: 8.0625, Std: 7.9414
DEBUG: Input Images: torch.Size([1, 3, 32, 128]), Mean: 1.7999, Std: 1.1085, Min: -2.0837, Max: 2.6400
DEBUG: Visual Feat: torch.Size([1, 256, 2, 8]), Mean: 0.9854, Std: 1.4141
DEBUG: Pos Embed: torch.Size([1, 256, 2, 8]), Mean: 8.0625, Std: 7.9414
DEBUG: Input Images: torch.Size([1, 3, 32, 128]), Mean: 1.6363, Std: 1.1930, Min: -2.0665, Max: 2.6400
DEBUG: Visual Feat: torch.Size([1, 256, 2, 8]), Mean: 1.0205, Std: 1.6855
DEBUG: Pos Embed: torch.Size([1, 256, 2, 8]), Mean: 8.0625, Std: 7.9414
DEBUG: Input Images: torch.Size([1, 3, 32, 128]), Mean: 1.6363, Std: 1.1930, Min: -2.0665, Max: 2.6400
DEBUG: Visual Feat: torch.Size([1, 256, 2, 8]), Mean: 1.0205, Std: 1.6855
DEBUG: Pos Embed: torch.Size([1, 256, 2, 8]), Mean: 8.0625, Std: 7.9414

[Validation Debug] Samples:
  Pred Type: <class 'dict'>
  Pred Keys: ['logits', 'tokens']
  Pred IDs: [1, 2]
  Pred: '' | GT: '"변화와'
  Match Count: 0/1
DEBUG: Input Images: torch.Size([1, 3, 32, 128]), Mean: 1.7590, Std: 1.0933, Min: -2.0323, Max: 2.6400
DEBUG: Visual Feat: torch.Size([1, 256, 2, 8]), Mean: 0.9517, Std: 1.6865
DEBUG: Pos Embed: torch.Size([1, 256, 2, 8]), Mean: 8.0625, Std: 7.9414
DEBUG: Input Images: torch.Size([1, 3, 32, 128]), Mean: 1.7590, Std: 1.0933, Min: -2.0323, Max: 2.6400
DEBUG: Visual Feat: torch.Size([1, 256, 2, 8]), Mean: 0.9517, Std: 1.6865
DEBUG: Pos Embed: torch.Size([1, 256, 2, 8]), Mean: 8.0625, Std: 7.9414
DEBUG: Input Images: torch.Size([1, 3, 32, 128]), Mean: 1.6523, Std: 1.2201, Min: -2.0494, Max: 2.6400
DEBUG: Visual Feat: torch.Size([1, 256, 2, 8]), Mean: 0.9888, Std: 1.6992
DEBUG: Pos Embed: torch.Size([1, 256, 2, 8]), Mean: 8.0625, Std: 7.9414
DEBUG: Input Images: torch.Size([1, 3, 32, 128]), Mean: 1.6523, Std: 1.2201, Min: -2.0494, Max: 2.6400
DEBUG: Visual Feat: torch.Size([1, 256, 2, 8]), Mean: 0.9888, Std: 1.6992
DEBUG: Pos Embed: torch.Size([1, 256, 2, 8]), Mean: 8.0625, Std: 7.9414
DEBUG: Input Images: torch.Size([1, 3, 32, 128]), Mean: 1.7051, Std: 1.1486, Min: -2.0323, Max: 2.6400
DEBUG: Visual Feat: torch.Size([1, 256, 2, 8]), Mean: 1.0479, Std: 1.6768
DEBUG: Pos Embed: torch.Size([1, 256, 2, 8]), Mean: 8.0625, Std: 7.9414
DEBUG: Input Images: torch.Size([1, 3, 32, 128]), Mean: 1.7051, Std: 1.1486, Min: -2.0323, Max: 2.6400
DEBUG: Visual Feat: torch.Size([1, 256, 2, 8]), Mean: 1.0479, Std: 1.6768
DEBUG: Pos Embed: torch.Size([1, 256, 2, 8]), Mean: 8.0625, Std: 7.9414
DEBUG: Input Images: torch.Size([1, 3, 32, 128]), Mean: 1.9463, Std: 1.1645, Min: -2.1179, Max: 2.6400
DEBUG: Visual Feat: torch.Size([1, 256, 2, 8]), Mean: 1.0596, Std: 1.7568
DEBUG: Pos Embed: torch.Size([1, 256, 2, 8]), Mean: 8.0625, Std: 7.9414
DEBUG: Input Images: torch.Size([1, 3, 32, 128]), Mean: 1.9463, Std: 1.1645, Min: -2.1179, Max: 2.6400
DEBUG: Visual Feat: torch.Size([1, 256, 2, 8]), Mean: 1.0596, Std: 1.7568
DEBUG: Pos Embed: torch.Size([1, 256, 2, 8]), Mean: 8.0625, Std: 7.9414
DEBUG: Input Images: torch.Size([1, 3, 32, 128]), Mean: 1.6363, Std: 1.1930, Min: -2.0665, Max: 2.6400
DEBUG: Visual Feat: torch.Size([1, 256, 2, 8]), Mean: 0.9980, Std: 1.4893
DEBUG: Pos Embed: torch.Size([1, 256, 2, 8]), Mean: 8.0625, Std: 7.9414

[Grad Debug] Step 10 - Pos Encoder Grad Norm: 0.0000
[Grad Debug] Step 10 - Embed Tokens Grad Norm: 0.0000
DEBUG: Input Images: torch.Size([1, 3, 32, 128]), Mean: 1.7590, Std: 1.0933, Min: -2.0323, Max: 2.6400
DEBUG: Visual Feat: torch.Size([1, 256, 2, 8]), Mean: 0.9946, Std: 1.4961
DEBUG: Pos Embed: torch.Size([1, 256, 2, 8]), Mean: 8.0625, Std: 7.9414

[Grad Debug] Step 10 - Pos Encoder Grad Norm: 0.0000
[Grad Debug] Step 10 - Embed Tokens Grad Norm: 0.0000
DEBUG: Input Images: torch.Size([1, 3, 32, 128]), Mean: 1.6523, Std: 1.2201, Min: -2.0494, Max: 2.6400
DEBUG: Visual Feat: torch.Size([1, 256, 2, 8]), Mean: 1.0029, Std: 1.4453
DEBUG: Pos Embed: torch.Size([1, 256, 2, 8]), Mean: 8.0625, Std: 7.9414
DEBUG: Input Images: torch.Size([1, 3, 32, 128]), Mean: 1.7051, Std: 1.1486, Min: -2.0323, Max: 2.6400
DEBUG: Visual Feat: torch.Size([1, 256, 2, 8]), Mean: 0.9858, Std: 1.4268
DEBUG: Pos Embed: torch.Size([1, 256, 2, 8]), Mean: 8.0625, Std: 7.9414
DEBUG: Input Images: torch.Size([1, 3, 32, 128]), Mean: 1.9463, Std: 1.1645, Min: -2.1179, Max: 2.6400
DEBUG: Visual Feat: torch.Size([1, 256, 2, 8]), Mean: 0.9810, Std: 1.4541
DEBUG: Pos Embed: torch.Size([1, 256, 2, 8]), Mean: 8.0625, Std: 7.9414
DEBUG: Input Images: torch.Size([1, 3, 32, 128]), Mean: 0.9317, Std: 1.5756, Min: -2.1179, Max: 2.6400
DEBUG: Visual Feat: torch.Size([1, 256, 2, 8]), Mean: 1.0000, Std: 1.4717
DEBUG: Pos Embed: torch.Size([1, 256, 2, 8]), Mean: 8.0625, Std: 7.9414
DEBUG: Input Images: torch.Size([1, 3, 32, 128]), Mean: 1.5846, Std: 1.0247, Min: -1.9980, Max: 2.6400
DEBUG: Visual Feat: torch.Size([1, 256, 2, 8]), Mean: 0.9800, Std: 1.4189
DEBUG: Pos Embed: torch.Size([1, 256, 2, 8]), Mean: 8.0625, Std: 7.9414
DEBUG: Input Images: torch.Size([1, 3, 32, 128]), Mean: 1.5029, Std: 1.1811, Min: -2.1179, Max: 2.6400
DEBUG: Visual Feat: torch.Size([1, 256, 2, 8]), Mean: 0.9712, Std: 1.4385
DEBUG: Pos Embed: torch.Size([1, 256, 2, 8]), Mean: 8.0625, Std: 7.9414
DEBUG: Input Images: torch.Size([1, 3, 32, 128]), Mean: 2.0024, Std: 0.9373, Min: -2.1008, Max: 2.6400
DEBUG: Visual Feat: torch.Size([1, 256, 2, 8]), Mean: 0.9756, Std: 1.4375
DEBUG: Pos Embed: torch.Size([1, 256, 2, 8]), Mean: 8.0625, Std: 7.9414
DEBUG: Input Images: torch.Size([1, 3, 32, 128]), Mean: 1.8272, Std: 1.0909, Min: -2.0494, Max: 2.6400
DEBUG: Visual Feat: torch.Size([1, 256, 2, 8]), Mean: 0.9902, Std: 1.4746
DEBUG: Pos Embed: torch.Size([1, 256, 2, 8]), Mean: 8.0625, Std: 7.9414
DEBUG: Input Images: torch.Size([1, 3, 32, 128]), Mean: 1.8296, Std: 1.0994, Min: -2.0837, Max: 2.6400
DEBUG: Visual Feat: torch.Size([1, 256, 2, 8]), Mean: 0.9985, Std: 1.4658
DEBUG: Pos Embed: torch.Size([1, 256, 2, 8]), Mean: 8.0625, Std: 7.9414
DEBUG: Input Images: torch.Size([1, 3, 32, 128]), Mean: 1.9491, Std: 0.9821, Min: -2.0665, Max: 2.6400
DEBUG: Visual Feat: torch.Size([1, 256, 2, 8]), Mean: 1.0127, Std: 1.4521
DEBUG: Pos Embed: torch.Size([1, 256, 2, 8]), Mean: 8.0625, Std: 7.9414
DEBUG: Input Images: torch.Size([1, 3, 32, 128]), Mean: 1.8821, Std: 1.0378, Min: -2.0152, Max: 2.6400
DEBUG: Visual Feat: torch.Size([1, 256, 2, 8]), Mean: 0.9756, Std: 1.4424
DEBUG: Pos Embed: torch.Size([1, 256, 2, 8]), Mean: 8.0625, Std: 7.9414
DEBUG: Input Images: torch.Size([1, 3, 32, 128]), Mean: 1.9315, Std: 0.9871, Min: -1.9295, Max: 2.6400
DEBUG: Visual Feat: torch.Size([1, 256, 2, 8]), Mean: 0.9824, Std: 1.4053
DEBUG: Pos Embed: torch.Size([1, 256, 2, 8]), Mean: 8.0625, Std: 7.9414
DEBUG: Input Images: torch.Size([1, 3, 32, 128]), Mean: 1.6384, Std: 1.2405, Min: -2.1008, Max: 2.6400
DEBUG: Visual Feat: torch.Size([1, 256, 2, 8]), Mean: 0.9971, Std: 1.4971
DEBUG: Pos Embed: torch.Size([1, 256, 2, 8]), Mean: 8.0625, Std: 7.9414
DEBUG: Input Images: torch.Size([1, 3, 32, 128]), Mean: 2.0981, Std: 0.8775, Min: -1.9467, Max: 2.6400
DEBUG: Visual Feat: torch.Size([1, 256, 2, 8]), Mean: 1.0098, Std: 1.4775
DEBUG: Pos Embed: torch.Size([1, 256, 2, 8]), Mean: 8.0625, Std: 7.9414
DEBUG: Input Images: torch.Size([1, 3, 32, 128]), Mean: 1.7771, Std: 1.0178, Min: -2.0152, Max: 2.6400
DEBUG: Visual Feat: torch.Size([1, 256, 2, 8]), Mean: 0.9702, Std: 1.4062
DEBUG: Pos Embed: torch.Size([1, 256, 2, 8]), Mean: 8.0625, Std: 7.9414
DEBUG: Input Images: torch.Size([1, 3, 32, 128]), Mean: 1.8269, Std: 1.1036, Min: -2.0837, Max: 2.6400
DEBUG: Visual Feat: torch.Size([1, 256, 2, 8]), Mean: 0.9854, Std: 1.4551
DEBUG: Pos Embed: torch.Size([1, 256, 2, 8]), Mean: 8.0625, Std: 7.9414
DEBUG: Input Images: torch.Size([1, 3, 32, 128]), Mean: 1.7589, Std: 1.1341, Min: -2.0837, Max: 2.6400
DEBUG: Visual Feat: torch.Size([1, 256, 2, 8]), Mean: 1.0010, Std: 1.4629
DEBUG: Pos Embed: torch.Size([1, 256, 2, 8]), Mean: 8.0625, Std: 7.9414
DEBUG: Input Images: torch.Size([1, 3, 32, 128]), Mean: 1.7999, Std: 1.1085, Min: -2.0837, Max: 2.6400
DEBUG: Visual Feat: torch.Size([1, 256, 2, 8]), Mean: 0.9824, Std: 1.4375
DEBUG: Pos Embed: torch.Size([1, 256, 2, 8]), Mean: 8.0625, Std: 7.9414
DEBUG: Input Images: torch.Size([1, 3, 32, 128]), Mean: 1.6363, Std: 1.1930, Min: -2.0665, Max: 2.6400
DEBUG: Visual Feat: torch.Size([1, 256, 2, 8]), Mean: 1.0176, Std: 1.7432
DEBUG: Pos Embed: torch.Size([1, 256, 2, 8]), Mean: 8.0625, Std: 7.9414
DEBUG: Input Images: torch.Size([1, 3, 32, 128]), Mean: 1.6363, Std: 1.1930, Min: -2.0665, Max: 2.6400
DEBUG: Visual Feat: torch.Size([1, 256, 2, 8]), Mean: 1.0176, Std: 1.7432
DEBUG: Pos Embed: torch.Size([1, 256, 2, 8]), Mean: 8.0625, Std: 7.9414

[Validation Debug] Samples:
  Pred Type: <class 'dict'>
  Pred Keys: ['logits', 'tokens']
  Pred IDs: [1, 2]
  Pred: '' | GT: '"변화와'
  Match Count: 0/1
DEBUG: Input Images: torch.Size([1, 3, 32, 128]), Mean: 1.7590, Std: 1.0933, Min: -2.0323, Max: 2.6400
DEBUG: Visual Feat: torch.Size([1, 256, 2, 8]), Mean: 0.9961, Std: 1.9502
DEBUG: Pos Embed: torch.Size([1, 256, 2, 8]), Mean: 8.0625, Std: 7.9414
DEBUG: Input Images: torch.Size([1, 3, 32, 128]), Mean: 1.7590, Std: 1.0933, Min: -2.0323, Max: 2.6400
DEBUG: Visual Feat: torch.Size([1, 256, 2, 8]), Mean: 0.9961, Std: 1.9502
DEBUG: Pos Embed: torch.Size([1, 256, 2, 8]), Mean: 8.0625, Std: 7.9414
DEBUG: Input Images: torch.Size([1, 3, 32, 128]), Mean: 1.6523, Std: 1.2201, Min: -2.0494, Max: 2.6400
DEBUG: Visual Feat: torch.Size([1, 256, 2, 8]), Mean: 0.9106, Std: 1.7295
DEBUG: Pos Embed: torch.Size([1, 256, 2, 8]), Mean: 8.0625, Std: 7.9414
DEBUG: Input Images: torch.Size([1, 3, 32, 128]), Mean: 1.6523, Std: 1.2201, Min: -2.0494, Max: 2.6400
DEBUG: Visual Feat: torch.Size([1, 256, 2, 8]), Mean: 0.9106, Std: 1.7295
DEBUG: Pos Embed: torch.Size([1, 256, 2, 8]), Mean: 8.0625, Std: 7.9414
DEBUG: Input Images: torch.Size([1, 3, 32, 128]), Mean: 1.7051, Std: 1.1486, Min: -2.0323, Max: 2.6400
DEBUG: Visual Feat: torch.Size([1, 256, 2, 8]), Mean: 1.0225, Std: 1.7451
DEBUG: Pos Embed: torch.Size([1, 256, 2, 8]), Mean: 8.0625, Std: 7.9414
DEBUG: Input Images: torch.Size([1, 3, 32, 128]), Mean: 1.7051, Std: 1.1486, Min: -2.0323, Max: 2.6400
DEBUG: Visual Feat: torch.Size([1, 256, 2, 8]), Mean: 1.0225, Std: 1.7451
DEBUG: Pos Embed: torch.Size([1, 256, 2, 8]), Mean: 8.0625, Std: 7.9414
DEBUG: Input Images: torch.Size([1, 3, 32, 128]), Mean: 1.9463, Std: 1.1645, Min: -2.1179, Max: 2.6400
DEBUG: Visual Feat: torch.Size([1, 256, 2, 8]), Mean: 0.7358, Std: 2.2070
DEBUG: Pos Embed: torch.Size([1, 256, 2, 8]), Mean: 8.0625, Std: 7.9414
DEBUG: Input Images: torch.Size([1, 3, 32, 128]), Mean: 1.9463, Std: 1.1645, Min: -2.1179, Max: 2.6400
DEBUG: Visual Feat: torch.Size([1, 256, 2, 8]), Mean: 0.7358, Std: 2.2070
DEBUG: Pos Embed: torch.Size([1, 256, 2, 8]), Mean: 8.0625, Std: 7.9414
DEBUG: Input Images: torch.Size([1, 3, 32, 128]), Mean: 1.6363, Std: 1.1930, Min: -2.0665, Max: 2.6400
DEBUG: Visual Feat: torch.Size([1, 256, 2, 8]), Mean: 1.0000, Std: 1.4736
DEBUG: Pos Embed: torch.Size([1, 256, 2, 8]), Mean: 8.0625, Std: 7.9414

[Grad Debug] Step 20 - Pos Encoder Grad Norm: 0.0000
[Grad Debug] Step 20 - Embed Tokens Grad Norm: 0.0000
DEBUG: Input Images: torch.Size([1, 3, 32, 128]), Mean: 1.7590, Std: 1.0933, Min: -2.0323, Max: 2.6400
DEBUG: Visual Feat: torch.Size([1, 256, 2, 8]), Mean: 1.0029, Std: 1.4805
DEBUG: Pos Embed: torch.Size([1, 256, 2, 8]), Mean: 8.0625, Std: 7.9414

[Grad Debug] Step 20 - Pos Encoder Grad Norm: 0.0000
[Grad Debug] Step 20 - Embed Tokens Grad Norm: 0.0000INFO: `Trainer.fit` stopped: `max_epochs=3` reached.

DEBUG: Input Images: torch.Size([1, 3, 32, 128]), Mean: 1.6523, Std: 1.2201, Min: -2.0494, Max: 2.6400
DEBUG: Visual Feat: torch.Size([1, 256, 2, 8]), Mean: 1.0137, Std: 1.4727
DEBUG: Pos Embed: torch.Size([1, 256, 2, 8]), Mean: 8.0625, Std: 7.9414
DEBUG: Input Images: torch.Size([1, 3, 32, 128]), Mean: 1.7051, Std: 1.1486, Min: -2.0323, Max: 2.6400
DEBUG: Visual Feat: torch.Size([1, 256, 2, 8]), Mean: 0.9795, Std: 1.4248
DEBUG: Pos Embed: torch.Size([1, 256, 2, 8]), Mean: 8.0625, Std: 7.9414
DEBUG: Input Images: torch.Size([1, 3, 32, 128]), Mean: 1.9463, Std: 1.1645, Min: -2.1179, Max: 2.6400
DEBUG: Visual Feat: torch.Size([1, 256, 2, 8]), Mean: 1.0039, Std: 1.4863
DEBUG: Pos Embed: torch.Size([1, 256, 2, 8]), Mean: 8.0625, Std: 7.9414
DEBUG: Input Images: torch.Size([1, 3, 32, 128]), Mean: 0.9317, Std: 1.5756, Min: -2.1179, Max: 2.6400
DEBUG: Visual Feat: torch.Size([1, 256, 2, 8]), Mean: 0.9966, Std: 1.4658
DEBUG: Pos Embed: torch.Size([1, 256, 2, 8]), Mean: 8.0625, Std: 7.9414
DEBUG: Input Images: torch.Size([1, 3, 32, 128]), Mean: 1.5846, Std: 1.0247, Min: -1.9980, Max: 2.6400
DEBUG: Visual Feat: torch.Size([1, 256, 2, 8]), Mean: 0.9795, Std: 1.4229
DEBUG: Pos Embed: torch.Size([1, 256, 2, 8]), Mean: 8.0625, Std: 7.9414
DEBUG: Input Images: torch.Size([1, 3, 32, 128]), Mean: 1.5029, Std: 1.1811, Min: -2.1179, Max: 2.6400
DEBUG: Visual Feat: torch.Size([1, 256, 2, 8]), Mean: 0.9766, Std: 1.4668
DEBUG: Pos Embed: torch.Size([1, 256, 2, 8]), Mean: 8.0625, Std: 7.9414
DEBUG: Input Images: torch.Size([1, 3, 32, 128]), Mean: 2.0024, Std: 0.9373, Min: -2.1008, Max: 2.6400
DEBUG: Visual Feat: torch.Size([1, 256, 2, 8]), Mean: 0.9600, Std: 1.3945
DEBUG: Pos Embed: torch.Size([1, 256, 2, 8]), Mean: 8.0625, Std: 7.9414
DEBUG: Input Images: torch.Size([1, 3, 32, 128]), Mean: 1.8272, Std: 1.0909, Min: -2.0494, Max: 2.6400
DEBUG: Visual Feat: torch.Size([1, 256, 2, 8]), Mean: 0.9771, Std: 1.4424
DEBUG: Pos Embed: torch.Size([1, 256, 2, 8]), Mean: 8.0625, Std: 7.9414
DEBUG: Input Images: torch.Size([1, 3, 32, 128]), Mean: 1.8296, Std: 1.0994, Min: -2.0837, Max: 2.6400
DEBUG: Visual Feat: torch.Size([1, 256, 2, 8]), Mean: 1.0029, Std: 1.4697
DEBUG: Pos Embed: torch.Size([1, 256, 2, 8]), Mean: 8.0625, Std: 7.9414
DEBUG: Input Images: torch.Size([1, 3, 32, 128]), Mean: 1.9491, Std: 0.9821, Min: -2.0665, Max: 2.6400
DEBUG: Visual Feat: torch.Size([1, 256, 2, 8]), Mean: 1.0049, Std: 1.4639
DEBUG: Pos Embed: torch.Size([1, 256, 2, 8]), Mean: 8.0625, Std: 7.9414
DEBUG: Input Images: torch.Size([1, 3, 32, 128]), Mean: 1.8821, Std: 1.0378, Min: -2.0152, Max: 2.6400
DEBUG: Visual Feat: torch.Size([1, 256, 2, 8]), Mean: 0.9722, Std: 1.4414
DEBUG: Pos Embed: torch.Size([1, 256, 2, 8]), Mean: 8.0625, Std: 7.9414
DEBUG: Input Images: torch.Size([1, 3, 32, 128]), Mean: 1.9315, Std: 0.9871, Min: -1.9295, Max: 2.6400
DEBUG: Visual Feat: torch.Size([1, 256, 2, 8]), Mean: 0.9780, Std: 1.3926
DEBUG: Pos Embed: torch.Size([1, 256, 2, 8]), Mean: 8.0625, Std: 7.9414
DEBUG: Input Images: torch.Size([1, 3, 32, 128]), Mean: 1.6384, Std: 1.2405, Min: -2.1008, Max: 2.6400
DEBUG: Visual Feat: torch.Size([1, 256, 2, 8]), Mean: 1.0039, Std: 1.4893
DEBUG: Pos Embed: torch.Size([1, 256, 2, 8]), Mean: 8.0625, Std: 7.9414
DEBUG: Input Images: torch.Size([1, 3, 32, 128]), Mean: 2.0981, Std: 0.8775, Min: -1.9467, Max: 2.6400
DEBUG: Visual Feat: torch.Size([1, 256, 2, 8]), Mean: 0.9893, Std: 1.4443
DEBUG: Pos Embed: torch.Size([1, 256, 2, 8]), Mean: 8.0625, Std: 7.9414
DEBUG: Input Images: torch.Size([1, 3, 32, 128]), Mean: 1.7771, Std: 1.0178, Min: -2.0152, Max: 2.6400
DEBUG: Visual Feat: torch.Size([1, 256, 2, 8]), Mean: 0.9688, Std: 1.4209
DEBUG: Pos Embed: torch.Size([1, 256, 2, 8]), Mean: 8.0625, Std: 7.9414
DEBUG: Input Images: torch.Size([1, 3, 32, 128]), Mean: 1.8269, Std: 1.1036, Min: -2.0837, Max: 2.6400
DEBUG: Visual Feat: torch.Size([1, 256, 2, 8]), Mean: 0.9824, Std: 1.4619
DEBUG: Pos Embed: torch.Size([1, 256, 2, 8]), Mean: 8.0625, Std: 7.9414
DEBUG: Input Images: torch.Size([1, 3, 32, 128]), Mean: 1.7589, Std: 1.1341, Min: -2.0837, Max: 2.6400
DEBUG: Visual Feat: torch.Size([1, 256, 2, 8]), Mean: 1.0059, Std: 1.4863
DEBUG: Pos Embed: torch.Size([1, 256, 2, 8]), Mean: 8.0625, Std: 7.9414
DEBUG: Input Images: torch.Size([1, 3, 32, 128]), Mean: 1.7999, Std: 1.1085, Min: -2.0837, Max: 2.6400
DEBUG: Visual Feat: torch.Size([1, 256, 2, 8]), Mean: 0.9829, Std: 1.4619
DEBUG: Pos Embed: torch.Size([1, 256, 2, 8]), Mean: 8.0625, Std: 7.9414
DEBUG: Input Images: torch.Size([1, 3, 32, 128]), Mean: 1.6363, Std: 1.1930, Min: -2.0665, Max: 2.6400
DEBUG: Visual Feat: torch.Size([1, 256, 2, 8]), Mean: 0.9146, Std: 1.6064
DEBUG: Pos Embed: torch.Size([1, 256, 2, 8]), Mean: 8.0625, Std: 7.9414
DEBUG: Input Images: torch.Size([1, 3, 32, 128]), Mean: 1.6363, Std: 1.1930, Min: -2.0665, Max: 2.6400
DEBUG: Visual Feat: torch.Size([1, 256, 2, 8]), Mean: 0.9146, Std: 1.6064
DEBUG: Pos Embed: torch.Size([1, 256, 2, 8]), Mean: 8.0625, Std: 7.9414

[Validation Debug] Samples:
  Pred Type: <class 'dict'>
  Pred Keys: ['logits', 'tokens']
  Pred IDs: [1, 2]
  Pred: '' | GT: '"변화와'
  Match Count: 0/1
DEBUG: Input Images: torch.Size([1, 3, 32, 128]), Mean: 1.7590, Std: 1.0933, Min: -2.0323, Max: 2.6400
DEBUG: Visual Feat: torch.Size([1, 256, 2, 8]), Mean: 0.8872, Std: 1.6953
DEBUG: Pos Embed: torch.Size([1, 256, 2, 8]), Mean: 8.0625, Std: 7.9414
DEBUG: Input Images: torch.Size([1, 3, 32, 128]), Mean: 1.7590, Std: 1.0933, Min: -2.0323, Max: 2.6400
DEBUG: Visual Feat: torch.Size([1, 256, 2, 8]), Mean: 0.8872, Std: 1.6953
DEBUG: Pos Embed: torch.Size([1, 256, 2, 8]), Mean: 8.0625, Std: 7.9414
DEBUG: Input Images: torch.Size([1, 3, 32, 128]), Mean: 1.6523, Std: 1.2201, Min: -2.0494, Max: 2.6400
DEBUG: Visual Feat: torch.Size([1, 256, 2, 8]), Mean: 0.9272, Std: 1.7188
DEBUG: Pos Embed: torch.Size([1, 256, 2, 8]), Mean: 8.0625, Std: 7.9414
DEBUG: Input Images: torch.Size([1, 3, 32, 128]), Mean: 1.6523, Std: 1.2201, Min: -2.0494, Max: 2.6400
DEBUG: Visual Feat: torch.Size([1, 256, 2, 8]), Mean: 0.9272, Std: 1.7188
DEBUG: Pos Embed: torch.Size([1, 256, 2, 8]), Mean: 8.0625, Std: 7.9414
DEBUG: Input Images: torch.Size([1, 3, 32, 128]), Mean: 1.7051, Std: 1.1486, Min: -2.0323, Max: 2.6400
DEBUG: Visual Feat: torch.Size([1, 256, 2, 8]), Mean: 0.9927, Std: 1.6914
DEBUG: Pos Embed: torch.Size([1, 256, 2, 8]), Mean: 8.0625, Std: 7.9414
DEBUG: Input Images: torch.Size([1, 3, 32, 128]), Mean: 1.7051, Std: 1.1486, Min: -2.0323, Max: 2.6400
DEBUG: Visual Feat: torch.Size([1, 256, 2, 8]), Mean: 0.9927, Std: 1.6914
DEBUG: Pos Embed: torch.Size([1, 256, 2, 8]), Mean: 8.0625, Std: 7.9414
DEBUG: Input Images: torch.Size([1, 3, 32, 128]), Mean: 1.9463, Std: 1.1645, Min: -2.1179, Max: 2.6400
DEBUG: Visual Feat: torch.Size([1, 256, 2, 8]), Mean: 0.7671, Std: 2.5586
DEBUG: Pos Embed: torch.Size([1, 256, 2, 8]), Mean: 8.0625, Std: 7.9414
DEBUG: Input Images: torch.Size([1, 3, 32, 128]), Mean: 1.9463, Std: 1.1645, Min: -2.1179, Max: 2.6400
DEBUG: Visual Feat: torch.Size([1, 256, 2, 8]), Mean: 0.7671, Std: 2.5586
DEBUG: Pos Embed: torch.Size([1, 256, 2, 8]), Mean: 8.0625, Std: 7.9414
[2026-02-08 00:14:31,424][lightning.pytorch.utilities.rank_zero][INFO] - `Trainer.fit` stopped: `max_epochs=3` reached.
Epoch 2/2  ━━━━━━━ 20/20 0:00:01  10.99i… v_num:   
                         •                64.000   
                         0:00:00          val/acc: 
                                          0.000    
                                          val/cer: 
                                          1.000    
[2026-02-08 00:14:31,769][ocr.pipelines.orchestrator][INFO] - \n✅ Training complete!
