[2026-02-08 02:26:31,523][ocr.pipelines.orchestrator][INFO] - 🎯 OCRProjectOrchestrator initialized
[2026-02-08 02:26:31,523][ocr.pipelines.orchestrator][INFO] -    Domain: recognition
[2026-02-08 02:26:31,523][ocr.pipelines.orchestrator][INFO] -    Mode: train
[2026-02-08 02:26:31,523][ocr.pipelines.orchestrator][INFO] - \n============================================================
[2026-02-08 02:26:31,523][ocr.pipelines.orchestrator][INFO] - 🚀 Starting TRAIN for recognition domain
[2026-02-08 02:26:31,523][ocr.pipelines.orchestrator][INFO] - ============================================================\n
[2026-02-08 02:26:31,524][ocr.pipelines.orchestrator][INFO] - 🏗️ Building model and datasets...
[2026-02-08 02:26:31,524][ocr.pipelines.strategies.recognition_config][INFO] - 💉 Injecting vocab_size for recognition model...
[2026-02-08 02:26:31,526][ocr.domains.recognition.data.tokenizer][INFO] - Loaded tokenizer: 1023 chars, vocab_size=1027, max_len=25
[2026-02-08 02:26:31,527][ocr.pipelines.strategies.recognition_config][INFO] -    ✓ Vocab size 1027 injected into model config
[2026-02-08 02:26:32,942][timm.models._builder][INFO] - Loading pretrained weights from Hugging Face hub (timm/resnet18.a1_in1k)
[2026-02-08 02:26:33,229][timm.models._hub][INFO] - [timm/resnet18.a1_in1k] Safe alternative available for 'pytorch_model.bin' (as 'model.safetensors'). Loading weights using safetensors.
[2026-02-08 02:26:33,415][timm.models._builder][INFO] - Loading pretrained weights from Hugging Face hub (timm/resnet18.a1_in1k)
[2026-02-08 02:26:33,620][timm.models._hub][INFO] - [timm/resnet18.a1_in1k] Safe alternative available for 'pytorch_model.bin' (as 'model.safetensors'). Loading weights using safetensors.
[2026-02-08 02:26:34,123][ocr.pipelines.orchestrator][INFO] -    ✓ Model created: PARSeqOfficial
[2026-02-08 02:26:34,129][ocr.domains.recognition.data.tokenizer][INFO] - Loaded tokenizer: 1023 chars, vocab_size=1027, max_len=25
[2026-02-08 02:26:34,134][ocr.domains.recognition.data.tokenizer][INFO] - Loaded tokenizer: 1023 chars, vocab_size=1027, max_len=25
[2026-02-08 02:26:34,252][ocr.domains.recognition.data.tokenizer][INFO] - Loaded tokenizer: 1023 chars, vocab_size=1027, max_len=25
[2026-02-08 02:26:34,255][ocr.domains.recognition.data.tokenizer][INFO] - Loaded tokenizer: 1023 chars, vocab_size=1027, max_len=25
[2026-02-08 02:26:34,256][ocr.pipelines.orchestrator][INFO] -    ✓ Datasets created
[2026-02-08 02:26:34,281][ocr.pipelines.orchestrator][INFO] -    ✓ RecognitionPLModule created
[2026-02-08 02:26:34,292][ocr.pipelines.orchestrator][INFO] -    ✓ DataModule created
[2026-02-08 02:26:34,292][ocr.pipelines.orchestrator][INFO] - ⚡ Configuring Lightning Trainer...
INFO: Using 16bit Automatic Mixed Precision (AMP)
[2026-02-08 02:26:34,399][lightning.pytorch.utilities.rank_zero][INFO] - Using 16bit Automatic Mixed Precision (AMP)
INFO: GPU available: True (cuda), used: True
[2026-02-08 02:26:34,406][lightning.pytorch.utilities.rank_zero][INFO] - GPU available: True (cuda), used: True
INFO: TPU available: False, using: 0 TPU cores
[2026-02-08 02:26:34,406][lightning.pytorch.utilities.rank_zero][INFO] - TPU available: False, using: 0 TPU cores
INFO: 💡 Tip: For seamless cloud logging and experiment tracking, try installing [litlogger](https://pypi.org/project/litlogger/) to enable LitLogger, which logs metrics and artifacts automatically to the Lightning Experiments platform.
[2026-02-08 02:26:34,407][lightning.pytorch.utilities.rank_zero][INFO] - 💡 Tip: For seamless cloud logging and experiment tracking, try installing [litlogger](https://pypi.org/project/litlogger/) to enable LitLogger, which logs metrics and artifacts automatically to the Lightning Experiments platform.
[2026-02-08 02:26:34,407][ocr.pipelines.orchestrator][INFO] -    ✓ Trainer ready
[2026-02-08 02:26:34,407][ocr.pipelines.orchestrator][INFO] - 🏋️ Starting training...\n
INFO: LOCAL_RANK: 0 - CUDA_VISIBLE_DEVICES: [0]
[2026-02-08 02:26:34,552][lightning.pytorch.accelerators.cuda][INFO] - LOCAL_RANK: 0 - CUDA_VISIBLE_DEVICES: [0]
/workspaces/.venv/lib/python3.11/site-packages/lightning/pytorch/utilities/model_summary/model_summary.py:242: Precision 16-mixed is not supported by the model summary.  Estimated model size in MB will not be accurate. Using 32 bits instead.
┏━━━┳━━━━━━━━━┳━━━━━━━━━━┳━━━━━━━━┳━━━━━━━┳━━━━━━━┓
┃   ┃ Name    ┃ Type     ┃ Params ┃ Mode  ┃ FLOPs ┃
┡━━━╇━━━━━━━━━╇━━━━━━━━━━╇━━━━━━━━╇━━━━━━━╇━━━━━━━┩
│ 0 │ model   │ PARSeqO… │ 24.5 M │ train │     0 │
│ 1 │ rec_cer │ CharErr… │      0 │ train │     0 │
└───┴─────────┴──────────┴────────┴───────┴───────┘
Trainable params: 24.5 M                           
Non-trainable params: 0                            
Total params: 24.5 M                               
Total estimated model params size (MB): 98         
Modules in train mode: 289                         
Modules in eval mode: 0                            
Total FLOPs: 0                                     

[Validation Debug] Samples:
  Pred Type: <class 'dict'>
  Pred Keys: ['logits', 'tokens']
  Pred IDs: [14, 549, 14, 14, 359, 14, 14, 359, 14, 359, 14, 14, 14, 14, 359, 359, 359, 359, 14, 359, 14, 14, 359, 359, 14, 14]
  Pred: '*부**돗**돗*돗****돗돗돗돗*돗**돗돗**' | GT: '"변화와'
  Match Count: 0/1
terminate called after throwing an instance of 'c10::Error'
  what():  CUDA error: initialization error
CUDA kernel errors might be asynchronously reported at some other API call, so the stacktrace below might be incorrect.
For debugging consider passing CUDA_LAUNCH_BLOCKING=1
Compile with `TORCH_USE_CUDA_DSA` to enable device-side assertions.

Exception raised from c10_cuda_check_implementation at /pytorch/c10/cuda/CUDAException.cpp:43 (most recent call first):
frame #0: c10::Error::Error(c10::SourceLocation, std::string) + 0x96 (0x7e9d7516c1b6 in /workspaces/.venv/lib/python3.11/site-packages/torch/lib/libc10.so)
frame #1: c10::detail::torchCheckFail(char const*, char const*, unsigned int, std::string const&) + 0x64 (0x7e9d75115a76 in /workspaces/.venv/lib/python3.11/site-packages/torch/lib/libc10.so)
frame #2: c10::cuda::c10_cuda_check_implementation(int, char const*, char const*, int, bool) + 0x118 (0x7e9d755d8918 in /workspaces/.venv/lib/python3.11/site-packages/torch/lib/libc10_cuda.so)
frame #3: c10::cuda::ExchangeDevice(signed char) + 0x92 (0x7e9d755d9002 in /workspaces/.venv/lib/python3.11/site-packages/torch/lib/libc10_cuda.so)
frame #4: <unknown function> + 0x103ad3a (0x7e9d2303ad3a in /workspaces/.venv/lib/python3.11/site-packages/torch/lib/libtorch_cuda.so)
frame #5: <unknown function> + 0x10433c5 (0x7e9d230433c5 in /workspaces/.venv/lib/python3.11/site-packages/torch/lib/libtorch_cuda.so)
frame #6: <unknown function> + 0x643582 (0x7e9d6ca43582 in /workspaces/.venv/lib/python3.11/site-packages/torch/lib/libtorch_python.so)
frame #7: <unknown function> + 0x6f30f (0x7e9d7514d30f in /workspaces/.venv/lib/python3.11/site-packages/torch/lib/libc10.so)
frame #8: c10::TensorImpl::~TensorImpl() + 0x21b (0x7e9d7514633b in /workspaces/.venv/lib/python3.11/site-packages/torch/lib/libc10.so)
frame #9: c10::TensorImpl::~TensorImpl() + 0x9 (0x7e9d751464e9 in /workspaces/.venv/lib/python3.11/site-packages/torch/lib/libc10.so)
frame #10: <unknown function> + 0x904458 (0x7e9d6cd04458 in /workspaces/.venv/lib/python3.11/site-packages/torch/lib/libtorch_python.so)
frame #11: THPVariable_subclass_dealloc(_object*) + 0x2f6 (0x7e9d6cd047a6 in /workspaces/.venv/lib/python3.11/site-packages/torch/lib/libtorch_python.so)
frame #12: <unknown function> + 0x33484e (0x5cf07a97d84e in /workspaces/.venv/bin/python3)
frame #13: <unknown function> + 0x31ec3e (0x5cf07a967c3e in /workspaces/.venv/bin/python3)
frame #14: <unknown function> + 0x31ec73 (0x5cf07a967c73 in /workspaces/.venv/bin/python3)
frame #15: <unknown function> + 0x31ec73 (0x5cf07a967c73 in /workspaces/.venv/bin/python3)
frame #16: <unknown function> + 0x31ec73 (0x5cf07a967c73 in /workspaces/.venv/bin/python3)
frame #17: <unknown function> + 0x31ec73 (0x5cf07a967c73 in /workspaces/.venv/bin/python3)
frame #18: <unknown function> + 0x31ec73 (0x5cf07a967c73 in /workspaces/.venv/bin/python3)
frame #19: <unknown function> + 0x31ec73 (0x5cf07a967c73 in /workspaces/.venv/bin/python3)
frame #20: <unknown function> + 0x3d2c34 (0x5cf07aa1bc34 in /workspaces/.venv/bin/python3)
frame #21: <unknown function> + 0x1fd241 (0x5cf07a846241 in /workspaces/.venv/bin/python3)
frame #22: <unknown function> + 0x3dac87 (0x5cf07aa23c87 in /workspaces/.venv/bin/python3)
frame #23: <unknown function> + 0x2458ed (0x5cf07a88e8ed in /workspaces/.venv/bin/python3)
frame #24: <unknown function> + 0x43fa46 (0x5cf07aa88a46 in /workspaces/.venv/bin/python3)
frame #25: PyObject_GenericGetAttr + 0x4b8 (0x5cf07a9853b8 in /workspaces/.venv/bin/python3)
frame #26: _PyEval_EvalFrameDefault + 0x24dc3 (0x5cf07a9e02d3 in /workspaces/.venv/bin/python3)
frame #27: <unknown function> + 0x31cf70 (0x5cf07a965f70 in /workspaces/.venv/bin/python3)
frame #28: _PyEval_EvalFrameDefault + 0x31ed3 (0x5cf07a9ed3e3 in /workspaces/.venv/bin/python3)
frame #29: <unknown function> + 0x31cf70 (0x5cf07a965f70 in /workspaces/.venv/bin/python3)
frame #30: _PyEval_EvalFrameDefault + 0x31ed3 (0x5cf07a9ed3e3 in /workspaces/.venv/bin/python3)
frame #31: _PyFunction_Vectorcall + 0x535 (0x5cf07a95e815 in /workspaces/.venv/bin/python3)
frame #32: _PyEval_EvalFrameDefault + 0x39877 (0x5cf07a9f4d87 in /workspaces/.venv/bin/python3)
frame #33: _PyFunction_Vectorcall + 0x535 (0x5cf07a95e815 in /workspaces/.venv/bin/python3)
frame #34: _PyEval_EvalFrameDefault + 0x39877 (0x5cf07a9f4d87 in /workspaces/.venv/bin/python3)
frame #35: _PyFunction_Vectorcall + 0x535 (0x5cf07a95e815 in /workspaces/.venv/bin/python3)
frame #36: _PyEval_EvalFrameDefault + 0x39877 (0x5cf07a9f4d87 in /workspaces/.venv/bin/python3)
frame #37: _PyFunction_Vectorcall + 0x535 (0x5cf07a95e815 in /workspaces/.venv/bin/python3)
frame #38: <unknown function> + 0x3479d9 (0x5cf07a9909d9 in /workspaces/.venv/bin/python3)
frame #39: <unknown function> + 0x34ae05 (0x5cf07a993e05 in /workspaces/.venv/bin/python3)
frame #40: _PyEval_EvalFrameDefault + 0x3558d (0x5cf07a9f0a9d in /workspaces/.venv/bin/python3)
frame #41: _PyFunction_Vectorcall + 0x535 (0x5cf07a95e815 in /workspaces/.venv/bin/python3)
frame #42: <unknown function> + 0x3479d9 (0x5cf07a9909d9 in /workspaces/.venv/bin/python3)
frame #43: <unknown function> + 0x34ae05 (0x5cf07a993e05 in /workspaces/.venv/bin/python3)
frame #44: _PyEval_EvalFrameDefault + 0x3558d (0x5cf07a9f0a9d in /workspaces/.venv/bin/python3)
frame #45: _PyFunction_Vectorcall + 0x535 (0x5cf07a95e815 in /workspaces/.venv/bin/python3)
frame #46: PyObject_CallOneArg + 0x52 (0x5cf07a83ef42 in /workspaces/.venv/bin/python3)
frame #47: <unknown function> + 0x4630b2 (0x5cf07aaac0b2 in /workspaces/.venv/bin/python3)
frame #48: PyObject_GetIter + 0x13 (0x5cf07a8390f3 in /workspaces/.venv/bin/python3)
frame #49: <unknown function> + 0x338d8b (0x5cf07a981d8b in /workspaces/.venv/bin/python3)
frame #50: _PyEval_EvalFrameDefault + 0x35127 (0x5cf07a9f0637 in /workspaces/.venv/bin/python3)
frame #51: _PyFunction_Vectorcall + 0x535 (0x5cf07a95e815 in /workspaces/.venv/bin/python3)
frame #52: PyObject_CallOneArg + 0x52 (0x5cf07a83ef42 in /workspaces/.venv/bin/python3)
frame #53: <unknown function> + 0x4630b2 (0x5cf07aaac0b2 in /workspaces/.venv/bin/python3)
frame #54: PyObject_GetIter + 0x13 (0x5cf07a8390f3 in /workspaces/.venv/bin/python3)
frame #55: <unknown function> + 0x338d8b (0x5cf07a981d8b in /workspaces/.venv/bin/python3)
frame #56: _PyEval_EvalFrameDefault + 0x35127 (0x5cf07a9f0637 in /workspaces/.venv/bin/python3)
frame #57: _PyFunction_Vectorcall + 0x535 (0x5cf07a95e815 in /workspaces/.venv/bin/python3)
frame #58: PyObject_CallOneArg + 0x52 (0x5cf07a83ef42 in /workspaces/.venv/bin/python3)
frame #59: <unknown function> + 0x4630b2 (0x5cf07aaac0b2 in /workspaces/.venv/bin/python3)
frame #60: PyObject_GetIter + 0x13 (0x5cf07a8390f3 in /workspaces/.venv/bin/python3)
frame #61: <unknown function> + 0x338d8b (0x5cf07a981d8b in /workspaces/.venv/bin/python3)
frame #62: _PyEval_EvalFrameDefault + 0x35127 (0x5cf07a9f0637 in /workspaces/.venv/bin/python3)

terminate called after throwing an instance of 'c10::Error'
  what():  CUDA error: initialization error
CUDA kernel errors might be asynchronously reported at some other API call, so the stacktrace below might be incorrect.
For debugging consider passing CUDA_LAUNCH_BLOCKING=1
Compile with `TORCH_USE_CUDA_DSA` to enable device-side assertions.

Exception raised from c10_cuda_check_implementation at /pytorch/c10/cuda/CUDAException.cpp:43 (most recent call first):
frame #0: c10::Error::Error(c10::SourceLocation, std::string) + 0x96 (0x7e9d7516c1b6 in /workspaces/.venv/lib/python3.11/site-packages/torch/lib/libc10.so)
frame #1: c10::detail::torchCheckFail(char const*, char const*, unsigned int, std::string const&) + 0x64 (0x7e9d75115a76 in /workspaces/.venv/lib/python3.11/site-packages/torch/lib/libc10.so)
frame #2: c10::cuda::c10_cuda_check_implementation(int, char const*, char const*, int, bool) + 0x118 (0x7e9d755d8918 in /workspaces/.venv/lib/python3.11/site-packages/torch/lib/libc10_cuda.so)
frame #3: c10::cuda::ExchangeDevice(signed char) + 0x92 (0x7e9d755d9002 in /workspaces/.venv/lib/python3.11/site-packages/torch/lib/libc10_cuda.so)
frame #4: <unknown function> + 0x103ad3a (0x7e9d2303ad3a in /workspaces/.venv/lib/python3.11/site-packages/torch/lib/libtorch_cuda.so)
frame #5: <unknown function> + 0x10433c5 (0x7e9d230433c5 in /workspaces/.venv/lib/python3.11/site-packages/torch/lib/libtorch_cuda.so)
frame #6: <unknown function> + 0x643582 (0x7e9d6ca43582 in /workspaces/.venv/lib/python3.11/site-packages/torch/lib/libtorch_python.so)
frame #7: <unknown function> + 0x6f30f (0x7e9d7514d30f in /workspaces/.venv/lib/python3.11/site-packages/torch/lib/libc10.so)
frame #8: c10::TensorImpl::~TensorImpl() + 0x21b (0x7e9d7514633b in /workspaces/.venv/lib/python3.11/site-packages/torch/lib/libc10.so)
frame #9: c10::TensorImpl::~TensorImpl() + 0x9 (0x7e9d751464e9 in /workspaces/.venv/lib/python3.11/site-packages/torch/lib/libc10.so)
frame #10: <unknown function> + 0x904458 (0x7e9d6cd04458 in /workspaces/.venv/lib/python3.11/site-packages/torch/lib/libtorch_python.so)
frame #11: THPVariable_subclass_dealloc(_object*) + 0x2f6 (0x7e9d6cd047a6 in /workspaces/.venv/lib/python3.11/site-packages/torch/lib/libtorch_python.so)
frame #12: <unknown function> + 0x33484e (0x5cf07a97d84e in /workspaces/.venv/bin/python3)
frame #13: <unknown function> + 0x31ec3e (0x5cf07a967c3e in /workspaces/.venv/bin/python3)
frame #14: <unknown function> + 0x31ec73 (0x5cf07a967c73 in /workspaces/.venv/bin/python3)
frame #15: <unknown function> + 0x31ec73 (0x5cf07a967c73 in /workspaces/.venv/bin/python3)
frame #16: <unknown function> + 0x31ec73 (0x5cf07a967c73 in /workspaces/.venv/bin/python3)
frame #17: <unknown function> + 0x31ec73 (0x5cf07a967c73 in /workspaces/.venv/bin/python3)
frame #18: <unknown function> + 0x31ec73 (0x5cf07a967c73 in /workspaces/.venv/bin/python3)
frame #19: <unknown function> + 0x31ec73 (0x5cf07a967c73 in /workspaces/.venv/bin/python3)
frame #20: <unknown function> + 0x3d2c34 (0x5cf07aa1bc34 in /workspaces/.venv/bin/python3)
frame #21: <unknown function> + 0x1fd241 (0x5cf07a846241 in /workspaces/.venv/bin/python3)
frame #22: <unknown function> + 0x3dac87 (0x5cf07aa23c87 in /workspaces/.venv/bin/python3)
frame #23: <unknown function> + 0x2458ed (0x5cf07a88e8ed in /workspaces/.venv/bin/python3)
frame #24: <unknown function> + 0x4d4acc (0x5cf07ab1dacc in /workspaces/.venv/bin/python3)
frame #25: <unknown function> + 0x338d8b (0x5cf07a981d8b in /workspaces/.venv/bin/python3)
frame #26: _PyEval_EvalFrameDefault + 0x35127 (0x5cf07a9f0637 in /workspaces/.venv/bin/python3)
frame #27: _PyFunction_Vectorcall + 0x535 (0x5cf07a95e815 in /workspaces/.venv/bin/python3)
frame #28: _PyEval_EvalFrameDefault + 0x39877 (0x5cf07a9f4d87 in /workspaces/.venv/bin/python3)
frame #29: _PyFunction_Vectorcall + 0x535 (0x5cf07a95e815 in /workspaces/.venv/bin/python3)
frame #30: _PyEval_EvalFrameDefault + 0x39877 (0x5cf07a9f4d87 in /workspaces/.venv/bin/python3)
frame #31: _PyFunction_Vectorcall + 0x535 (0x5cf07a95e815 in /workspaces/.venv/bin/python3)
frame #32: _PyEval_EvalFrameDefault + 0x39877 (0x5cf07a9f4d87 in /workspaces/.venv/bin/python3)
frame #33: _PyFunction_Vectorcall + 0x535 (0x5cf07a95e815 in /workspaces/.venv/bin/python3)
frame #34: <unknown function> + 0x3479d9 (0x5cf07a9909d9 in /workspaces/.venv/bin/python3)
frame #35: <unknown function> + 0x34ae05 (0x5cf07a993e05 in /workspaces/.venv/bin/python3)
frame #36: _PyEval_EvalFrameDefault + 0x3558d (0x5cf07a9f0a9d in /workspaces/.venv/bin/python3)
frame #37: _PyFunction_Vectorcall + 0x535 (0x5cf07a95e815 in /workspaces/.venv/bin/python3)
frame #38: <unknown function> + 0x3479d9 (0x5cf07a9909d9 in /workspaces/.venv/bin/python3)
frame #39: <unknown function> + 0x34ae05 (0x5cf07a993e05 in /workspaces/.venv/bin/python3)
frame #40: _PyEval_EvalFrameDefault + 0x3558d (0x5cf07a9f0a9d in /workspaces/.venv/bin/python3)
frame #41: _PyFunction_Vectorcall + 0x535 (0x5cf07a95e815 in /workspaces/.venv/bin/python3)
frame #42: PyObject_CallOneArg + 0x52 (0x5cf07a83ef42 in /workspaces/.venv/bin/python3)
frame #43: <unknown function> + 0x4630b2 (0x5cf07aaac0b2 in /workspaces/.venv/bin/python3)
frame #44: PyObject_GetIter + 0x13 (0x5cf07a8390f3 in /workspaces/.venv/bin/python3)
frame #45: <unknown function> + 0x338d8b (0x5cf07a981d8b in /workspaces/.venv/bin/python3)
frame #46: _PyEval_EvalFrameDefault + 0x35127 (0x5cf07a9f0637 in /workspaces/.venv/bin/python3)
frame #47: _PyFunction_Vectorcall + 0x535 (0x5cf07a95e815 in /workspaces/.venv/bin/python3)
frame #48: PyObject_CallOneArg + 0x52 (0x5cf07a83ef42 in /workspaces/.venv/bin/python3)
frame #49: <unknown function> + 0x4630b2 (0x5cf07aaac0b2 in /workspaces/.venv/bin/python3)
frame #50: PyObject_GetIter + 0x13 (0x5cf07a8390f3 in /workspaces/.venv/bin/python3)
frame #51: <unknown function> + 0x338d8b (0x5cf07a981d8b in /workspaces/.venv/bin/python3)
frame #52: _PyEval_EvalFrameDefault + 0x35127 (0x5cf07a9f0637 in /workspaces/.venv/bin/python3)
frame #53: _PyFunction_Vectorcall + 0x535 (0x5cf07a95e815 in /workspaces/.venv/bin/python3)
frame #54: PyObject_CallOneArg + 0x52 (0x5cf07a83ef42 in /workspaces/.venv/bin/python3)
frame #55: <unknown function> + 0x4630b2 (0x5cf07aaac0b2 in /workspaces/.venv/bin/python3)
frame #56: PyObject_GetIter + 0x13 (0x5cf07a8390f3 in /workspaces/.venv/bin/python3)
frame #57: <unknown function> + 0x338d8b (0x5cf07a981d8b in /workspaces/.venv/bin/python3)
frame #58: _PyEval_EvalFrameDefault + 0x35127 (0x5cf07a9f0637 in /workspaces/.venv/bin/python3)
frame #59: _PyFunction_Vectorcall + 0x535 (0x5cf07a95e815 in /workspaces/.venv/bin/python3)
frame #60: PyObject_CallOneArg + 0x52 (0x5cf07a83ef42 in /workspaces/.venv/bin/python3)
frame #61: <unknown function> + 0x4630b2 (0x5cf07aaac0b2 in /workspaces/.venv/bin/python3)
frame #62: PyObject_GetIter + 0x13 (0x5cf07a8390f3 in /workspaces/.venv/bin/python3)

Epoch 0/0           0/10 0:00:42  0.00it/s v_num:  
                         •                 70.000  
                         -:--:--           val/acc:
                                           0.000   
                                           val/cer:
                                           6.500   
Error executing job with overrides: ['domain=recognition', 'experiment=rec_baseline_official', 'trainer.max_epochs=1', 'trainer.limit_train_batches=10', 'trainer.limit_val_batches=3', 'data.batch_size=16', 'run_name=run46_fixed_cuda']
Traceback (most recent call last):
  File "/workspaces/.venv/lib/python3.11/site-packages/torch/utils/data/dataloader.py", line 1251, in _try_get_data
    data = self._data_queue.get(timeout=timeout)
           ^^^^^^^^^^^^^^^^^^^^^^^^^^^^^^^^^^^^^
  File "/home/vscode/.local/share/uv/python/cpython-3.11.14-linux-x86_64-gnu/lib/python3.11/queue.py", line 180, in get
    self.not_empty.wait(remaining)
  File "/home/vscode/.local/share/uv/python/cpython-3.11.14-linux-x86_64-gnu/lib/python3.11/threading.py", line 331, in wait
    gotit = waiter.acquire(True, timeout)
            ^^^^^^^^^^^^^^^^^^^^^^^^^^^^^
  File "/workspaces/.venv/lib/python3.11/site-packages/torch/utils/data/_utils/signal_handling.py", line 73, in handler
    _error_if_any_worker_fails()
RuntimeError: DataLoader worker (pid 46571) is killed by signal: Aborted. 

The above exception was the direct cause of the following exception:

Traceback (most recent call last):
  File "/workspaces/scripts/runners/train.py", line 64, in train
    orchestrator.run()
  File "/workspaces/ocr/pipelines/orchestrator.py", line 185, in run
    trainer.fit(pl_module, data_module, ckpt_path=checkpoint_path)
  File "/workspaces/.venv/lib/python3.11/site-packages/lightning/pytorch/trainer/trainer.py", line 584, in fit
    call._call_and_handle_interrupt(
  File "/workspaces/.venv/lib/python3.11/site-packages/lightning/pytorch/trainer/call.py", line 49, in _call_and_handle_interrupt
    return trainer_fn(*args, **kwargs)
           ^^^^^^^^^^^^^^^^^^^^^^^^^^^
  File "/workspaces/.venv/lib/python3.11/site-packages/lightning/pytorch/trainer/trainer.py", line 630, in _fit_impl
    self._run(model, ckpt_path=ckpt_path, weights_only=weights_only)
  File "/workspaces/.venv/lib/python3.11/site-packages/lightning/pytorch/trainer/trainer.py", line 1079, in _run
    results = self._run_stage()
              ^^^^^^^^^^^^^^^^^
  File "/workspaces/.venv/lib/python3.11/site-packages/lightning/pytorch/trainer/trainer.py", line 1123, in _run_stage
    self.fit_loop.run()
  File "/workspaces/.venv/lib/python3.11/site-packages/lightning/pytorch/loops/fit_loop.py", line 217, in run
    self.advance()
  File "/workspaces/.venv/lib/python3.11/site-packages/lightning/pytorch/loops/fit_loop.py", line 465, in advance
    self.epoch_loop.run(self._data_fetcher)
  File "/workspaces/.venv/lib/python3.11/site-packages/lightning/pytorch/loops/training_epoch_loop.py", line 153, in run
    self.advance(data_fetcher)
  File "/workspaces/.venv/lib/python3.11/site-packages/lightning/pytorch/loops/training_epoch_loop.py", line 311, in advance
    batch, _, __ = next(data_fetcher)
                   ^^^^^^^^^^^^^^^^^^
  File "/workspaces/.venv/lib/python3.11/site-packages/lightning/pytorch/loops/fetchers.py", line 134, in __next__
    batch = super().__next__()
            ^^^^^^^^^^^^^^^^^^
  File "/workspaces/.venv/lib/python3.11/site-packages/lightning/pytorch/loops/fetchers.py", line 61, in __next__
    batch = next(self.iterator)
            ^^^^^^^^^^^^^^^^^^^
  File "/workspaces/.venv/lib/python3.11/site-packages/lightning/pytorch/utilities/combined_loader.py", line 341, in __next__
    out = next(self._iterator)
          ^^^^^^^^^^^^^^^^^^^^
  File "/workspaces/.venv/lib/python3.11/site-packages/lightning/pytorch/utilities/combined_loader.py", line 78, in __next__
    out[i] = next(self.iterators[i])
             ^^^^^^^^^^^^^^^^^^^^^^^
  File "/workspaces/.venv/lib/python3.11/site-packages/torch/utils/data/dataloader.py", line 708, in __next__
    data = self._next_data()
           ^^^^^^^^^^^^^^^^^
  File "/workspaces/.venv/lib/python3.11/site-packages/torch/utils/data/dataloader.py", line 1458, in _next_data
    idx, data = self._get_data()
                ^^^^^^^^^^^^^^^^
  File "/workspaces/.venv/lib/python3.11/site-packages/torch/utils/data/dataloader.py", line 1410, in _get_data
    success, data = self._try_get_data()
                    ^^^^^^^^^^^^^^^^^^^^
  File "/workspaces/.venv/lib/python3.11/site-packages/torch/utils/data/dataloader.py", line 1264, in _try_get_data
    raise RuntimeError(
RuntimeError: DataLoader worker (pid(s) 46571) exited unexpectedly

Set the environment variable HYDRA_FULL_ERROR=1 for a complete stack trace.
