================================================
Quick Training Test (GPU, Limited Batches)
================================================
[2026-02-07 22:19:00,831][ocr.pipelines.orchestrator][INFO] - 🎯 OCRProjectOrchestrator initialized
[2026-02-07 22:19:00,831][ocr.pipelines.orchestrator][INFO] -    Domain: recognition
[2026-02-07 22:19:00,831][ocr.pipelines.orchestrator][INFO] -    Mode: train
[2026-02-07 22:19:00,831][ocr.pipelines.orchestrator][INFO] - \n============================================================
[2026-02-07 22:19:00,831][ocr.pipelines.orchestrator][INFO] - 🚀 Starting TRAIN for recognition domain
[2026-02-07 22:19:00,831][ocr.pipelines.orchestrator][INFO] - ============================================================\n
[2026-02-07 22:19:00,831][ocr.pipelines.orchestrator][INFO] - 🏗️ Building model and datasets...
[2026-02-07 22:19:00,832][ocr.pipelines.strategies.recognition_config][INFO] - 💉 Injecting vocab_size for recognition model...
[2026-02-07 22:19:00,833][ocr.domains.recognition.data.tokenizer][INFO] - Loaded tokenizer: 1023 chars, vocab_size=1027, max_len=25
[2026-02-07 22:19:00,834][ocr.pipelines.strategies.recognition_config][INFO] -    ✓ Vocab size 1027 injected into model config
[2026-02-07 22:19:02,008][timm.models._builder][INFO] - Loading pretrained weights from Hugging Face hub (timm/resnet18.a1_in1k)
[2026-02-07 22:19:02,228][timm.models._hub][INFO] - [timm/resnet18.a1_in1k] Safe alternative available for 'pytorch_model.bin' (as 'model.safetensors'). Loading weights using safetensors.
[2026-02-07 22:19:02,350][timm.models._builder][INFO] - Loading pretrained weights from Hugging Face hub (timm/resnet18.a1_in1k)
[2026-02-07 22:19:02,551][timm.models._hub][INFO] - [timm/resnet18.a1_in1k] Safe alternative available for 'pytorch_model.bin' (as 'model.safetensors'). Loading weights using safetensors.
[2026-02-07 22:19:02,596][ocr.pipelines.orchestrator][INFO] -    ✓ Model created: PARSeq
[2026-02-07 22:19:02,600][ocr.domains.recognition.data.tokenizer][INFO] - Loaded tokenizer: 1023 chars, vocab_size=1027, max_len=25
[2026-02-07 22:19:02,606][ocr.domains.recognition.data.tokenizer][INFO] - Loaded tokenizer: 1023 chars, vocab_size=1027, max_len=25
[2026-02-07 22:19:02,610][ocr.domains.recognition.data.tokenizer][INFO] - Loaded tokenizer: 1023 chars, vocab_size=1027, max_len=25
[2026-02-07 22:19:02,614][ocr.domains.recognition.data.tokenizer][INFO] - Loaded tokenizer: 1023 chars, vocab_size=1027, max_len=25
[2026-02-07 22:19:02,616][ocr.pipelines.orchestrator][INFO] -    ✓ Datasets created
[2026-02-07 22:19:02,639][ocr.pipelines.orchestrator][INFO] -    ✓ RecognitionPLModule created
[2026-02-07 22:19:02,650][ocr.pipelines.orchestrator][INFO] -    ✓ DataModule created
[2026-02-07 22:19:02,650][ocr.pipelines.orchestrator][INFO] - ⚡ Configuring Lightning Trainer...
INFO: GPU available: True (cuda), used: True
[2026-02-07 22:19:02,689][lightning.pytorch.utilities.rank_zero][INFO] - GPU available: True (cuda), used: True
INFO: TPU available: False, using: 0 TPU cores
[2026-02-07 22:19:02,689][lightning.pytorch.utilities.rank_zero][INFO] - TPU available: False, using: 0 TPU cores
INFO: 💡 Tip: For seamless cloud logging and experiment tracking, try installing [litlogger](https://pypi.org/project/litlogger/) to enable LitLogger, which logs metrics and artifacts automatically to the Lightning Experiments platform.
[2026-02-07 22:19:02,690][lightning.pytorch.utilities.rank_zero][INFO] - 💡 Tip: For seamless cloud logging and experiment tracking, try installing [litlogger](https://pypi.org/project/litlogger/) to enable LitLogger, which logs metrics and artifacts automatically to the Lightning Experiments platform.
INFO: `Trainer(overfit_batches=1)` was configured so 1 batch will be used.
[2026-02-07 22:19:02,690][lightning.pytorch.utilities.rank_zero][INFO] - `Trainer(overfit_batches=1)` was configured so 1 batch will be used.
[2026-02-07 22:19:02,690][ocr.pipelines.orchestrator][INFO] -    ✓ Trainer ready
[2026-02-07 22:19:02,690][ocr.pipelines.orchestrator][INFO] - 🏋️ Starting training...\n
INFO: LOCAL_RANK: 0 - CUDA_VISIBLE_DEVICES: [0]
[2026-02-07 22:19:02,864][lightning.pytorch.accelerators.cuda][INFO] - LOCAL_RANK: 0 - CUDA_VISIBLE_DEVICES: [0]
┏━━━┳━━━━━━━━━┳━━━━━━━━━━━━━━━┳━━━━━━━━┳━━━━━━━┳━━━━━━━┓
┃   ┃ Name    ┃ Type          ┃ Params ┃ Mode  ┃ FLOPs ┃
┡━━━╇━━━━━━━━━╇━━━━━━━━━━━━━━━╇━━━━━━━━╇━━━━━━━╇━━━━━━━┩
│ 0 │ model   │ PARSeq        │ 27.5 M │ train │     0 │
│ 1 │ rec_cer │ CharErrorRate │      0 │ train │     0 │
└───┴─────────┴───────────────┴────────┴───────┴───────┘
Trainable params: 27.5 M                                                                                                  
Non-trainable params: 0                                                                                                   
Total params: 27.5 M                                                                                                      
Total estimated model params size (MB): 110                                                                               
Modules in train mode: 269                                                                                                
Modules in eval mode: 0                                                                                                   
Total FLOPs: 0                                                                                                            
/workspaces/.venv/lib/python3.11/site-packages/torch/nn/functional.py:5962: UserWarning: Support for mismatched key_padding_mask and attn_mask is deprecated. Use same type for both instead.
  warnings.warn(
DEBUG: Visual Feat: torch.Size([1, 256, 2, 8]), Mean: 0.9974, Std: 1.4796
DEBUG: Pos Embed: torch.Size([1, 256, 2, 8]), Mean: 8.0594, Std: 7.9411

[Grad Debug] Step 0 - Pos Encoder Grad Norm: 0.0000
[Grad Debug] Step 0 - Embed Tokens Grad Norm: 0.0000
DEBUG: Visual Feat: torch.Size([1, 256, 2, 8]), Mean: 0.9965, Std: 1.4554
DEBUG: Pos Embed: torch.Size([1, 256, 2, 8]), Mean: 8.0594, Std: 7.9411
DEBUG: Visual Feat: torch.Size([1, 256, 2, 8]), Mean: 1.0089, Std: 1.4622
DEBUG: Pos Embed: torch.Size([1, 256, 2, 8]), Mean: 8.0594, Std: 7.9411
DEBUG: Visual Feat: torch.Size([1, 256, 2, 8]), Mean: 1.0014, Std: 1.4622
DEBUG: Pos Embed: torch.Size([1, 256, 2, 8]), Mean: 8.0594, Std: 7.9411
DEBUG: Visual Feat: torch.Size([1, 256, 2, 8]), Mean: 0.9952, Std: 1.4515
DEBUG: Pos Embed: torch.Size([1, 256, 2, 8]), Mean: 8.0594, Std: 7.9411
DEBUG: Visual Feat: torch.Size([1, 256, 2, 8]), Mean: 0.9994, Std: 1.4673
DEBUG: Pos Embed: torch.Size([1, 256, 2, 8]), Mean: 8.0594, Std: 7.9411
DEBUG: Visual Feat: torch.Size([1, 256, 2, 8]), Mean: 1.0010, Std: 1.4699
DEBUG: Pos Embed: torch.Size([1, 256, 2, 8]), Mean: 8.0594, Std: 7.9411
DEBUG: Visual Feat: torch.Size([1, 256, 2, 8]), Mean: 0.9977, Std: 1.4706
DEBUG: Pos Embed: torch.Size([1, 256, 2, 8]), Mean: 8.0594, Std: 7.9411
DEBUG: Visual Feat: torch.Size([1, 256, 2, 8]), Mean: 0.9938, Std: 1.4744
DEBUG: Pos Embed: torch.Size([1, 256, 2, 8]), Mean: 8.0594, Std: 7.9411
DEBUG: Visual Feat: torch.Size([1, 256, 2, 8]), Mean: 0.9916, Std: 1.4817
DEBUG: Pos Embed: torch.Size([1, 256, 2, 8]), Mean: 8.0594, Std: 7.9411
DEBUG: Visual Feat: torch.Size([1, 256, 2, 8]), Mean: 1.0695, Std: 1.5486
DEBUG: Pos Embed: torch.Size([1, 256, 2, 8]), Mean: 8.0594, Std: 7.9411
DEBUG: Visual Feat: torch.Size([1, 256, 2, 8]), Mean: 1.0695, Std: 1.5486
DEBUG: Pos Embed: torch.Size([1, 256, 2, 8]), Mean: 8.0594, Std: 7.9411

[Validation Debug] Samples:
  Pred Type: <class 'dict'>
  Pred Keys: ['logits', 'tokens']
  Pred IDs: [1, 988, 988, 988, 988, 988, 988, 988, 988, 988, 988, 988, 988, 988, 988, 988, 988, 988, 988, 988, 988, 988, 988, 988, 988, 988]
  Pred: '화화화화화화화화화화화화화화화화화화화화화화화화화' | GT: '"변화와'
  Match Count: 0/1
DEBUG: Visual Feat: torch.Size([1, 256, 2, 8]), Mean: 0.9935, Std: 1.5002
DEBUG: Pos Embed: torch.Size([1, 256, 2, 8]), Mean: 8.0594, Std: 7.9411

[Grad Debug] Step 10 - Pos Encoder Grad Norm: 0.0000
[Grad Debug] Step 10 - Embed Tokens Grad Norm: 0.0000
DEBUG: Visual Feat: torch.Size([1, 256, 2, 8]), Mean: 0.9943, Std: 1.5059
DEBUG: Pos Embed: torch.Size([1, 256, 2, 8]), Mean: 8.0594, Std: 7.9411
DEBUG: Visual Feat: torch.Size([1, 256, 2, 8]), Mean: 0.9919, Std: 1.5082
DEBUG: Pos Embed: torch.Size([1, 256, 2, 8]), Mean: 8.0594, Std: 7.9411
DEBUG: Visual Feat: torch.Size([1, 256, 2, 8]), Mean: 0.9911, Std: 1.5086
DEBUG: Pos Embed: torch.Size([1, 256, 2, 8]), Mean: 8.0594, Std: 7.9411
DEBUG: Visual Feat: torch.Size([1, 256, 2, 8]), Mean: 0.9914, Std: 1.5043
DEBUG: Pos Embed: torch.Size([1, 256, 2, 8]), Mean: 8.0594, Std: 7.9411
DEBUG: Visual Feat: torch.Size([1, 256, 2, 8]), Mean: 0.9914, Std: 1.5076
DEBUG: Pos Embed: torch.Size([1, 256, 2, 8]), Mean: 8.0594, Std: 7.9411
DEBUG: Visual Feat: torch.Size([1, 256, 2, 8]), Mean: 0.9927, Std: 1.5111
DEBUG: Pos Embed: torch.Size([1, 256, 2, 8]), Mean: 8.0594, Std: 7.9411
DEBUG: Visual Feat: torch.Size([1, 256, 2, 8]), Mean: 0.9934, Std: 1.5093
DEBUG: Pos Embed: torch.Size([1, 256, 2, 8]), Mean: 8.0594, Std: 7.9411
DEBUG: Visual Feat: torch.Size([1, 256, 2, 8]), Mean: 0.9956, Std: 1.5100
DEBUG: Pos Embed: torch.Size([1, 256, 2, 8]), Mean: 8.0594, Std: 7.9411
DEBUG: Visual Feat: torch.Size([1, 256, 2, 8]), Mean: 0.9974, Std: 1.5098
DEBUG: Pos Embed: torch.Size([1, 256, 2, 8]), Mean: 8.0594, Std: 7.9411
DEBUG: Visual Feat: torch.Size([1, 256, 2, 8]), Mean: 0.9997, Std: 1.5252
DEBUG: Pos Embed: torch.Size([1, 256, 2, 8]), Mean: 8.0594, Std: 7.9411
DEBUG: Visual Feat: torch.Size([1, 256, 2, 8]), Mean: 0.9997, Std: 1.5252
DEBUG: Pos Embed: torch.Size([1, 256, 2, 8]), Mean: 8.0594, Std: 7.9411

[Validation Debug] Samples:
  Pred Type: <class 'dict'>
  Pred Keys: ['logits', 'tokens']
  Pred IDs: [1, 697, 697, 697, 697, 697, 697, 697, 697, 697, 697, 697, 697, 697, 697, 697, 697, 697, 697, 697, 697, 697, 697, 697, 697, 697]
  Pred: '와와와와와와와와와와와와와와와와와와와와와와와와와' | GT: '"변화와'
  Match Count: 0/1
DEBUG: Visual Feat: torch.Size([1, 256, 2, 8]), Mean: 1.0000, Std: 1.5087
DEBUG: Pos Embed: torch.Size([1, 256, 2, 8]), Mean: 8.0594, Std: 7.9411

[Grad Debug] Step 20 - Pos Encoder Grad Norm: 0.0000
[Grad Debug] Step 20 - Embed Tokens Grad Norm: 0.0000
DEBUG: Visual Feat: torch.Size([1, 256, 2, 8]), Mean: 1.0017, Std: 1.5109
DEBUG: Pos Embed: torch.Size([1, 256, 2, 8]), Mean: 8.0594, Std: 7.9411
DEBUG: Visual Feat: torch.Size([1, 256, 2, 8]), Mean: 1.0012, Std: 1.5118
DEBUG: Pos Embed: torch.Size([1, 256, 2, 8]), Mean: 8.0594, Std: 7.9411
DEBUG: Visual Feat: torch.Size([1, 256, 2, 8]), Mean: 1.0015, Std: 1.5115
DEBUG: Pos Embed: torch.Size([1, 256, 2, 8]), Mean: 8.0594, Std: 7.9411
DEBUG: Visual Feat: torch.Size([1, 256, 2, 8]), Mean: 1.0009, Std: 1.5098
DEBUG: Pos Embed: torch.Size([1, 256, 2, 8]), Mean: 8.0594, Std: 7.9411
DEBUG: Visual Feat: torch.Size([1, 256, 2, 8]), Mean: 1.0032, Std: 1.5060
DEBUG: Pos Embed: torch.Size([1, 256, 2, 8]), Mean: 8.0594, Std: 7.9411
DEBUG: Visual Feat: torch.Size([1, 256, 2, 8]), Mean: 1.0058, Std: 1.5023
DEBUG: Pos Embed: torch.Size([1, 256, 2, 8]), Mean: 8.0594, Std: 7.9411
DEBUG: Visual Feat: torch.Size([1, 256, 2, 8]), Mean: 1.0069, Std: 1.4994
DEBUG: Pos Embed: torch.Size([1, 256, 2, 8]), Mean: 8.0594, Std: 7.9411
DEBUG: Visual Feat: torch.Size([1, 256, 2, 8]), Mean: 1.0071, Std: 1.4965
DEBUG: Pos Embed: torch.Size([1, 256, 2, 8]), Mean: 8.0594, Std: 7.9411
DEBUG: Visual Feat: torch.Size([1, 256, 2, 8]), Mean: 1.0072, Std: 1.4893
DEBUG: Pos Embed: torch.Size([1, 256, 2, 8]), Mean: 8.0594, Std: 7.9411
DEBUG: Visual Feat: torch.Size([1, 256, 2, 8]), Mean: 1.0480, Std: 1.5865
DEBUG: Pos Embed: torch.Size([1, 256, 2, 8]), Mean: 8.0594, Std: 7.9411
DEBUG: Visual Feat: torch.Size([1, 256, 2, 8]), Mean: 1.0480, Std: 1.5865
DEBUG: Pos Embed: torch.Size([1, 256, 2, 8]), Mean: 8.0594, Std: 7.9411

[Validation Debug] Samples:
  Pred Type: <class 'dict'>
  Pred Keys: ['logits', 'tokens']
  Pred IDs: [1, 6, 6, 6, 6, 6, 6, 6, 6, 6, 6, 6, 6, 6, 6, 6, 6, 6, 6, 6, 6, 6, 6, 6, 6, 6]
  Pred: '"""""""""""""""""""""""""' | GT: '"변화와'
  Match Count: 0/1
DEBUG: Visual Feat: torch.Size([1, 256, 2, 8]), Mean: 1.0062, Std: 1.4971
DEBUG: Pos Embed: torch.Size([1, 256, 2, 8]), Mean: 8.0594, Std: 7.9411

[Grad Debug] Step 30 - Pos Encoder Grad Norm: 0.0000
[Grad Debug] Step 30 - Embed Tokens Grad Norm: 0.0000
DEBUG: Visual Feat: torch.Size([1, 256, 2, 8]), Mean: 1.0078, Std: 1.5032
DEBUG: Pos Embed: torch.Size([1, 256, 2, 8]), Mean: 8.0594, Std: 7.9411
DEBUG: Visual Feat: torch.Size([1, 256, 2, 8]), Mean: 1.0077, Std: 1.5069
DEBUG: Pos Embed: torch.Size([1, 256, 2, 8]), Mean: 8.0594, Std: 7.9411
DEBUG: Visual Feat: torch.Size([1, 256, 2, 8]), Mean: 1.0068, Std: 1.5068
DEBUG: Pos Embed: torch.Size([1, 256, 2, 8]), Mean: 8.0594, Std: 7.9411
DEBUG: Visual Feat: torch.Size([1, 256, 2, 8]), Mean: 1.0063, Std: 1.5064
DEBUG: Pos Embed: torch.Size([1, 256, 2, 8]), Mean: 8.0594, Std: 7.9411
DEBUG: Visual Feat: torch.Size([1, 256, 2, 8]), Mean: 1.0054, Std: 1.5058
DEBUG: Pos Embed: torch.Size([1, 256, 2, 8]), Mean: 8.0594, Std: 7.9411
DEBUG: Visual Feat: torch.Size([1, 256, 2, 8]), Mean: 1.0043, Std: 1.5042
DEBUG: Pos Embed: torch.Size([1, 256, 2, 8]), Mean: 8.0594, Std: 7.9411
DEBUG: Visual Feat: torch.Size([1, 256, 2, 8]), Mean: 1.0033, Std: 1.5018
DEBUG: Pos Embed: torch.Size([1, 256, 2, 8]), Mean: 8.0594, Std: 7.9411
DEBUG: Visual Feat: torch.Size([1, 256, 2, 8]), Mean: 1.0024, Std: 1.5004
DEBUG: Pos Embed: torch.Size([1, 256, 2, 8]), Mean: 8.0594, Std: 7.9411
DEBUG: Visual Feat: torch.Size([1, 256, 2, 8]), Mean: 1.0014, Std: 1.5006
DEBUG: Pos Embed: torch.Size([1, 256, 2, 8]), Mean: 8.0594, Std: 7.9411
DEBUG: Visual Feat: torch.Size([1, 256, 2, 8]), Mean: 1.0305, Std: 1.5694
DEBUG: Pos Embed: torch.Size([1, 256, 2, 8]), Mean: 8.0594, Std: 7.9411
DEBUG: Visual Feat: torch.Size([1, 256, 2, 8]), Mean: 1.0305, Std: 1.5694
DEBUG: Pos Embed: torch.Size([1, 256, 2, 8]), Mean: 8.0594, Std: 7.9411

[Validation Debug] Samples:
  Pred Type: <class 'dict'>
  Pred Keys: ['logits', 'tokens']
  Pred IDs: [1, 6, 6, 6, 6, 6, 6, 6, 6, 6, 6, 6, 6, 6, 6, 6, 6, 6, 6, 6, 6, 6, 6, 6, 6, 6]
  Pred: '"""""""""""""""""""""""""' | GT: '"변화와'
  Match Count: 0/1
DEBUG: Visual Feat: torch.Size([1, 256, 2, 8]), Mean: 1.0001, Std: 1.4998
DEBUG: Pos Embed: torch.Size([1, 256, 2, 8]), Mean: 8.0594, Std: 7.9411

[Grad Debug] Step 40 - Pos Encoder Grad Norm: 0.0000
[Grad Debug] Step 40 - Embed Tokens Grad Norm: 0.0000
DEBUG: Visual Feat: torch.Size([1, 256, 2, 8]), Mean: 0.9986, Std: 1.4995
DEBUG: Pos Embed: torch.Size([1, 256, 2, 8]), Mean: 8.0594, Std: 7.9411
DEBUG: Visual Feat: torch.Size([1, 256, 2, 8]), Mean: 0.9975, Std: 1.4980
DEBUG: Pos Embed: torch.Size([1, 256, 2, 8]), Mean: 8.0594, Std: 7.9411
DEBUG: Visual Feat: torch.Size([1, 256, 2, 8]), Mean: 0.9965, Std: 1.4964
DEBUG: Pos Embed: torch.Size([1, 256, 2, 8]), Mean: 8.0594, Std: 7.9411
DEBUG: Visual Feat: torch.Size([1, 256, 2, 8]), Mean: 0.9956, Std: 1.4945
DEBUG: Pos Embed: torch.Size([1, 256, 2, 8]), Mean: 8.0594, Std: 7.9411
DEBUG: Visual Feat: torch.Size([1, 256, 2, 8]), Mean: 0.9947, Std: 1.4930
DEBUG: Pos Embed: torch.Size([1, 256, 2, 8]), Mean: 8.0594, Std: 7.9411
DEBUG: Visual Feat: torch.Size([1, 256, 2, 8]), Mean: 0.9935, Std: 1.4931
DEBUG: Pos Embed: torch.Size([1, 256, 2, 8]), Mean: 8.0594, Std: 7.9411
DEBUG: Visual Feat: torch.Size([1, 256, 2, 8]), Mean: 0.9928, Std: 1.4930
DEBUG: Pos Embed: torch.Size([1, 256, 2, 8]), Mean: 8.0594, Std: 7.9411
DEBUG: Visual Feat: torch.Size([1, 256, 2, 8]), Mean: 0.9920, Std: 1.4928
DEBUG: Pos Embed: torch.Size([1, 256, 2, 8]), Mean: 8.0594, Std: 7.9411
DEBUG: Visual Feat: torch.Size([1, 256, 2, 8]), Mean: 0.9912, Std: 1.4926
DEBUG: Pos Embed: torch.Size([1, 256, 2, 8]), Mean: 8.0594, Std: 7.9411
DEBUG: Visual Feat: torch.Size([1, 256, 2, 8]), Mean: 1.0144, Std: 1.4927
DEBUG: Pos Embed: torch.Size([1, 256, 2, 8]), Mean: 8.0594, Std: 7.9411
DEBUG: Visual Feat: torch.Size([1, 256, 2, 8]), Mean: 1.0144, Std: 1.4927
DEBUG: Pos Embed: torch.Size([1, 256, 2, 8]), Mean: 8.0594, Std: 7.9411

[Validation Debug] Samples:
  Pred Type: <class 'dict'>
  Pred Keys: ['logits', 'tokens']
  Pred IDs: [1, 6, 6, 6, 6, 6, 6, 6, 6, 6, 6, 6, 6, 6, 6, 6, 6, 6, 6, 6, 6, 6, 6, 6, 6, 6]
  Pred: '"""""""""""""""""""""""""' | GT: '"변화와'
  Match Count: 0/1
DEBUG: Visual Feat: torch.Size([1, 256, 2, 8]), Mean: 0.9903, Std: 1.4922
DEBUG: Pos Embed: torch.Size([1, 256, 2, 8]), Mean: 8.0594, Std: 7.9411

[Grad Debug] Step 50 - Pos Encoder Grad Norm: 0.0000
[Grad Debug] Step 50 - Embed Tokens Grad Norm: 0.0000
DEBUG: Visual Feat: torch.Size([1, 256, 2, 8]), Mean: 0.9897, Std: 1.4916
DEBUG: Pos Embed: torch.Size([1, 256, 2, 8]), Mean: 8.0594, Std: 7.9411
DEBUG: Visual Feat: torch.Size([1, 256, 2, 8]), Mean: 0.9898, Std: 1.4910
DEBUG: Pos Embed: torch.Size([1, 256, 2, 8]), Mean: 8.0594, Std: 7.9411
DEBUG: Visual Feat: torch.Size([1, 256, 2, 8]), Mean: 0.9901, Std: 1.4906
DEBUG: Pos Embed: torch.Size([1, 256, 2, 8]), Mean: 8.0594, Std: 7.9411
DEBUG: Visual Feat: torch.Size([1, 256, 2, 8]), Mean: 0.9893, Std: 1.4885
DEBUG: Pos Embed: torch.Size([1, 256, 2, 8]), Mean: 8.0594, Std: 7.9411
DEBUG: Visual Feat: torch.Size([1, 256, 2, 8]), Mean: 0.9882, Std: 1.4868
DEBUG: Pos Embed: torch.Size([1, 256, 2, 8]), Mean: 8.0594, Std: 7.9411
DEBUG: Visual Feat: torch.Size([1, 256, 2, 8]), Mean: 0.9879, Std: 1.4851
DEBUG: Pos Embed: torch.Size([1, 256, 2, 8]), Mean: 8.0594, Std: 7.9411
DEBUG: Visual Feat: torch.Size([1, 256, 2, 8]), Mean: 0.9878, Std: 1.4841
DEBUG: Pos Embed: torch.Size([1, 256, 2, 8]), Mean: 8.0594, Std: 7.9411
DEBUG: Visual Feat: torch.Size([1, 256, 2, 8]), Mean: 0.9872, Std: 1.4829
DEBUG: Pos Embed: torch.Size([1, 256, 2, 8]), Mean: 8.0594, Std: 7.9411
DEBUG: Visual Feat: torch.Size([1, 256, 2, 8]), Mean: 0.9868, Std: 1.4817
DEBUG: Pos Embed: torch.Size([1, 256, 2, 8]), Mean: 8.0594, Std: 7.9411
DEBUG: Visual Feat: torch.Size([1, 256, 2, 8]), Mean: 1.0152, Std: 1.4545
DEBUG: Pos Embed: torch.Size([1, 256, 2, 8]), Mean: 8.0594, Std: 7.9411
DEBUG: Visual Feat: torch.Size([1, 256, 2, 8]), Mean: 1.0152, Std: 1.4545
DEBUG: Pos Embed: torch.Size([1, 256, 2, 8]), Mean: 8.0594, Std: 7.9411

[Validation Debug] Samples:
  Pred Type: <class 'dict'>
  Pred Keys: ['logits', 'tokens']
  Pred IDs: [1, 539, 539, 539, 539, 539, 539, 539, 539, 539, 539, 539, 539, 539, 539, 539, 539, 539, 539, 539, 539, 539, 539, 539, 539, 539]
  Pred: '변변변변변변변변변변변변변변변변변변변변변변변변변' | GT: '"변화와'
  Match Count: 0/1
DEBUG: Visual Feat: torch.Size([1, 256, 2, 8]), Mean: 0.9860, Std: 1.4801
DEBUG: Pos Embed: torch.Size([1, 256, 2, 8]), Mean: 8.0594, Std: 7.9411

[Grad Debug] Step 60 - Pos Encoder Grad Norm: 0.0000
[Grad Debug] Step 60 - Embed Tokens Grad Norm: 0.0000
DEBUG: Visual Feat: torch.Size([1, 256, 2, 8]), Mean: 0.9846, Std: 1.4797
DEBUG: Pos Embed: torch.Size([1, 256, 2, 8]), Mean: 8.0594, Std: 7.9411
DEBUG: Visual Feat: torch.Size([1, 256, 2, 8]), Mean: 0.9826, Std: 1.4791
DEBUG: Pos Embed: torch.Size([1, 256, 2, 8]), Mean: 8.0594, Std: 7.9411
DEBUG: Visual Feat: torch.Size([1, 256, 2, 8]), Mean: 0.9817, Std: 1.4799
DEBUG: Pos Embed: torch.Size([1, 256, 2, 8]), Mean: 8.0594, Std: 7.9411
DEBUG: Visual Feat: torch.Size([1, 256, 2, 8]), Mean: 0.9812, Std: 1.4809
DEBUG: Pos Embed: torch.Size([1, 256, 2, 8]), Mean: 8.0594, Std: 7.9411
DEBUG: Visual Feat: torch.Size([1, 256, 2, 8]), Mean: 0.9804, Std: 1.4822
DEBUG: Pos Embed: torch.Size([1, 256, 2, 8]), Mean: 8.0594, Std: 7.9411
DEBUG: Visual Feat: torch.Size([1, 256, 2, 8]), Mean: 0.9793, Std: 1.4840
DEBUG: Pos Embed: torch.Size([1, 256, 2, 8]), Mean: 8.0594, Std: 7.9411
DEBUG: Visual Feat: torch.Size([1, 256, 2, 8]), Mean: 0.9786, Std: 1.4852
DEBUG: Pos Embed: torch.Size([1, 256, 2, 8]), Mean: 8.0594, Std: 7.9411
DEBUG: Visual Feat: torch.Size([1, 256, 2, 8]), Mean: 0.9777, Std: 1.4865
DEBUG: Pos Embed: torch.Size([1, 256, 2, 8]), Mean: 8.0594, Std: 7.9411
DEBUG: Visual Feat: torch.Size([1, 256, 2, 8]), Mean: 0.9772, Std: 1.4882
DEBUG: Pos Embed: torch.Size([1, 256, 2, 8]), Mean: 8.0594, Std: 7.9411
DEBUG: Visual Feat: torch.Size([1, 256, 2, 8]), Mean: 0.9940, Std: 1.4283
DEBUG: Pos Embed: torch.Size([1, 256, 2, 8]), Mean: 8.0594, Std: 7.9411
DEBUG: Visual Feat: torch.Size([1, 256, 2, 8]), Mean: 0.9940, Std: 1.4283
DEBUG: Pos Embed: torch.Size([1, 256, 2, 8]), Mean: 8.0594, Std: 7.9411

[Validation Debug] Samples:
  Pred Type: <class 'dict'>
  Pred Keys: ['logits', 'tokens']
  Pred IDs: [1, 697, 697, 697, 697, 697, 697, 697, 697, 697, 697, 697, 697, 697, 697, 697, 697, 697, 697, 697, 697, 697, 697, 697, 697, 697]
  Pred: '와와와와와와와와와와와와와와와와와와와와와와와와와' | GT: '"변화와'
  Match Count: 0/1
DEBUG: Visual Feat: torch.Size([1, 256, 2, 8]), Mean: 0.9769, Std: 1.4892
DEBUG: Pos Embed: torch.Size([1, 256, 2, 8]), Mean: 8.0594, Std: 7.9411

[Grad Debug] Step 70 - Pos Encoder Grad Norm: 0.0000
[Grad Debug] Step 70 - Embed Tokens Grad Norm: 0.0000
DEBUG: Visual Feat: torch.Size([1, 256, 2, 8]), Mean: 0.9752, Std: 1.4923
DEBUG: Pos Embed: torch.Size([1, 256, 2, 8]), Mean: 8.0594, Std: 7.9411
DEBUG: Visual Feat: torch.Size([1, 256, 2, 8]), Mean: 0.9739, Std: 1.4949
DEBUG: Pos Embed: torch.Size([1, 256, 2, 8]), Mean: 8.0594, Std: 7.9411
DEBUG: Visual Feat: torch.Size([1, 256, 2, 8]), Mean: 0.9738, Std: 1.4957
DEBUG: Pos Embed: torch.Size([1, 256, 2, 8]), Mean: 8.0594, Std: 7.9411
DEBUG: Visual Feat: torch.Size([1, 256, 2, 8]), Mean: 0.9740, Std: 1.4947
DEBUG: Pos Embed: torch.Size([1, 256, 2, 8]), Mean: 8.0594, Std: 7.9411
DEBUG: Visual Feat: torch.Size([1, 256, 2, 8]), Mean: 0.9741, Std: 1.4939
DEBUG: Pos Embed: torch.Size([1, 256, 2, 8]), Mean: 8.0594, Std: 7.9411
DEBUG: Visual Feat: torch.Size([1, 256, 2, 8]), Mean: 0.9738, Std: 1.4936
DEBUG: Pos Embed: torch.Size([1, 256, 2, 8]), Mean: 8.0594, Std: 7.9411
DEBUG: Visual Feat: torch.Size([1, 256, 2, 8]), Mean: 0.9734, Std: 1.4937
DEBUG: Pos Embed: torch.Size([1, 256, 2, 8]), Mean: 8.0594, Std: 7.9411
DEBUG: Visual Feat: torch.Size([1, 256, 2, 8]), Mean: 0.9724, Std: 1.4933
DEBUG: Pos Embed: torch.Size([1, 256, 2, 8]), Mean: 8.0594, Std: 7.9411
DEBUG: Visual Feat: torch.Size([1, 256, 2, 8]), Mean: 0.9712, Std: 1.4931
DEBUG: Pos Embed: torch.Size([1, 256, 2, 8]), Mean: 8.0594, Std: 7.9411
DEBUG: Visual Feat: torch.Size([1, 256, 2, 8]), Mean: 0.9999, Std: 1.4276
DEBUG: Pos Embed: torch.Size([1, 256, 2, 8]), Mean: 8.0594, Std: 7.9411
DEBUG: Visual Feat: torch.Size([1, 256, 2, 8]), Mean: 0.9999, Std: 1.4276
DEBUG: Pos Embed: torch.Size([1, 256, 2, 8]), Mean: 8.0594, Std: 7.9411

[Validation Debug] Samples:
  Pred Type: <class 'dict'>
  Pred Keys: ['logits', 'tokens']
  Pred IDs: [1, 697, 697, 697, 697, 697, 697, 697, 697, 697, 697, 697, 697, 697, 697, 697, 697, 697, 697, 697, 697, 697, 697, 697, 697, 697]
  Pred: '와와와와와와와와와와와와와와와와와와와와와와와와와' | GT: '"변화와'
  Match Count: 0/1
DEBUG: Visual Feat: torch.Size([1, 256, 2, 8]), Mean: 0.9700, Std: 1.4924
DEBUG: Pos Embed: torch.Size([1, 256, 2, 8]), Mean: 8.0594, Std: 7.9411

[Grad Debug] Step 80 - Pos Encoder Grad Norm: 0.0000
[Grad Debug] Step 80 - Embed Tokens Grad Norm: 0.0000
DEBUG: Visual Feat: torch.Size([1, 256, 2, 8]), Mean: 0.9689, Std: 1.4915
DEBUG: Pos Embed: torch.Size([1, 256, 2, 8]), Mean: 8.0594, Std: 7.9411
DEBUG: Visual Feat: torch.Size([1, 256, 2, 8]), Mean: 0.9681, Std: 1.4908
DEBUG: Pos Embed: torch.Size([1, 256, 2, 8]), Mean: 8.0594, Std: 7.9411
DEBUG: Visual Feat: torch.Size([1, 256, 2, 8]), Mean: 0.9669, Std: 1.4892
DEBUG: Pos Embed: torch.Size([1, 256, 2, 8]), Mean: 8.0594, Std: 7.9411
DEBUG: Visual Feat: torch.Size([1, 256, 2, 8]), Mean: 0.9661, Std: 1.4881
DEBUG: Pos Embed: torch.Size([1, 256, 2, 8]), Mean: 8.0594, Std: 7.9411
DEBUG: Visual Feat: torch.Size([1, 256, 2, 8]), Mean: 0.9653, Std: 1.4868
DEBUG: Pos Embed: torch.Size([1, 256, 2, 8]), Mean: 8.0594, Std: 7.9411
DEBUG: Visual Feat: torch.Size([1, 256, 2, 8]), Mean: 0.9649, Std: 1.4849
DEBUG: Pos Embed: torch.Size([1, 256, 2, 8]), Mean: 8.0594, Std: 7.9411
DEBUG: Visual Feat: torch.Size([1, 256, 2, 8]), Mean: 0.9642, Std: 1.4836
DEBUG: Pos Embed: torch.Size([1, 256, 2, 8]), Mean: 8.0594, Std: 7.9411
DEBUG: Visual Feat: torch.Size([1, 256, 2, 8]), Mean: 0.9633, Std: 1.4815
DEBUG: Pos Embed: torch.Size([1, 256, 2, 8]), Mean: 8.0594, Std: 7.9411
DEBUG: Visual Feat: torch.Size([1, 256, 2, 8]), Mean: 0.9624, Std: 1.4791
DEBUG: Pos Embed: torch.Size([1, 256, 2, 8]), Mean: 8.0594, Std: 7.9411
DEBUG: Visual Feat: torch.Size([1, 256, 2, 8]), Mean: 1.0054, Std: 1.4239
DEBUG: Pos Embed: torch.Size([1, 256, 2, 8]), Mean: 8.0594, Std: 7.9411
DEBUG: Visual Feat: torch.Size([1, 256, 2, 8]), Mean: 1.0054, Std: 1.4239
DEBUG: Pos Embed: torch.Size([1, 256, 2, 8]), Mean: 8.0594, Std: 7.9411

[Validation Debug] Samples:
  Pred Type: <class 'dict'>
  Pred Keys: ['logits', 'tokens']
  Pred IDs: [1, 539, 539, 539, 539, 539, 539, 539, 539, 539, 539, 539, 539, 539, 539, 539, 539, 539, 539, 539, 539, 539, 539, 539, 539, 539]
  Pred: '변변변변변변변변변변변변변변변변변변변변변변변변변' | GT: '"변화와'
  Match Count: 0/1
DEBUG: Visual Feat: torch.Size([1, 256, 2, 8]), Mean: 0.9615, Std: 1.4773
DEBUG: Pos Embed: torch.Size([1, 256, 2, 8]), Mean: 8.0594, Std: 7.9411

[Grad Debug] Step 90 - Pos Encoder Grad Norm: 0.0000
[Grad Debug] Step 90 - Embed Tokens Grad Norm: 0.0000
DEBUG: Visual Feat: torch.Size([1, 256, 2, 8]), Mean: 0.9606, Std: 1.4758
DEBUG: Pos Embed: torch.Size([1, 256, 2, 8]), Mean: 8.0594, Std: 7.9411
DEBUG: Visual Feat: torch.Size([1, 256, 2, 8]), Mean: 0.9596, Std: 1.4760
DEBUG: Pos Embed: torch.Size([1, 256, 2, 8]), Mean: 8.0594, Std: 7.9411
DEBUG: Visual Feat: torch.Size([1, 256, 2, 8]), Mean: 0.9594, Std: 1.4763
DEBUG: Pos Embed: torch.Size([1, 256, 2, 8]), Mean: 8.0594, Std: 7.9411
DEBUG: Visual Feat: torch.Size([1, 256, 2, 8]), Mean: 0.9593, Std: 1.4764
DEBUG: Pos Embed: torch.Size([1, 256, 2, 8]), Mean: 8.0594, Std: 7.9411
DEBUG: Visual Feat: torch.Size([1, 256, 2, 8]), Mean: 0.9588, Std: 1.4767
DEBUG: Pos Embed: torch.Size([1, 256, 2, 8]), Mean: 8.0594, Std: 7.9411
DEBUG: Visual Feat: torch.Size([1, 256, 2, 8]), Mean: 0.9577, Std: 1.4776
DEBUG: Pos Embed: torch.Size([1, 256, 2, 8]), Mean: 8.0594, Std: 7.9411
DEBUG: Visual Feat: torch.Size([1, 256, 2, 8]), Mean: 0.9561, Std: 1.4785
DEBUG: Pos Embed: torch.Size([1, 256, 2, 8]), Mean: 8.0594, Std: 7.9411
DEBUG: Visual Feat: torch.Size([1, 256, 2, 8]), Mean: 0.9547, Std: 1.4792
DEBUG: Pos Embed: torch.Size([1, 256, 2, 8]), Mean: 8.0594, Std: 7.9411
DEBUG: Visual Feat: torch.Size([1, 256, 2, 8]), Mean: 0.9540, Std: 1.4803
DEBUG: Pos Embed: torch.Size([1, 256, 2, 8]), Mean: 8.0594, Std: 7.9411
DEBUG: Visual Feat: torch.Size([1, 256, 2, 8]), Mean: 0.9884, Std: 1.4038
DEBUG: Pos Embed: torch.Size([1, 256, 2, 8]), Mean: 8.0594, Std: 7.9411
DEBUG: Visual Feat: torch.Size([1, 256, 2, 8]), Mean: 0.9884, Std: 1.4038
DEBUG: Pos Embed: torch.Size([1, 256, 2, 8]), Mean: 8.0594, Std: 7.9411

[Validation Debug] Samples:
  Pred Type: <class 'dict'>
  Pred Keys: ['logits', 'tokens']
  Pred IDs: [1, 6, 6, 6, 6, 6, 6, 6, 6, 6, 6, 6, 6, 6, 6, 6, 6, 6, 6, 6, 6, 6, 6, 6, 6, 6]
  Pred: '"""""""""""""""""""""""""' | GT: '"변화와'
  Match Count: 0/1
DEBUG: Visual Feat: torch.Size([1, 256, 2, 8]), Mean: 0.9540, Std: 1.4812
DEBUG: Pos Embed: torch.Size([1, 256, 2, 8]), Mean: 8.0594, Std: 7.9411

[Grad Debug] Step 100 - Pos Encoder Grad Norm: 0.0000
[Grad Debug] Step 100 - Embed Tokens Grad Norm: 0.0000
DEBUG: Visual Feat: torch.Size([1, 256, 2, 8]), Mean: 0.9539, Std: 1.4816
DEBUG: Pos Embed: torch.Size([1, 256, 2, 8]), Mean: 8.0594, Std: 7.9411
DEBUG: Visual Feat: torch.Size([1, 256, 2, 8]), Mean: 0.9538, Std: 1.4810
DEBUG: Pos Embed: torch.Size([1, 256, 2, 8]), Mean: 8.0594, Std: 7.9411
DEBUG: Visual Feat: torch.Size([1, 256, 2, 8]), Mean: 0.9536, Std: 1.4801
DEBUG: Pos Embed: torch.Size([1, 256, 2, 8]), Mean: 8.0594, Std: 7.9411
DEBUG: Visual Feat: torch.Size([1, 256, 2, 8]), Mean: 0.9529, Std: 1.4787
DEBUG: Pos Embed: torch.Size([1, 256, 2, 8]), Mean: 8.0594, Std: 7.9411
DEBUG: Visual Feat: torch.Size([1, 256, 2, 8]), Mean: 0.9523, Std: 1.4793
DEBUG: Pos Embed: torch.Size([1, 256, 2, 8]), Mean: 8.0594, Std: 7.9411
DEBUG: Visual Feat: torch.Size([1, 256, 2, 8]), Mean: 0.9516, Std: 1.4798
DEBUG: Pos Embed: torch.Size([1, 256, 2, 8]), Mean: 8.0594, Std: 7.9411
DEBUG: Visual Feat: torch.Size([1, 256, 2, 8]), Mean: 0.9503, Std: 1.4792
DEBUG: Pos Embed: torch.Size([1, 256, 2, 8]), Mean: 8.0594, Std: 7.9411
DEBUG: Visual Feat: torch.Size([1, 256, 2, 8]), Mean: 0.9490, Std: 1.4779
DEBUG: Pos Embed: torch.Size([1, 256, 2, 8]), Mean: 8.0594, Std: 7.9411
DEBUG: Visual Feat: torch.Size([1, 256, 2, 8]), Mean: 0.9481, Std: 1.4756
DEBUG: Pos Embed: torch.Size([1, 256, 2, 8]), Mean: 8.0594, Std: 7.9411
DEBUG: Visual Feat: torch.Size([1, 256, 2, 8]), Mean: 0.9776, Std: 1.3799
DEBUG: Pos Embed: torch.Size([1, 256, 2, 8]), Mean: 8.0594, Std: 7.9411
DEBUG: Visual Feat: torch.Size([1, 256, 2, 8]), Mean: 0.9776, Std: 1.3799
DEBUG: Pos Embed: torch.Size([1, 256, 2, 8]), Mean: 8.0594, Std: 7.9411

[Validation Debug] Samples:
  Pred Type: <class 'dict'>
  Pred Keys: ['logits', 'tokens']
  Pred IDs: [1, 539, 539, 539, 539, 539, 539, 539, 539, 539, 539, 539, 539, 539, 539, 539, 539, 539, 539, 539, 539, 539, 539, 539, 539, 539]
  Pred: '변변변변변변변변변변변변변변변변변변변변변변변변변' | GT: '"변화와'
  Match Count: 0/1
DEBUG: Visual Feat: torch.Size([1, 256, 2, 8]), Mean: 0.9472, Std: 1.4740
DEBUG: Pos Embed: torch.Size([1, 256, 2, 8]), Mean: 8.0594, Std: 7.9411

[Grad Debug] Step 110 - Pos Encoder Grad Norm: 0.0000
[Grad Debug] Step 110 - Embed Tokens Grad Norm: 0.0000
DEBUG: Visual Feat: torch.Size([1, 256, 2, 8]), Mean: 0.9462, Std: 1.4726
DEBUG: Pos Embed: torch.Size([1, 256, 2, 8]), Mean: 8.0594, Std: 7.9411
DEBUG: Visual Feat: torch.Size([1, 256, 2, 8]), Mean: 0.9456, Std: 1.4725
DEBUG: Pos Embed: torch.Size([1, 256, 2, 8]), Mean: 8.0594, Std: 7.9411
DEBUG: Visual Feat: torch.Size([1, 256, 2, 8]), Mean: 0.9456, Std: 1.4714
DEBUG: Pos Embed: torch.Size([1, 256, 2, 8]), Mean: 8.0594, Std: 7.9411
DEBUG: Visual Feat: torch.Size([1, 256, 2, 8]), Mean: 0.9461, Std: 1.4711
DEBUG: Pos Embed: torch.Size([1, 256, 2, 8]), Mean: 8.0594, Std: 7.9411
DEBUG: Visual Feat: torch.Size([1, 256, 2, 8]), Mean: 0.9467, Std: 1.4719
DEBUG: Pos Embed: torch.Size([1, 256, 2, 8]), Mean: 8.0594, Std: 7.9411
DEBUG: Visual Feat: torch.Size([1, 256, 2, 8]), Mean: 0.9472, Std: 1.4737
DEBUG: Pos Embed: torch.Size([1, 256, 2, 8]), Mean: 8.0594, Std: 7.9411
DEBUG: Visual Feat: torch.Size([1, 256, 2, 8]), Mean: 0.9471, Std: 1.4752
DEBUG: Pos Embed: torch.Size([1, 256, 2, 8]), Mean: 8.0594, Std: 7.9411
DEBUG: Visual Feat: torch.Size([1, 256, 2, 8]), Mean: 0.9472, Std: 1.4752
DEBUG: Pos Embed: torch.Size([1, 256, 2, 8]), Mean: 8.0594, Std: 7.9411
DEBUG: Visual Feat: torch.Size([1, 256, 2, 8]), Mean: 0.9469, Std: 1.4749
DEBUG: Pos Embed: torch.Size([1, 256, 2, 8]), Mean: 8.0594, Std: 7.9411
DEBUG: Visual Feat: torch.Size([1, 256, 2, 8]), Mean: 0.9701, Std: 1.3731
DEBUG: Pos Embed: torch.Size([1, 256, 2, 8]), Mean: 8.0594, Std: 7.9411
DEBUG: Visual Feat: torch.Size([1, 256, 2, 8]), Mean: 0.9701, Std: 1.3731
DEBUG: Pos Embed: torch.Size([1, 256, 2, 8]), Mean: 8.0594, Std: 7.9411

[Validation Debug] Samples:
  Pred Type: <class 'dict'>
  Pred Keys: ['logits', 'tokens']
  Pred IDs: [1, 6, 6, 6, 6, 6, 6, 6, 6, 6, 6, 6, 6, 6, 6, 6, 6, 6, 6, 6, 6, 6, 6, 6, 6, 6]
  Pred: '"""""""""""""""""""""""""' | GT: '"변화와'
  Match Count: 0/1
DEBUG: Visual Feat: torch.Size([1, 256, 2, 8]), Mean: 0.9464, Std: 1.4739
DEBUG: Pos Embed: torch.Size([1, 256, 2, 8]), Mean: 8.0594, Std: 7.9411

[Grad Debug] Step 120 - Pos Encoder Grad Norm: 0.0000
[Grad Debug] Step 120 - Embed Tokens Grad Norm: 0.0000
DEBUG: Visual Feat: torch.Size([1, 256, 2, 8]), Mean: 0.9463, Std: 1.4729
DEBUG: Pos Embed: torch.Size([1, 256, 2, 8]), Mean: 8.0594, Std: 7.9411
DEBUG: Visual Feat: torch.Size([1, 256, 2, 8]), Mean: 0.9464, Std: 1.4704
DEBUG: Pos Embed: torch.Size([1, 256, 2, 8]), Mean: 8.0594, Std: 7.9411
DEBUG: Visual Feat: torch.Size([1, 256, 2, 8]), Mean: 0.9460, Std: 1.4682
DEBUG: Pos Embed: torch.Size([1, 256, 2, 8]), Mean: 8.0594, Std: 7.9411
DEBUG: Visual Feat: torch.Size([1, 256, 2, 8]), Mean: 0.9451, Std: 1.4667
DEBUG: Pos Embed: torch.Size([1, 256, 2, 8]), Mean: 8.0594, Std: 7.9411
DEBUG: Visual Feat: torch.Size([1, 256, 2, 8]), Mean: 0.9443, Std: 1.4654
DEBUG: Pos Embed: torch.Size([1, 256, 2, 8]), Mean: 8.0594, Std: 7.9411
DEBUG: Visual Feat: torch.Size([1, 256, 2, 8]), Mean: 0.9436, Std: 1.4653
DEBUG: Pos Embed: torch.Size([1, 256, 2, 8]), Mean: 8.0594, Std: 7.9411
DEBUG: Visual Feat: torch.Size([1, 256, 2, 8]), Mean: 0.9430, Std: 1.4647
DEBUG: Pos Embed: torch.Size([1, 256, 2, 8]), Mean: 8.0594, Std: 7.9411
DEBUG: Visual Feat: torch.Size([1, 256, 2, 8]), Mean: 0.9421, Std: 1.4634
DEBUG: Pos Embed: torch.Size([1, 256, 2, 8]), Mean: 8.0594, Std: 7.9411
DEBUG: Visual Feat: torch.Size([1, 256, 2, 8]), Mean: 0.9413, Std: 1.4620
DEBUG: Pos Embed: torch.Size([1, 256, 2, 8]), Mean: 8.0594, Std: 7.9411
DEBUG: Visual Feat: torch.Size([1, 256, 2, 8]), Mean: 0.9659, Std: 1.3594
DEBUG: Pos Embed: torch.Size([1, 256, 2, 8]), Mean: 8.0594, Std: 7.9411
DEBUG: Visual Feat: torch.Size([1, 256, 2, 8]), Mean: 0.9659, Std: 1.3594
DEBUG: Pos Embed: torch.Size([1, 256, 2, 8]), Mean: 8.0594, Std: 7.9411

[Validation Debug] Samples:
  Pred Type: <class 'dict'>
  Pred Keys: ['logits', 'tokens']
  Pred IDs: [1, 988, 988, 988, 988, 988, 988, 988, 988, 988, 988, 988, 988, 988, 988, 988, 988, 988, 988, 988, 988, 988, 988, 988, 988, 988]
  Pred: '화화화화화화화화화화화화화화화화화화화화화화화화화' | GT: '"변화와'
  Match Count: 0/1
DEBUG: Visual Feat: torch.Size([1, 256, 2, 8]), Mean: 0.9402, Std: 1.4604
DEBUG: Pos Embed: torch.Size([1, 256, 2, 8]), Mean: 8.0594, Std: 7.9411

[Grad Debug] Step 130 - Pos Encoder Grad Norm: 0.0000
[Grad Debug] Step 130 - Embed Tokens Grad Norm: 0.0000
DEBUG: Visual Feat: torch.Size([1, 256, 2, 8]), Mean: 0.9392, Std: 1.4584
DEBUG: Pos Embed: torch.Size([1, 256, 2, 8]), Mean: 8.0594, Std: 7.9411
DEBUG: Visual Feat: torch.Size([1, 256, 2, 8]), Mean: 0.9380, Std: 1.4554
DEBUG: Pos Embed: torch.Size([1, 256, 2, 8]), Mean: 8.0594, Std: 7.9411
DEBUG: Visual Feat: torch.Size([1, 256, 2, 8]), Mean: 0.9365, Std: 1.4519
DEBUG: Pos Embed: torch.Size([1, 256, 2, 8]), Mean: 8.0594, Std: 7.9411
DEBUG: Visual Feat: torch.Size([1, 256, 2, 8]), Mean: 0.9349, Std: 1.4479
DEBUG: Pos Embed: torch.Size([1, 256, 2, 8]), Mean: 8.0594, Std: 7.9411
DEBUG: Visual Feat: torch.Size([1, 256, 2, 8]), Mean: 0.9331, Std: 1.4438
DEBUG: Pos Embed: torch.Size([1, 256, 2, 8]), Mean: 8.0594, Std: 7.9411
DEBUG: Visual Feat: torch.Size([1, 256, 2, 8]), Mean: 0.9308, Std: 1.4390
DEBUG: Pos Embed: torch.Size([1, 256, 2, 8]), Mean: 8.0594, Std: 7.9411
DEBUG: Visual Feat: torch.Size([1, 256, 2, 8]), Mean: 0.9293, Std: 1.4353
DEBUG: Pos Embed: torch.Size([1, 256, 2, 8]), Mean: 8.0594, Std: 7.9411
DEBUG: Visual Feat: torch.Size([1, 256, 2, 8]), Mean: 0.9280, Std: 1.4321
DEBUG: Pos Embed: torch.Size([1, 256, 2, 8]), Mean: 8.0594, Std: 7.9411
DEBUG: Visual Feat: torch.Size([1, 256, 2, 8]), Mean: 0.9265, Std: 1.4285
DEBUG: Pos Embed: torch.Size([1, 256, 2, 8]), Mean: 8.0594, Std: 7.9411
DEBUG: Visual Feat: torch.Size([1, 256, 2, 8]), Mean: 0.9429, Std: 1.3254
DEBUG: Pos Embed: torch.Size([1, 256, 2, 8]), Mean: 8.0594, Std: 7.9411
DEBUG: Visual Feat: torch.Size([1, 256, 2, 8]), Mean: 0.9429, Std: 1.3254
DEBUG: Pos Embed: torch.Size([1, 256, 2, 8]), Mean: 8.0594, Std: 7.9411

[Validation Debug] Samples:
  Pred Type: <class 'dict'>
  Pred Keys: ['logits', 'tokens']
  Pred IDs: [1, 988, 988, 988, 988, 988, 988, 988, 988, 988, 988, 988, 988, 988, 988, 988, 988, 988, 988, 988, 988, 988, 988, 988, 988, 988]
  Pred: '화화화화화화화화화화화화화화화화화화화화화화화화화' | GT: '"변화와'
  Match Count: 0/1
DEBUG: Visual Feat: torch.Size([1, 256, 2, 8]), Mean: 0.9253, Std: 1.4255
DEBUG: Pos Embed: torch.Size([1, 256, 2, 8]), Mean: 8.0594, Std: 7.9411

[Grad Debug] Step 140 - Pos Encoder Grad Norm: 0.0000
[Grad Debug] Step 140 - Embed Tokens Grad Norm: 0.0000
DEBUG: Visual Feat: torch.Size([1, 256, 2, 8]), Mean: 0.9244, Std: 1.4232
DEBUG: Pos Embed: torch.Size([1, 256, 2, 8]), Mean: 8.0594, Std: 7.9411
DEBUG: Visual Feat: torch.Size([1, 256, 2, 8]), Mean: 0.9240, Std: 1.4215
DEBUG: Pos Embed: torch.Size([1, 256, 2, 8]), Mean: 8.0594, Std: 7.9411
DEBUG: Visual Feat: torch.Size([1, 256, 2, 8]), Mean: 0.9234, Std: 1.4179
DEBUG: Pos Embed: torch.Size([1, 256, 2, 8]), Mean: 8.0594, Std: 7.9411
DEBUG: Visual Feat: torch.Size([1, 256, 2, 8]), Mean: 0.9229, Std: 1.4148
DEBUG: Pos Embed: torch.Size([1, 256, 2, 8]), Mean: 8.0594, Std: 7.9411
DEBUG: Visual Feat: torch.Size([1, 256, 2, 8]), Mean: 0.9222, Std: 1.4112
DEBUG: Pos Embed: torch.Size([1, 256, 2, 8]), Mean: 8.0594, Std: 7.9411
DEBUG: Visual Feat: torch.Size([1, 256, 2, 8]), Mean: 0.9210, Std: 1.4072
DEBUG: Pos Embed: torch.Size([1, 256, 2, 8]), Mean: 8.0594, Std: 7.9411
DEBUG: Visual Feat: torch.Size([1, 256, 2, 8]), Mean: 0.9200, Std: 1.4039
DEBUG: Pos Embed: torch.Size([1, 256, 2, 8]), Mean: 8.0594, Std: 7.9411
DEBUG: Visual Feat: torch.Size([1, 256, 2, 8]), Mean: 0.9193, Std: 1.4014
DEBUG: Pos Embed: torch.Size([1, 256, 2, 8]), Mean: 8.0594, Std: 7.9411
DEBUG: Visual Feat: torch.Size([1, 256, 2, 8]), Mean: 0.9185, Std: 1.3995
DEBUG: Pos Embed: torch.Size([1, 256, 2, 8]), Mean: 8.0594, Std: 7.9411
DEBUG: Visual Feat: torch.Size([1, 256, 2, 8]), Mean: 0.9227, Std: 1.2941
DEBUG: Pos Embed: torch.Size([1, 256, 2, 8]), Mean: 8.0594, Std: 7.9411
DEBUG: Visual Feat: torch.Size([1, 256, 2, 8]), Mean: 0.9227, Std: 1.2941
DEBUG: Pos Embed: torch.Size([1, 256, 2, 8]), Mean: 8.0594, Std: 7.9411

[Validation Debug] Samples:
  Pred Type: <class 'dict'>
  Pred Keys: ['logits', 'tokens']
  Pred IDs: [1, 6, 6, 6, 6, 6, 6, 6, 6, 6, 6, 6, 6, 6, 6, 6, 6, 6, 6, 6, 6, 6, 6, 6, 6, 6]
  Pred: '"""""""""""""""""""""""""' | GT: '"변화와'
  Match Count: 0/1
DEBUG: Visual Feat: torch.Size([1, 256, 2, 8]), Mean: 0.9178, Std: 1.3983
DEBUG: Pos Embed: torch.Size([1, 256, 2, 8]), Mean: 8.0594, Std: 7.9411

[Grad Debug] Step 150 - Pos Encoder Grad Norm: 0.0000
[Grad Debug] Step 150 - Embed Tokens Grad Norm: 0.0000
DEBUG: Visual Feat: torch.Size([1, 256, 2, 8]), Mean: 0.9171, Std: 1.3969
DEBUG: Pos Embed: torch.Size([1, 256, 2, 8]), Mean: 8.0594, Std: 7.9411
DEBUG: Visual Feat: torch.Size([1, 256, 2, 8]), Mean: 0.9165, Std: 1.3961
DEBUG: Pos Embed: torch.Size([1, 256, 2, 8]), Mean: 8.0594, Std: 7.9411
DEBUG: Visual Feat: torch.Size([1, 256, 2, 8]), Mean: 0.9157, Std: 1.3950
DEBUG: Pos Embed: torch.Size([1, 256, 2, 8]), Mean: 8.0594, Std: 7.9411
DEBUG: Visual Feat: torch.Size([1, 256, 2, 8]), Mean: 0.9149, Std: 1.3940
DEBUG: Pos Embed: torch.Size([1, 256, 2, 8]), Mean: 8.0594, Std: 7.9411
DEBUG: Visual Feat: torch.Size([1, 256, 2, 8]), Mean: 0.9140, Std: 1.3922
DEBUG: Pos Embed: torch.Size([1, 256, 2, 8]), Mean: 8.0594, Std: 7.9411
DEBUG: Visual Feat: torch.Size([1, 256, 2, 8]), Mean: 0.9129, Std: 1.3904
DEBUG: Pos Embed: torch.Size([1, 256, 2, 8]), Mean: 8.0594, Std: 7.9411
DEBUG: Visual Feat: torch.Size([1, 256, 2, 8]), Mean: 0.9118, Std: 1.3891
DEBUG: Pos Embed: torch.Size([1, 256, 2, 8]), Mean: 8.0594, Std: 7.9411
DEBUG: Visual Feat: torch.Size([1, 256, 2, 8]), Mean: 0.9111, Std: 1.3882
DEBUG: Pos Embed: torch.Size([1, 256, 2, 8]), Mean: 8.0594, Std: 7.9411
DEBUG: Visual Feat: torch.Size([1, 256, 2, 8]), Mean: 0.9107, Std: 1.3874
DEBUG: Pos Embed: torch.Size([1, 256, 2, 8]), Mean: 8.0594, Std: 7.9411
DEBUG: Visual Feat: torch.Size([1, 256, 2, 8]), Mean: 0.9057, Std: 1.3018
DEBUG: Pos Embed: torch.Size([1, 256, 2, 8]), Mean: 8.0594, Std: 7.9411
DEBUG: Visual Feat: torch.Size([1, 256, 2, 8]), Mean: 0.9057, Std: 1.3018
DEBUG: Pos Embed: torch.Size([1, 256, 2, 8]), Mean: 8.0594, Std: 7.9411

[Validation Debug] Samples:
  Pred Type: <class 'dict'>
  Pred Keys: ['logits', 'tokens']
  Pred IDs: [1, 6, 6, 6, 6, 6, 6, 6, 6, 6, 6, 6, 6, 6, 6, 6, 6, 6, 6, 6, 6, 6, 6, 6, 6, 6]
  Pred: '"""""""""""""""""""""""""' | GT: '"변화와'
  Match Count: 0/1
DEBUG: Visual Feat: torch.Size([1, 256, 2, 8]), Mean: 0.9103, Std: 1.3878
DEBUG: Pos Embed: torch.Size([1, 256, 2, 8]), Mean: 8.0594, Std: 7.9411

[Grad Debug] Step 160 - Pos Encoder Grad Norm: 0.0000
[Grad Debug] Step 160 - Embed Tokens Grad Norm: 0.0000
DEBUG: Visual Feat: torch.Size([1, 256, 2, 8]), Mean: 0.9099, Std: 1.3884
DEBUG: Pos Embed: torch.Size([1, 256, 2, 8]), Mean: 8.0594, Std: 7.9411
DEBUG: Visual Feat: torch.Size([1, 256, 2, 8]), Mean: 0.9092, Std: 1.3881
DEBUG: Pos Embed: torch.Size([1, 256, 2, 8]), Mean: 8.0594, Std: 7.9411
DEBUG: Visual Feat: torch.Size([1, 256, 2, 8]), Mean: 0.9086, Std: 1.3876
DEBUG: Pos Embed: torch.Size([1, 256, 2, 8]), Mean: 8.0594, Std: 7.9411
DEBUG: Visual Feat: torch.Size([1, 256, 2, 8]), Mean: 0.9079, Std: 1.3867
DEBUG: Pos Embed: torch.Size([1, 256, 2, 8]), Mean: 8.0594, Std: 7.9411
DEBUG: Visual Feat: torch.Size([1, 256, 2, 8]), Mean: 0.9072, Std: 1.3862
DEBUG: Pos Embed: torch.Size([1, 256, 2, 8]), Mean: 8.0594, Std: 7.9411
DEBUG: Visual Feat: torch.Size([1, 256, 2, 8]), Mean: 0.9063, Std: 1.3854
DEBUG: Pos Embed: torch.Size([1, 256, 2, 8]), Mean: 8.0594, Std: 7.9411
DEBUG: Visual Feat: torch.Size([1, 256, 2, 8]), Mean: 0.9053, Std: 1.3837
DEBUG: Pos Embed: torch.Size([1, 256, 2, 8]), Mean: 8.0594, Std: 7.9411
DEBUG: Visual Feat: torch.Size([1, 256, 2, 8]), Mean: 0.9040, Std: 1.3817
DEBUG: Pos Embed: torch.Size([1, 256, 2, 8]), Mean: 8.0594, Std: 7.9411
DEBUG: Visual Feat: torch.Size([1, 256, 2, 8]), Mean: 0.9025, Std: 1.3789
DEBUG: Pos Embed: torch.Size([1, 256, 2, 8]), Mean: 8.0594, Std: 7.9411
DEBUG: Visual Feat: torch.Size([1, 256, 2, 8]), Mean: 0.8846, Std: 1.2994
DEBUG: Pos Embed: torch.Size([1, 256, 2, 8]), Mean: 8.0594, Std: 7.9411
DEBUG: Visual Feat: torch.Size([1, 256, 2, 8]), Mean: 0.8846, Std: 1.2994
DEBUG: Pos Embed: torch.Size([1, 256, 2, 8]), Mean: 8.0594, Std: 7.9411

[Validation Debug] Samples:
  Pred Type: <class 'dict'>
  Pred Keys: ['logits', 'tokens']
  Pred IDs: [1, 2]
  Pred: '' | GT: '"변화와'
  Match Count: 0/1
DEBUG: Visual Feat: torch.Size([1, 256, 2, 8]), Mean: 0.9012, Std: 1.3764
DEBUG: Pos Embed: torch.Size([1, 256, 2, 8]), Mean: 8.0594, Std: 7.9411

[Grad Debug] Step 170 - Pos Encoder Grad Norm: 0.0000
[Grad Debug] Step 170 - Embed Tokens Grad Norm: 0.0000
DEBUG: Visual Feat: torch.Size([1, 256, 2, 8]), Mean: 0.8998, Std: 1.3736
DEBUG: Pos Embed: torch.Size([1, 256, 2, 8]), Mean: 8.0594, Std: 7.9411
DEBUG: Visual Feat: torch.Size([1, 256, 2, 8]), Mean: 0.8990, Std: 1.3728
DEBUG: Pos Embed: torch.Size([1, 256, 2, 8]), Mean: 8.0594, Std: 7.9411
DEBUG: Visual Feat: torch.Size([1, 256, 2, 8]), Mean: 0.8985, Std: 1.3720
DEBUG: Pos Embed: torch.Size([1, 256, 2, 8]), Mean: 8.0594, Std: 7.9411
DEBUG: Visual Feat: torch.Size([1, 256, 2, 8]), Mean: 0.8981, Std: 1.3697
DEBUG: Pos Embed: torch.Size([1, 256, 2, 8]), Mean: 8.0594, Std: 7.9411
DEBUG: Visual Feat: torch.Size([1, 256, 2, 8]), Mean: 0.8977, Std: 1.3675
DEBUG: Pos Embed: torch.Size([1, 256, 2, 8]), Mean: 8.0594, Std: 7.9411
DEBUG: Visual Feat: torch.Size([1, 256, 2, 8]), Mean: 0.8971, Std: 1.3670
DEBUG: Pos Embed: torch.Size([1, 256, 2, 8]), Mean: 8.0594, Std: 7.9411
DEBUG: Visual Feat: torch.Size([1, 256, 2, 8]), Mean: 0.8967, Std: 1.3667
DEBUG: Pos Embed: torch.Size([1, 256, 2, 8]), Mean: 8.0594, Std: 7.9411
DEBUG: Visual Feat: torch.Size([1, 256, 2, 8]), Mean: 0.8956, Std: 1.3653
DEBUG: Pos Embed: torch.Size([1, 256, 2, 8]), Mean: 8.0594, Std: 7.9411
DEBUG: Visual Feat: torch.Size([1, 256, 2, 8]), Mean: 0.8941, Std: 1.3641
DEBUG: Pos Embed: torch.Size([1, 256, 2, 8]), Mean: 8.0594, Std: 7.9411
DEBUG: Visual Feat: torch.Size([1, 256, 2, 8]), Mean: 0.8680, Std: 1.2657
DEBUG: Pos Embed: torch.Size([1, 256, 2, 8]), Mean: 8.0594, Std: 7.9411
DEBUG: Visual Feat: torch.Size([1, 256, 2, 8]), Mean: 0.8680, Std: 1.2657
DEBUG: Pos Embed: torch.Size([1, 256, 2, 8]), Mean: 8.0594, Std: 7.9411

[Validation Debug] Samples:
  Pred Type: <class 'dict'>
  Pred Keys: ['logits', 'tokens']
  Pred IDs: [1, 6, 6, 6, 6, 6, 6, 6, 6, 6, 6, 6, 6, 6, 6, 6, 6, 6, 6, 6, 6, 6, 6, 6, 6, 6]
  Pred: '"""""""""""""""""""""""""' | GT: '"변화와'
  Match Count: 0/1
DEBUG: Visual Feat: torch.Size([1, 256, 2, 8]), Mean: 0.8926, Std: 1.3625
DEBUG: Pos Embed: torch.Size([1, 256, 2, 8]), Mean: 8.0594, Std: 7.9411

[Grad Debug] Step 180 - Pos Encoder Grad Norm: 0.0000
[Grad Debug] Step 180 - Embed Tokens Grad Norm: 0.0000
DEBUG: Visual Feat: torch.Size([1, 256, 2, 8]), Mean: 0.8909, Std: 1.3608
DEBUG: Pos Embed: torch.Size([1, 256, 2, 8]), Mean: 8.0594, Std: 7.9411
DEBUG: Visual Feat: torch.Size([1, 256, 2, 8]), Mean: 0.8891, Std: 1.3576
DEBUG: Pos Embed: torch.Size([1, 256, 2, 8]), Mean: 8.0594, Std: 7.9411
DEBUG: Visual Feat: torch.Size([1, 256, 2, 8]), Mean: 0.8882, Std: 1.3534
DEBUG: Pos Embed: torch.Size([1, 256, 2, 8]), Mean: 8.0594, Std: 7.9411
DEBUG: Visual Feat: torch.Size([1, 256, 2, 8]), Mean: 0.8877, Std: 1.3503
DEBUG: Pos Embed: torch.Size([1, 256, 2, 8]), Mean: 8.0594, Std: 7.9411
DEBUG: Visual Feat: torch.Size([1, 256, 2, 8]), Mean: 0.8874, Std: 1.3487
DEBUG: Pos Embed: torch.Size([1, 256, 2, 8]), Mean: 8.0594, Std: 7.9411
DEBUG: Visual Feat: torch.Size([1, 256, 2, 8]), Mean: 0.8867, Std: 1.3471
DEBUG: Pos Embed: torch.Size([1, 256, 2, 8]), Mean: 8.0594, Std: 7.9411
DEBUG: Visual Feat: torch.Size([1, 256, 2, 8]), Mean: 0.8874, Std: 1.3452
DEBUG: Pos Embed: torch.Size([1, 256, 2, 8]), Mean: 8.0594, Std: 7.9411
DEBUG: Visual Feat: torch.Size([1, 256, 2, 8]), Mean: 0.8881, Std: 1.3454
DEBUG: Pos Embed: torch.Size([1, 256, 2, 8]), Mean: 8.0594, Std: 7.9411
DEBUG: Visual Feat: torch.Size([1, 256, 2, 8]), Mean: 0.8885, Std: 1.3467
DEBUG: Pos Embed: torch.Size([1, 256, 2, 8]), Mean: 8.0594, Std: 7.9411
DEBUG: Visual Feat: torch.Size([1, 256, 2, 8]), Mean: 0.8609, Std: 1.2565
DEBUG: Pos Embed: torch.Size([1, 256, 2, 8]), Mean: 8.0594, Std: 7.9411
DEBUG: Visual Feat: torch.Size([1, 256, 2, 8]), Mean: 0.8609, Std: 1.2565
DEBUG: Pos Embed: torch.Size([1, 256, 2, 8]), Mean: 8.0594, Std: 7.9411

[Validation Debug] Samples:
  Pred Type: <class 'dict'>
  Pred Keys: ['logits', 'tokens']
  Pred IDs: [1, 6, 6, 6, 6, 6, 6, 6, 6, 6, 6, 6, 6, 6, 6, 6, 6, 6, 6, 6, 6, 6, 6, 6, 6, 6]
  Pred: '"""""""""""""""""""""""""' | GT: '"변화와'
  Match Count: 0/1
DEBUG: Visual Feat: torch.Size([1, 256, 2, 8]), Mean: 0.8880, Std: 1.3480
DEBUG: Pos Embed: torch.Size([1, 256, 2, 8]), Mean: 8.0594, Std: 7.9411

[Grad Debug] Step 190 - Pos Encoder Grad Norm: 0.0000
[Grad Debug] Step 190 - Embed Tokens Grad Norm: 0.0000
DEBUG: Visual Feat: torch.Size([1, 256, 2, 8]), Mean: 0.8873, Std: 1.3492
DEBUG: Pos Embed: torch.Size([1, 256, 2, 8]), Mean: 8.0594, Std: 7.9411
DEBUG: Visual Feat: torch.Size([1, 256, 2, 8]), Mean: 0.8881, Std: 1.3514
DEBUG: Pos Embed: torch.Size([1, 256, 2, 8]), Mean: 8.0594, Std: 7.9411
DEBUG: Visual Feat: torch.Size([1, 256, 2, 8]), Mean: 0.8889, Std: 1.3527
DEBUG: Pos Embed: torch.Size([1, 256, 2, 8]), Mean: 8.0594, Std: 7.9411
DEBUG: Visual Feat: torch.Size([1, 256, 2, 8]), Mean: 0.8894, Std: 1.3535
DEBUG: Pos Embed: torch.Size([1, 256, 2, 8]), Mean: 8.0594, Std: 7.9411
DEBUG: Visual Feat: torch.Size([1, 256, 2, 8]), Mean: 0.8903, Std: 1.3543
DEBUG: Pos Embed: torch.Size([1, 256, 2, 8]), Mean: 8.0594, Std: 7.9411
DEBUG: Visual Feat: torch.Size([1, 256, 2, 8]), Mean: 0.8917, Std: 1.3564
DEBUG: Pos Embed: torch.Size([1, 256, 2, 8]), Mean: 8.0594, Std: 7.9411
DEBUG: Visual Feat: torch.Size([1, 256, 2, 8]), Mean: 0.8936, Std: 1.3607
DEBUG: Pos Embed: torch.Size([1, 256, 2, 8]), Mean: 8.0594, Std: 7.9411
DEBUG: Visual Feat: torch.Size([1, 256, 2, 8]), Mean: 0.8951, Std: 1.3636
DEBUG: Pos Embed: torch.Size([1, 256, 2, 8]), Mean: 8.0594, Std: 7.9411
DEBUG: Visual Feat: torch.Size([1, 256, 2, 8]), Mean: 0.8959, Std: 1.3649
DEBUG: Pos Embed: torch.Size([1, 256, 2, 8]), Mean: 8.0594, Std: 7.9411
DEBUG: Visual Feat: torch.Size([1, 256, 2, 8]), Mean: 0.8170, Std: 1.2334INFO: `Trainer.fit` stopped: `max_epochs=200` reached.

DEBUG: Pos Embed: torch.Size([1, 256, 2, 8]), Mean: 8.0594, Std: 7.9411
DEBUG: Visual Feat: torch.Size([1, 256, 2, 8]), Mean: 0.8170, Std: 1.2334
DEBUG: Pos Embed: torch.Size([1, 256, 2, 8]), Mean: 8.0594, Std: 7.9411

[Validation Debug] Samples:
  Pred Type: <class 'dict'>
  Pred Keys: ['logits', 'tokens']
  Pred IDs: [1, 988, 988, 988, 988, 988, 988, 988, 988, 988, 988, 988, 988, 988, 988, 988, 988, 988, 988, 988, 988, 988, 988, 988, 988, 988]
  Pred: '화화화화화화화화화화화화화화화화화화화화화화화화화' | GT: '"변화와'
  Match Count: 0/1
[2026-02-07 22:19:31,616][lightning.pytorch.utilities.rank_zero][INFO] - `Trainer.fit` stopped: `max_epochs=200` reached.
Epoch 199/199 ━━━━━━━━━━━━━━━━━━━━━━━━━━━━━━━━━━━━━━ 1/1 0:00:00 • 0:00:00 0.00it/s v_num: 61.000 val/acc: 0.000 val/cer: 
                                                                                    6.000                                 
[2026-02-07 22:19:31,884][ocr.pipelines.orchestrator][INFO] - \n✅ Training complete!

✅ Training test completed successfully!
