================================================
Quick Training Test (GPU, Limited Batches)
================================================
[2026-02-07 22:18:12,209][ocr.pipelines.orchestrator][INFO] - 🎯 OCRProjectOrchestrator initialized
[2026-02-07 22:18:12,209][ocr.pipelines.orchestrator][INFO] -    Domain: recognition
[2026-02-07 22:18:12,209][ocr.pipelines.orchestrator][INFO] -    Mode: train
[2026-02-07 22:18:12,209][ocr.pipelines.orchestrator][INFO] - \n============================================================
[2026-02-07 22:18:12,209][ocr.pipelines.orchestrator][INFO] - 🚀 Starting TRAIN for recognition domain
[2026-02-07 22:18:12,209][ocr.pipelines.orchestrator][INFO] - ============================================================\n
[2026-02-07 22:18:12,209][ocr.pipelines.orchestrator][INFO] - 🏗️ Building model and datasets...
[2026-02-07 22:18:12,209][ocr.pipelines.strategies.recognition_config][INFO] - 💉 Injecting vocab_size for recognition model...
[2026-02-07 22:18:12,211][ocr.domains.recognition.data.tokenizer][INFO] - Loaded tokenizer: 1023 chars, vocab_size=1027, max_len=25
[2026-02-07 22:18:12,212][ocr.pipelines.strategies.recognition_config][INFO] -    ✓ Vocab size 1027 injected into model config
[2026-02-07 22:18:13,825][timm.models._builder][INFO] - Loading pretrained weights from Hugging Face hub (timm/resnet18.a1_in1k)
[2026-02-07 22:18:14,063][timm.models._hub][INFO] - [timm/resnet18.a1_in1k] Safe alternative available for 'pytorch_model.bin' (as 'model.safetensors'). Loading weights using safetensors.
[2026-02-07 22:18:14,221][timm.models._builder][INFO] - Loading pretrained weights from Hugging Face hub (timm/resnet18.a1_in1k)
[2026-02-07 22:18:14,430][timm.models._hub][INFO] - [timm/resnet18.a1_in1k] Safe alternative available for 'pytorch_model.bin' (as 'model.safetensors'). Loading weights using safetensors.
[2026-02-07 22:18:14,496][ocr.pipelines.orchestrator][INFO] -    ✓ Model created: PARSeq
[2026-02-07 22:18:14,501][ocr.domains.recognition.data.tokenizer][INFO] - Loaded tokenizer: 1023 chars, vocab_size=1027, max_len=25
[2026-02-07 22:18:14,505][ocr.domains.recognition.data.tokenizer][INFO] - Loaded tokenizer: 1023 chars, vocab_size=1027, max_len=25
[2026-02-07 22:18:14,510][ocr.domains.recognition.data.tokenizer][INFO] - Loaded tokenizer: 1023 chars, vocab_size=1027, max_len=25
[2026-02-07 22:18:14,514][ocr.domains.recognition.data.tokenizer][INFO] - Loaded tokenizer: 1023 chars, vocab_size=1027, max_len=25
[2026-02-07 22:18:14,515][ocr.pipelines.orchestrator][INFO] -    ✓ Datasets created
[2026-02-07 22:18:14,538][ocr.pipelines.orchestrator][INFO] -    ✓ RecognitionPLModule created
[2026-02-07 22:18:14,549][ocr.pipelines.orchestrator][INFO] -    ✓ DataModule created
[2026-02-07 22:18:14,549][ocr.pipelines.orchestrator][INFO] - ⚡ Configuring Lightning Trainer...
INFO: GPU available: True (cuda), used: True
[2026-02-07 22:18:14,583][lightning.pytorch.utilities.rank_zero][INFO] - GPU available: True (cuda), used: True
INFO: TPU available: False, using: 0 TPU cores
[2026-02-07 22:18:14,584][lightning.pytorch.utilities.rank_zero][INFO] - TPU available: False, using: 0 TPU cores
INFO: 💡 Tip: For seamless cloud logging and experiment tracking, try installing [litlogger](https://pypi.org/project/litlogger/) to enable LitLogger, which logs metrics and artifacts automatically to the Lightning Experiments platform.
[2026-02-07 22:18:14,585][lightning.pytorch.utilities.rank_zero][INFO] - 💡 Tip: For seamless cloud logging and experiment tracking, try installing [litlogger](https://pypi.org/project/litlogger/) to enable LitLogger, which logs metrics and artifacts automatically to the Lightning Experiments platform.
INFO: `Trainer(overfit_batches=1)` was configured so 1 batch will be used.
[2026-02-07 22:18:14,585][lightning.pytorch.utilities.rank_zero][INFO] - `Trainer(overfit_batches=1)` was configured so 1 batch will be used.
[2026-02-07 22:18:14,585][ocr.pipelines.orchestrator][INFO] -    ✓ Trainer ready
[2026-02-07 22:18:14,585][ocr.pipelines.orchestrator][INFO] - 🏋️ Starting training...\n
INFO: LOCAL_RANK: 0 - CUDA_VISIBLE_DEVICES: [0]
[2026-02-07 22:18:14,780][lightning.pytorch.accelerators.cuda][INFO] - LOCAL_RANK: 0 - CUDA_VISIBLE_DEVICES: [0]
┏━━━┳━━━━━━━━━┳━━━━━━━━━━━━━━━┳━━━━━━━━┳━━━━━━━┳━━━━━━━┓
┃   ┃ Name    ┃ Type          ┃ Params ┃ Mode  ┃ FLOPs ┃
┡━━━╇━━━━━━━━━╇━━━━━━━━━━━━━━━╇━━━━━━━━╇━━━━━━━╇━━━━━━━┩
│ 0 │ model   │ PARSeq        │ 40.5 M │ train │     0 │
│ 1 │ rec_cer │ CharErrorRate │      0 │ train │     0 │
└───┴─────────┴───────────────┴────────┴───────┴───────┘
Trainable params: 40.5 M                                                                                                  
Non-trainable params: 0                                                                                                   
Total params: 40.5 M                                                                                                      
Total estimated model params size (MB): 161                                                                               
Modules in train mode: 269                                                                                                
Modules in eval mode: 0                                                                                                   
Total FLOPs: 0                                                                                                            
/workspaces/.venv/lib/python3.11/site-packages/torch/nn/functional.py:5962: UserWarning: Support for mismatched key_padding_mask and attn_mask is deprecated. Use same type for both instead.
  warnings.warn(
DEBUG: Visual Feat: torch.Size([1, 256, 2, 8]), Mean: 0.9975, Std: 1.4797
DEBUG: Pos Embed: torch.Size([1, 256, 2, 8]), Mean: 8.0594, Std: 7.9411

[Grad Debug] Step 0 - Pos Encoder Grad Norm: 0.0000
[Grad Debug] Step 0 - Embed Tokens Grad Norm: 0.0000
DEBUG: Visual Feat: torch.Size([1, 256, 2, 8]), Mean: 1.0078, Std: 1.5076
DEBUG: Pos Embed: torch.Size([1, 256, 2, 8]), Mean: 8.0594, Std: 7.9411
DEBUG: Visual Feat: torch.Size([1, 256, 2, 8]), Mean: 1.0047, Std: 1.5044
DEBUG: Pos Embed: torch.Size([1, 256, 2, 8]), Mean: 8.0594, Std: 7.9411
DEBUG: Visual Feat: torch.Size([1, 256, 2, 8]), Mean: 1.0147, Std: 1.5178
DEBUG: Pos Embed: torch.Size([1, 256, 2, 8]), Mean: 8.0594, Std: 7.9411
DEBUG: Visual Feat: torch.Size([1, 256, 2, 8]), Mean: 1.0125, Std: 1.5239
DEBUG: Pos Embed: torch.Size([1, 256, 2, 8]), Mean: 8.0594, Std: 7.9411
DEBUG: Visual Feat: torch.Size([1, 256, 2, 8]), Mean: 1.0156, Std: 1.5184
DEBUG: Pos Embed: torch.Size([1, 256, 2, 8]), Mean: 8.0594, Std: 7.9411
DEBUG: Visual Feat: torch.Size([1, 256, 2, 8]), Mean: 1.0193, Std: 1.5170
DEBUG: Pos Embed: torch.Size([1, 256, 2, 8]), Mean: 8.0594, Std: 7.9411
DEBUG: Visual Feat: torch.Size([1, 256, 2, 8]), Mean: 1.0211, Std: 1.5241
DEBUG: Pos Embed: torch.Size([1, 256, 2, 8]), Mean: 8.0594, Std: 7.9411
DEBUG: Visual Feat: torch.Size([1, 256, 2, 8]), Mean: 1.0238, Std: 1.5298
DEBUG: Pos Embed: torch.Size([1, 256, 2, 8]), Mean: 8.0594, Std: 7.9411
DEBUG: Visual Feat: torch.Size([1, 256, 2, 8]), Mean: 1.0224, Std: 1.5308
DEBUG: Pos Embed: torch.Size([1, 256, 2, 8]), Mean: 8.0594, Std: 7.9411
DEBUG: Visual Feat: torch.Size([1, 256, 2, 8]), Mean: 1.1470, Std: 1.6308
DEBUG: Pos Embed: torch.Size([1, 256, 2, 8]), Mean: 8.0594, Std: 7.9411
DEBUG: Visual Feat: torch.Size([1, 256, 2, 8]), Mean: 1.1470, Std: 1.6308
DEBUG: Pos Embed: torch.Size([1, 256, 2, 8]), Mean: 8.0594, Std: 7.9411

[Validation Debug] Samples:
  Pred Type: <class 'dict'>
  Pred Keys: ['logits', 'tokens']
  Pred IDs: [1, 6, 6, 6, 6, 6, 6, 6, 6, 6, 6, 6, 6, 6, 6, 6, 6, 6, 6, 6, 6, 6, 6, 6, 6, 6]
  Pred: '"""""""""""""""""""""""""' | GT: '"변화와'
  Match Count: 0/1
DEBUG: Visual Feat: torch.Size([1, 256, 2, 8]), Mean: 1.0315, Std: 1.5489
DEBUG: Pos Embed: torch.Size([1, 256, 2, 8]), Mean: 8.0594, Std: 7.9411

[Grad Debug] Step 10 - Pos Encoder Grad Norm: 0.0000
[Grad Debug] Step 10 - Embed Tokens Grad Norm: 0.0000
DEBUG: Visual Feat: torch.Size([1, 256, 2, 8]), Mean: 1.0330, Std: 1.5579
DEBUG: Pos Embed: torch.Size([1, 256, 2, 8]), Mean: 8.0594, Std: 7.9411
DEBUG: Visual Feat: torch.Size([1, 256, 2, 8]), Mean: 1.0349, Std: 1.5687
DEBUG: Pos Embed: torch.Size([1, 256, 2, 8]), Mean: 8.0594, Std: 7.9411
DEBUG: Visual Feat: torch.Size([1, 256, 2, 8]), Mean: 1.0364, Std: 1.5750
DEBUG: Pos Embed: torch.Size([1, 256, 2, 8]), Mean: 8.0594, Std: 7.9411
DEBUG: Visual Feat: torch.Size([1, 256, 2, 8]), Mean: 1.0371, Std: 1.5773
DEBUG: Pos Embed: torch.Size([1, 256, 2, 8]), Mean: 8.0594, Std: 7.9411
DEBUG: Visual Feat: torch.Size([1, 256, 2, 8]), Mean: 1.0357, Std: 1.5767
DEBUG: Pos Embed: torch.Size([1, 256, 2, 8]), Mean: 8.0594, Std: 7.9411
DEBUG: Visual Feat: torch.Size([1, 256, 2, 8]), Mean: 1.0348, Std: 1.5778
DEBUG: Pos Embed: torch.Size([1, 256, 2, 8]), Mean: 8.0594, Std: 7.9411
DEBUG: Visual Feat: torch.Size([1, 256, 2, 8]), Mean: 1.0336, Std: 1.5772
DEBUG: Pos Embed: torch.Size([1, 256, 2, 8]), Mean: 8.0594, Std: 7.9411
DEBUG: Visual Feat: torch.Size([1, 256, 2, 8]), Mean: 1.0326, Std: 1.5779
DEBUG: Pos Embed: torch.Size([1, 256, 2, 8]), Mean: 8.0594, Std: 7.9411
DEBUG: Visual Feat: torch.Size([1, 256, 2, 8]), Mean: 1.0314, Std: 1.5778
DEBUG: Pos Embed: torch.Size([1, 256, 2, 8]), Mean: 8.0594, Std: 7.9411
DEBUG: Visual Feat: torch.Size([1, 256, 2, 8]), Mean: 1.1258, Std: 1.6136
DEBUG: Pos Embed: torch.Size([1, 256, 2, 8]), Mean: 8.0594, Std: 7.9411
DEBUG: Visual Feat: torch.Size([1, 256, 2, 8]), Mean: 1.1258, Std: 1.6136
DEBUG: Pos Embed: torch.Size([1, 256, 2, 8]), Mean: 8.0594, Std: 7.9411

[Validation Debug] Samples:
  Pred Type: <class 'dict'>
  Pred Keys: ['logits', 'tokens']
  Pred IDs: [1, 988, 988, 988, 988, 988, 988, 988, 988, 988, 988, 988, 988, 988, 988, 988, 988, 988, 988, 988, 988, 988, 988, 988, 988, 988]
  Pred: '화화화화화화화화화화화화화화화화화화화화화화화화화' | GT: '"변화와'
  Match Count: 0/1
DEBUG: Visual Feat: torch.Size([1, 256, 2, 8]), Mean: 1.0295, Std: 1.5764
DEBUG: Pos Embed: torch.Size([1, 256, 2, 8]), Mean: 8.0594, Std: 7.9411

[Grad Debug] Step 20 - Pos Encoder Grad Norm: 0.0000
[Grad Debug] Step 20 - Embed Tokens Grad Norm: 0.0000
DEBUG: Visual Feat: torch.Size([1, 256, 2, 8]), Mean: 1.0274, Std: 1.5741
DEBUG: Pos Embed: torch.Size([1, 256, 2, 8]), Mean: 8.0594, Std: 7.9411
DEBUG: Visual Feat: torch.Size([1, 256, 2, 8]), Mean: 1.0238, Std: 1.5702
DEBUG: Pos Embed: torch.Size([1, 256, 2, 8]), Mean: 8.0594, Std: 7.9411
DEBUG: Visual Feat: torch.Size([1, 256, 2, 8]), Mean: 1.0201, Std: 1.5709
DEBUG: Pos Embed: torch.Size([1, 256, 2, 8]), Mean: 8.0594, Std: 7.9411
DEBUG: Visual Feat: torch.Size([1, 256, 2, 8]), Mean: 1.0192, Std: 1.5756
DEBUG: Pos Embed: torch.Size([1, 256, 2, 8]), Mean: 8.0594, Std: 7.9411
DEBUG: Visual Feat: torch.Size([1, 256, 2, 8]), Mean: 1.0194, Std: 1.5807
DEBUG: Pos Embed: torch.Size([1, 256, 2, 8]), Mean: 8.0594, Std: 7.9411
DEBUG: Visual Feat: torch.Size([1, 256, 2, 8]), Mean: 1.0202, Std: 1.5821
DEBUG: Pos Embed: torch.Size([1, 256, 2, 8]), Mean: 8.0594, Std: 7.9411
DEBUG: Visual Feat: torch.Size([1, 256, 2, 8]), Mean: 1.0187, Std: 1.5778
DEBUG: Pos Embed: torch.Size([1, 256, 2, 8]), Mean: 8.0594, Std: 7.9411
DEBUG: Visual Feat: torch.Size([1, 256, 2, 8]), Mean: 1.0164, Std: 1.5714
DEBUG: Pos Embed: torch.Size([1, 256, 2, 8]), Mean: 8.0594, Std: 7.9411
DEBUG: Visual Feat: torch.Size([1, 256, 2, 8]), Mean: 1.0131, Std: 1.5663
DEBUG: Pos Embed: torch.Size([1, 256, 2, 8]), Mean: 8.0594, Std: 7.9411
DEBUG: Visual Feat: torch.Size([1, 256, 2, 8]), Mean: 1.0677, Std: 1.5821
DEBUG: Pos Embed: torch.Size([1, 256, 2, 8]), Mean: 8.0594, Std: 7.9411
DEBUG: Visual Feat: torch.Size([1, 256, 2, 8]), Mean: 1.0677, Std: 1.5821
DEBUG: Pos Embed: torch.Size([1, 256, 2, 8]), Mean: 8.0594, Std: 7.9411

[Validation Debug] Samples:
  Pred Type: <class 'dict'>
  Pred Keys: ['logits', 'tokens']
  Pred IDs: [1, 6, 6, 6, 6, 6, 6, 6, 6, 6, 6, 6, 6, 6, 6, 6, 6, 6, 6, 6, 6, 6, 6, 6, 6, 6]
  Pred: '"""""""""""""""""""""""""' | GT: '"변화와'
  Match Count: 0/1
DEBUG: Visual Feat: torch.Size([1, 256, 2, 8]), Mean: 1.0107, Std: 1.5619
DEBUG: Pos Embed: torch.Size([1, 256, 2, 8]), Mean: 8.0594, Std: 7.9411

[Grad Debug] Step 30 - Pos Encoder Grad Norm: 0.0000
[Grad Debug] Step 30 - Embed Tokens Grad Norm: 0.0000
DEBUG: Visual Feat: torch.Size([1, 256, 2, 8]), Mean: 1.0091, Std: 1.5594
DEBUG: Pos Embed: torch.Size([1, 256, 2, 8]), Mean: 8.0594, Std: 7.9411
DEBUG: Visual Feat: torch.Size([1, 256, 2, 8]), Mean: 1.0079, Std: 1.5584
DEBUG: Pos Embed: torch.Size([1, 256, 2, 8]), Mean: 8.0594, Std: 7.9411
DEBUG: Visual Feat: torch.Size([1, 256, 2, 8]), Mean: 1.0068, Std: 1.5583
DEBUG: Pos Embed: torch.Size([1, 256, 2, 8]), Mean: 8.0594, Std: 7.9411
DEBUG: Visual Feat: torch.Size([1, 256, 2, 8]), Mean: 1.0062, Std: 1.5579
DEBUG: Pos Embed: torch.Size([1, 256, 2, 8]), Mean: 8.0594, Std: 7.9411
DEBUG: Visual Feat: torch.Size([1, 256, 2, 8]), Mean: 1.0059, Std: 1.5589
DEBUG: Pos Embed: torch.Size([1, 256, 2, 8]), Mean: 8.0594, Std: 7.9411
DEBUG: Visual Feat: torch.Size([1, 256, 2, 8]), Mean: 1.0063, Std: 1.5617
DEBUG: Pos Embed: torch.Size([1, 256, 2, 8]), Mean: 8.0594, Std: 7.9411
DEBUG: Visual Feat: torch.Size([1, 256, 2, 8]), Mean: 1.0059, Std: 1.5631
DEBUG: Pos Embed: torch.Size([1, 256, 2, 8]), Mean: 8.0594, Std: 7.9411
DEBUG: Visual Feat: torch.Size([1, 256, 2, 8]), Mean: 1.0076, Std: 1.5656
DEBUG: Pos Embed: torch.Size([1, 256, 2, 8]), Mean: 8.0594, Std: 7.9411
DEBUG: Visual Feat: torch.Size([1, 256, 2, 8]), Mean: 1.0081, Std: 1.5671
DEBUG: Pos Embed: torch.Size([1, 256, 2, 8]), Mean: 8.0594, Std: 7.9411
DEBUG: Visual Feat: torch.Size([1, 256, 2, 8]), Mean: 0.9958, Std: 1.4639
DEBUG: Pos Embed: torch.Size([1, 256, 2, 8]), Mean: 8.0594, Std: 7.9411
DEBUG: Visual Feat: torch.Size([1, 256, 2, 8]), Mean: 0.9958, Std: 1.4639
DEBUG: Pos Embed: torch.Size([1, 256, 2, 8]), Mean: 8.0594, Std: 7.9411

[Validation Debug] Samples:
  Pred Type: <class 'dict'>
  Pred Keys: ['logits', 'tokens']
  Pred IDs: [1, 6, 6, 6, 6, 6, 6, 6, 6, 6, 6, 6, 6, 6, 6, 6, 6, 6, 6, 6, 6, 6, 6, 6, 6, 6]
  Pred: '"""""""""""""""""""""""""' | GT: '"변화와'
  Match Count: 0/1
DEBUG: Visual Feat: torch.Size([1, 256, 2, 8]), Mean: 1.0084, Std: 1.5694
DEBUG: Pos Embed: torch.Size([1, 256, 2, 8]), Mean: 8.0594, Std: 7.9411

[Grad Debug] Step 40 - Pos Encoder Grad Norm: 0.0000
[Grad Debug] Step 40 - Embed Tokens Grad Norm: 0.0000
DEBUG: Visual Feat: torch.Size([1, 256, 2, 8]), Mean: 1.0091, Std: 1.5704
DEBUG: Pos Embed: torch.Size([1, 256, 2, 8]), Mean: 8.0594, Std: 7.9411
DEBUG: Visual Feat: torch.Size([1, 256, 2, 8]), Mean: 1.0097, Std: 1.5704
DEBUG: Pos Embed: torch.Size([1, 256, 2, 8]), Mean: 8.0594, Std: 7.9411
DEBUG: Visual Feat: torch.Size([1, 256, 2, 8]), Mean: 1.0098, Std: 1.5690
DEBUG: Pos Embed: torch.Size([1, 256, 2, 8]), Mean: 8.0594, Std: 7.9411
DEBUG: Visual Feat: torch.Size([1, 256, 2, 8]), Mean: 1.0095, Std: 1.5666
DEBUG: Pos Embed: torch.Size([1, 256, 2, 8]), Mean: 8.0594, Std: 7.9411
DEBUG: Visual Feat: torch.Size([1, 256, 2, 8]), Mean: 1.0091, Std: 1.5645
DEBUG: Pos Embed: torch.Size([1, 256, 2, 8]), Mean: 8.0594, Std: 7.9411
DEBUG: Visual Feat: torch.Size([1, 256, 2, 8]), Mean: 1.0089, Std: 1.5637
DEBUG: Pos Embed: torch.Size([1, 256, 2, 8]), Mean: 8.0594, Std: 7.9411
DEBUG: Visual Feat: torch.Size([1, 256, 2, 8]), Mean: 1.0084, Std: 1.5610
DEBUG: Pos Embed: torch.Size([1, 256, 2, 8]), Mean: 8.0594, Std: 7.9411
DEBUG: Visual Feat: torch.Size([1, 256, 2, 8]), Mean: 1.0079, Std: 1.5587
DEBUG: Pos Embed: torch.Size([1, 256, 2, 8]), Mean: 8.0594, Std: 7.9411
DEBUG: Visual Feat: torch.Size([1, 256, 2, 8]), Mean: 1.0076, Std: 1.5551
DEBUG: Pos Embed: torch.Size([1, 256, 2, 8]), Mean: 8.0594, Std: 7.9411
DEBUG: Visual Feat: torch.Size([1, 256, 2, 8]), Mean: 0.9983, Std: 1.4746
DEBUG: Pos Embed: torch.Size([1, 256, 2, 8]), Mean: 8.0594, Std: 7.9411
DEBUG: Visual Feat: torch.Size([1, 256, 2, 8]), Mean: 0.9983, Std: 1.4746
DEBUG: Pos Embed: torch.Size([1, 256, 2, 8]), Mean: 8.0594, Std: 7.9411

[Validation Debug] Samples:
  Pred Type: <class 'dict'>
  Pred Keys: ['logits', 'tokens']
  Pred IDs: [1, 6, 6, 6, 6, 6, 6, 6, 6, 6, 6, 6, 6, 6, 6, 6, 6, 6, 6, 6, 6, 6, 6, 6, 6, 6]
  Pred: '"""""""""""""""""""""""""' | GT: '"변화와'
  Match Count: 0/1
DEBUG: Visual Feat: torch.Size([1, 256, 2, 8]), Mean: 1.0074, Std: 1.5516
DEBUG: Pos Embed: torch.Size([1, 256, 2, 8]), Mean: 8.0594, Std: 7.9411

[Grad Debug] Step 50 - Pos Encoder Grad Norm: 0.0000
[Grad Debug] Step 50 - Embed Tokens Grad Norm: 0.0000
DEBUG: Visual Feat: torch.Size([1, 256, 2, 8]), Mean: 1.0069, Std: 1.5488
DEBUG: Pos Embed: torch.Size([1, 256, 2, 8]), Mean: 8.0594, Std: 7.9411
DEBUG: Visual Feat: torch.Size([1, 256, 2, 8]), Mean: 1.0064, Std: 1.5465
DEBUG: Pos Embed: torch.Size([1, 256, 2, 8]), Mean: 8.0594, Std: 7.9411
DEBUG: Visual Feat: torch.Size([1, 256, 2, 8]), Mean: 1.0057, Std: 1.5439
DEBUG: Pos Embed: torch.Size([1, 256, 2, 8]), Mean: 8.0594, Std: 7.9411
DEBUG: Visual Feat: torch.Size([1, 256, 2, 8]), Mean: 1.0047, Std: 1.5406
DEBUG: Pos Embed: torch.Size([1, 256, 2, 8]), Mean: 8.0594, Std: 7.9411
DEBUG: Visual Feat: torch.Size([1, 256, 2, 8]), Mean: 1.0040, Std: 1.5381
DEBUG: Pos Embed: torch.Size([1, 256, 2, 8]), Mean: 8.0594, Std: 7.9411
DEBUG: Visual Feat: torch.Size([1, 256, 2, 8]), Mean: 1.0035, Std: 1.5359
DEBUG: Pos Embed: torch.Size([1, 256, 2, 8]), Mean: 8.0594, Std: 7.9411
DEBUG: Visual Feat: torch.Size([1, 256, 2, 8]), Mean: 1.0030, Std: 1.5342
DEBUG: Pos Embed: torch.Size([1, 256, 2, 8]), Mean: 8.0594, Std: 7.9411
DEBUG: Visual Feat: torch.Size([1, 256, 2, 8]), Mean: 1.0025, Std: 1.5318
DEBUG: Pos Embed: torch.Size([1, 256, 2, 8]), Mean: 8.0594, Std: 7.9411
DEBUG: Visual Feat: torch.Size([1, 256, 2, 8]), Mean: 1.0019, Std: 1.5293
DEBUG: Pos Embed: torch.Size([1, 256, 2, 8]), Mean: 8.0594, Std: 7.9411
DEBUG: Visual Feat: torch.Size([1, 256, 2, 8]), Mean: 0.9592, Std: 1.4445
DEBUG: Pos Embed: torch.Size([1, 256, 2, 8]), Mean: 8.0594, Std: 7.9411
DEBUG: Visual Feat: torch.Size([1, 256, 2, 8]), Mean: 0.9592, Std: 1.4445
DEBUG: Pos Embed: torch.Size([1, 256, 2, 8]), Mean: 8.0594, Std: 7.9411

[Validation Debug] Samples:
  Pred Type: <class 'dict'>
  Pred Keys: ['logits', 'tokens']
  Pred IDs: [1, 2]
  Pred: '' | GT: '"변화와'
  Match Count: 0/1
DEBUG: Visual Feat: torch.Size([1, 256, 2, 8]), Mean: 1.0013, Std: 1.5269
DEBUG: Pos Embed: torch.Size([1, 256, 2, 8]), Mean: 8.0594, Std: 7.9411

[Grad Debug] Step 60 - Pos Encoder Grad Norm: 0.0000
[Grad Debug] Step 60 - Embed Tokens Grad Norm: 0.0000
DEBUG: Visual Feat: torch.Size([1, 256, 2, 8]), Mean: 1.0006, Std: 1.5247
DEBUG: Pos Embed: torch.Size([1, 256, 2, 8]), Mean: 8.0594, Std: 7.9411
DEBUG: Visual Feat: torch.Size([1, 256, 2, 8]), Mean: 1.0002, Std: 1.5230
DEBUG: Pos Embed: torch.Size([1, 256, 2, 8]), Mean: 8.0594, Std: 7.9411
DEBUG: Visual Feat: torch.Size([1, 256, 2, 8]), Mean: 0.9991, Std: 1.5199
DEBUG: Pos Embed: torch.Size([1, 256, 2, 8]), Mean: 8.0594, Std: 7.9411
DEBUG: Visual Feat: torch.Size([1, 256, 2, 8]), Mean: 0.9977, Std: 1.5159
DEBUG: Pos Embed: torch.Size([1, 256, 2, 8]), Mean: 8.0594, Std: 7.9411
DEBUG: Visual Feat: torch.Size([1, 256, 2, 8]), Mean: 0.9960, Std: 1.5130
DEBUG: Pos Embed: torch.Size([1, 256, 2, 8]), Mean: 8.0594, Std: 7.9411
DEBUG: Visual Feat: torch.Size([1, 256, 2, 8]), Mean: 0.9947, Std: 1.5107
DEBUG: Pos Embed: torch.Size([1, 256, 2, 8]), Mean: 8.0594, Std: 7.9411
DEBUG: Visual Feat: torch.Size([1, 256, 2, 8]), Mean: 0.9935, Std: 1.5084
DEBUG: Pos Embed: torch.Size([1, 256, 2, 8]), Mean: 8.0594, Std: 7.9411
DEBUG: Visual Feat: torch.Size([1, 256, 2, 8]), Mean: 0.9922, Std: 1.5052
DEBUG: Pos Embed: torch.Size([1, 256, 2, 8]), Mean: 8.0594, Std: 7.9411
DEBUG: Visual Feat: torch.Size([1, 256, 2, 8]), Mean: 0.9917, Std: 1.5053
DEBUG: Pos Embed: torch.Size([1, 256, 2, 8]), Mean: 8.0594, Std: 7.9411
DEBUG: Visual Feat: torch.Size([1, 256, 2, 8]), Mean: 0.9440, Std: 1.4123
DEBUG: Pos Embed: torch.Size([1, 256, 2, 8]), Mean: 8.0594, Std: 7.9411
DEBUG: Visual Feat: torch.Size([1, 256, 2, 8]), Mean: 0.9440, Std: 1.4123
DEBUG: Pos Embed: torch.Size([1, 256, 2, 8]), Mean: 8.0594, Std: 7.9411

[Validation Debug] Samples:
  Pred Type: <class 'dict'>
  Pred Keys: ['logits', 'tokens']
  Pred IDs: [1, 988, 988, 988, 988, 988, 988, 988, 988, 988, 988, 988, 988, 988, 988, 988, 988, 988, 988, 988, 988, 988, 988, 988, 988, 988]
  Pred: '화화화화화화화화화화화화화화화화화화화화화화화화화' | GT: '"변화와'
  Match Count: 0/1
DEBUG: Visual Feat: torch.Size([1, 256, 2, 8]), Mean: 0.9919, Std: 1.5075
DEBUG: Pos Embed: torch.Size([1, 256, 2, 8]), Mean: 8.0594, Std: 7.9411

[Grad Debug] Step 70 - Pos Encoder Grad Norm: 0.0000
[Grad Debug] Step 70 - Embed Tokens Grad Norm: 0.0000
DEBUG: Visual Feat: torch.Size([1, 256, 2, 8]), Mean: 0.9938, Std: 1.5151
DEBUG: Pos Embed: torch.Size([1, 256, 2, 8]), Mean: 8.0594, Std: 7.9411
DEBUG: Visual Feat: torch.Size([1, 256, 2, 8]), Mean: 0.9954, Std: 1.5212
DEBUG: Pos Embed: torch.Size([1, 256, 2, 8]), Mean: 8.0594, Std: 7.9411
DEBUG: Visual Feat: torch.Size([1, 256, 2, 8]), Mean: 0.9968, Std: 1.5237
DEBUG: Pos Embed: torch.Size([1, 256, 2, 8]), Mean: 8.0594, Std: 7.9411
DEBUG: Visual Feat: torch.Size([1, 256, 2, 8]), Mean: 0.9963, Std: 1.5253
DEBUG: Pos Embed: torch.Size([1, 256, 2, 8]), Mean: 8.0594, Std: 7.9411
DEBUG: Visual Feat: torch.Size([1, 256, 2, 8]), Mean: 0.9954, Std: 1.5240
DEBUG: Pos Embed: torch.Size([1, 256, 2, 8]), Mean: 8.0594, Std: 7.9411
DEBUG: Visual Feat: torch.Size([1, 256, 2, 8]), Mean: 0.9951, Std: 1.5222
DEBUG: Pos Embed: torch.Size([1, 256, 2, 8]), Mean: 8.0594, Std: 7.9411
DEBUG: Visual Feat: torch.Size([1, 256, 2, 8]), Mean: 0.9951, Std: 1.5219
DEBUG: Pos Embed: torch.Size([1, 256, 2, 8]), Mean: 8.0594, Std: 7.9411
DEBUG: Visual Feat: torch.Size([1, 256, 2, 8]), Mean: 0.9946, Std: 1.5218
DEBUG: Pos Embed: torch.Size([1, 256, 2, 8]), Mean: 8.0594, Std: 7.9411
DEBUG: Visual Feat: torch.Size([1, 256, 2, 8]), Mean: 0.9940, Std: 1.5216
DEBUG: Pos Embed: torch.Size([1, 256, 2, 8]), Mean: 8.0594, Std: 7.9411
DEBUG: Visual Feat: torch.Size([1, 256, 2, 8]), Mean: 0.9441, Std: 1.4171
DEBUG: Pos Embed: torch.Size([1, 256, 2, 8]), Mean: 8.0594, Std: 7.9411
DEBUG: Visual Feat: torch.Size([1, 256, 2, 8]), Mean: 0.9441, Std: 1.4171
DEBUG: Pos Embed: torch.Size([1, 256, 2, 8]), Mean: 8.0594, Std: 7.9411

[Validation Debug] Samples:
  Pred Type: <class 'dict'>
  Pred Keys: ['logits', 'tokens']
  Pred IDs: [1, 6, 6, 6, 6, 6, 6, 6, 6, 6, 6, 6, 6, 6, 6, 6, 6, 6, 6, 6, 6, 6, 6, 6, 6, 6]
  Pred: '"""""""""""""""""""""""""' | GT: '"변화와'
  Match Count: 0/1
DEBUG: Visual Feat: torch.Size([1, 256, 2, 8]), Mean: 0.9939, Std: 1.5205
DEBUG: Pos Embed: torch.Size([1, 256, 2, 8]), Mean: 8.0594, Std: 7.9411

[Grad Debug] Step 80 - Pos Encoder Grad Norm: 0.0000
[Grad Debug] Step 80 - Embed Tokens Grad Norm: 0.0000
DEBUG: Visual Feat: torch.Size([1, 256, 2, 8]), Mean: 0.9936, Std: 1.5194
DEBUG: Pos Embed: torch.Size([1, 256, 2, 8]), Mean: 8.0594, Std: 7.9411
DEBUG: Visual Feat: torch.Size([1, 256, 2, 8]), Mean: 0.9930, Std: 1.5177
DEBUG: Pos Embed: torch.Size([1, 256, 2, 8]), Mean: 8.0594, Std: 7.9411
DEBUG: Visual Feat: torch.Size([1, 256, 2, 8]), Mean: 0.9927, Std: 1.5159
DEBUG: Pos Embed: torch.Size([1, 256, 2, 8]), Mean: 8.0594, Std: 7.9411
DEBUG: Visual Feat: torch.Size([1, 256, 2, 8]), Mean: 0.9919, Std: 1.5122
DEBUG: Pos Embed: torch.Size([1, 256, 2, 8]), Mean: 8.0594, Std: 7.9411
DEBUG: Visual Feat: torch.Size([1, 256, 2, 8]), Mean: 0.9911, Std: 1.5088
DEBUG: Pos Embed: torch.Size([1, 256, 2, 8]), Mean: 8.0594, Std: 7.9411
DEBUG: Visual Feat: torch.Size([1, 256, 2, 8]), Mean: 0.9901, Std: 1.5060
DEBUG: Pos Embed: torch.Size([1, 256, 2, 8]), Mean: 8.0594, Std: 7.9411
DEBUG: Visual Feat: torch.Size([1, 256, 2, 8]), Mean: 0.9889, Std: 1.5034
DEBUG: Pos Embed: torch.Size([1, 256, 2, 8]), Mean: 8.0594, Std: 7.9411
DEBUG: Visual Feat: torch.Size([1, 256, 2, 8]), Mean: 0.9877, Std: 1.5019
DEBUG: Pos Embed: torch.Size([1, 256, 2, 8]), Mean: 8.0594, Std: 7.9411
DEBUG: Visual Feat: torch.Size([1, 256, 2, 8]), Mean: 0.9867, Std: 1.5007
DEBUG: Pos Embed: torch.Size([1, 256, 2, 8]), Mean: 8.0594, Std: 7.9411
DEBUG: Visual Feat: torch.Size([1, 256, 2, 8]), Mean: 0.9210, Std: 1.3831
DEBUG: Pos Embed: torch.Size([1, 256, 2, 8]), Mean: 8.0594, Std: 7.9411
DEBUG: Visual Feat: torch.Size([1, 256, 2, 8]), Mean: 0.9210, Std: 1.3831
DEBUG: Pos Embed: torch.Size([1, 256, 2, 8]), Mean: 8.0594, Std: 7.9411

[Validation Debug] Samples:
  Pred Type: <class 'dict'>
  Pred Keys: ['logits', 'tokens']
  Pred IDs: [1, 988, 988, 988, 988, 988, 988, 988, 988, 988, 988, 988, 988, 988, 988, 988, 988, 988, 988, 988, 988, 988, 988, 988, 988, 988]
  Pred: '화화화화화화화화화화화화화화화화화화화화화화화화화' | GT: '"변화와'
  Match Count: 0/1
DEBUG: Visual Feat: torch.Size([1, 256, 2, 8]), Mean: 0.9860, Std: 1.5005
DEBUG: Pos Embed: torch.Size([1, 256, 2, 8]), Mean: 8.0594, Std: 7.9411

[Grad Debug] Step 90 - Pos Encoder Grad Norm: 0.0000
[Grad Debug] Step 90 - Embed Tokens Grad Norm: 0.0000
DEBUG: Visual Feat: torch.Size([1, 256, 2, 8]), Mean: 0.9849, Std: 1.4984
DEBUG: Pos Embed: torch.Size([1, 256, 2, 8]), Mean: 8.0594, Std: 7.9411
DEBUG: Visual Feat: torch.Size([1, 256, 2, 8]), Mean: 0.9839, Std: 1.4948
DEBUG: Pos Embed: torch.Size([1, 256, 2, 8]), Mean: 8.0594, Std: 7.9411
DEBUG: Visual Feat: torch.Size([1, 256, 2, 8]), Mean: 0.9829, Std: 1.4919
DEBUG: Pos Embed: torch.Size([1, 256, 2, 8]), Mean: 8.0594, Std: 7.9411
DEBUG: Visual Feat: torch.Size([1, 256, 2, 8]), Mean: 0.9818, Std: 1.4874
DEBUG: Pos Embed: torch.Size([1, 256, 2, 8]), Mean: 8.0594, Std: 7.9411
DEBUG: Visual Feat: torch.Size([1, 256, 2, 8]), Mean: 0.9809, Std: 1.4861
DEBUG: Pos Embed: torch.Size([1, 256, 2, 8]), Mean: 8.0594, Std: 7.9411
DEBUG: Visual Feat: torch.Size([1, 256, 2, 8]), Mean: 0.9804, Std: 1.4868
DEBUG: Pos Embed: torch.Size([1, 256, 2, 8]), Mean: 8.0594, Std: 7.9411
DEBUG: Visual Feat: torch.Size([1, 256, 2, 8]), Mean: 0.9798, Std: 1.4873
DEBUG: Pos Embed: torch.Size([1, 256, 2, 8]), Mean: 8.0594, Std: 7.9411
DEBUG: Visual Feat: torch.Size([1, 256, 2, 8]), Mean: 0.9791, Std: 1.4868
DEBUG: Pos Embed: torch.Size([1, 256, 2, 8]), Mean: 8.0594, Std: 7.9411
DEBUG: Visual Feat: torch.Size([1, 256, 2, 8]), Mean: 0.9781, Std: 1.4852
DEBUG: Pos Embed: torch.Size([1, 256, 2, 8]), Mean: 8.0594, Std: 7.9411
DEBUG: Visual Feat: torch.Size([1, 256, 2, 8]), Mean: 0.9196, Std: 1.4164
DEBUG: Pos Embed: torch.Size([1, 256, 2, 8]), Mean: 8.0594, Std: 7.9411
DEBUG: Visual Feat: torch.Size([1, 256, 2, 8]), Mean: 0.9196, Std: 1.4164
DEBUG: Pos Embed: torch.Size([1, 256, 2, 8]), Mean: 8.0594, Std: 7.9411

[Validation Debug] Samples:
  Pred Type: <class 'dict'>
  Pred Keys: ['logits', 'tokens']
  Pred IDs: [1, 2]
  Pred: '' | GT: '"변화와'
  Match Count: 0/1
DEBUG: Visual Feat: torch.Size([1, 256, 2, 8]), Mean: 0.9773, Std: 1.4848
DEBUG: Pos Embed: torch.Size([1, 256, 2, 8]), Mean: 8.0594, Std: 7.9411

[Grad Debug] Step 100 - Pos Encoder Grad Norm: 0.0000
[Grad Debug] Step 100 - Embed Tokens Grad Norm: 0.0000
DEBUG: Visual Feat: torch.Size([1, 256, 2, 8]), Mean: 0.9765, Std: 1.4841
DEBUG: Pos Embed: torch.Size([1, 256, 2, 8]), Mean: 8.0594, Std: 7.9411
DEBUG: Visual Feat: torch.Size([1, 256, 2, 8]), Mean: 0.9761, Std: 1.4864
DEBUG: Pos Embed: torch.Size([1, 256, 2, 8]), Mean: 8.0594, Std: 7.9411
DEBUG: Visual Feat: torch.Size([1, 256, 2, 8]), Mean: 0.9754, Std: 1.4914
DEBUG: Pos Embed: torch.Size([1, 256, 2, 8]), Mean: 8.0594, Std: 7.9411
DEBUG: Visual Feat: torch.Size([1, 256, 2, 8]), Mean: 0.9747, Std: 1.4961
DEBUG: Pos Embed: torch.Size([1, 256, 2, 8]), Mean: 8.0594, Std: 7.9411
DEBUG: Visual Feat: torch.Size([1, 256, 2, 8]), Mean: 0.9738, Std: 1.5000
DEBUG: Pos Embed: torch.Size([1, 256, 2, 8]), Mean: 8.0594, Std: 7.9411
DEBUG: Visual Feat: torch.Size([1, 256, 2, 8]), Mean: 0.9728, Std: 1.5016
DEBUG: Pos Embed: torch.Size([1, 256, 2, 8]), Mean: 8.0594, Std: 7.9411
DEBUG: Visual Feat: torch.Size([1, 256, 2, 8]), Mean: 0.9717, Std: 1.5021
DEBUG: Pos Embed: torch.Size([1, 256, 2, 8]), Mean: 8.0594, Std: 7.9411
DEBUG: Visual Feat: torch.Size([1, 256, 2, 8]), Mean: 0.9710, Std: 1.5022
DEBUG: Pos Embed: torch.Size([1, 256, 2, 8]), Mean: 8.0594, Std: 7.9411
DEBUG: Visual Feat: torch.Size([1, 256, 2, 8]), Mean: 0.9705, Std: 1.5008
DEBUG: Pos Embed: torch.Size([1, 256, 2, 8]), Mean: 8.0594, Std: 7.9411
DEBUG: Visual Feat: torch.Size([1, 256, 2, 8]), Mean: 0.8918, Std: 1.4459
DEBUG: Pos Embed: torch.Size([1, 256, 2, 8]), Mean: 8.0594, Std: 7.9411
DEBUG: Visual Feat: torch.Size([1, 256, 2, 8]), Mean: 0.8918, Std: 1.4459
DEBUG: Pos Embed: torch.Size([1, 256, 2, 8]), Mean: 8.0594, Std: 7.9411

[Validation Debug] Samples:
  Pred Type: <class 'dict'>
  Pred Keys: ['logits', 'tokens']
  Pred IDs: [1, 988, 988, 988, 988, 988, 988, 988, 988, 988, 988, 988, 988, 988, 988, 988, 988, 988, 988, 988, 988, 988, 988, 988, 988, 988]
  Pred: '화화화화화화화화화화화화화화화화화화화화화화화화화' | GT: '"변화와'
  Match Count: 0/1
DEBUG: Visual Feat: torch.Size([1, 256, 2, 8]), Mean: 0.9699, Std: 1.4988
DEBUG: Pos Embed: torch.Size([1, 256, 2, 8]), Mean: 8.0594, Std: 7.9411

[Grad Debug] Step 110 - Pos Encoder Grad Norm: 0.0000
[Grad Debug] Step 110 - Embed Tokens Grad Norm: 0.0000
DEBUG: Visual Feat: torch.Size([1, 256, 2, 8]), Mean: 0.9692, Std: 1.4966
DEBUG: Pos Embed: torch.Size([1, 256, 2, 8]), Mean: 8.0594, Std: 7.9411
DEBUG: Visual Feat: torch.Size([1, 256, 2, 8]), Mean: 0.9684, Std: 1.4951
DEBUG: Pos Embed: torch.Size([1, 256, 2, 8]), Mean: 8.0594, Std: 7.9411
DEBUG: Visual Feat: torch.Size([1, 256, 2, 8]), Mean: 0.9672, Std: 1.4930
DEBUG: Pos Embed: torch.Size([1, 256, 2, 8]), Mean: 8.0594, Std: 7.9411
DEBUG: Visual Feat: torch.Size([1, 256, 2, 8]), Mean: 0.9656, Std: 1.4906
DEBUG: Pos Embed: torch.Size([1, 256, 2, 8]), Mean: 8.0594, Std: 7.9411
DEBUG: Visual Feat: torch.Size([1, 256, 2, 8]), Mean: 0.9640, Std: 1.4880
DEBUG: Pos Embed: torch.Size([1, 256, 2, 8]), Mean: 8.0594, Std: 7.9411
DEBUG: Visual Feat: torch.Size([1, 256, 2, 8]), Mean: 0.9628, Std: 1.4862
DEBUG: Pos Embed: torch.Size([1, 256, 2, 8]), Mean: 8.0594, Std: 7.9411
DEBUG: Visual Feat: torch.Size([1, 256, 2, 8]), Mean: 0.9620, Std: 1.4861
DEBUG: Pos Embed: torch.Size([1, 256, 2, 8]), Mean: 8.0594, Std: 7.9411
DEBUG: Visual Feat: torch.Size([1, 256, 2, 8]), Mean: 0.9611, Std: 1.4845
DEBUG: Pos Embed: torch.Size([1, 256, 2, 8]), Mean: 8.0594, Std: 7.9411
DEBUG: Visual Feat: torch.Size([1, 256, 2, 8]), Mean: 0.9602, Std: 1.4836
DEBUG: Pos Embed: torch.Size([1, 256, 2, 8]), Mean: 8.0594, Std: 7.9411
DEBUG: Visual Feat: torch.Size([1, 256, 2, 8]), Mean: 0.8712, Std: 1.3986
DEBUG: Pos Embed: torch.Size([1, 256, 2, 8]), Mean: 8.0594, Std: 7.9411
DEBUG: Visual Feat: torch.Size([1, 256, 2, 8]), Mean: 0.8712, Std: 1.3986
DEBUG: Pos Embed: torch.Size([1, 256, 2, 8]), Mean: 8.0594, Std: 7.9411

[Validation Debug] Samples:
  Pred Type: <class 'dict'>
  Pred Keys: ['logits', 'tokens']
  Pred IDs: [1, 2]
  Pred: '' | GT: '"변화와'
  Match Count: 0/1
DEBUG: Visual Feat: torch.Size([1, 256, 2, 8]), Mean: 0.9593, Std: 1.4821
DEBUG: Pos Embed: torch.Size([1, 256, 2, 8]), Mean: 8.0594, Std: 7.9411

[Grad Debug] Step 120 - Pos Encoder Grad Norm: 0.0000
[Grad Debug] Step 120 - Embed Tokens Grad Norm: 0.0000
DEBUG: Visual Feat: torch.Size([1, 256, 2, 8]), Mean: 0.9584, Std: 1.4804
DEBUG: Pos Embed: torch.Size([1, 256, 2, 8]), Mean: 8.0594, Std: 7.9411
DEBUG: Visual Feat: torch.Size([1, 256, 2, 8]), Mean: 0.9575, Std: 1.4784
DEBUG: Pos Embed: torch.Size([1, 256, 2, 8]), Mean: 8.0594, Std: 7.9411
DEBUG: Visual Feat: torch.Size([1, 256, 2, 8]), Mean: 0.9564, Std: 1.4765
DEBUG: Pos Embed: torch.Size([1, 256, 2, 8]), Mean: 8.0594, Std: 7.9411
DEBUG: Visual Feat: torch.Size([1, 256, 2, 8]), Mean: 0.9555, Std: 1.4746
DEBUG: Pos Embed: torch.Size([1, 256, 2, 8]), Mean: 8.0594, Std: 7.9411
DEBUG: Visual Feat: torch.Size([1, 256, 2, 8]), Mean: 0.9547, Std: 1.4737
DEBUG: Pos Embed: torch.Size([1, 256, 2, 8]), Mean: 8.0594, Std: 7.9411
DEBUG: Visual Feat: torch.Size([1, 256, 2, 8]), Mean: 0.9541, Std: 1.4723
DEBUG: Pos Embed: torch.Size([1, 256, 2, 8]), Mean: 8.0594, Std: 7.9411
DEBUG: Visual Feat: torch.Size([1, 256, 2, 8]), Mean: 0.9537, Std: 1.4702
DEBUG: Pos Embed: torch.Size([1, 256, 2, 8]), Mean: 8.0594, Std: 7.9411
DEBUG: Visual Feat: torch.Size([1, 256, 2, 8]), Mean: 0.9529, Std: 1.4687
DEBUG: Pos Embed: torch.Size([1, 256, 2, 8]), Mean: 8.0594, Std: 7.9411
DEBUG: Visual Feat: torch.Size([1, 256, 2, 8]), Mean: 0.9527, Std: 1.4685
DEBUG: Pos Embed: torch.Size([1, 256, 2, 8]), Mean: 8.0594, Std: 7.9411
DEBUG: Visual Feat: torch.Size([1, 256, 2, 8]), Mean: 0.8721, Std: 1.3923
DEBUG: Pos Embed: torch.Size([1, 256, 2, 8]), Mean: 8.0594, Std: 7.9411
DEBUG: Visual Feat: torch.Size([1, 256, 2, 8]), Mean: 0.8721, Std: 1.3923
DEBUG: Pos Embed: torch.Size([1, 256, 2, 8]), Mean: 8.0594, Std: 7.9411

[Validation Debug] Samples:
  Pred Type: <class 'dict'>
  Pred Keys: ['logits', 'tokens']
  Pred IDs: [1, 539, 539, 539, 539, 539, 539, 539, 539, 539, 539, 539, 539, 539, 539, 539, 539, 539, 539, 539, 539, 539, 539, 539, 539, 539]
  Pred: '변변변변변변변변변변변변변변변변변변변변변변변변변' | GT: '"변화와'
  Match Count: 0/1
DEBUG: Visual Feat: torch.Size([1, 256, 2, 8]), Mean: 0.9527, Std: 1.4684
DEBUG: Pos Embed: torch.Size([1, 256, 2, 8]), Mean: 8.0594, Std: 7.9411

[Grad Debug] Step 130 - Pos Encoder Grad Norm: 0.0000
[Grad Debug] Step 130 - Embed Tokens Grad Norm: 0.0000
DEBUG: Visual Feat: torch.Size([1, 256, 2, 8]), Mean: 0.9528, Std: 1.4692
DEBUG: Pos Embed: torch.Size([1, 256, 2, 8]), Mean: 8.0594, Std: 7.9411
DEBUG: Visual Feat: torch.Size([1, 256, 2, 8]), Mean: 0.9526, Std: 1.4689
DEBUG: Pos Embed: torch.Size([1, 256, 2, 8]), Mean: 8.0594, Std: 7.9411
DEBUG: Visual Feat: torch.Size([1, 256, 2, 8]), Mean: 0.9527, Std: 1.4683
DEBUG: Pos Embed: torch.Size([1, 256, 2, 8]), Mean: 8.0594, Std: 7.9411
DEBUG: Visual Feat: torch.Size([1, 256, 2, 8]), Mean: 0.9524, Std: 1.4663
DEBUG: Pos Embed: torch.Size([1, 256, 2, 8]), Mean: 8.0594, Std: 7.9411
DEBUG: Visual Feat: torch.Size([1, 256, 2, 8]), Mean: 0.9519, Std: 1.4639
DEBUG: Pos Embed: torch.Size([1, 256, 2, 8]), Mean: 8.0594, Std: 7.9411
DEBUG: Visual Feat: torch.Size([1, 256, 2, 8]), Mean: 0.9516, Std: 1.4615
DEBUG: Pos Embed: torch.Size([1, 256, 2, 8]), Mean: 8.0594, Std: 7.9411
DEBUG: Visual Feat: torch.Size([1, 256, 2, 8]), Mean: 0.9511, Std: 1.4591
DEBUG: Pos Embed: torch.Size([1, 256, 2, 8]), Mean: 8.0594, Std: 7.9411
DEBUG: Visual Feat: torch.Size([1, 256, 2, 8]), Mean: 0.9501, Std: 1.4559
DEBUG: Pos Embed: torch.Size([1, 256, 2, 8]), Mean: 8.0594, Std: 7.9411
DEBUG: Visual Feat: torch.Size([1, 256, 2, 8]), Mean: 0.9488, Std: 1.4526
DEBUG: Pos Embed: torch.Size([1, 256, 2, 8]), Mean: 8.0594, Std: 7.9411
DEBUG: Visual Feat: torch.Size([1, 256, 2, 8]), Mean: 0.8965, Std: 1.3881
DEBUG: Pos Embed: torch.Size([1, 256, 2, 8]), Mean: 8.0594, Std: 7.9411
DEBUG: Visual Feat: torch.Size([1, 256, 2, 8]), Mean: 0.8965, Std: 1.3881
DEBUG: Pos Embed: torch.Size([1, 256, 2, 8]), Mean: 8.0594, Std: 7.9411

[Validation Debug] Samples:
  Pred Type: <class 'dict'>
  Pred Keys: ['logits', 'tokens']
  Pred IDs: [1, 2]
  Pred: '' | GT: '"변화와'
  Match Count: 0/1
DEBUG: Visual Feat: torch.Size([1, 256, 2, 8]), Mean: 0.9476, Std: 1.4490
DEBUG: Pos Embed: torch.Size([1, 256, 2, 8]), Mean: 8.0594, Std: 7.9411

[Grad Debug] Step 140 - Pos Encoder Grad Norm: 0.0000
[Grad Debug] Step 140 - Embed Tokens Grad Norm: 0.0000
DEBUG: Visual Feat: torch.Size([1, 256, 2, 8]), Mean: 0.9463, Std: 1.4453
DEBUG: Pos Embed: torch.Size([1, 256, 2, 8]), Mean: 8.0594, Std: 7.9411
DEBUG: Visual Feat: torch.Size([1, 256, 2, 8]), Mean: 0.9447, Std: 1.4410
DEBUG: Pos Embed: torch.Size([1, 256, 2, 8]), Mean: 8.0594, Std: 7.9411
DEBUG: Visual Feat: torch.Size([1, 256, 2, 8]), Mean: 0.9431, Std: 1.4359
DEBUG: Pos Embed: torch.Size([1, 256, 2, 8]), Mean: 8.0594, Std: 7.9411
DEBUG: Visual Feat: torch.Size([1, 256, 2, 8]), Mean: 0.9415, Std: 1.4334
DEBUG: Pos Embed: torch.Size([1, 256, 2, 8]), Mean: 8.0594, Std: 7.9411
DEBUG: Visual Feat: torch.Size([1, 256, 2, 8]), Mean: 0.9399, Std: 1.4303
DEBUG: Pos Embed: torch.Size([1, 256, 2, 8]), Mean: 8.0594, Std: 7.9411
DEBUG: Visual Feat: torch.Size([1, 256, 2, 8]), Mean: 0.9386, Std: 1.4280
DEBUG: Pos Embed: torch.Size([1, 256, 2, 8]), Mean: 8.0594, Std: 7.9411
DEBUG: Visual Feat: torch.Size([1, 256, 2, 8]), Mean: 0.9376, Std: 1.4250
DEBUG: Pos Embed: torch.Size([1, 256, 2, 8]), Mean: 8.0594, Std: 7.9411
DEBUG: Visual Feat: torch.Size([1, 256, 2, 8]), Mean: 0.9370, Std: 1.4234
DEBUG: Pos Embed: torch.Size([1, 256, 2, 8]), Mean: 8.0594, Std: 7.9411
DEBUG: Visual Feat: torch.Size([1, 256, 2, 8]), Mean: 0.9364, Std: 1.4232
DEBUG: Pos Embed: torch.Size([1, 256, 2, 8]), Mean: 8.0594, Std: 7.9411
DEBUG: Visual Feat: torch.Size([1, 256, 2, 8]), Mean: 0.8812, Std: 1.3492
DEBUG: Pos Embed: torch.Size([1, 256, 2, 8]), Mean: 8.0594, Std: 7.9411
DEBUG: Visual Feat: torch.Size([1, 256, 2, 8]), Mean: 0.8812, Std: 1.3492
DEBUG: Pos Embed: torch.Size([1, 256, 2, 8]), Mean: 8.0594, Std: 7.9411

[Validation Debug] Samples:
  Pred Type: <class 'dict'>
  Pred Keys: ['logits', 'tokens']
  Pred IDs: [1, 2]
  Pred: '' | GT: '"변화와'
  Match Count: 0/1
DEBUG: Visual Feat: torch.Size([1, 256, 2, 8]), Mean: 0.9360, Std: 1.4239
DEBUG: Pos Embed: torch.Size([1, 256, 2, 8]), Mean: 8.0594, Std: 7.9411

[Grad Debug] Step 150 - Pos Encoder Grad Norm: 0.0000
[Grad Debug] Step 150 - Embed Tokens Grad Norm: 0.0000
DEBUG: Visual Feat: torch.Size([1, 256, 2, 8]), Mean: 0.9368, Std: 1.4283
DEBUG: Pos Embed: torch.Size([1, 256, 2, 8]), Mean: 8.0594, Std: 7.9411
DEBUG: Visual Feat: torch.Size([1, 256, 2, 8]), Mean: 0.9371, Std: 1.4318
DEBUG: Pos Embed: torch.Size([1, 256, 2, 8]), Mean: 8.0594, Std: 7.9411
DEBUG: Visual Feat: torch.Size([1, 256, 2, 8]), Mean: 0.9370, Std: 1.4341
DEBUG: Pos Embed: torch.Size([1, 256, 2, 8]), Mean: 8.0594, Std: 7.9411
DEBUG: Visual Feat: torch.Size([1, 256, 2, 8]), Mean: 0.9366, Std: 1.4351
DEBUG: Pos Embed: torch.Size([1, 256, 2, 8]), Mean: 8.0594, Std: 7.9411
DEBUG: Visual Feat: torch.Size([1, 256, 2, 8]), Mean: 0.9363, Std: 1.4349
DEBUG: Pos Embed: torch.Size([1, 256, 2, 8]), Mean: 8.0594, Std: 7.9411
DEBUG: Visual Feat: torch.Size([1, 256, 2, 8]), Mean: 0.9352, Std: 1.4335
DEBUG: Pos Embed: torch.Size([1, 256, 2, 8]), Mean: 8.0594, Std: 7.9411
DEBUG: Visual Feat: torch.Size([1, 256, 2, 8]), Mean: 0.9342, Std: 1.4314
DEBUG: Pos Embed: torch.Size([1, 256, 2, 8]), Mean: 8.0594, Std: 7.9411
DEBUG: Visual Feat: torch.Size([1, 256, 2, 8]), Mean: 0.9332, Std: 1.4292
DEBUG: Pos Embed: torch.Size([1, 256, 2, 8]), Mean: 8.0594, Std: 7.9411
DEBUG: Visual Feat: torch.Size([1, 256, 2, 8]), Mean: 0.9321, Std: 1.4273
DEBUG: Pos Embed: torch.Size([1, 256, 2, 8]), Mean: 8.0594, Std: 7.9411
DEBUG: Visual Feat: torch.Size([1, 256, 2, 8]), Mean: 0.8952, Std: 1.3397
DEBUG: Pos Embed: torch.Size([1, 256, 2, 8]), Mean: 8.0594, Std: 7.9411
DEBUG: Visual Feat: torch.Size([1, 256, 2, 8]), Mean: 0.8952, Std: 1.3397
DEBUG: Pos Embed: torch.Size([1, 256, 2, 8]), Mean: 8.0594, Std: 7.9411

[Validation Debug] Samples:
  Pred Type: <class 'dict'>
  Pred Keys: ['logits', 'tokens']
  Pred IDs: [1, 2]
  Pred: '' | GT: '"변화와'
  Match Count: 0/1
DEBUG: Visual Feat: torch.Size([1, 256, 2, 8]), Mean: 0.9305, Std: 1.4233
DEBUG: Pos Embed: torch.Size([1, 256, 2, 8]), Mean: 8.0594, Std: 7.9411

[Grad Debug] Step 160 - Pos Encoder Grad Norm: 0.0000
[Grad Debug] Step 160 - Embed Tokens Grad Norm: 0.0000
DEBUG: Visual Feat: torch.Size([1, 256, 2, 8]), Mean: 0.9284, Std: 1.4166
DEBUG: Pos Embed: torch.Size([1, 256, 2, 8]), Mean: 8.0594, Std: 7.9411
DEBUG: Visual Feat: torch.Size([1, 256, 2, 8]), Mean: 0.9261, Std: 1.4119
DEBUG: Pos Embed: torch.Size([1, 256, 2, 8]), Mean: 8.0594, Std: 7.9411
DEBUG: Visual Feat: torch.Size([1, 256, 2, 8]), Mean: 0.9241, Std: 1.4101
DEBUG: Pos Embed: torch.Size([1, 256, 2, 8]), Mean: 8.0594, Std: 7.9411INFO: `Trainer.fit` stopped: `max_epochs=200` reached.

DEBUG: Visual Feat: torch.Size([1, 256, 2, 8]), Mean: 0.9226, Std: 1.4097
DEBUG: Pos Embed: torch.Size([1, 256, 2, 8]), Mean: 8.0594, Std: 7.9411
DEBUG: Visual Feat: torch.Size([1, 256, 2, 8]), Mean: 0.9212, Std: 1.4096
DEBUG: Pos Embed: torch.Size([1, 256, 2, 8]), Mean: 8.0594, Std: 7.9411
DEBUG: Visual Feat: torch.Size([1, 256, 2, 8]), Mean: 0.9199, Std: 1.4086
DEBUG: Pos Embed: torch.Size([1, 256, 2, 8]), Mean: 8.0594, Std: 7.9411
DEBUG: Visual Feat: torch.Size([1, 256, 2, 8]), Mean: 0.9195, Std: 1.4083
DEBUG: Pos Embed: torch.Size([1, 256, 2, 8]), Mean: 8.0594, Std: 7.9411
DEBUG: Visual Feat: torch.Size([1, 256, 2, 8]), Mean: 0.9184, Std: 1.4063
DEBUG: Pos Embed: torch.Size([1, 256, 2, 8]), Mean: 8.0594, Std: 7.9411
DEBUG: Visual Feat: torch.Size([1, 256, 2, 8]), Mean: 0.9172, Std: 1.4050
DEBUG: Pos Embed: torch.Size([1, 256, 2, 8]), Mean: 8.0594, Std: 7.9411
DEBUG: Visual Feat: torch.Size([1, 256, 2, 8]), Mean: 0.8926, Std: 1.3336
DEBUG: Pos Embed: torch.Size([1, 256, 2, 8]), Mean: 8.0594, Std: 7.9411
DEBUG: Visual Feat: torch.Size([1, 256, 2, 8]), Mean: 0.8926, Std: 1.3336
DEBUG: Pos Embed: torch.Size([1, 256, 2, 8]), Mean: 8.0594, Std: 7.9411

[Validation Debug] Samples:
  Pred Type: <class 'dict'>
  Pred Keys: ['logits', 'tokens']
  Pred IDs: [1, 6, 6, 6, 6, 6, 6, 6, 6, 6, 6, 6, 6, 6, 6, 6, 6, 6, 6, 6, 6, 6, 6, 6, 6, 6]
  Pred: '"""""""""""""""""""""""""' | GT: '"변화와'
  Match Count: 0/1
DEBUG: Visual Feat: torch.Size([1, 256, 2, 8]), Mean: 0.9164, Std: 1.4047
DEBUG: Pos Embed: torch.Size([1, 256, 2, 8]), Mean: 8.0594, Std: 7.9411

[Grad Debug] Step 170 - Pos Encoder Grad Norm: 0.0000
[Grad Debug] Step 170 - Embed Tokens Grad Norm: 0.0000
DEBUG: Visual Feat: torch.Size([1, 256, 2, 8]), Mean: 0.9156, Std: 1.4043
DEBUG: Pos Embed: torch.Size([1, 256, 2, 8]), Mean: 8.0594, Std: 7.9411
DEBUG: Visual Feat: torch.Size([1, 256, 2, 8]), Mean: 0.9153, Std: 1.4052
DEBUG: Pos Embed: torch.Size([1, 256, 2, 8]), Mean: 8.0594, Std: 7.9411
DEBUG: Visual Feat: torch.Size([1, 256, 2, 8]), Mean: 0.9148, Std: 1.4054
DEBUG: Pos Embed: torch.Size([1, 256, 2, 8]), Mean: 8.0594, Std: 7.9411
DEBUG: Visual Feat: torch.Size([1, 256, 2, 8]), Mean: 0.9155, Std: 1.4069
DEBUG: Pos Embed: torch.Size([1, 256, 2, 8]), Mean: 8.0594, Std: 7.9411
DEBUG: Visual Feat: torch.Size([1, 256, 2, 8]), Mean: 0.9149, Std: 1.4049
DEBUG: Pos Embed: torch.Size([1, 256, 2, 8]), Mean: 8.0594, Std: 7.9411
DEBUG: Visual Feat: torch.Size([1, 256, 2, 8]), Mean: 0.9141, Std: 1.4018
DEBUG: Pos Embed: torch.Size([1, 256, 2, 8]), Mean: 8.0594, Std: 7.9411
DEBUG: Visual Feat: torch.Size([1, 256, 2, 8]), Mean: 0.9128, Std: 1.3985
DEBUG: Pos Embed: torch.Size([1, 256, 2, 8]), Mean: 8.0594, Std: 7.9411
DEBUG: Visual Feat: torch.Size([1, 256, 2, 8]), Mean: 0.9113, Std: 1.3943
DEBUG: Pos Embed: torch.Size([1, 256, 2, 8]), Mean: 8.0594, Std: 7.9411
DEBUG: Visual Feat: torch.Size([1, 256, 2, 8]), Mean: 0.9096, Std: 1.3935
DEBUG: Pos Embed: torch.Size([1, 256, 2, 8]), Mean: 8.0594, Std: 7.9411
DEBUG: Visual Feat: torch.Size([1, 256, 2, 8]), Mean: 0.9193, Std: 1.3525
DEBUG: Pos Embed: torch.Size([1, 256, 2, 8]), Mean: 8.0594, Std: 7.9411
DEBUG: Visual Feat: torch.Size([1, 256, 2, 8]), Mean: 0.9193, Std: 1.3525
DEBUG: Pos Embed: torch.Size([1, 256, 2, 8]), Mean: 8.0594, Std: 7.9411

[Validation Debug] Samples:
  Pred Type: <class 'dict'>
  Pred Keys: ['logits', 'tokens']
  Pred IDs: [1, 6, 6, 6, 6, 6, 6, 6, 6, 6, 6, 6, 6, 6, 6, 6, 6, 6, 6, 6, 6, 6, 6, 6, 6, 6]
  Pred: '"""""""""""""""""""""""""' | GT: '"변화와'
  Match Count: 0/1
DEBUG: Visual Feat: torch.Size([1, 256, 2, 8]), Mean: 0.9079, Std: 1.3926
DEBUG: Pos Embed: torch.Size([1, 256, 2, 8]), Mean: 8.0594, Std: 7.9411

[Grad Debug] Step 180 - Pos Encoder Grad Norm: 0.0000
[Grad Debug] Step 180 - Embed Tokens Grad Norm: 0.0000
DEBUG: Visual Feat: torch.Size([1, 256, 2, 8]), Mean: 0.9060, Std: 1.3944
DEBUG: Pos Embed: torch.Size([1, 256, 2, 8]), Mean: 8.0594, Std: 7.9411
DEBUG: Visual Feat: torch.Size([1, 256, 2, 8]), Mean: 0.9037, Std: 1.3935
DEBUG: Pos Embed: torch.Size([1, 256, 2, 8]), Mean: 8.0594, Std: 7.9411
DEBUG: Visual Feat: torch.Size([1, 256, 2, 8]), Mean: 0.9030, Std: 1.3968
DEBUG: Pos Embed: torch.Size([1, 256, 2, 8]), Mean: 8.0594, Std: 7.9411
DEBUG: Visual Feat: torch.Size([1, 256, 2, 8]), Mean: 0.9032, Std: 1.3987
DEBUG: Pos Embed: torch.Size([1, 256, 2, 8]), Mean: 8.0594, Std: 7.9411
DEBUG: Visual Feat: torch.Size([1, 256, 2, 8]), Mean: 0.9024, Std: 1.3989
DEBUG: Pos Embed: torch.Size([1, 256, 2, 8]), Mean: 8.0594, Std: 7.9411
DEBUG: Visual Feat: torch.Size([1, 256, 2, 8]), Mean: 0.9019, Std: 1.3980
DEBUG: Pos Embed: torch.Size([1, 256, 2, 8]), Mean: 8.0594, Std: 7.9411
DEBUG: Visual Feat: torch.Size([1, 256, 2, 8]), Mean: 0.9009, Std: 1.3960
DEBUG: Pos Embed: torch.Size([1, 256, 2, 8]), Mean: 8.0594, Std: 7.9411
DEBUG: Visual Feat: torch.Size([1, 256, 2, 8]), Mean: 0.9004, Std: 1.3943
DEBUG: Pos Embed: torch.Size([1, 256, 2, 8]), Mean: 8.0594, Std: 7.9411
DEBUG: Visual Feat: torch.Size([1, 256, 2, 8]), Mean: 0.8981, Std: 1.3908
DEBUG: Pos Embed: torch.Size([1, 256, 2, 8]), Mean: 8.0594, Std: 7.9411
DEBUG: Visual Feat: torch.Size([1, 256, 2, 8]), Mean: 0.8821, Std: 1.3630
DEBUG: Pos Embed: torch.Size([1, 256, 2, 8]), Mean: 8.0594, Std: 7.9411
DEBUG: Visual Feat: torch.Size([1, 256, 2, 8]), Mean: 0.8821, Std: 1.3630
DEBUG: Pos Embed: torch.Size([1, 256, 2, 8]), Mean: 8.0594, Std: 7.9411

[Validation Debug] Samples:
  Pred Type: <class 'dict'>
  Pred Keys: ['logits', 'tokens']
  Pred IDs: [1, 2]
  Pred: '' | GT: '"변화와'
  Match Count: 0/1
DEBUG: Visual Feat: torch.Size([1, 256, 2, 8]), Mean: 0.8964, Std: 1.3892
DEBUG: Pos Embed: torch.Size([1, 256, 2, 8]), Mean: 8.0594, Std: 7.9411

[Grad Debug] Step 190 - Pos Encoder Grad Norm: 0.0000
[Grad Debug] Step 190 - Embed Tokens Grad Norm: 0.0000
DEBUG: Visual Feat: torch.Size([1, 256, 2, 8]), Mean: 0.8943, Std: 1.3852
DEBUG: Pos Embed: torch.Size([1, 256, 2, 8]), Mean: 8.0594, Std: 7.9411
DEBUG: Visual Feat: torch.Size([1, 256, 2, 8]), Mean: 0.8919, Std: 1.3793
DEBUG: Pos Embed: torch.Size([1, 256, 2, 8]), Mean: 8.0594, Std: 7.9411
DEBUG: Visual Feat: torch.Size([1, 256, 2, 8]), Mean: 0.8904, Std: 1.3730
DEBUG: Pos Embed: torch.Size([1, 256, 2, 8]), Mean: 8.0594, Std: 7.9411
DEBUG: Visual Feat: torch.Size([1, 256, 2, 8]), Mean: 0.8899, Std: 1.3684
DEBUG: Pos Embed: torch.Size([1, 256, 2, 8]), Mean: 8.0594, Std: 7.9411
DEBUG: Visual Feat: torch.Size([1, 256, 2, 8]), Mean: 0.8888, Std: 1.3648
DEBUG: Pos Embed: torch.Size([1, 256, 2, 8]), Mean: 8.0594, Std: 7.9411
DEBUG: Visual Feat: torch.Size([1, 256, 2, 8]), Mean: 0.8882, Std: 1.3606
DEBUG: Pos Embed: torch.Size([1, 256, 2, 8]), Mean: 8.0594, Std: 7.9411
DEBUG: Visual Feat: torch.Size([1, 256, 2, 8]), Mean: 0.8878, Std: 1.3570
DEBUG: Pos Embed: torch.Size([1, 256, 2, 8]), Mean: 8.0594, Std: 7.9411
DEBUG: Visual Feat: torch.Size([1, 256, 2, 8]), Mean: 0.8875, Std: 1.3562
DEBUG: Pos Embed: torch.Size([1, 256, 2, 8]), Mean: 8.0594, Std: 7.9411
DEBUG: Visual Feat: torch.Size([1, 256, 2, 8]), Mean: 0.8869, Std: 1.3566
DEBUG: Pos Embed: torch.Size([1, 256, 2, 8]), Mean: 8.0594, Std: 7.9411
DEBUG: Visual Feat: torch.Size([1, 256, 2, 8]), Mean: 0.8849, Std: 1.3380
DEBUG: Pos Embed: torch.Size([1, 256, 2, 8]), Mean: 8.0594, Std: 7.9411
DEBUG: Visual Feat: torch.Size([1, 256, 2, 8]), Mean: 0.8849, Std: 1.3380
DEBUG: Pos Embed: torch.Size([1, 256, 2, 8]), Mean: 8.0594, Std: 7.9411

[Validation Debug] Samples:
  Pred Type: <class 'dict'>
  Pred Keys: ['logits', 'tokens']
  Pred IDs: [1, 2]
  Pred: '' | GT: '"변화와'
  Match Count: 0/1
[2026-02-07 22:18:41,211][lightning.pytorch.utilities.rank_zero][INFO] - `Trainer.fit` stopped: `max_epochs=200` reached.
Epoch 199/199 ━━━━━━━━━━━━━━━━━━━━━━━━━━━━━━━━━━━━━━ 1/1 0:00:00 • 0:00:00 0.00it/s v_num: 60.000 val/acc: 0.000 val/cer: 
                                                                                    1.000                                 
[2026-02-07 22:18:41,606][ocr.pipelines.orchestrator][INFO] - \n✅ Training complete!

✅ Training test completed successfully!
