================================================
Quick Training Test (GPU, Limited Batches)
================================================
[2026-02-07 22:16:21,063][ocr.pipelines.orchestrator][INFO] - 🎯 OCRProjectOrchestrator initialized
[2026-02-07 22:16:21,063][ocr.pipelines.orchestrator][INFO] -    Domain: recognition
[2026-02-07 22:16:21,063][ocr.pipelines.orchestrator][INFO] -    Mode: train
[2026-02-07 22:16:21,063][ocr.pipelines.orchestrator][INFO] - \n============================================================
[2026-02-07 22:16:21,063][ocr.pipelines.orchestrator][INFO] - 🚀 Starting TRAIN for recognition domain
[2026-02-07 22:16:21,063][ocr.pipelines.orchestrator][INFO] - ============================================================\n
[2026-02-07 22:16:21,063][ocr.pipelines.orchestrator][INFO] - 🏗️ Building model and datasets...
[2026-02-07 22:16:21,063][ocr.pipelines.strategies.recognition_config][INFO] - 💉 Injecting vocab_size for recognition model...
[2026-02-07 22:16:21,065][ocr.domains.recognition.data.tokenizer][INFO] - Loaded tokenizer: 1023 chars, vocab_size=1027, max_len=25
[2026-02-07 22:16:21,066][ocr.pipelines.strategies.recognition_config][INFO] -    ✓ Vocab size 1027 injected into model config
[2026-02-07 22:16:22,615][timm.models._builder][INFO] - Loading pretrained weights from Hugging Face hub (timm/resnet18.a1_in1k)
[2026-02-07 22:16:22,865][timm.models._hub][INFO] - [timm/resnet18.a1_in1k] Safe alternative available for 'pytorch_model.bin' (as 'model.safetensors'). Loading weights using safetensors.
[2026-02-07 22:16:23,021][timm.models._builder][INFO] - Loading pretrained weights from Hugging Face hub (timm/resnet18.a1_in1k)
[2026-02-07 22:16:23,220][timm.models._hub][INFO] - [timm/resnet18.a1_in1k] Safe alternative available for 'pytorch_model.bin' (as 'model.safetensors'). Loading weights using safetensors.
[2026-02-07 22:16:23,278][ocr.pipelines.orchestrator][INFO] -    ✓ Model created: PARSeq
[2026-02-07 22:16:23,283][ocr.domains.recognition.data.tokenizer][INFO] - Loaded tokenizer: 1023 chars, vocab_size=1027, max_len=25
[2026-02-07 22:16:23,286][ocr.domains.recognition.data.tokenizer][INFO] - Loaded tokenizer: 1023 chars, vocab_size=1027, max_len=25
[2026-02-07 22:16:23,290][ocr.domains.recognition.data.tokenizer][INFO] - Loaded tokenizer: 1023 chars, vocab_size=1027, max_len=25
[2026-02-07 22:16:23,293][ocr.domains.recognition.data.tokenizer][INFO] - Loaded tokenizer: 1023 chars, vocab_size=1027, max_len=25
[2026-02-07 22:16:23,295][ocr.pipelines.orchestrator][INFO] -    ✓ Datasets created
[2026-02-07 22:16:23,316][ocr.pipelines.orchestrator][INFO] -    ✓ RecognitionPLModule created
[2026-02-07 22:16:23,326][ocr.pipelines.orchestrator][INFO] -    ✓ DataModule created
[2026-02-07 22:16:23,326][ocr.pipelines.orchestrator][INFO] - ⚡ Configuring Lightning Trainer...
INFO: GPU available: True (cuda), used: True
[2026-02-07 22:16:23,365][lightning.pytorch.utilities.rank_zero][INFO] - GPU available: True (cuda), used: True
INFO: TPU available: False, using: 0 TPU cores
[2026-02-07 22:16:23,365][lightning.pytorch.utilities.rank_zero][INFO] - TPU available: False, using: 0 TPU cores
INFO: 💡 Tip: For seamless cloud logging and experiment tracking, try installing [litlogger](https://pypi.org/project/litlogger/) to enable LitLogger, which logs metrics and artifacts automatically to the Lightning Experiments platform.
[2026-02-07 22:16:23,366][lightning.pytorch.utilities.rank_zero][INFO] - 💡 Tip: For seamless cloud logging and experiment tracking, try installing [litlogger](https://pypi.org/project/litlogger/) to enable LitLogger, which logs metrics and artifacts automatically to the Lightning Experiments platform.
INFO: `Trainer(overfit_batches=1)` was configured so 1 batch will be used.
[2026-02-07 22:16:23,366][lightning.pytorch.utilities.rank_zero][INFO] - `Trainer(overfit_batches=1)` was configured so 1 batch will be used.
[2026-02-07 22:16:23,366][ocr.pipelines.orchestrator][INFO] -    ✓ Trainer ready
[2026-02-07 22:16:23,366][ocr.pipelines.orchestrator][INFO] - 🏋️ Starting training...\n
INFO: LOCAL_RANK: 0 - CUDA_VISIBLE_DEVICES: [0]
[2026-02-07 22:16:23,552][lightning.pytorch.accelerators.cuda][INFO] - LOCAL_RANK: 0 - CUDA_VISIBLE_DEVICES: [0]
┏━━━┳━━━━━━━━━┳━━━━━━━━━━━━━━━┳━━━━━━━━┳━━━━━━━┳━━━━━━━┓
┃   ┃ Name    ┃ Type          ┃ Params ┃ Mode  ┃ FLOPs ┃
┡━━━╇━━━━━━━━━╇━━━━━━━━━━━━━━━╇━━━━━━━━╇━━━━━━━╇━━━━━━━┩
│ 0 │ model   │ PARSeq        │ 40.5 M │ train │     0 │
│ 1 │ rec_cer │ CharErrorRate │      0 │ train │     0 │
└───┴─────────┴───────────────┴────────┴───────┴───────┘
Trainable params: 40.5 M                                                                                                  
Non-trainable params: 0                                                                                                   
Total params: 40.5 M                                                                                                      
Total estimated model params size (MB): 161                                                                               
Modules in train mode: 269                                                                                                
Modules in eval mode: 0                                                                                                   
Total FLOPs: 0                                                                                                            
/workspaces/.venv/lib/python3.11/site-packages/torch/nn/functional.py:5962: UserWarning: Support for mismatched key_padding_mask and attn_mask is deprecated. Use same type for both instead.
  warnings.warn(
DEBUG: Visual Feat: torch.Size([1, 256, 2, 8]), Mean: 0.9974, Std: 1.4796
DEBUG: Pos Embed: torch.Size([1, 256, 2, 8]), Mean: 0.0029, Std: 0.2007

[Grad Debug] Step 0 - Pos Encoder Grad Norm: 0.3352
[Grad Debug] Step 0 - Embed Tokens Grad Norm: 0.3352
DEBUG: Visual Feat: torch.Size([1, 256, 2, 8]), Mean: 1.0064, Std: 1.4615
DEBUG: Pos Embed: torch.Size([1, 256, 2, 8]), Mean: 0.0029, Std: 0.2006
DEBUG: Visual Feat: torch.Size([1, 256, 2, 8]), Mean: 1.0112, Std: 1.4718
DEBUG: Pos Embed: torch.Size([1, 256, 2, 8]), Mean: 0.0030, Std: 0.2005
DEBUG: Visual Feat: torch.Size([1, 256, 2, 8]), Mean: 1.0129, Std: 1.4875
DEBUG: Pos Embed: torch.Size([1, 256, 2, 8]), Mean: 0.0030, Std: 0.2004
DEBUG: Visual Feat: torch.Size([1, 256, 2, 8]), Mean: 1.0135, Std: 1.4946
DEBUG: Pos Embed: torch.Size([1, 256, 2, 8]), Mean: 0.0030, Std: 0.2002
DEBUG: Visual Feat: torch.Size([1, 256, 2, 8]), Mean: 1.0079, Std: 1.4950
DEBUG: Pos Embed: torch.Size([1, 256, 2, 8]), Mean: 0.0030, Std: 0.2000
DEBUG: Visual Feat: torch.Size([1, 256, 2, 8]), Mean: 1.0047, Std: 1.4900
DEBUG: Pos Embed: torch.Size([1, 256, 2, 8]), Mean: 0.0030, Std: 0.1999
DEBUG: Visual Feat: torch.Size([1, 256, 2, 8]), Mean: 0.9939, Std: 1.4766
DEBUG: Pos Embed: torch.Size([1, 256, 2, 8]), Mean: 0.0030, Std: 0.1997
DEBUG: Visual Feat: torch.Size([1, 256, 2, 8]), Mean: 0.9865, Std: 1.4712
DEBUG: Pos Embed: torch.Size([1, 256, 2, 8]), Mean: 0.0030, Std: 0.1995
DEBUG: Visual Feat: torch.Size([1, 256, 2, 8]), Mean: 0.9876, Std: 1.4788
DEBUG: Pos Embed: torch.Size([1, 256, 2, 8]), Mean: 0.0030, Std: 0.1994
DEBUG: Visual Feat: torch.Size([1, 256, 2, 8]), Mean: 1.0918, Std: 1.5326
DEBUG: Pos Embed: torch.Size([1, 256, 2, 8]), Mean: 0.0030, Std: 0.1992
DEBUG: Visual Feat: torch.Size([1, 256, 2, 8]), Mean: 1.0918, Std: 1.5326
DEBUG: Pos Embed: torch.Size([1, 256, 2, 8]), Mean: 0.0030, Std: 0.1992

[Validation Debug] Samples:
  Pred Type: <class 'dict'>
  Pred Keys: ['logits', 'tokens']
  Pred IDs: [1, 2]
  Pred: '' | GT: '"변화와'
  Match Count: 0/1
DEBUG: Visual Feat: torch.Size([1, 256, 2, 8]), Mean: 0.9899, Std: 1.4820
DEBUG: Pos Embed: torch.Size([1, 256, 2, 8]), Mean: 0.0030, Std: 0.1992

[Grad Debug] Step 10 - Pos Encoder Grad Norm: 0.0000
[Grad Debug] Step 10 - Embed Tokens Grad Norm: 0.0000
DEBUG: Visual Feat: torch.Size([1, 256, 2, 8]), Mean: 0.9944, Std: 1.4895
DEBUG: Pos Embed: torch.Size([1, 256, 2, 8]), Mean: 0.0030, Std: 0.1990
DEBUG: Visual Feat: torch.Size([1, 256, 2, 8]), Mean: 0.9961, Std: 1.4893
DEBUG: Pos Embed: torch.Size([1, 256, 2, 8]), Mean: 0.0030, Std: 0.1989
DEBUG: Visual Feat: torch.Size([1, 256, 2, 8]), Mean: 0.9972, Std: 1.4882
DEBUG: Pos Embed: torch.Size([1, 256, 2, 8]), Mean: 0.0030, Std: 0.1987
DEBUG: Visual Feat: torch.Size([1, 256, 2, 8]), Mean: 0.9964, Std: 1.4910
DEBUG: Pos Embed: torch.Size([1, 256, 2, 8]), Mean: 0.0030, Std: 0.1985
DEBUG: Visual Feat: torch.Size([1, 256, 2, 8]), Mean: 0.9978, Std: 1.4923
DEBUG: Pos Embed: torch.Size([1, 256, 2, 8]), Mean: 0.0030, Std: 0.1983
DEBUG: Visual Feat: torch.Size([1, 256, 2, 8]), Mean: 1.0014, Std: 1.4979
DEBUG: Pos Embed: torch.Size([1, 256, 2, 8]), Mean: 0.0030, Std: 0.1981
DEBUG: Visual Feat: torch.Size([1, 256, 2, 8]), Mean: 1.0065, Std: 1.5039
DEBUG: Pos Embed: torch.Size([1, 256, 2, 8]), Mean: 0.0030, Std: 0.1979
DEBUG: Visual Feat: torch.Size([1, 256, 2, 8]), Mean: 1.0096, Std: 1.5075
DEBUG: Pos Embed: torch.Size([1, 256, 2, 8]), Mean: 0.0030, Std: 0.1978
DEBUG: Visual Feat: torch.Size([1, 256, 2, 8]), Mean: 1.0102, Std: 1.5132
DEBUG: Pos Embed: torch.Size([1, 256, 2, 8]), Mean: 0.0030, Std: 0.1976
DEBUG: Visual Feat: torch.Size([1, 256, 2, 8]), Mean: 1.0670, Std: 1.5511
DEBUG: Pos Embed: torch.Size([1, 256, 2, 8]), Mean: 0.0030, Std: 0.1974
DEBUG: Visual Feat: torch.Size([1, 256, 2, 8]), Mean: 1.0670, Std: 1.5511
DEBUG: Pos Embed: torch.Size([1, 256, 2, 8]), Mean: 0.0030, Std: 0.1974

[Validation Debug] Samples:
  Pred Type: <class 'dict'>
  Pred Keys: ['logits', 'tokens']
  Pred IDs: [1, 988, 988, 988, 988, 988, 988, 988, 988, 988, 988, 988, 988, 988, 988, 988, 988, 988, 988, 988, 988, 988, 988, 988, 988, 988]
  Pred: '화화화화화화화화화화화화화화화화화화화화화화화화화' | GT: '"변화와'
  Match Count: 0/1
DEBUG: Visual Feat: torch.Size([1, 256, 2, 8]), Mean: 1.0107, Std: 1.5161
DEBUG: Pos Embed: torch.Size([1, 256, 2, 8]), Mean: 0.0030, Std: 0.1974

[Grad Debug] Step 20 - Pos Encoder Grad Norm: 0.0000
[Grad Debug] Step 20 - Embed Tokens Grad Norm: 0.0000
DEBUG: Visual Feat: torch.Size([1, 256, 2, 8]), Mean: 1.0096, Std: 1.5191
DEBUG: Pos Embed: torch.Size([1, 256, 2, 8]), Mean: 0.0029, Std: 0.1972
DEBUG: Visual Feat: torch.Size([1, 256, 2, 8]), Mean: 1.0074, Std: 1.5164
DEBUG: Pos Embed: torch.Size([1, 256, 2, 8]), Mean: 0.0029, Std: 0.1970
DEBUG: Visual Feat: torch.Size([1, 256, 2, 8]), Mean: 1.0059, Std: 1.5077
DEBUG: Pos Embed: torch.Size([1, 256, 2, 8]), Mean: 0.0029, Std: 0.1968
DEBUG: Visual Feat: torch.Size([1, 256, 2, 8]), Mean: 1.0033, Std: 1.4974
DEBUG: Pos Embed: torch.Size([1, 256, 2, 8]), Mean: 0.0029, Std: 0.1966
DEBUG: Visual Feat: torch.Size([1, 256, 2, 8]), Mean: 0.9986, Std: 1.4892
DEBUG: Pos Embed: torch.Size([1, 256, 2, 8]), Mean: 0.0030, Std: 0.1964
DEBUG: Visual Feat: torch.Size([1, 256, 2, 8]), Mean: 0.9975, Std: 1.4888
DEBUG: Pos Embed: torch.Size([1, 256, 2, 8]), Mean: 0.0030, Std: 0.1962
DEBUG: Visual Feat: torch.Size([1, 256, 2, 8]), Mean: 1.0000, Std: 1.4994
DEBUG: Pos Embed: torch.Size([1, 256, 2, 8]), Mean: 0.0030, Std: 0.1960
DEBUG: Visual Feat: torch.Size([1, 256, 2, 8]), Mean: 1.0014, Std: 1.5049
DEBUG: Pos Embed: torch.Size([1, 256, 2, 8]), Mean: 0.0030, Std: 0.1958
DEBUG: Visual Feat: torch.Size([1, 256, 2, 8]), Mean: 1.0025, Std: 1.5048
DEBUG: Pos Embed: torch.Size([1, 256, 2, 8]), Mean: 0.0030, Std: 0.1956
DEBUG: Visual Feat: torch.Size([1, 256, 2, 8]), Mean: 0.9713, Std: 1.4809
DEBUG: Pos Embed: torch.Size([1, 256, 2, 8]), Mean: 0.0030, Std: 0.1954
DEBUG: Visual Feat: torch.Size([1, 256, 2, 8]), Mean: 0.9713, Std: 1.4809
DEBUG: Pos Embed: torch.Size([1, 256, 2, 8]), Mean: 0.0030, Std: 0.1954

[Validation Debug] Samples:
  Pred Type: <class 'dict'>
  Pred Keys: ['logits', 'tokens']
  Pred IDs: [1, 6, 6, 6, 6, 6, 6, 6, 6, 6, 6, 6, 6, 6, 6, 6, 6, 6, 6, 6, 6, 6, 6, 6, 6, 6]
  Pred: '"""""""""""""""""""""""""' | GT: '"변화와'
  Match Count: 0/1
DEBUG: Visual Feat: torch.Size([1, 256, 2, 8]), Mean: 1.0028, Std: 1.5039
DEBUG: Pos Embed: torch.Size([1, 256, 2, 8]), Mean: 0.0030, Std: 0.1954

[Grad Debug] Step 30 - Pos Encoder Grad Norm: 0.0000
[Grad Debug] Step 30 - Embed Tokens Grad Norm: 0.0000
DEBUG: Visual Feat: torch.Size([1, 256, 2, 8]), Mean: 1.0035, Std: 1.5005
DEBUG: Pos Embed: torch.Size([1, 256, 2, 8]), Mean: 0.0030, Std: 0.1952
DEBUG: Visual Feat: torch.Size([1, 256, 2, 8]), Mean: 1.0026, Std: 1.4949
DEBUG: Pos Embed: torch.Size([1, 256, 2, 8]), Mean: 0.0030, Std: 0.1949
DEBUG: Visual Feat: torch.Size([1, 256, 2, 8]), Mean: 1.0015, Std: 1.4896
DEBUG: Pos Embed: torch.Size([1, 256, 2, 8]), Mean: 0.0030, Std: 0.1947
DEBUG: Visual Feat: torch.Size([1, 256, 2, 8]), Mean: 1.0013, Std: 1.4877
DEBUG: Pos Embed: torch.Size([1, 256, 2, 8]), Mean: 0.0030, Std: 0.1945
DEBUG: Visual Feat: torch.Size([1, 256, 2, 8]), Mean: 1.0019, Std: 1.4889
DEBUG: Pos Embed: torch.Size([1, 256, 2, 8]), Mean: 0.0030, Std: 0.1943
DEBUG: Visual Feat: torch.Size([1, 256, 2, 8]), Mean: 1.0034, Std: 1.4933
DEBUG: Pos Embed: torch.Size([1, 256, 2, 8]), Mean: 0.0030, Std: 0.1941
DEBUG: Visual Feat: torch.Size([1, 256, 2, 8]), Mean: 1.0032, Std: 1.4928
DEBUG: Pos Embed: torch.Size([1, 256, 2, 8]), Mean: 0.0030, Std: 0.1939
DEBUG: Visual Feat: torch.Size([1, 256, 2, 8]), Mean: 1.0032, Std: 1.4906
DEBUG: Pos Embed: torch.Size([1, 256, 2, 8]), Mean: 0.0031, Std: 0.1937
DEBUG: Visual Feat: torch.Size([1, 256, 2, 8]), Mean: 1.0026, Std: 1.4862
DEBUG: Pos Embed: torch.Size([1, 256, 2, 8]), Mean: 0.0031, Std: 0.1934
DEBUG: Visual Feat: torch.Size([1, 256, 2, 8]), Mean: 0.9516, Std: 1.4102
DEBUG: Pos Embed: torch.Size([1, 256, 2, 8]), Mean: 0.0031, Std: 0.1932
DEBUG: Visual Feat: torch.Size([1, 256, 2, 8]), Mean: 0.9516, Std: 1.4102
DEBUG: Pos Embed: torch.Size([1, 256, 2, 8]), Mean: 0.0031, Std: 0.1932

[Validation Debug] Samples:
  Pred Type: <class 'dict'>
  Pred Keys: ['logits', 'tokens']
  Pred IDs: [1, 697, 697, 697, 697, 697, 697, 697, 697, 697, 697, 697, 697, 697, 697, 697, 697, 697, 697, 697, 697, 697, 697, 697, 697, 697]
  Pred: '와와와와와와와와와와와와와와와와와와와와와와와와와' | GT: '"변화와'
  Match Count: 0/1
DEBUG: Visual Feat: torch.Size([1, 256, 2, 8]), Mean: 1.0020, Std: 1.4853
DEBUG: Pos Embed: torch.Size([1, 256, 2, 8]), Mean: 0.0031, Std: 0.1932

[Grad Debug] Step 40 - Pos Encoder Grad Norm: 0.0000
[Grad Debug] Step 40 - Embed Tokens Grad Norm: 0.0000
DEBUG: Visual Feat: torch.Size([1, 256, 2, 8]), Mean: 1.0013, Std: 1.4867
DEBUG: Pos Embed: torch.Size([1, 256, 2, 8]), Mean: 0.0031, Std: 0.1930
DEBUG: Visual Feat: torch.Size([1, 256, 2, 8]), Mean: 1.0004, Std: 1.4881
DEBUG: Pos Embed: torch.Size([1, 256, 2, 8]), Mean: 0.0031, Std: 0.1928
DEBUG: Visual Feat: torch.Size([1, 256, 2, 8]), Mean: 0.9989, Std: 1.4889
DEBUG: Pos Embed: torch.Size([1, 256, 2, 8]), Mean: 0.0031, Std: 0.1925
DEBUG: Visual Feat: torch.Size([1, 256, 2, 8]), Mean: 0.9974, Std: 1.4891
DEBUG: Pos Embed: torch.Size([1, 256, 2, 8]), Mean: 0.0031, Std: 0.1923
DEBUG: Visual Feat: torch.Size([1, 256, 2, 8]), Mean: 0.9975, Std: 1.4866
DEBUG: Pos Embed: torch.Size([1, 256, 2, 8]), Mean: 0.0031, Std: 0.1921
DEBUG: Visual Feat: torch.Size([1, 256, 2, 8]), Mean: 0.9959, Std: 1.4846
DEBUG: Pos Embed: torch.Size([1, 256, 2, 8]), Mean: 0.0032, Std: 0.1918
DEBUG: Visual Feat: torch.Size([1, 256, 2, 8]), Mean: 0.9960, Std: 1.4848
DEBUG: Pos Embed: torch.Size([1, 256, 2, 8]), Mean: 0.0032, Std: 0.1916
DEBUG: Visual Feat: torch.Size([1, 256, 2, 8]), Mean: 0.9968, Std: 1.4862
DEBUG: Pos Embed: torch.Size([1, 256, 2, 8]), Mean: 0.0032, Std: 0.1914
DEBUG: Visual Feat: torch.Size([1, 256, 2, 8]), Mean: 0.9981, Std: 1.4873
DEBUG: Pos Embed: torch.Size([1, 256, 2, 8]), Mean: 0.0032, Std: 0.1912
DEBUG: Visual Feat: torch.Size([1, 256, 2, 8]), Mean: 0.9675, Std: 1.4166
DEBUG: Pos Embed: torch.Size([1, 256, 2, 8]), Mean: 0.0032, Std: 0.1909
DEBUG: Visual Feat: torch.Size([1, 256, 2, 8]), Mean: 0.9675, Std: 1.4166
DEBUG: Pos Embed: torch.Size([1, 256, 2, 8]), Mean: 0.0032, Std: 0.1909

[Validation Debug] Samples:
  Pred Type: <class 'dict'>
  Pred Keys: ['logits', 'tokens']
  Pred IDs: [1, 2]
  Pred: '' | GT: '"변화와'
  Match Count: 0/1
DEBUG: Visual Feat: torch.Size([1, 256, 2, 8]), Mean: 0.9990, Std: 1.4875
DEBUG: Pos Embed: torch.Size([1, 256, 2, 8]), Mean: 0.0032, Std: 0.1909

[Grad Debug] Step 50 - Pos Encoder Grad Norm: 0.0000
[Grad Debug] Step 50 - Embed Tokens Grad Norm: 0.0000
DEBUG: Visual Feat: torch.Size([1, 256, 2, 8]), Mean: 1.0001, Std: 1.4888
DEBUG: Pos Embed: torch.Size([1, 256, 2, 8]), Mean: 0.0032, Std: 0.1907
DEBUG: Visual Feat: torch.Size([1, 256, 2, 8]), Mean: 1.0011, Std: 1.4871
DEBUG: Pos Embed: torch.Size([1, 256, 2, 8]), Mean: 0.0032, Std: 0.1905
DEBUG: Visual Feat: torch.Size([1, 256, 2, 8]), Mean: 1.0011, Std: 1.4870
DEBUG: Pos Embed: torch.Size([1, 256, 2, 8]), Mean: 0.0032, Std: 0.1902
DEBUG: Visual Feat: torch.Size([1, 256, 2, 8]), Mean: 1.0012, Std: 1.4883
DEBUG: Pos Embed: torch.Size([1, 256, 2, 8]), Mean: 0.0032, Std: 0.1900
DEBUG: Visual Feat: torch.Size([1, 256, 2, 8]), Mean: 1.0016, Std: 1.4870
DEBUG: Pos Embed: torch.Size([1, 256, 2, 8]), Mean: 0.0032, Std: 0.1897
DEBUG: Visual Feat: torch.Size([1, 256, 2, 8]), Mean: 1.0021, Std: 1.4869
DEBUG: Pos Embed: torch.Size([1, 256, 2, 8]), Mean: 0.0032, Std: 0.1895
DEBUG: Visual Feat: torch.Size([1, 256, 2, 8]), Mean: 1.0023, Std: 1.4883
DEBUG: Pos Embed: torch.Size([1, 256, 2, 8]), Mean: 0.0032, Std: 0.1892
DEBUG: Visual Feat: torch.Size([1, 256, 2, 8]), Mean: 1.0024, Std: 1.4897
DEBUG: Pos Embed: torch.Size([1, 256, 2, 8]), Mean: 0.0032, Std: 0.1890
DEBUG: Visual Feat: torch.Size([1, 256, 2, 8]), Mean: 1.0024, Std: 1.4916
DEBUG: Pos Embed: torch.Size([1, 256, 2, 8]), Mean: 0.0032, Std: 0.1887
DEBUG: Visual Feat: torch.Size([1, 256, 2, 8]), Mean: 1.0058, Std: 1.4194
DEBUG: Pos Embed: torch.Size([1, 256, 2, 8]), Mean: 0.0032, Std: 0.1885
DEBUG: Visual Feat: torch.Size([1, 256, 2, 8]), Mean: 1.0058, Std: 1.4194
DEBUG: Pos Embed: torch.Size([1, 256, 2, 8]), Mean: 0.0032, Std: 0.1885

[Validation Debug] Samples:
  Pred Type: <class 'dict'>
  Pred Keys: ['logits', 'tokens']
  Pred IDs: [1, 2]
  Pred: '' | GT: '"변화와'
  Match Count: 0/1
DEBUG: Visual Feat: torch.Size([1, 256, 2, 8]), Mean: 1.0022, Std: 1.4938
DEBUG: Pos Embed: torch.Size([1, 256, 2, 8]), Mean: 0.0032, Std: 0.1885

[Grad Debug] Step 60 - Pos Encoder Grad Norm: 0.0000
[Grad Debug] Step 60 - Embed Tokens Grad Norm: 0.0000
DEBUG: Visual Feat: torch.Size([1, 256, 2, 8]), Mean: 1.0023, Std: 1.4970
DEBUG: Pos Embed: torch.Size([1, 256, 2, 8]), Mean: 0.0032, Std: 0.1883
DEBUG: Visual Feat: torch.Size([1, 256, 2, 8]), Mean: 1.0020, Std: 1.4970
DEBUG: Pos Embed: torch.Size([1, 256, 2, 8]), Mean: 0.0032, Std: 0.1880
DEBUG: Visual Feat: torch.Size([1, 256, 2, 8]), Mean: 1.0016, Std: 1.4953
DEBUG: Pos Embed: torch.Size([1, 256, 2, 8]), Mean: 0.0032, Std: 0.1878
DEBUG: Visual Feat: torch.Size([1, 256, 2, 8]), Mean: 1.0009, Std: 1.4898
DEBUG: Pos Embed: torch.Size([1, 256, 2, 8]), Mean: 0.0032, Std: 0.1875
DEBUG: Visual Feat: torch.Size([1, 256, 2, 8]), Mean: 1.0006, Std: 1.4848
DEBUG: Pos Embed: torch.Size([1, 256, 2, 8]), Mean: 0.0032, Std: 0.1873
DEBUG: Visual Feat: torch.Size([1, 256, 2, 8]), Mean: 1.0002, Std: 1.4828
DEBUG: Pos Embed: torch.Size([1, 256, 2, 8]), Mean: 0.0032, Std: 0.1870
DEBUG: Visual Feat: torch.Size([1, 256, 2, 8]), Mean: 1.0005, Std: 1.4784
DEBUG: Pos Embed: torch.Size([1, 256, 2, 8]), Mean: 0.0032, Std: 0.1868
DEBUG: Visual Feat: torch.Size([1, 256, 2, 8]), Mean: 1.0002, Std: 1.4742
DEBUG: Pos Embed: torch.Size([1, 256, 2, 8]), Mean: 0.0032, Std: 0.1865
DEBUG: Visual Feat: torch.Size([1, 256, 2, 8]), Mean: 1.0002, Std: 1.4735
DEBUG: Pos Embed: torch.Size([1, 256, 2, 8]), Mean: 0.0032, Std: 0.1863
DEBUG: Visual Feat: torch.Size([1, 256, 2, 8]), Mean: 0.9908, Std: 1.4320
DEBUG: Pos Embed: torch.Size([1, 256, 2, 8]), Mean: 0.0032, Std: 0.1860
DEBUG: Visual Feat: torch.Size([1, 256, 2, 8]), Mean: 0.9908, Std: 1.4320
DEBUG: Pos Embed: torch.Size([1, 256, 2, 8]), Mean: 0.0032, Std: 0.1860

[Validation Debug] Samples:
  Pred Type: <class 'dict'>
  Pred Keys: ['logits', 'tokens']
  Pred IDs: [1, 539, 539, 539, 539, 539, 539, 539, 539, 539, 539, 539, 539, 539, 539, 539, 539, 539, 539, 539, 539, 539, 539, 539, 539, 539]
  Pred: '변변변변변변변변변변변변변변변변변변변변변변변변변' | GT: '"변화와'
  Match Count: 0/1
DEBUG: Visual Feat: torch.Size([1, 256, 2, 8]), Mean: 1.0004, Std: 1.4739
DEBUG: Pos Embed: torch.Size([1, 256, 2, 8]), Mean: 0.0032, Std: 0.1860

[Grad Debug] Step 70 - Pos Encoder Grad Norm: 0.0000
[Grad Debug] Step 70 - Embed Tokens Grad Norm: 0.0000
DEBUG: Visual Feat: torch.Size([1, 256, 2, 8]), Mean: 1.0008, Std: 1.4743
DEBUG: Pos Embed: torch.Size([1, 256, 2, 8]), Mean: 0.0032, Std: 0.1857
DEBUG: Visual Feat: torch.Size([1, 256, 2, 8]), Mean: 1.0008, Std: 1.4737
DEBUG: Pos Embed: torch.Size([1, 256, 2, 8]), Mean: 0.0032, Std: 0.1855
DEBUG: Visual Feat: torch.Size([1, 256, 2, 8]), Mean: 1.0002, Std: 1.4749
DEBUG: Pos Embed: torch.Size([1, 256, 2, 8]), Mean: 0.0032, Std: 0.1852
DEBUG: Visual Feat: torch.Size([1, 256, 2, 8]), Mean: 1.0022, Std: 1.4767
DEBUG: Pos Embed: torch.Size([1, 256, 2, 8]), Mean: 0.0032, Std: 0.1850
DEBUG: Visual Feat: torch.Size([1, 256, 2, 8]), Mean: 1.0040, Std: 1.4792
DEBUG: Pos Embed: torch.Size([1, 256, 2, 8]), Mean: 0.0033, Std: 0.1847
DEBUG: Visual Feat: torch.Size([1, 256, 2, 8]), Mean: 1.0051, Std: 1.4813
DEBUG: Pos Embed: torch.Size([1, 256, 2, 8]), Mean: 0.0033, Std: 0.1845
DEBUG: Visual Feat: torch.Size([1, 256, 2, 8]), Mean: 1.0053, Std: 1.4802
DEBUG: Pos Embed: torch.Size([1, 256, 2, 8]), Mean: 0.0033, Std: 0.1842
DEBUG: Visual Feat: torch.Size([1, 256, 2, 8]), Mean: 1.0044, Std: 1.4771
DEBUG: Pos Embed: torch.Size([1, 256, 2, 8]), Mean: 0.0033, Std: 0.1839
DEBUG: Visual Feat: torch.Size([1, 256, 2, 8]), Mean: 1.0032, Std: 1.4742
DEBUG: Pos Embed: torch.Size([1, 256, 2, 8]), Mean: 0.0033, Std: 0.1837
DEBUG: Visual Feat: torch.Size([1, 256, 2, 8]), Mean: 0.9432, Std: 1.3914
DEBUG: Pos Embed: torch.Size([1, 256, 2, 8]), Mean: 0.0033, Std: 0.1834
DEBUG: Visual Feat: torch.Size([1, 256, 2, 8]), Mean: 0.9432, Std: 1.3914
DEBUG: Pos Embed: torch.Size([1, 256, 2, 8]), Mean: 0.0033, Std: 0.1834

[Validation Debug] Samples:
  Pred Type: <class 'dict'>
  Pred Keys: ['logits', 'tokens']
  Pred IDs: [1, 697, 697, 697, 697, 697, 697, 697, 697, 697, 697, 697, 697, 697, 697, 697, 697, 697, 697, 697, 697, 697, 697, 697, 697, 697]
  Pred: '와와와와와와와와와와와와와와와와와와와와와와와와와' | GT: '"변화와'
  Match Count: 0/1
DEBUG: Visual Feat: torch.Size([1, 256, 2, 8]), Mean: 1.0019, Std: 1.4713
DEBUG: Pos Embed: torch.Size([1, 256, 2, 8]), Mean: 0.0033, Std: 0.1834

[Grad Debug] Step 80 - Pos Encoder Grad Norm: 0.0000
[Grad Debug] Step 80 - Embed Tokens Grad Norm: 0.0000
DEBUG: Visual Feat: torch.Size([1, 256, 2, 8]), Mean: 1.0010, Std: 1.4689
DEBUG: Pos Embed: torch.Size([1, 256, 2, 8]), Mean: 0.0032, Std: 0.1832
DEBUG: Visual Feat: torch.Size([1, 256, 2, 8]), Mean: 1.0005, Std: 1.4680
DEBUG: Pos Embed: torch.Size([1, 256, 2, 8]), Mean: 0.0032, Std: 0.1829
DEBUG: Visual Feat: torch.Size([1, 256, 2, 8]), Mean: 1.0000, Std: 1.4678
DEBUG: Pos Embed: torch.Size([1, 256, 2, 8]), Mean: 0.0032, Std: 0.1826
DEBUG: Visual Feat: torch.Size([1, 256, 2, 8]), Mean: 0.9993, Std: 1.4681
DEBUG: Pos Embed: torch.Size([1, 256, 2, 8]), Mean: 0.0032, Std: 0.1824
DEBUG: Visual Feat: torch.Size([1, 256, 2, 8]), Mean: 0.9990, Std: 1.4691
DEBUG: Pos Embed: torch.Size([1, 256, 2, 8]), Mean: 0.0032, Std: 0.1821
DEBUG: Visual Feat: torch.Size([1, 256, 2, 8]), Mean: 0.9988, Std: 1.4698
DEBUG: Pos Embed: torch.Size([1, 256, 2, 8]), Mean: 0.0032, Std: 0.1818
DEBUG: Visual Feat: torch.Size([1, 256, 2, 8]), Mean: 0.9984, Std: 1.4703
DEBUG: Pos Embed: torch.Size([1, 256, 2, 8]), Mean: 0.0032, Std: 0.1816
DEBUG: Visual Feat: torch.Size([1, 256, 2, 8]), Mean: 0.9979, Std: 1.4704
DEBUG: Pos Embed: torch.Size([1, 256, 2, 8]), Mean: 0.0032, Std: 0.1813
DEBUG: Visual Feat: torch.Size([1, 256, 2, 8]), Mean: 0.9973, Std: 1.4702
DEBUG: Pos Embed: torch.Size([1, 256, 2, 8]), Mean: 0.0032, Std: 0.1810
DEBUG: Visual Feat: torch.Size([1, 256, 2, 8]), Mean: 0.9448, Std: 1.3724
DEBUG: Pos Embed: torch.Size([1, 256, 2, 8]), Mean: 0.0032, Std: 0.1808
DEBUG: Visual Feat: torch.Size([1, 256, 2, 8]), Mean: 0.9448, Std: 1.3724
DEBUG: Pos Embed: torch.Size([1, 256, 2, 8]), Mean: 0.0032, Std: 0.1808

[Validation Debug] Samples:
  Pred Type: <class 'dict'>
  Pred Keys: ['logits', 'tokens']
  Pred IDs: [1, 2]
  Pred: '' | GT: '"변화와'
  Match Count: 0/1
DEBUG: Visual Feat: torch.Size([1, 256, 2, 8]), Mean: 0.9967, Std: 1.4691
DEBUG: Pos Embed: torch.Size([1, 256, 2, 8]), Mean: 0.0032, Std: 0.1808

[Grad Debug] Step 90 - Pos Encoder Grad Norm: 0.0000
[Grad Debug] Step 90 - Embed Tokens Grad Norm: 0.0000
DEBUG: Visual Feat: torch.Size([1, 256, 2, 8]), Mean: 0.9953, Std: 1.4663
DEBUG: Pos Embed: torch.Size([1, 256, 2, 8]), Mean: 0.0032, Std: 0.1805
DEBUG: Visual Feat: torch.Size([1, 256, 2, 8]), Mean: 0.9932, Std: 1.4610
DEBUG: Pos Embed: torch.Size([1, 256, 2, 8]), Mean: 0.0032, Std: 0.1802
DEBUG: Visual Feat: torch.Size([1, 256, 2, 8]), Mean: 0.9914, Std: 1.4566
DEBUG: Pos Embed: torch.Size([1, 256, 2, 8]), Mean: 0.0032, Std: 0.1799
DEBUG: Visual Feat: torch.Size([1, 256, 2, 8]), Mean: 0.9896, Std: 1.4526
DEBUG: Pos Embed: torch.Size([1, 256, 2, 8]), Mean: 0.0032, Std: 0.1797
DEBUG: Visual Feat: torch.Size([1, 256, 2, 8]), Mean: 0.9883, Std: 1.4497
DEBUG: Pos Embed: torch.Size([1, 256, 2, 8]), Mean: 0.0032, Std: 0.1794
DEBUG: Visual Feat: torch.Size([1, 256, 2, 8]), Mean: 0.9873, Std: 1.4472
DEBUG: Pos Embed: torch.Size([1, 256, 2, 8]), Mean: 0.0032, Std: 0.1791
DEBUG: Visual Feat: torch.Size([1, 256, 2, 8]), Mean: 0.9864, Std: 1.4445
DEBUG: Pos Embed: torch.Size([1, 256, 2, 8]), Mean: 0.0032, Std: 0.1788
DEBUG: Visual Feat: torch.Size([1, 256, 2, 8]), Mean: 0.9861, Std: 1.4426
DEBUG: Pos Embed: torch.Size([1, 256, 2, 8]), Mean: 0.0032, Std: 0.1786
DEBUG: Visual Feat: torch.Size([1, 256, 2, 8]), Mean: 0.9854, Std: 1.4407
DEBUG: Pos Embed: torch.Size([1, 256, 2, 8]), Mean: 0.0032, Std: 0.1783
DEBUG: Visual Feat: torch.Size([1, 256, 2, 8]), Mean: 0.9335, Std: 1.3343
DEBUG: Pos Embed: torch.Size([1, 256, 2, 8]), Mean: 0.0032, Std: 0.1780
DEBUG: Visual Feat: torch.Size([1, 256, 2, 8]), Mean: 0.9335, Std: 1.3343
DEBUG: Pos Embed: torch.Size([1, 256, 2, 8]), Mean: 0.0032, Std: 0.1780

[Validation Debug] Samples:
  Pred Type: <class 'dict'>
  Pred Keys: ['logits', 'tokens']
  Pred IDs: [1, 2]
  Pred: '' | GT: '"변화와'
  Match Count: 0/1
DEBUG: Visual Feat: torch.Size([1, 256, 2, 8]), Mean: 0.9850, Std: 1.4403
DEBUG: Pos Embed: torch.Size([1, 256, 2, 8]), Mean: 0.0032, Std: 0.1780

[Grad Debug] Step 100 - Pos Encoder Grad Norm: 0.0000
[Grad Debug] Step 100 - Embed Tokens Grad Norm: 0.0000
DEBUG: Visual Feat: torch.Size([1, 256, 2, 8]), Mean: 0.9845, Std: 1.4402
DEBUG: Pos Embed: torch.Size([1, 256, 2, 8]), Mean: 0.0032, Std: 0.1777
DEBUG: Visual Feat: torch.Size([1, 256, 2, 8]), Mean: 0.9842, Std: 1.4403
DEBUG: Pos Embed: torch.Size([1, 256, 2, 8]), Mean: 0.0032, Std: 0.1775
DEBUG: Visual Feat: torch.Size([1, 256, 2, 8]), Mean: 0.9837, Std: 1.4403
DEBUG: Pos Embed: torch.Size([1, 256, 2, 8]), Mean: 0.0032, Std: 0.1772
DEBUG: Visual Feat: torch.Size([1, 256, 2, 8]), Mean: 0.9826, Std: 1.4405
DEBUG: Pos Embed: torch.Size([1, 256, 2, 8]), Mean: 0.0032, Std: 0.1769
DEBUG: Visual Feat: torch.Size([1, 256, 2, 8]), Mean: 0.9820, Std: 1.4402
DEBUG: Pos Embed: torch.Size([1, 256, 2, 8]), Mean: 0.0032, Std: 0.1766
DEBUG: Visual Feat: torch.Size([1, 256, 2, 8]), Mean: 0.9815, Std: 1.4397
DEBUG: Pos Embed: torch.Size([1, 256, 2, 8]), Mean: 0.0032, Std: 0.1764
DEBUG: Visual Feat: torch.Size([1, 256, 2, 8]), Mean: 0.9800, Std: 1.4387
DEBUG: Pos Embed: torch.Size([1, 256, 2, 8]), Mean: 0.0032, Std: 0.1761
DEBUG: Visual Feat: torch.Size([1, 256, 2, 8]), Mean: 0.9783, Std: 1.4390
DEBUG: Pos Embed: torch.Size([1, 256, 2, 8]), Mean: 0.0032, Std: 0.1758
DEBUG: Visual Feat: torch.Size([1, 256, 2, 8]), Mean: 0.9763, Std: 1.4392
DEBUG: Pos Embed: torch.Size([1, 256, 2, 8]), Mean: 0.0032, Std: 0.1755
DEBUG: Visual Feat: torch.Size([1, 256, 2, 8]), Mean: 0.9373, Std: 1.3420
DEBUG: Pos Embed: torch.Size([1, 256, 2, 8]), Mean: 0.0032, Std: 0.1753
DEBUG: Visual Feat: torch.Size([1, 256, 2, 8]), Mean: 0.9373, Std: 1.3420
DEBUG: Pos Embed: torch.Size([1, 256, 2, 8]), Mean: 0.0032, Std: 0.1753

[Validation Debug] Samples:
  Pred Type: <class 'dict'>
  Pred Keys: ['logits', 'tokens']
  Pred IDs: [1, 697, 697, 697, 697, 697, 697, 697, 697, 697, 697, 697, 697, 697, 697, 697, 697, 697, 697, 697, 697, 697, 697, 697, 697, 697]
  Pred: '와와와와와와와와와와와와와와와와와와와와와와와와와' | GT: '"변화와'
  Match Count: 0/1
DEBUG: Visual Feat: torch.Size([1, 256, 2, 8]), Mean: 0.9736, Std: 1.4382
DEBUG: Pos Embed: torch.Size([1, 256, 2, 8]), Mean: 0.0032, Std: 0.1753

[Grad Debug] Step 110 - Pos Encoder Grad Norm: 0.0000
[Grad Debug] Step 110 - Embed Tokens Grad Norm: 0.0000
DEBUG: Visual Feat: torch.Size([1, 256, 2, 8]), Mean: 0.9716, Std: 1.4384
DEBUG: Pos Embed: torch.Size([1, 256, 2, 8]), Mean: 0.0032, Std: 0.1750
DEBUG: Visual Feat: torch.Size([1, 256, 2, 8]), Mean: 0.9698, Std: 1.4395
DEBUG: Pos Embed: torch.Size([1, 256, 2, 8]), Mean: 0.0032, Std: 0.1747
DEBUG: Visual Feat: torch.Size([1, 256, 2, 8]), Mean: 0.9693, Std: 1.4412
DEBUG: Pos Embed: torch.Size([1, 256, 2, 8]), Mean: 0.0032, Std: 0.1744
DEBUG: Visual Feat: torch.Size([1, 256, 2, 8]), Mean: 0.9688, Std: 1.4444
DEBUG: Pos Embed: torch.Size([1, 256, 2, 8]), Mean: 0.0032, Std: 0.1741
DEBUG: Visual Feat: torch.Size([1, 256, 2, 8]), Mean: 0.9678, Std: 1.4474
DEBUG: Pos Embed: torch.Size([1, 256, 2, 8]), Mean: 0.0032, Std: 0.1739
DEBUG: Visual Feat: torch.Size([1, 256, 2, 8]), Mean: 0.9678, Std: 1.4507
DEBUG: Pos Embed: torch.Size([1, 256, 2, 8]), Mean: 0.0032, Std: 0.1736
DEBUG: Visual Feat: torch.Size([1, 256, 2, 8]), Mean: 0.9691, Std: 1.4548
DEBUG: Pos Embed: torch.Size([1, 256, 2, 8]), Mean: 0.0032, Std: 0.1733
DEBUG: Visual Feat: torch.Size([1, 256, 2, 8]), Mean: 0.9703, Std: 1.4582
DEBUG: Pos Embed: torch.Size([1, 256, 2, 8]), Mean: 0.0032, Std: 0.1730
DEBUG: Visual Feat: torch.Size([1, 256, 2, 8]), Mean: 0.9700, Std: 1.4589
DEBUG: Pos Embed: torch.Size([1, 256, 2, 8]), Mean: 0.0032, Std: 0.1727
DEBUG: Visual Feat: torch.Size([1, 256, 2, 8]), Mean: 0.9373, Std: 1.3800
DEBUG: Pos Embed: torch.Size([1, 256, 2, 8]), Mean: 0.0032, Std: 0.1725
DEBUG: Visual Feat: torch.Size([1, 256, 2, 8]), Mean: 0.9373, Std: 1.3800
DEBUG: Pos Embed: torch.Size([1, 256, 2, 8]), Mean: 0.0032, Std: 0.1725

[Validation Debug] Samples:
  Pred Type: <class 'dict'>
  Pred Keys: ['logits', 'tokens']
  Pred IDs: [1, 2]
  Pred: '' | GT: '"변화와'
  Match Count: 0/1
DEBUG: Visual Feat: torch.Size([1, 256, 2, 8]), Mean: 0.9699, Std: 1.4609
DEBUG: Pos Embed: torch.Size([1, 256, 2, 8]), Mean: 0.0032, Std: 0.1725

[Grad Debug] Step 120 - Pos Encoder Grad Norm: 0.0000
[Grad Debug] Step 120 - Embed Tokens Grad Norm: 0.0000
DEBUG: Visual Feat: torch.Size([1, 256, 2, 8]), Mean: 0.9694, Std: 1.4628
DEBUG: Pos Embed: torch.Size([1, 256, 2, 8]), Mean: 0.0032, Std: 0.1722
DEBUG: Visual Feat: torch.Size([1, 256, 2, 8]), Mean: 0.9690, Std: 1.4633
DEBUG: Pos Embed: torch.Size([1, 256, 2, 8]), Mean: 0.0032, Std: 0.1719
DEBUG: Visual Feat: torch.Size([1, 256, 2, 8]), Mean: 0.9688, Std: 1.4634
DEBUG: Pos Embed: torch.Size([1, 256, 2, 8]), Mean: 0.0032, Std: 0.1716
DEBUG: Visual Feat: torch.Size([1, 256, 2, 8]), Mean: 0.9687, Std: 1.4624
DEBUG: Pos Embed: torch.Size([1, 256, 2, 8]), Mean: 0.0032, Std: 0.1713
DEBUG: Visual Feat: torch.Size([1, 256, 2, 8]), Mean: 0.9679, Std: 1.4595
DEBUG: Pos Embed: torch.Size([1, 256, 2, 8]), Mean: 0.0032, Std: 0.1711
DEBUG: Visual Feat: torch.Size([1, 256, 2, 8]), Mean: 0.9669, Std: 1.4578
DEBUG: Pos Embed: torch.Size([1, 256, 2, 8]), Mean: 0.0032, Std: 0.1708
DEBUG: Visual Feat: torch.Size([1, 256, 2, 8]), Mean: 0.9663, Std: 1.4570
DEBUG: Pos Embed: torch.Size([1, 256, 2, 8]), Mean: 0.0032, Std: 0.1705
DEBUG: Visual Feat: torch.Size([1, 256, 2, 8]), Mean: 0.9665, Std: 1.4568
DEBUG: Pos Embed: torch.Size([1, 256, 2, 8]), Mean: 0.0032, Std: 0.1702
DEBUG: Visual Feat: torch.Size([1, 256, 2, 8]), Mean: 0.9667, Std: 1.4569
DEBUG: Pos Embed: torch.Size([1, 256, 2, 8]), Mean: 0.0032, Std: 0.1699
DEBUG: Visual Feat: torch.Size([1, 256, 2, 8]), Mean: 0.9219, Std: 1.3494
DEBUG: Pos Embed: torch.Size([1, 256, 2, 8]), Mean: 0.0032, Std: 0.1696
DEBUG: Visual Feat: torch.Size([1, 256, 2, 8]), Mean: 0.9219, Std: 1.3494
DEBUG: Pos Embed: torch.Size([1, 256, 2, 8]), Mean: 0.0032, Std: 0.1696

[Validation Debug] Samples:
  Pred Type: <class 'dict'>
  Pred Keys: ['logits', 'tokens']
  Pred IDs: [1, 2]
  Pred: '' | GT: '"변화와'
  Match Count: 0/1
DEBUG: Visual Feat: torch.Size([1, 256, 2, 8]), Mean: 0.9672, Std: 1.4557
DEBUG: Pos Embed: torch.Size([1, 256, 2, 8]), Mean: 0.0032, Std: 0.1696

[Grad Debug] Step 130 - Pos Encoder Grad Norm: 0.0000
[Grad Debug] Step 130 - Embed Tokens Grad Norm: 0.0000
DEBUG: Visual Feat: torch.Size([1, 256, 2, 8]), Mean: 0.9673, Std: 1.4561
DEBUG: Pos Embed: torch.Size([1, 256, 2, 8]), Mean: 0.0032, Std: 0.1693
DEBUG: Visual Feat: torch.Size([1, 256, 2, 8]), Mean: 0.9673, Std: 1.4571
DEBUG: Pos Embed: torch.Size([1, 256, 2, 8]), Mean: 0.0032, Std: 0.1691
DEBUG: Visual Feat: torch.Size([1, 256, 2, 8]), Mean: 0.9672, Std: 1.4568
DEBUG: Pos Embed: torch.Size([1, 256, 2, 8]), Mean: 0.0032, Std: 0.1688
DEBUG: Visual Feat: torch.Size([1, 256, 2, 8]), Mean: 0.9672, Std: 1.4559
DEBUG: Pos Embed: torch.Size([1, 256, 2, 8]), Mean: 0.0032, Std: 0.1685
DEBUG: Visual Feat: torch.Size([1, 256, 2, 8]), Mean: 0.9670, Std: 1.4539
DEBUG: Pos Embed: torch.Size([1, 256, 2, 8]), Mean: 0.0032, Std: 0.1682
DEBUG: Visual Feat: torch.Size([1, 256, 2, 8]), Mean: 0.9664, Std: 1.4528
DEBUG: Pos Embed: torch.Size([1, 256, 2, 8]), Mean: 0.0032, Std: 0.1679
DEBUG: Visual Feat: torch.Size([1, 256, 2, 8]), Mean: 0.9651, Std: 1.4511
DEBUG: Pos Embed: torch.Size([1, 256, 2, 8]), Mean: 0.0032, Std: 0.1676
DEBUG: Visual Feat: torch.Size([1, 256, 2, 8]), Mean: 0.9638, Std: 1.4490
DEBUG: Pos Embed: torch.Size([1, 256, 2, 8]), Mean: 0.0032, Std: 0.1673
DEBUG: Visual Feat: torch.Size([1, 256, 2, 8]), Mean: 0.9626, Std: 1.4466
DEBUG: Pos Embed: torch.Size([1, 256, 2, 8]), Mean: 0.0032, Std: 0.1671
DEBUG: Visual Feat: torch.Size([1, 256, 2, 8]), Mean: 0.9368, Std: 1.3483
DEBUG: Pos Embed: torch.Size([1, 256, 2, 8]), Mean: 0.0032, Std: 0.1668
DEBUG: Visual Feat: torch.Size([1, 256, 2, 8]), Mean: 0.9368, Std: 1.3483
DEBUG: Pos Embed: torch.Size([1, 256, 2, 8]), Mean: 0.0032, Std: 0.1668

[Validation Debug] Samples:
  Pred Type: <class 'dict'>
  Pred Keys: ['logits', 'tokens']
  Pred IDs: [1, 2]
  Pred: '' | GT: '"변화와'
  Match Count: 0/1
DEBUG: Visual Feat: torch.Size([1, 256, 2, 8]), Mean: 0.9603, Std: 1.4433
DEBUG: Pos Embed: torch.Size([1, 256, 2, 8]), Mean: 0.0032, Std: 0.1668

[Grad Debug] Step 140 - Pos Encoder Grad Norm: 0.0000
[Grad Debug] Step 140 - Embed Tokens Grad Norm: 0.0000
DEBUG: Visual Feat: torch.Size([1, 256, 2, 8]), Mean: 0.9582, Std: 1.4375
DEBUG: Pos Embed: torch.Size([1, 256, 2, 8]), Mean: 0.0032, Std: 0.1665
DEBUG: Visual Feat: torch.Size([1, 256, 2, 8]), Mean: 0.9563, Std: 1.4317
DEBUG: Pos Embed: torch.Size([1, 256, 2, 8]), Mean: 0.0032, Std: 0.1662
DEBUG: Visual Feat: torch.Size([1, 256, 2, 8]), Mean: 0.9543, Std: 1.4253
DEBUG: Pos Embed: torch.Size([1, 256, 2, 8]), Mean: 0.0032, Std: 0.1659
DEBUG: Visual Feat: torch.Size([1, 256, 2, 8]), Mean: 0.9531, Std: 1.4233
DEBUG: Pos Embed: torch.Size([1, 256, 2, 8]), Mean: 0.0032, Std: 0.1656
DEBUG: Visual Feat: torch.Size([1, 256, 2, 8]), Mean: 0.9518, Std: 1.4220
DEBUG: Pos Embed: torch.Size([1, 256, 2, 8]), Mean: 0.0032, Std: 0.1653
DEBUG: Visual Feat: torch.Size([1, 256, 2, 8]), Mean: 0.9512, Std: 1.4224
DEBUG: Pos Embed: torch.Size([1, 256, 2, 8]), Mean: 0.0032, Std: 0.1650
DEBUG: Visual Feat: torch.Size([1, 256, 2, 8]), Mean: 0.9503, Std: 1.4220
DEBUG: Pos Embed: torch.Size([1, 256, 2, 8]), Mean: 0.0032, Std: 0.1648
DEBUG: Visual Feat: torch.Size([1, 256, 2, 8]), Mean: 0.9501, Std: 1.4227
DEBUG: Pos Embed: torch.Size([1, 256, 2, 8]), Mean: 0.0032, Std: 0.1645
DEBUG: Visual Feat: torch.Size([1, 256, 2, 8]), Mean: 0.9506, Std: 1.4228
DEBUG: Pos Embed: torch.Size([1, 256, 2, 8]), Mean: 0.0032, Std: 0.1642
DEBUG: Visual Feat: torch.Size([1, 256, 2, 8]), Mean: 0.9137, Std: 1.3311
DEBUG: Pos Embed: torch.Size([1, 256, 2, 8]), Mean: 0.0032, Std: 0.1639
DEBUG: Visual Feat: torch.Size([1, 256, 2, 8]), Mean: 0.9137, Std: 1.3311
DEBUG: Pos Embed: torch.Size([1, 256, 2, 8]), Mean: 0.0032, Std: 0.1639

[Validation Debug] Samples:
  Pred Type: <class 'dict'>
  Pred Keys: ['logits', 'tokens']
  Pred IDs: [1, 539, 539, 539, 539, 539, 539, 539, 539, 539, 539, 539, 539, 539, 539, 539, 539, 539, 539, 539, 539, 539, 539, 539, 539, 539]
  Pred: '변변변변변변변변변변변변변변변변변변변변변변변변변' | GT: '"변화와'
  Match Count: 0/1
DEBUG: Visual Feat: torch.Size([1, 256, 2, 8]), Mean: 0.9510, Std: 1.4222
DEBUG: Pos Embed: torch.Size([1, 256, 2, 8]), Mean: 0.0032, Std: 0.1639

[Grad Debug] Step 150 - Pos Encoder Grad Norm: 0.0000
[Grad Debug] Step 150 - Embed Tokens Grad Norm: 0.0000
DEBUG: Visual Feat: torch.Size([1, 256, 2, 8]), Mean: 0.9510, Std: 1.4225
DEBUG: Pos Embed: torch.Size([1, 256, 2, 8]), Mean: 0.0032, Std: 0.1636
DEBUG: Visual Feat: torch.Size([1, 256, 2, 8]), Mean: 0.9505, Std: 1.4222
DEBUG: Pos Embed: torch.Size([1, 256, 2, 8]), Mean: 0.0032, Std: 0.1633
DEBUG: Visual Feat: torch.Size([1, 256, 2, 8]), Mean: 0.9504, Std: 1.4225
DEBUG: Pos Embed: torch.Size([1, 256, 2, 8]), Mean: 0.0032, Std: 0.1630
DEBUG: Visual Feat: torch.Size([1, 256, 2, 8]), Mean: 0.9506, Std: 1.4239
DEBUG: Pos Embed: torch.Size([1, 256, 2, 8]), Mean: 0.0032, Std: 0.1627
DEBUG: Visual Feat: torch.Size([1, 256, 2, 8]), Mean: 0.9510, Std: 1.4251
DEBUG: Pos Embed: torch.Size([1, 256, 2, 8]), Mean: 0.0032, Std: 0.1624
DEBUG: Visual Feat: torch.Size([1, 256, 2, 8]), Mean: 0.9517, Std: 1.4255
DEBUG: Pos Embed: torch.Size([1, 256, 2, 8]), Mean: 0.0032, Std: 0.1622
DEBUG: Visual Feat: torch.Size([1, 256, 2, 8]), Mean: 0.9523, Std: 1.4249
DEBUG: Pos Embed: torch.Size([1, 256, 2, 8]), Mean: 0.0032, Std: 0.1619
DEBUG: Visual Feat: torch.Size([1, 256, 2, 8]), Mean: 0.9527, Std: 1.4247
DEBUG: Pos Embed: torch.Size([1, 256, 2, 8]), Mean: 0.0032, Std: 0.1616
DEBUG: Visual Feat: torch.Size([1, 256, 2, 8]), Mean: 0.9530, Std: 1.4248
DEBUG: Pos Embed: torch.Size([1, 256, 2, 8]), Mean: 0.0032, Std: 0.1613
DEBUG: Visual Feat: torch.Size([1, 256, 2, 8]), Mean: 0.9137, Std: 1.3282
DEBUG: Pos Embed: torch.Size([1, 256, 2, 8]), Mean: 0.0032, Std: 0.1610
DEBUG: Visual Feat: torch.Size([1, 256, 2, 8]), Mean: 0.9137, Std: 1.3282
DEBUG: Pos Embed: torch.Size([1, 256, 2, 8]), Mean: 0.0032, Std: 0.1610

[Validation Debug] Samples:
  Pred Type: <class 'dict'>
  Pred Keys: ['logits', 'tokens']
  Pred IDs: [1, 6, 6, 6, 6, 6, 6, 6, 6, 6, 6, 6, 6, 6, 6, 6, 6, 6, 6, 6, 6, 6, 6, 6, 6, 6]
  Pred: '"""""""""""""""""""""""""' | GT: '"변화와'
  Match Count: 0/1
DEBUG: Visual Feat: torch.Size([1, 256, 2, 8]), Mean: 0.9531, Std: 1.4240
DEBUG: Pos Embed: torch.Size([1, 256, 2, 8]), Mean: 0.0032, Std: 0.1610

[Grad Debug] Step 160 - Pos Encoder Grad Norm: 0.0000
[Grad Debug] Step 160 - Embed Tokens Grad Norm: 0.0000
DEBUG: Visual Feat: torch.Size([1, 256, 2, 8]), Mean: 0.9533, Std: 1.4240
DEBUG: Pos Embed: torch.Size([1, 256, 2, 8]), Mean: 0.0032, Std: 0.1607
DEBUG: Visual Feat: torch.Size([1, 256, 2, 8]), Mean: 0.9535, Std: 1.4238
DEBUG: Pos Embed: torch.Size([1, 256, 2, 8]), Mean: 0.0032, Std: 0.1604
DEBUG: Visual Feat: torch.Size([1, 256, 2, 8]), Mean: 0.9532, Std: 1.4224
DEBUG: Pos Embed: torch.Size([1, 256, 2, 8]), Mean: 0.0032, Std: 0.1602
DEBUG: Visual Feat: torch.Size([1, 256, 2, 8]), Mean: 0.9526, Std: 1.4192INFO: `Trainer.fit` stopped: `max_epochs=200` reached.

DEBUG: Pos Embed: torch.Size([1, 256, 2, 8]), Mean: 0.0032, Std: 0.1599
DEBUG: Visual Feat: torch.Size([1, 256, 2, 8]), Mean: 0.9519, Std: 1.4172
DEBUG: Pos Embed: torch.Size([1, 256, 2, 8]), Mean: 0.0032, Std: 0.1596
DEBUG: Visual Feat: torch.Size([1, 256, 2, 8]), Mean: 0.9508, Std: 1.4153
DEBUG: Pos Embed: torch.Size([1, 256, 2, 8]), Mean: 0.0032, Std: 0.1593
DEBUG: Visual Feat: torch.Size([1, 256, 2, 8]), Mean: 0.9507, Std: 1.4143
DEBUG: Pos Embed: torch.Size([1, 256, 2, 8]), Mean: 0.0032, Std: 0.1590
DEBUG: Visual Feat: torch.Size([1, 256, 2, 8]), Mean: 0.9510, Std: 1.4169
DEBUG: Pos Embed: torch.Size([1, 256, 2, 8]), Mean: 0.0032, Std: 0.1587
DEBUG: Visual Feat: torch.Size([1, 256, 2, 8]), Mean: 0.9512, Std: 1.4180
DEBUG: Pos Embed: torch.Size([1, 256, 2, 8]), Mean: 0.0032, Std: 0.1584
DEBUG: Visual Feat: torch.Size([1, 256, 2, 8]), Mean: 0.9275, Std: 1.3336
DEBUG: Pos Embed: torch.Size([1, 256, 2, 8]), Mean: 0.0032, Std: 0.1581
DEBUG: Visual Feat: torch.Size([1, 256, 2, 8]), Mean: 0.9275, Std: 1.3336
DEBUG: Pos Embed: torch.Size([1, 256, 2, 8]), Mean: 0.0032, Std: 0.1581

[Validation Debug] Samples:
  Pred Type: <class 'dict'>
  Pred Keys: ['logits', 'tokens']
  Pred IDs: [1, 2]
  Pred: '' | GT: '"변화와'
  Match Count: 0/1
DEBUG: Visual Feat: torch.Size([1, 256, 2, 8]), Mean: 0.9517, Std: 1.4186
DEBUG: Pos Embed: torch.Size([1, 256, 2, 8]), Mean: 0.0032, Std: 0.1581

[Grad Debug] Step 170 - Pos Encoder Grad Norm: 0.0000
[Grad Debug] Step 170 - Embed Tokens Grad Norm: 0.0000
DEBUG: Visual Feat: torch.Size([1, 256, 2, 8]), Mean: 0.9518, Std: 1.4178
DEBUG: Pos Embed: torch.Size([1, 256, 2, 8]), Mean: 0.0032, Std: 0.1579
DEBUG: Visual Feat: torch.Size([1, 256, 2, 8]), Mean: 0.9519, Std: 1.4176
DEBUG: Pos Embed: torch.Size([1, 256, 2, 8]), Mean: 0.0032, Std: 0.1576
DEBUG: Visual Feat: torch.Size([1, 256, 2, 8]), Mean: 0.9517, Std: 1.4152
DEBUG: Pos Embed: torch.Size([1, 256, 2, 8]), Mean: 0.0032, Std: 0.1573
DEBUG: Visual Feat: torch.Size([1, 256, 2, 8]), Mean: 0.9510, Std: 1.4090
DEBUG: Pos Embed: torch.Size([1, 256, 2, 8]), Mean: 0.0032, Std: 0.1570
DEBUG: Visual Feat: torch.Size([1, 256, 2, 8]), Mean: 0.9499, Std: 1.4039
DEBUG: Pos Embed: torch.Size([1, 256, 2, 8]), Mean: 0.0032, Std: 0.1567
DEBUG: Visual Feat: torch.Size([1, 256, 2, 8]), Mean: 0.9487, Std: 1.3979
DEBUG: Pos Embed: torch.Size([1, 256, 2, 8]), Mean: 0.0032, Std: 0.1564
DEBUG: Visual Feat: torch.Size([1, 256, 2, 8]), Mean: 0.9470, Std: 1.3935
DEBUG: Pos Embed: torch.Size([1, 256, 2, 8]), Mean: 0.0032, Std: 0.1561
DEBUG: Visual Feat: torch.Size([1, 256, 2, 8]), Mean: 0.9455, Std: 1.3918
DEBUG: Pos Embed: torch.Size([1, 256, 2, 8]), Mean: 0.0032, Std: 0.1558
DEBUG: Visual Feat: torch.Size([1, 256, 2, 8]), Mean: 0.9456, Std: 1.3932
DEBUG: Pos Embed: torch.Size([1, 256, 2, 8]), Mean: 0.0032, Std: 0.1555
DEBUG: Visual Feat: torch.Size([1, 256, 2, 8]), Mean: 0.9536, Std: 1.3519
DEBUG: Pos Embed: torch.Size([1, 256, 2, 8]), Mean: 0.0032, Std: 0.1553
DEBUG: Visual Feat: torch.Size([1, 256, 2, 8]), Mean: 0.9536, Std: 1.3519
DEBUG: Pos Embed: torch.Size([1, 256, 2, 8]), Mean: 0.0032, Std: 0.1553

[Validation Debug] Samples:
  Pred Type: <class 'dict'>
  Pred Keys: ['logits', 'tokens']
  Pred IDs: [1, 539, 539, 539, 539, 539, 539, 539, 539, 539, 539, 539, 539, 539, 539, 539, 539, 539, 539, 539, 539, 539, 539, 539, 539, 539]
  Pred: '변변변변변변변변변변변변변변변변변변변변변변변변변' | GT: '"변화와'
  Match Count: 0/1
DEBUG: Visual Feat: torch.Size([1, 256, 2, 8]), Mean: 0.9461, Std: 1.3941
DEBUG: Pos Embed: torch.Size([1, 256, 2, 8]), Mean: 0.0032, Std: 0.1553

[Grad Debug] Step 180 - Pos Encoder Grad Norm: 0.0001
[Grad Debug] Step 180 - Embed Tokens Grad Norm: 0.0001
DEBUG: Visual Feat: torch.Size([1, 256, 2, 8]), Mean: 0.9462, Std: 1.3952
DEBUG: Pos Embed: torch.Size([1, 256, 2, 8]), Mean: 0.0032, Std: 0.1550
DEBUG: Visual Feat: torch.Size([1, 256, 2, 8]), Mean: 0.9459, Std: 1.3950
DEBUG: Pos Embed: torch.Size([1, 256, 2, 8]), Mean: 0.0032, Std: 0.1547
DEBUG: Visual Feat: torch.Size([1, 256, 2, 8]), Mean: 0.9456, Std: 1.3942
DEBUG: Pos Embed: torch.Size([1, 256, 2, 8]), Mean: 0.0032, Std: 0.1544
DEBUG: Visual Feat: torch.Size([1, 256, 2, 8]), Mean: 0.9453, Std: 1.3937
DEBUG: Pos Embed: torch.Size([1, 256, 2, 8]), Mean: 0.0032, Std: 0.1541
DEBUG: Visual Feat: torch.Size([1, 256, 2, 8]), Mean: 0.9447, Std: 1.3943
DEBUG: Pos Embed: torch.Size([1, 256, 2, 8]), Mean: 0.0032, Std: 0.1538
DEBUG: Visual Feat: torch.Size([1, 256, 2, 8]), Mean: 0.9438, Std: 1.3957
DEBUG: Pos Embed: torch.Size([1, 256, 2, 8]), Mean: 0.0032, Std: 0.1536
DEBUG: Visual Feat: torch.Size([1, 256, 2, 8]), Mean: 0.9431, Std: 1.3968
DEBUG: Pos Embed: torch.Size([1, 256, 2, 8]), Mean: 0.0032, Std: 0.1533
DEBUG: Visual Feat: torch.Size([1, 256, 2, 8]), Mean: 0.9423, Std: 1.3974
DEBUG: Pos Embed: torch.Size([1, 256, 2, 8]), Mean: 0.0032, Std: 0.1530
DEBUG: Visual Feat: torch.Size([1, 256, 2, 8]), Mean: 0.9411, Std: 1.3972
DEBUG: Pos Embed: torch.Size([1, 256, 2, 8]), Mean: 0.0032, Std: 0.1527
DEBUG: Visual Feat: torch.Size([1, 256, 2, 8]), Mean: 0.9200, Std: 1.3339
DEBUG: Pos Embed: torch.Size([1, 256, 2, 8]), Mean: 0.0032, Std: 0.1524
DEBUG: Visual Feat: torch.Size([1, 256, 2, 8]), Mean: 0.9200, Std: 1.3339
DEBUG: Pos Embed: torch.Size([1, 256, 2, 8]), Mean: 0.0032, Std: 0.1524

[Validation Debug] Samples:
  Pred Type: <class 'dict'>
  Pred Keys: ['logits', 'tokens']
  Pred IDs: [1, 539, 539, 539, 539, 539, 539, 539, 539, 539, 539, 539, 539, 539, 539, 539, 539, 539, 539, 539, 539, 539, 539, 539, 539, 539]
  Pred: '변변변변변변변변변변변변변변변변변변변변변변변변변' | GT: '"변화와'
  Match Count: 0/1
DEBUG: Visual Feat: torch.Size([1, 256, 2, 8]), Mean: 0.9407, Std: 1.3968
DEBUG: Pos Embed: torch.Size([1, 256, 2, 8]), Mean: 0.0032, Std: 0.1524

[Grad Debug] Step 190 - Pos Encoder Grad Norm: 0.0002
[Grad Debug] Step 190 - Embed Tokens Grad Norm: 0.0002
DEBUG: Visual Feat: torch.Size([1, 256, 2, 8]), Mean: 0.9403, Std: 1.3964
DEBUG: Pos Embed: torch.Size([1, 256, 2, 8]), Mean: 0.0032, Std: 0.1521
DEBUG: Visual Feat: torch.Size([1, 256, 2, 8]), Mean: 0.9399, Std: 1.3951
DEBUG: Pos Embed: torch.Size([1, 256, 2, 8]), Mean: 0.0032, Std: 0.1518
DEBUG: Visual Feat: torch.Size([1, 256, 2, 8]), Mean: 0.9382, Std: 1.3933
DEBUG: Pos Embed: torch.Size([1, 256, 2, 8]), Mean: 0.0032, Std: 0.1516
DEBUG: Visual Feat: torch.Size([1, 256, 2, 8]), Mean: 0.9362, Std: 1.3925
DEBUG: Pos Embed: torch.Size([1, 256, 2, 8]), Mean: 0.0032, Std: 0.1513
DEBUG: Visual Feat: torch.Size([1, 256, 2, 8]), Mean: 0.9333, Std: 1.3909
DEBUG: Pos Embed: torch.Size([1, 256, 2, 8]), Mean: 0.0032, Std: 0.1510
DEBUG: Visual Feat: torch.Size([1, 256, 2, 8]), Mean: 0.9290, Std: 1.3922
DEBUG: Pos Embed: torch.Size([1, 256, 2, 8]), Mean: 0.0032, Std: 0.1507
DEBUG: Visual Feat: torch.Size([1, 256, 2, 8]), Mean: 0.9240, Std: 1.3927
DEBUG: Pos Embed: torch.Size([1, 256, 2, 8]), Mean: 0.0032, Std: 0.1504
DEBUG: Visual Feat: torch.Size([1, 256, 2, 8]), Mean: 0.9170, Std: 1.3909
DEBUG: Pos Embed: torch.Size([1, 256, 2, 8]), Mean: 0.0032, Std: 0.1501
DEBUG: Visual Feat: torch.Size([1, 256, 2, 8]), Mean: 0.9131, Std: 1.3895
DEBUG: Pos Embed: torch.Size([1, 256, 2, 8]), Mean: 0.0032, Std: 0.1498
DEBUG: Visual Feat: torch.Size([1, 256, 2, 8]), Mean: 0.8986, Std: 1.3326
DEBUG: Pos Embed: torch.Size([1, 256, 2, 8]), Mean: 0.0031, Std: 0.1495
DEBUG: Visual Feat: torch.Size([1, 256, 2, 8]), Mean: 0.8986, Std: 1.3326
DEBUG: Pos Embed: torch.Size([1, 256, 2, 8]), Mean: 0.0031, Std: 0.1495

[Validation Debug] Samples:
  Pred Type: <class 'dict'>
  Pred Keys: ['logits', 'tokens']
  Pred IDs: [1, 6, 6, 6, 6, 6, 6, 6, 6, 6, 6, 6, 6, 6, 6, 6, 6, 6, 6, 6, 6, 6, 6, 6, 6, 6]
  Pred: '"""""""""""""""""""""""""' | GT: '"변화와'
  Match Count: 0/1
[2026-02-07 22:16:51,539][lightning.pytorch.utilities.rank_zero][INFO] - `Trainer.fit` stopped: `max_epochs=200` reached.
Epoch 199/199 ━━━━━━━━━━━━━━━━━━━━━━━━━━━━━━━━━━━━━━ 1/1 0:00:00 • 0:00:00 0.00it/s v_num: 58.000 val/acc: 0.000 val/cer: 
                                                                                    6.000                                 
[2026-02-07 22:16:51,995][ocr.pipelines.orchestrator][INFO] - \n✅ Training complete!

✅ Training test completed successfully!
