[2026-02-08 02:33:57,975][ocr.pipelines.orchestrator][INFO] - 🎯 OCRProjectOrchestrator initialized
[2026-02-08 02:33:57,975][ocr.pipelines.orchestrator][INFO] -    Domain: recognition
[2026-02-08 02:33:57,975][ocr.pipelines.orchestrator][INFO] -    Mode: train
[2026-02-08 02:33:57,975][ocr.pipelines.orchestrator][INFO] - \n============================================================
[2026-02-08 02:33:57,975][ocr.pipelines.orchestrator][INFO] - 🚀 Starting TRAIN for recognition domain
[2026-02-08 02:33:57,975][ocr.pipelines.orchestrator][INFO] - ============================================================\n
[2026-02-08 02:33:57,975][ocr.pipelines.orchestrator][INFO] - 🏗️ Building model and datasets...
[2026-02-08 02:33:57,976][ocr.pipelines.strategies.recognition_config][INFO] - 💉 Injecting vocab_size for recognition model...
[2026-02-08 02:33:57,978][ocr.domains.recognition.data.tokenizer][INFO] - Loaded tokenizer: 1023 chars, vocab_size=1027, max_len=25
[2026-02-08 02:33:57,979][ocr.pipelines.strategies.recognition_config][INFO] -    ✓ Vocab size 1027 injected into model config
[2026-02-08 02:33:59,817][timm.models._builder][INFO] - Loading pretrained weights from Hugging Face hub (timm/resnet18.a1_in1k)
[2026-02-08 02:34:00,061][timm.models._hub][INFO] - [timm/resnet18.a1_in1k] Safe alternative available for 'pytorch_model.bin' (as 'model.safetensors'). Loading weights using safetensors.
[2026-02-08 02:34:00,233][timm.models._builder][INFO] - Loading pretrained weights from Hugging Face hub (timm/resnet18.a1_in1k)
[2026-02-08 02:34:00,441][timm.models._hub][INFO] - [timm/resnet18.a1_in1k] Safe alternative available for 'pytorch_model.bin' (as 'model.safetensors'). Loading weights using safetensors.
[2026-02-08 02:34:01,005][ocr.pipelines.orchestrator][INFO] -    ✓ Model created: PARSeqOfficial
[2026-02-08 02:34:01,013][ocr.domains.recognition.data.tokenizer][INFO] - Loaded tokenizer: 1023 chars, vocab_size=1027, max_len=25
[2026-02-08 02:34:01,029][ocr.domains.recognition.data.tokenizer][INFO] - Loaded tokenizer: 1023 chars, vocab_size=1027, max_len=25
[2026-02-08 02:34:01,221][ocr.domains.recognition.data.tokenizer][INFO] - Loaded tokenizer: 1023 chars, vocab_size=1027, max_len=25
[2026-02-08 02:34:01,225][ocr.domains.recognition.data.tokenizer][INFO] - Loaded tokenizer: 1023 chars, vocab_size=1027, max_len=25
[2026-02-08 02:34:01,227][ocr.pipelines.orchestrator][INFO] -    ✓ Datasets created
[2026-02-08 02:34:01,251][ocr.pipelines.orchestrator][INFO] -    ✓ RecognitionPLModule created
[2026-02-08 02:34:01,262][ocr.pipelines.orchestrator][INFO] -    ✓ DataModule created
[2026-02-08 02:34:01,262][ocr.pipelines.orchestrator][INFO] - ⚡ Configuring Lightning Trainer...
INFO: Using 16bit Automatic Mixed Precision (AMP)
[2026-02-08 02:34:01,301][lightning.pytorch.utilities.rank_zero][INFO] - Using 16bit Automatic Mixed Precision (AMP)
INFO: GPU available: True (cuda), used: True
[2026-02-08 02:34:01,308][lightning.pytorch.utilities.rank_zero][INFO] - GPU available: True (cuda), used: True
INFO: TPU available: False, using: 0 TPU cores
[2026-02-08 02:34:01,308][lightning.pytorch.utilities.rank_zero][INFO] - TPU available: False, using: 0 TPU cores
INFO: 💡 Tip: For seamless cloud logging and experiment tracking, try installing [litlogger](https://pypi.org/project/litlogger/) to enable LitLogger, which logs metrics and artifacts automatically to the Lightning Experiments platform.
[2026-02-08 02:34:01,309][lightning.pytorch.utilities.rank_zero][INFO] - 💡 Tip: For seamless cloud logging and experiment tracking, try installing [litlogger](https://pypi.org/project/litlogger/) to enable LitLogger, which logs metrics and artifacts automatically to the Lightning Experiments platform.
[2026-02-08 02:34:01,309][ocr.pipelines.orchestrator][INFO] -    ✓ Trainer ready
[2026-02-08 02:34:01,309][ocr.pipelines.orchestrator][INFO] - 🏋️ Starting training...\n
INFO: LOCAL_RANK: 0 - CUDA_VISIBLE_DEVICES: [0]
[2026-02-08 02:34:01,404][lightning.pytorch.accelerators.cuda][INFO] - LOCAL_RANK: 0 - CUDA_VISIBLE_DEVICES: [0]
/workspaces/.venv/lib/python3.11/site-packages/lightning/pytorch/utilities/model_summary/model_summary.py:242: Precision 16-mixed is not supported by the model summary.  Estimated model size in MB will not be accurate. Using 32 bits instead.
┏━━━┳━━━━━━━━━┳━━━━━━━━━━━━━━━━┳━━━━━━━━┳━━━━━━━┳━━━━━━━┓
┃   ┃ Name    ┃ Type           ┃ Params ┃ Mode  ┃ FLOPs ┃
┡━━━╇━━━━━━━━━╇━━━━━━━━━━━━━━━━╇━━━━━━━━╇━━━━━━━╇━━━━━━━┩
│ 0 │ model   │ PARSeqOfficial │ 24.5 M │ train │     0 │
│ 1 │ rec_cer │ CharErrorRate  │      0 │ train │     0 │
└───┴─────────┴────────────────┴────────┴───────┴───────┘
Trainable params: 24.5 M                                                                                      
Non-trainable params: 0                                                                                       
Total params: 24.5 M                                                                                          
Total estimated model params size (MB): 98                                                                    
Modules in train mode: 289                                                                                    
Modules in eval mode: 0                                                                                       
Total FLOPs: 0                                                                                                
/workspaces/.venv/lib/python3.11/site-packages/lightning/pytorch/trainer/connectors/data_connector.py:434: The 'val_dataloader' does not have many workers which may be a bottleneck. Consider increasing the value of the `num_workers` argument` to `num_workers=15` in the `DataLoader` to improve performance.
/workspaces/.venv/lib/python3.11/site-packages/lightning/pytorch/trainer/connectors/data_connector.py:434: The 'train_dataloader' does not have many workers which may be a bottleneck. Consider increasing the value of the `num_workers` argument` to `num_workers=15` in the `DataLoader` to improve performance.
INFO: `Trainer.fit` stopped: `max_epochs=1` reached.

[Validation Debug] Samples:
  Pred Type: <class 'dict'>
  Pred Keys: ['logits', 'tokens']
  Pred IDs: [384, 36, 384, 36, 36, 36, 25, 384, 384, 36, 384, 50, 50, 36, 50, 36, 36, 25, 36, 384, 36, 36, 36, 36, 36, 36]
  Pred: '딤@딤@@@5딤딤@딤NN@N@@5@딤@@@@@@' | GT: '"변화와'
  Match Count: 0/1

[Validation Debug] Samples:
  Pred Type: <class 'dict'>
  Pred Keys: ['logits', 'tokens']
  Pred IDs: [2, 2, 2, 2, 2, 2, 2, 2, 2, 2, 2, 2, 2, 2, 2, 2, 2, 2, 2, 2, 2, 2, 2, 2, 2, 2]
  Pred: '' | GT: '"변화와'
  Match Count: 0/1
[2026-02-08 02:34:04,909][lightning.pytorch.utilities.rank_zero][INFO] - `Trainer.fit` stopped: `max_epochs=1` reached.
Epoch 0/0  ━━━━━━━━━━━━━━━━━━━━━━━━━━━━━━━━ 15/15 0:00:02 • 0:00:00 7.60it/s v_num: 72.000 val/acc: 0.000     
                                                                             val/cer: 1.000                   
[2026-02-08 02:34:05,243][ocr.pipelines.orchestrator][INFO] - \n✅ Training complete!
