================================================
Quick Training Test (GPU, Limited Batches)
================================================
[2026-02-07 22:21:28,777][ocr.pipelines.orchestrator][INFO] - 🎯 OCRProjectOrchestrator initialized
[2026-02-07 22:21:28,778][ocr.pipelines.orchestrator][INFO] -    Domain: recognition
[2026-02-07 22:21:28,778][ocr.pipelines.orchestrator][INFO] -    Mode: train
[2026-02-07 22:21:28,778][ocr.pipelines.orchestrator][INFO] - \n============================================================
[2026-02-07 22:21:28,778][ocr.pipelines.orchestrator][INFO] - 🚀 Starting TRAIN for recognition domain
[2026-02-07 22:21:28,778][ocr.pipelines.orchestrator][INFO] - ============================================================\n
[2026-02-07 22:21:28,778][ocr.pipelines.orchestrator][INFO] - 🏗️ Building model and datasets...
[2026-02-07 22:21:28,778][ocr.pipelines.strategies.recognition_config][INFO] - 💉 Injecting vocab_size for recognition model...
[2026-02-07 22:21:28,780][ocr.domains.recognition.data.tokenizer][INFO] - Loaded tokenizer: 1023 chars, vocab_size=1027, max_len=25
[2026-02-07 22:21:28,781][ocr.pipelines.strategies.recognition_config][INFO] -    ✓ Vocab size 1027 injected into model config
[2026-02-07 22:21:30,584][timm.models._builder][INFO] - Loading pretrained weights from Hugging Face hub (timm/resnet18.a1_in1k)
[2026-02-07 22:21:30,812][timm.models._hub][INFO] - [timm/resnet18.a1_in1k] Safe alternative available for 'pytorch_model.bin' (as 'model.safetensors'). Loading weights using safetensors.
[2026-02-07 22:21:30,937][timm.models._builder][INFO] - Loading pretrained weights from Hugging Face hub (timm/resnet18.a1_in1k)
[2026-02-07 22:21:31,143][timm.models._hub][INFO] - [timm/resnet18.a1_in1k] Safe alternative available for 'pytorch_model.bin' (as 'model.safetensors'). Loading weights using safetensors.
[2026-02-07 22:21:31,180][ocr.pipelines.orchestrator][INFO] -    ✓ Model created: PARSeq
[2026-02-07 22:21:31,185][ocr.domains.recognition.data.tokenizer][INFO] - Loaded tokenizer: 1023 chars, vocab_size=1027, max_len=25
[2026-02-07 22:21:31,189][ocr.domains.recognition.data.tokenizer][INFO] - Loaded tokenizer: 1023 chars, vocab_size=1027, max_len=25
[2026-02-07 22:21:31,192][ocr.domains.recognition.data.tokenizer][INFO] - Loaded tokenizer: 1023 chars, vocab_size=1027, max_len=25
[2026-02-07 22:21:31,196][ocr.domains.recognition.data.tokenizer][INFO] - Loaded tokenizer: 1023 chars, vocab_size=1027, max_len=25
[2026-02-07 22:21:31,197][ocr.pipelines.orchestrator][INFO] -    ✓ Datasets created
[2026-02-07 22:21:31,225][ocr.pipelines.orchestrator][INFO] -    ✓ RecognitionPLModule created
[2026-02-07 22:21:31,236][ocr.pipelines.orchestrator][INFO] -    ✓ DataModule created
[2026-02-07 22:21:31,236][ocr.pipelines.orchestrator][INFO] - ⚡ Configuring Lightning Trainer...
INFO: GPU available: True (cuda), used: True
[2026-02-07 22:21:31,266][lightning.pytorch.utilities.rank_zero][INFO] - GPU available: True (cuda), used: True
INFO: TPU available: False, using: 0 TPU cores
[2026-02-07 22:21:31,266][lightning.pytorch.utilities.rank_zero][INFO] - TPU available: False, using: 0 TPU cores
INFO: 💡 Tip: For seamless cloud logging and experiment tracking, try installing [litlogger](https://pypi.org/project/litlogger/) to enable LitLogger, which logs metrics and artifacts automatically to the Lightning Experiments platform.
[2026-02-07 22:21:31,267][lightning.pytorch.utilities.rank_zero][INFO] - 💡 Tip: For seamless cloud logging and experiment tracking, try installing [litlogger](https://pypi.org/project/litlogger/) to enable LitLogger, which logs metrics and artifacts automatically to the Lightning Experiments platform.
INFO: `Trainer(overfit_batches=1)` was configured so 1 batch will be used.
[2026-02-07 22:21:31,267][lightning.pytorch.utilities.rank_zero][INFO] - `Trainer(overfit_batches=1)` was configured so 1 batch will be used.
[2026-02-07 22:21:31,267][ocr.pipelines.orchestrator][INFO] -    ✓ Trainer ready
[2026-02-07 22:21:31,267][ocr.pipelines.orchestrator][INFO] - 🏋️ Starting training...\n
INFO: LOCAL_RANK: 0 - CUDA_VISIBLE_DEVICES: [0]
[2026-02-07 22:21:31,444][lightning.pytorch.accelerators.cuda][INFO] - LOCAL_RANK: 0 - CUDA_VISIBLE_DEVICES: [0]
┏━━━┳━━━━━━━━━┳━━━━━━━━━━━━━━━┳━━━━━━━━┳━━━━━━━┳━━━━━━━┓
┃   ┃ Name    ┃ Type          ┃ Params ┃ Mode  ┃ FLOPs ┃
┡━━━╇━━━━━━━━━╇━━━━━━━━━━━━━━━╇━━━━━━━━╇━━━━━━━╇━━━━━━━┩
│ 0 │ model   │ PARSeq        │ 27.5 M │ train │     0 │
│ 1 │ rec_cer │ CharErrorRate │      0 │ train │     0 │
└───┴─────────┴───────────────┴────────┴───────┴───────┘
Trainable params: 27.5 M                                                                                                  
Non-trainable params: 0                                                                                                   
Total params: 27.5 M                                                                                                      
Total estimated model params size (MB): 110                                                                               
Modules in train mode: 269                                                                                                
Modules in eval mode: 0                                                                                                   
Total FLOPs: 0                                                                                                            
/workspaces/.venv/lib/python3.11/site-packages/torch/nn/functional.py:5962: UserWarning: Support for mismatched key_padding_mask and attn_mask is deprecated. Use same type for both instead.
  warnings.warn(
DEBUG: Input Images: torch.Size([1, 3, 32, 128]), Mean: -0.0055, Std: 0.9920, Min: -3.6141, Max: 4.3280
DEBUG: Visual Feat: torch.Size([1, 256, 2, 8]), Mean: 0.9705, Std: 1.4088
DEBUG: Pos Embed: torch.Size([1, 256, 2, 8]), Mean: 8.0594, Std: 7.9411

[Grad Debug] Step 0 - Pos Encoder Grad Norm: 0.0000
[Grad Debug] Step 0 - Embed Tokens Grad Norm: 0.0000
DEBUG: Input Images: torch.Size([1, 3, 32, 128]), Mean: -0.0055, Std: 0.9920, Min: -3.6141, Max: 4.3280
DEBUG: Visual Feat: torch.Size([1, 256, 2, 8]), Mean: 0.9880, Std: 1.4561
DEBUG: Pos Embed: torch.Size([1, 256, 2, 8]), Mean: 8.0594, Std: 7.9411
DEBUG: Input Images: torch.Size([1, 3, 32, 128]), Mean: -0.0055, Std: 0.9920, Min: -3.6141, Max: 4.3280
DEBUG: Visual Feat: torch.Size([1, 256, 2, 8]), Mean: 0.9917, Std: 1.4696
DEBUG: Pos Embed: torch.Size([1, 256, 2, 8]), Mean: 8.0594, Std: 7.9411
DEBUG: Input Images: torch.Size([1, 3, 32, 128]), Mean: -0.0055, Std: 0.9920, Min: -3.6141, Max: 4.3280
DEBUG: Visual Feat: torch.Size([1, 256, 2, 8]), Mean: 0.9953, Std: 1.4921
DEBUG: Pos Embed: torch.Size([1, 256, 2, 8]), Mean: 8.0594, Std: 7.9411
DEBUG: Input Images: torch.Size([1, 3, 32, 128]), Mean: -0.0055, Std: 0.9920, Min: -3.6141, Max: 4.3280
DEBUG: Visual Feat: torch.Size([1, 256, 2, 8]), Mean: 1.0043, Std: 1.4891
DEBUG: Pos Embed: torch.Size([1, 256, 2, 8]), Mean: 8.0594, Std: 7.9411
DEBUG: Input Images: torch.Size([1, 3, 32, 128]), Mean: -0.0055, Std: 0.9920, Min: -3.6141, Max: 4.3280
DEBUG: Visual Feat: torch.Size([1, 256, 2, 8]), Mean: 1.0033, Std: 1.4869
DEBUG: Pos Embed: torch.Size([1, 256, 2, 8]), Mean: 8.0594, Std: 7.9411
DEBUG: Input Images: torch.Size([1, 3, 32, 128]), Mean: -0.0055, Std: 0.9920, Min: -3.6141, Max: 4.3280
DEBUG: Visual Feat: torch.Size([1, 256, 2, 8]), Mean: 1.0013, Std: 1.4805
DEBUG: Pos Embed: torch.Size([1, 256, 2, 8]), Mean: 8.0594, Std: 7.9411
DEBUG: Input Images: torch.Size([1, 3, 32, 128]), Mean: -0.0055, Std: 0.9920, Min: -3.6141, Max: 4.3280
DEBUG: Visual Feat: torch.Size([1, 256, 2, 8]), Mean: 1.0011, Std: 1.4881
DEBUG: Pos Embed: torch.Size([1, 256, 2, 8]), Mean: 8.0594, Std: 7.9411
DEBUG: Input Images: torch.Size([1, 3, 32, 128]), Mean: -0.0055, Std: 0.9920, Min: -3.6141, Max: 4.3280
DEBUG: Visual Feat: torch.Size([1, 256, 2, 8]), Mean: 1.0045, Std: 1.4843
DEBUG: Pos Embed: torch.Size([1, 256, 2, 8]), Mean: 8.0594, Std: 7.9411
DEBUG: Input Images: torch.Size([1, 3, 32, 128]), Mean: -0.0055, Std: 0.9920, Min: -3.6141, Max: 4.3280
DEBUG: Visual Feat: torch.Size([1, 256, 2, 8]), Mean: 1.0049, Std: 1.4783
DEBUG: Pos Embed: torch.Size([1, 256, 2, 8]), Mean: 8.0594, Std: 7.9411
DEBUG: Input Images: torch.Size([1, 3, 32, 128]), Mean: 1.6363, Std: 1.1930, Min: -2.0665, Max: 2.6400
DEBUG: Visual Feat: torch.Size([1, 256, 2, 8]), Mean: 1.3730, Std: 2.1251
DEBUG: Pos Embed: torch.Size([1, 256, 2, 8]), Mean: 8.0594, Std: 7.9411
DEBUG: Input Images: torch.Size([1, 3, 32, 128]), Mean: 1.6363, Std: 1.1930, Min: -2.0665, Max: 2.6400
DEBUG: Visual Feat: torch.Size([1, 256, 2, 8]), Mean: 1.3730, Std: 2.1251
DEBUG: Pos Embed: torch.Size([1, 256, 2, 8]), Mean: 8.0594, Std: 7.9411

[Validation Debug] Samples:
  Pred Type: <class 'dict'>
  Pred Keys: ['logits', 'tokens']
  Pred IDs: [1, 12, 12, 12, 12, 12, 12, 12, 12, 12, 12, 12, 12, 12, 12, 12, 12, 12, 12, 12, 12, 12, 12, 12, 12, 12]
  Pred: '(((((((((((((((((((((((((' | GT: '"변화와'
  Match Count: 0/1
DEBUG: Input Images: torch.Size([1, 3, 32, 128]), Mean: -0.0055, Std: 0.9920, Min: -3.6141, Max: 4.3280
DEBUG: Visual Feat: torch.Size([1, 256, 2, 8]), Mean: 1.0058, Std: 1.4816
DEBUG: Pos Embed: torch.Size([1, 256, 2, 8]), Mean: 8.0594, Std: 7.9411

[Grad Debug] Step 10 - Pos Encoder Grad Norm: 0.0000
[Grad Debug] Step 10 - Embed Tokens Grad Norm: 0.0000
DEBUG: Input Images: torch.Size([1, 3, 32, 128]), Mean: -0.0055, Std: 0.9920, Min: -3.6141, Max: 4.3280
DEBUG: Visual Feat: torch.Size([1, 256, 2, 8]), Mean: 1.0063, Std: 1.4898
DEBUG: Pos Embed: torch.Size([1, 256, 2, 8]), Mean: 8.0594, Std: 7.9411
DEBUG: Input Images: torch.Size([1, 3, 32, 128]), Mean: -0.0055, Std: 0.9920, Min: -3.6141, Max: 4.3280
DEBUG: Visual Feat: torch.Size([1, 256, 2, 8]), Mean: 1.0071, Std: 1.4953
DEBUG: Pos Embed: torch.Size([1, 256, 2, 8]), Mean: 8.0594, Std: 7.9411
DEBUG: Input Images: torch.Size([1, 3, 32, 128]), Mean: -0.0055, Std: 0.9920, Min: -3.6141, Max: 4.3280
DEBUG: Visual Feat: torch.Size([1, 256, 2, 8]), Mean: 1.0077, Std: 1.5051
DEBUG: Pos Embed: torch.Size([1, 256, 2, 8]), Mean: 8.0594, Std: 7.9411
DEBUG: Input Images: torch.Size([1, 3, 32, 128]), Mean: -0.0055, Std: 0.9920, Min: -3.6141, Max: 4.3280
DEBUG: Visual Feat: torch.Size([1, 256, 2, 8]), Mean: 1.0083, Std: 1.5079
DEBUG: Pos Embed: torch.Size([1, 256, 2, 8]), Mean: 8.0594, Std: 7.9411
DEBUG: Input Images: torch.Size([1, 3, 32, 128]), Mean: -0.0055, Std: 0.9920, Min: -3.6141, Max: 4.3280
DEBUG: Visual Feat: torch.Size([1, 256, 2, 8]), Mean: 1.0085, Std: 1.5087
DEBUG: Pos Embed: torch.Size([1, 256, 2, 8]), Mean: 8.0594, Std: 7.9411
DEBUG: Input Images: torch.Size([1, 3, 32, 128]), Mean: -0.0055, Std: 0.9920, Min: -3.6141, Max: 4.3280
DEBUG: Visual Feat: torch.Size([1, 256, 2, 8]), Mean: 1.0084, Std: 1.5067
DEBUG: Pos Embed: torch.Size([1, 256, 2, 8]), Mean: 8.0594, Std: 7.9411
DEBUG: Input Images: torch.Size([1, 3, 32, 128]), Mean: -0.0055, Std: 0.9920, Min: -3.6141, Max: 4.3280
DEBUG: Visual Feat: torch.Size([1, 256, 2, 8]), Mean: 1.0090, Std: 1.5085
DEBUG: Pos Embed: torch.Size([1, 256, 2, 8]), Mean: 8.0594, Std: 7.9411
DEBUG: Input Images: torch.Size([1, 3, 32, 128]), Mean: -0.0055, Std: 0.9920, Min: -3.6141, Max: 4.3280
DEBUG: Visual Feat: torch.Size([1, 256, 2, 8]), Mean: 1.0100, Std: 1.5151
DEBUG: Pos Embed: torch.Size([1, 256, 2, 8]), Mean: 8.0594, Std: 7.9411
DEBUG: Input Images: torch.Size([1, 3, 32, 128]), Mean: -0.0055, Std: 0.9920, Min: -3.6141, Max: 4.3280
DEBUG: Visual Feat: torch.Size([1, 256, 2, 8]), Mean: 1.0110, Std: 1.5193
DEBUG: Pos Embed: torch.Size([1, 256, 2, 8]), Mean: 8.0594, Std: 7.9411
DEBUG: Input Images: torch.Size([1, 3, 32, 128]), Mean: 1.6363, Std: 1.1930, Min: -2.0665, Max: 2.6400
DEBUG: Visual Feat: torch.Size([1, 256, 2, 8]), Mean: 1.8351, Std: 3.5056
DEBUG: Pos Embed: torch.Size([1, 256, 2, 8]), Mean: 8.0594, Std: 7.9411
DEBUG: Input Images: torch.Size([1, 3, 32, 128]), Mean: 1.6363, Std: 1.1930, Min: -2.0665, Max: 2.6400
DEBUG: Visual Feat: torch.Size([1, 256, 2, 8]), Mean: 1.8351, Std: 3.5056
DEBUG: Pos Embed: torch.Size([1, 256, 2, 8]), Mean: 8.0594, Std: 7.9411

[Validation Debug] Samples:
  Pred Type: <class 'dict'>
  Pred Keys: ['logits', 'tokens']
  Pred IDs: [1, 2]
  Pred: '' | GT: '"변화와'
  Match Count: 0/1
DEBUG: Input Images: torch.Size([1, 3, 32, 128]), Mean: -0.0055, Std: 0.9920, Min: -3.6141, Max: 4.3280
DEBUG: Visual Feat: torch.Size([1, 256, 2, 8]), Mean: 1.0116, Std: 1.5228
DEBUG: Pos Embed: torch.Size([1, 256, 2, 8]), Mean: 8.0594, Std: 7.9411

[Grad Debug] Step 20 - Pos Encoder Grad Norm: 0.0000
[Grad Debug] Step 20 - Embed Tokens Grad Norm: 0.0000
DEBUG: Input Images: torch.Size([1, 3, 32, 128]), Mean: -0.0055, Std: 0.9920, Min: -3.6141, Max: 4.3280
DEBUG: Visual Feat: torch.Size([1, 256, 2, 8]), Mean: 1.0118, Std: 1.5247
DEBUG: Pos Embed: torch.Size([1, 256, 2, 8]), Mean: 8.0594, Std: 7.9411
DEBUG: Input Images: torch.Size([1, 3, 32, 128]), Mean: -0.0055, Std: 0.9920, Min: -3.6141, Max: 4.3280
DEBUG: Visual Feat: torch.Size([1, 256, 2, 8]), Mean: 1.0113, Std: 1.5244
DEBUG: Pos Embed: torch.Size([1, 256, 2, 8]), Mean: 8.0594, Std: 7.9411
DEBUG: Input Images: torch.Size([1, 3, 32, 128]), Mean: -0.0055, Std: 0.9920, Min: -3.6141, Max: 4.3280
DEBUG: Visual Feat: torch.Size([1, 256, 2, 8]), Mean: 1.0099, Std: 1.5224
DEBUG: Pos Embed: torch.Size([1, 256, 2, 8]), Mean: 8.0594, Std: 7.9411
DEBUG: Input Images: torch.Size([1, 3, 32, 128]), Mean: -0.0055, Std: 0.9920, Min: -3.6141, Max: 4.3280
DEBUG: Visual Feat: torch.Size([1, 256, 2, 8]), Mean: 1.0083, Std: 1.5205
DEBUG: Pos Embed: torch.Size([1, 256, 2, 8]), Mean: 8.0594, Std: 7.9411
DEBUG: Input Images: torch.Size([1, 3, 32, 128]), Mean: -0.0055, Std: 0.9920, Min: -3.6141, Max: 4.3280
DEBUG: Visual Feat: torch.Size([1, 256, 2, 8]), Mean: 1.0066, Std: 1.5194
DEBUG: Pos Embed: torch.Size([1, 256, 2, 8]), Mean: 8.0594, Std: 7.9411
DEBUG: Input Images: torch.Size([1, 3, 32, 128]), Mean: -0.0055, Std: 0.9920, Min: -3.6141, Max: 4.3280
DEBUG: Visual Feat: torch.Size([1, 256, 2, 8]), Mean: 1.0053, Std: 1.5190
DEBUG: Pos Embed: torch.Size([1, 256, 2, 8]), Mean: 8.0594, Std: 7.9411
DEBUG: Input Images: torch.Size([1, 3, 32, 128]), Mean: -0.0055, Std: 0.9920, Min: -3.6141, Max: 4.3280
DEBUG: Visual Feat: torch.Size([1, 256, 2, 8]), Mean: 1.0036, Std: 1.5171
DEBUG: Pos Embed: torch.Size([1, 256, 2, 8]), Mean: 8.0594, Std: 7.9411
DEBUG: Input Images: torch.Size([1, 3, 32, 128]), Mean: -0.0055, Std: 0.9920, Min: -3.6141, Max: 4.3280
DEBUG: Visual Feat: torch.Size([1, 256, 2, 8]), Mean: 1.0018, Std: 1.5143
DEBUG: Pos Embed: torch.Size([1, 256, 2, 8]), Mean: 8.0594, Std: 7.9411
DEBUG: Input Images: torch.Size([1, 3, 32, 128]), Mean: -0.0055, Std: 0.9920, Min: -3.6141, Max: 4.3280
DEBUG: Visual Feat: torch.Size([1, 256, 2, 8]), Mean: 0.9959, Std: 1.5058
DEBUG: Pos Embed: torch.Size([1, 256, 2, 8]), Mean: 8.0594, Std: 7.9411
DEBUG: Input Images: torch.Size([1, 3, 32, 128]), Mean: 1.6363, Std: 1.1930, Min: -2.0665, Max: 2.6400
DEBUG: Visual Feat: torch.Size([1, 256, 2, 8]), Mean: 2.2245, Std: 5.0983
DEBUG: Pos Embed: torch.Size([1, 256, 2, 8]), Mean: 8.0594, Std: 7.9411
DEBUG: Input Images: torch.Size([1, 3, 32, 128]), Mean: 1.6363, Std: 1.1930, Min: -2.0665, Max: 2.6400
DEBUG: Visual Feat: torch.Size([1, 256, 2, 8]), Mean: 2.2245, Std: 5.0983
DEBUG: Pos Embed: torch.Size([1, 256, 2, 8]), Mean: 8.0594, Std: 7.9411

[Validation Debug] Samples:
  Pred Type: <class 'dict'>
  Pred Keys: ['logits', 'tokens']
  Pred IDs: [1, 2]
  Pred: '' | GT: '"변화와'
  Match Count: 0/1
DEBUG: Input Images: torch.Size([1, 3, 32, 128]), Mean: -0.0055, Std: 0.9920, Min: -3.6141, Max: 4.3280
DEBUG: Visual Feat: torch.Size([1, 256, 2, 8]), Mean: 0.9902, Std: 1.5019
DEBUG: Pos Embed: torch.Size([1, 256, 2, 8]), Mean: 8.0594, Std: 7.9411

[Grad Debug] Step 30 - Pos Encoder Grad Norm: 0.0000
[Grad Debug] Step 30 - Embed Tokens Grad Norm: 0.0000
DEBUG: Input Images: torch.Size([1, 3, 32, 128]), Mean: -0.0055, Std: 0.9920, Min: -3.6141, Max: 4.3280
DEBUG: Visual Feat: torch.Size([1, 256, 2, 8]), Mean: 0.9875, Std: 1.5002
DEBUG: Pos Embed: torch.Size([1, 256, 2, 8]), Mean: 8.0594, Std: 7.9411
DEBUG: Input Images: torch.Size([1, 3, 32, 128]), Mean: -0.0055, Std: 0.9920, Min: -3.6141, Max: 4.3280
DEBUG: Visual Feat: torch.Size([1, 256, 2, 8]), Mean: 0.9854, Std: 1.4968
DEBUG: Pos Embed: torch.Size([1, 256, 2, 8]), Mean: 8.0594, Std: 7.9411
DEBUG: Input Images: torch.Size([1, 3, 32, 128]), Mean: -0.0055, Std: 0.9920, Min: -3.6141, Max: 4.3280
DEBUG: Visual Feat: torch.Size([1, 256, 2, 8]), Mean: 0.9840, Std: 1.4911
DEBUG: Pos Embed: torch.Size([1, 256, 2, 8]), Mean: 8.0594, Std: 7.9411
DEBUG: Input Images: torch.Size([1, 3, 32, 128]), Mean: -0.0055, Std: 0.9920, Min: -3.6141, Max: 4.3280
DEBUG: Visual Feat: torch.Size([1, 256, 2, 8]), Mean: 0.9838, Std: 1.4853
DEBUG: Pos Embed: torch.Size([1, 256, 2, 8]), Mean: 8.0594, Std: 7.9411
DEBUG: Input Images: torch.Size([1, 3, 32, 128]), Mean: -0.0055, Std: 0.9920, Min: -3.6141, Max: 4.3280
DEBUG: Visual Feat: torch.Size([1, 256, 2, 8]), Mean: 0.9828, Std: 1.4802
DEBUG: Pos Embed: torch.Size([1, 256, 2, 8]), Mean: 8.0594, Std: 7.9411
DEBUG: Input Images: torch.Size([1, 3, 32, 128]), Mean: -0.0055, Std: 0.9920, Min: -3.6141, Max: 4.3280
DEBUG: Visual Feat: torch.Size([1, 256, 2, 8]), Mean: 0.9817, Std: 1.4751
DEBUG: Pos Embed: torch.Size([1, 256, 2, 8]), Mean: 8.0594, Std: 7.9411
DEBUG: Input Images: torch.Size([1, 3, 32, 128]), Mean: -0.0055, Std: 0.9920, Min: -3.6141, Max: 4.3280
DEBUG: Visual Feat: torch.Size([1, 256, 2, 8]), Mean: 0.9806, Std: 1.4704
DEBUG: Pos Embed: torch.Size([1, 256, 2, 8]), Mean: 8.0594, Std: 7.9411
DEBUG: Input Images: torch.Size([1, 3, 32, 128]), Mean: -0.0055, Std: 0.9920, Min: -3.6141, Max: 4.3280
DEBUG: Visual Feat: torch.Size([1, 256, 2, 8]), Mean: 0.9800, Std: 1.4668
DEBUG: Pos Embed: torch.Size([1, 256, 2, 8]), Mean: 8.0594, Std: 7.9411
DEBUG: Input Images: torch.Size([1, 3, 32, 128]), Mean: -0.0055, Std: 0.9920, Min: -3.6141, Max: 4.3280
DEBUG: Visual Feat: torch.Size([1, 256, 2, 8]), Mean: 0.9787, Std: 1.4654
DEBUG: Pos Embed: torch.Size([1, 256, 2, 8]), Mean: 8.0594, Std: 7.9411
DEBUG: Input Images: torch.Size([1, 3, 32, 128]), Mean: 1.6363, Std: 1.1930, Min: -2.0665, Max: 2.6400
DEBUG: Visual Feat: torch.Size([1, 256, 2, 8]), Mean: 2.3206, Std: 5.6116
DEBUG: Pos Embed: torch.Size([1, 256, 2, 8]), Mean: 8.0594, Std: 7.9411
DEBUG: Input Images: torch.Size([1, 3, 32, 128]), Mean: 1.6363, Std: 1.1930, Min: -2.0665, Max: 2.6400
DEBUG: Visual Feat: torch.Size([1, 256, 2, 8]), Mean: 2.3206, Std: 5.6116
DEBUG: Pos Embed: torch.Size([1, 256, 2, 8]), Mean: 8.0594, Std: 7.9411

[Validation Debug] Samples:
  Pred Type: <class 'dict'>
  Pred Keys: ['logits', 'tokens']
  Pred IDs: [1, 2]
  Pred: '' | GT: '"변화와'
  Match Count: 0/1
DEBUG: Input Images: torch.Size([1, 3, 32, 128]), Mean: -0.0055, Std: 0.9920, Min: -3.6141, Max: 4.3280
DEBUG: Visual Feat: torch.Size([1, 256, 2, 8]), Mean: 0.9784, Std: 1.4631
DEBUG: Pos Embed: torch.Size([1, 256, 2, 8]), Mean: 8.0594, Std: 7.9411

[Grad Debug] Step 40 - Pos Encoder Grad Norm: 0.0000
[Grad Debug] Step 40 - Embed Tokens Grad Norm: 0.0000
DEBUG: Input Images: torch.Size([1, 3, 32, 128]), Mean: -0.0055, Std: 0.9920, Min: -3.6141, Max: 4.3280
DEBUG: Visual Feat: torch.Size([1, 256, 2, 8]), Mean: 0.9781, Std: 1.4614
DEBUG: Pos Embed: torch.Size([1, 256, 2, 8]), Mean: 8.0594, Std: 7.9411
DEBUG: Input Images: torch.Size([1, 3, 32, 128]), Mean: -0.0055, Std: 0.9920, Min: -3.6141, Max: 4.3280
DEBUG: Visual Feat: torch.Size([1, 256, 2, 8]), Mean: 0.9781, Std: 1.4603
DEBUG: Pos Embed: torch.Size([1, 256, 2, 8]), Mean: 8.0594, Std: 7.9411
DEBUG: Input Images: torch.Size([1, 3, 32, 128]), Mean: -0.0055, Std: 0.9920, Min: -3.6141, Max: 4.3280
DEBUG: Visual Feat: torch.Size([1, 256, 2, 8]), Mean: 0.9777, Std: 1.4592
DEBUG: Pos Embed: torch.Size([1, 256, 2, 8]), Mean: 8.0594, Std: 7.9411
DEBUG: Input Images: torch.Size([1, 3, 32, 128]), Mean: -0.0055, Std: 0.9920, Min: -3.6141, Max: 4.3280
DEBUG: Visual Feat: torch.Size([1, 256, 2, 8]), Mean: 0.9772, Std: 1.4580
DEBUG: Pos Embed: torch.Size([1, 256, 2, 8]), Mean: 8.0594, Std: 7.9411
DEBUG: Input Images: torch.Size([1, 3, 32, 128]), Mean: -0.0055, Std: 0.9920, Min: -3.6141, Max: 4.3280
DEBUG: Visual Feat: torch.Size([1, 256, 2, 8]), Mean: 0.9768, Std: 1.4556
DEBUG: Pos Embed: torch.Size([1, 256, 2, 8]), Mean: 8.0594, Std: 7.9411
DEBUG: Input Images: torch.Size([1, 3, 32, 128]), Mean: -0.0055, Std: 0.9920, Min: -3.6141, Max: 4.3280
DEBUG: Visual Feat: torch.Size([1, 256, 2, 8]), Mean: 0.9760, Std: 1.4535
DEBUG: Pos Embed: torch.Size([1, 256, 2, 8]), Mean: 8.0594, Std: 7.9411
DEBUG: Input Images: torch.Size([1, 3, 32, 128]), Mean: -0.0055, Std: 0.9920, Min: -3.6141, Max: 4.3280
DEBUG: Visual Feat: torch.Size([1, 256, 2, 8]), Mean: 0.9751, Std: 1.4573
DEBUG: Pos Embed: torch.Size([1, 256, 2, 8]), Mean: 8.0594, Std: 7.9411
DEBUG: Input Images: torch.Size([1, 3, 32, 128]), Mean: -0.0055, Std: 0.9920, Min: -3.6141, Max: 4.3280
DEBUG: Visual Feat: torch.Size([1, 256, 2, 8]), Mean: 0.9743, Std: 1.4611
DEBUG: Pos Embed: torch.Size([1, 256, 2, 8]), Mean: 8.0594, Std: 7.9411
DEBUG: Input Images: torch.Size([1, 3, 32, 128]), Mean: -0.0055, Std: 0.9920, Min: -3.6141, Max: 4.3280
DEBUG: Visual Feat: torch.Size([1, 256, 2, 8]), Mean: 0.9740, Std: 1.4649
DEBUG: Pos Embed: torch.Size([1, 256, 2, 8]), Mean: 8.0594, Std: 7.9411
DEBUG: Input Images: torch.Size([1, 3, 32, 128]), Mean: 1.6363, Std: 1.1930, Min: -2.0665, Max: 2.6400
DEBUG: Visual Feat: torch.Size([1, 256, 2, 8]), Mean: 2.3604, Std: 5.7905
DEBUG: Pos Embed: torch.Size([1, 256, 2, 8]), Mean: 8.0594, Std: 7.9411
DEBUG: Input Images: torch.Size([1, 3, 32, 128]), Mean: 1.6363, Std: 1.1930, Min: -2.0665, Max: 2.6400
DEBUG: Visual Feat: torch.Size([1, 256, 2, 8]), Mean: 2.3604, Std: 5.7905
DEBUG: Pos Embed: torch.Size([1, 256, 2, 8]), Mean: 8.0594, Std: 7.9411

[Validation Debug] Samples:
  Pred Type: <class 'dict'>
  Pred Keys: ['logits', 'tokens']
  Pred IDs: [1, 2]
  Pred: '' | GT: '"변화와'
  Match Count: 0/1
DEBUG: Input Images: torch.Size([1, 3, 32, 128]), Mean: -0.0055, Std: 0.9920, Min: -3.6141, Max: 4.3280
DEBUG: Visual Feat: torch.Size([1, 256, 2, 8]), Mean: 0.9736, Std: 1.4678
DEBUG: Pos Embed: torch.Size([1, 256, 2, 8]), Mean: 8.0594, Std: 7.9411

[Grad Debug] Step 50 - Pos Encoder Grad Norm: 0.0000
[Grad Debug] Step 50 - Embed Tokens Grad Norm: 0.0000
DEBUG: Input Images: torch.Size([1, 3, 32, 128]), Mean: -0.0055, Std: 0.9920, Min: -3.6141, Max: 4.3280
DEBUG: Visual Feat: torch.Size([1, 256, 2, 8]), Mean: 0.9732, Std: 1.4701
DEBUG: Pos Embed: torch.Size([1, 256, 2, 8]), Mean: 8.0594, Std: 7.9411
DEBUG: Input Images: torch.Size([1, 3, 32, 128]), Mean: -0.0055, Std: 0.9920, Min: -3.6141, Max: 4.3280
DEBUG: Visual Feat: torch.Size([1, 256, 2, 8]), Mean: 0.9728, Std: 1.4712
DEBUG: Pos Embed: torch.Size([1, 256, 2, 8]), Mean: 8.0594, Std: 7.9411
DEBUG: Input Images: torch.Size([1, 3, 32, 128]), Mean: -0.0055, Std: 0.9920, Min: -3.6141, Max: 4.3280
DEBUG: Visual Feat: torch.Size([1, 256, 2, 8]), Mean: 0.9727, Std: 1.4723
DEBUG: Pos Embed: torch.Size([1, 256, 2, 8]), Mean: 8.0594, Std: 7.9411
DEBUG: Input Images: torch.Size([1, 3, 32, 128]), Mean: -0.0055, Std: 0.9920, Min: -3.6141, Max: 4.3280
DEBUG: Visual Feat: torch.Size([1, 256, 2, 8]), Mean: 0.9726, Std: 1.4732
DEBUG: Pos Embed: torch.Size([1, 256, 2, 8]), Mean: 8.0594, Std: 7.9411
DEBUG: Input Images: torch.Size([1, 3, 32, 128]), Mean: -0.0055, Std: 0.9920, Min: -3.6141, Max: 4.3280
DEBUG: Visual Feat: torch.Size([1, 256, 2, 8]), Mean: 0.9723, Std: 1.4737
DEBUG: Pos Embed: torch.Size([1, 256, 2, 8]), Mean: 8.0594, Std: 7.9411
DEBUG: Input Images: torch.Size([1, 3, 32, 128]), Mean: -0.0055, Std: 0.9920, Min: -3.6141, Max: 4.3280
DEBUG: Visual Feat: torch.Size([1, 256, 2, 8]), Mean: 0.9721, Std: 1.4742
DEBUG: Pos Embed: torch.Size([1, 256, 2, 8]), Mean: 8.0594, Std: 7.9411
DEBUG: Input Images: torch.Size([1, 3, 32, 128]), Mean: -0.0055, Std: 0.9920, Min: -3.6141, Max: 4.3280
DEBUG: Visual Feat: torch.Size([1, 256, 2, 8]), Mean: 0.9719, Std: 1.4740
DEBUG: Pos Embed: torch.Size([1, 256, 2, 8]), Mean: 8.0594, Std: 7.9411
DEBUG: Input Images: torch.Size([1, 3, 32, 128]), Mean: -0.0055, Std: 0.9920, Min: -3.6141, Max: 4.3280
DEBUG: Visual Feat: torch.Size([1, 256, 2, 8]), Mean: 0.9716, Std: 1.4742
DEBUG: Pos Embed: torch.Size([1, 256, 2, 8]), Mean: 8.0594, Std: 7.9411
DEBUG: Input Images: torch.Size([1, 3, 32, 128]), Mean: -0.0055, Std: 0.9920, Min: -3.6141, Max: 4.3280
DEBUG: Visual Feat: torch.Size([1, 256, 2, 8]), Mean: 0.9712, Std: 1.4736
DEBUG: Pos Embed: torch.Size([1, 256, 2, 8]), Mean: 8.0594, Std: 7.9411
DEBUG: Input Images: torch.Size([1, 3, 32, 128]), Mean: 1.6363, Std: 1.1930, Min: -2.0665, Max: 2.6400
DEBUG: Visual Feat: torch.Size([1, 256, 2, 8]), Mean: 2.4292, Std: 6.0616
DEBUG: Pos Embed: torch.Size([1, 256, 2, 8]), Mean: 8.0594, Std: 7.9411
DEBUG: Input Images: torch.Size([1, 3, 32, 128]), Mean: 1.6363, Std: 1.1930, Min: -2.0665, Max: 2.6400
DEBUG: Visual Feat: torch.Size([1, 256, 2, 8]), Mean: 2.4292, Std: 6.0616
DEBUG: Pos Embed: torch.Size([1, 256, 2, 8]), Mean: 8.0594, Std: 7.9411

[Validation Debug] Samples:
  Pred Type: <class 'dict'>
  Pred Keys: ['logits', 'tokens']
  Pred IDs: [1, 2]
  Pred: '' | GT: '"변화와'
  Match Count: 0/1
DEBUG: Input Images: torch.Size([1, 3, 32, 128]), Mean: -0.0055, Std: 0.9920, Min: -3.6141, Max: 4.3280
DEBUG: Visual Feat: torch.Size([1, 256, 2, 8]), Mean: 0.9708, Std: 1.4728
DEBUG: Pos Embed: torch.Size([1, 256, 2, 8]), Mean: 8.0594, Std: 7.9411

[Grad Debug] Step 60 - Pos Encoder Grad Norm: 0.0000
[Grad Debug] Step 60 - Embed Tokens Grad Norm: 0.0000
DEBUG: Input Images: torch.Size([1, 3, 32, 128]), Mean: -0.0055, Std: 0.9920, Min: -3.6141, Max: 4.3280
DEBUG: Visual Feat: torch.Size([1, 256, 2, 8]), Mean: 0.9704, Std: 1.4715
DEBUG: Pos Embed: torch.Size([1, 256, 2, 8]), Mean: 8.0594, Std: 7.9411
DEBUG: Input Images: torch.Size([1, 3, 32, 128]), Mean: -0.0055, Std: 0.9920, Min: -3.6141, Max: 4.3280
DEBUG: Visual Feat: torch.Size([1, 256, 2, 8]), Mean: 0.9698, Std: 1.4698
DEBUG: Pos Embed: torch.Size([1, 256, 2, 8]), Mean: 8.0594, Std: 7.9411
DEBUG: Input Images: torch.Size([1, 3, 32, 128]), Mean: -0.0055, Std: 0.9920, Min: -3.6141, Max: 4.3280
DEBUG: Visual Feat: torch.Size([1, 256, 2, 8]), Mean: 0.9691, Std: 1.4683
DEBUG: Pos Embed: torch.Size([1, 256, 2, 8]), Mean: 8.0594, Std: 7.9411
DEBUG: Input Images: torch.Size([1, 3, 32, 128]), Mean: -0.0055, Std: 0.9920, Min: -3.6141, Max: 4.3280
DEBUG: Visual Feat: torch.Size([1, 256, 2, 8]), Mean: 0.9681, Std: 1.4667
DEBUG: Pos Embed: torch.Size([1, 256, 2, 8]), Mean: 8.0594, Std: 7.9411
DEBUG: Input Images: torch.Size([1, 3, 32, 128]), Mean: -0.0055, Std: 0.9920, Min: -3.6141, Max: 4.3280
DEBUG: Visual Feat: torch.Size([1, 256, 2, 8]), Mean: 0.9674, Std: 1.4653
DEBUG: Pos Embed: torch.Size([1, 256, 2, 8]), Mean: 8.0594, Std: 7.9411
DEBUG: Input Images: torch.Size([1, 3, 32, 128]), Mean: -0.0055, Std: 0.9920, Min: -3.6141, Max: 4.3280
DEBUG: Visual Feat: torch.Size([1, 256, 2, 8]), Mean: 0.9669, Std: 1.4641
DEBUG: Pos Embed: torch.Size([1, 256, 2, 8]), Mean: 8.0594, Std: 7.9411
DEBUG: Input Images: torch.Size([1, 3, 32, 128]), Mean: -0.0055, Std: 0.9920, Min: -3.6141, Max: 4.3280
DEBUG: Visual Feat: torch.Size([1, 256, 2, 8]), Mean: 0.9668, Std: 1.4632
DEBUG: Pos Embed: torch.Size([1, 256, 2, 8]), Mean: 8.0594, Std: 7.9411
DEBUG: Input Images: torch.Size([1, 3, 32, 128]), Mean: -0.0055, Std: 0.9920, Min: -3.6141, Max: 4.3280
DEBUG: Visual Feat: torch.Size([1, 256, 2, 8]), Mean: 0.9670, Std: 1.4624
DEBUG: Pos Embed: torch.Size([1, 256, 2, 8]), Mean: 8.0594, Std: 7.9411
DEBUG: Input Images: torch.Size([1, 3, 32, 128]), Mean: -0.0055, Std: 0.9920, Min: -3.6141, Max: 4.3280
DEBUG: Visual Feat: torch.Size([1, 256, 2, 8]), Mean: 0.9670, Std: 1.4616
DEBUG: Pos Embed: torch.Size([1, 256, 2, 8]), Mean: 8.0594, Std: 7.9411
DEBUG: Input Images: torch.Size([1, 3, 32, 128]), Mean: 1.6363, Std: 1.1930, Min: -2.0665, Max: 2.6400
DEBUG: Visual Feat: torch.Size([1, 256, 2, 8]), Mean: 2.4882, Std: 6.3119
DEBUG: Pos Embed: torch.Size([1, 256, 2, 8]), Mean: 8.0594, Std: 7.9411
DEBUG: Input Images: torch.Size([1, 3, 32, 128]), Mean: 1.6363, Std: 1.1930, Min: -2.0665, Max: 2.6400
DEBUG: Visual Feat: torch.Size([1, 256, 2, 8]), Mean: 2.4882, Std: 6.3119
DEBUG: Pos Embed: torch.Size([1, 256, 2, 8]), Mean: 8.0594, Std: 7.9411

[Validation Debug] Samples:
  Pred Type: <class 'dict'>
  Pred Keys: ['logits', 'tokens']
  Pred IDs: [1, 10, 10, 10, 10, 10, 10, 10, 10, 10, 10, 10, 10, 10, 10, 10, 10, 10, 10, 10, 10, 10, 10, 10, 10, 10]
  Pred: '&&&&&&&&&&&&&&&&&&&&&&&&&' | GT: '"변화와'
  Match Count: 0/1
DEBUG: Input Images: torch.Size([1, 3, 32, 128]), Mean: -0.0055, Std: 0.9920, Min: -3.6141, Max: 4.3280
DEBUG: Visual Feat: torch.Size([1, 256, 2, 8]), Mean: 0.9668, Std: 1.4610
DEBUG: Pos Embed: torch.Size([1, 256, 2, 8]), Mean: 8.0594, Std: 7.9411

[Grad Debug] Step 70 - Pos Encoder Grad Norm: 0.0000
[Grad Debug] Step 70 - Embed Tokens Grad Norm: 0.0000
DEBUG: Input Images: torch.Size([1, 3, 32, 128]), Mean: -0.0055, Std: 0.9920, Min: -3.6141, Max: 4.3280
DEBUG: Visual Feat: torch.Size([1, 256, 2, 8]), Mean: 0.9665, Std: 1.4603
DEBUG: Pos Embed: torch.Size([1, 256, 2, 8]), Mean: 8.0594, Std: 7.9411
DEBUG: Input Images: torch.Size([1, 3, 32, 128]), Mean: -0.0055, Std: 0.9920, Min: -3.6141, Max: 4.3280
DEBUG: Visual Feat: torch.Size([1, 256, 2, 8]), Mean: 0.9661, Std: 1.4593
DEBUG: Pos Embed: torch.Size([1, 256, 2, 8]), Mean: 8.0594, Std: 7.9411
DEBUG: Input Images: torch.Size([1, 3, 32, 128]), Mean: -0.0055, Std: 0.9920, Min: -3.6141, Max: 4.3280
DEBUG: Visual Feat: torch.Size([1, 256, 2, 8]), Mean: 0.9656, Std: 1.4577
DEBUG: Pos Embed: torch.Size([1, 256, 2, 8]), Mean: 8.0594, Std: 7.9411
DEBUG: Input Images: torch.Size([1, 3, 32, 128]), Mean: -0.0055, Std: 0.9920, Min: -3.6141, Max: 4.3280
DEBUG: Visual Feat: torch.Size([1, 256, 2, 8]), Mean: 0.9652, Std: 1.4569
DEBUG: Pos Embed: torch.Size([1, 256, 2, 8]), Mean: 8.0594, Std: 7.9411
DEBUG: Input Images: torch.Size([1, 3, 32, 128]), Mean: -0.0055, Std: 0.9920, Min: -3.6141, Max: 4.3280
DEBUG: Visual Feat: torch.Size([1, 256, 2, 8]), Mean: 0.9646, Std: 1.4556
DEBUG: Pos Embed: torch.Size([1, 256, 2, 8]), Mean: 8.0594, Std: 7.9411
DEBUG: Input Images: torch.Size([1, 3, 32, 128]), Mean: -0.0055, Std: 0.9920, Min: -3.6141, Max: 4.3280
DEBUG: Visual Feat: torch.Size([1, 256, 2, 8]), Mean: 0.9640, Std: 1.4539
DEBUG: Pos Embed: torch.Size([1, 256, 2, 8]), Mean: 8.0594, Std: 7.9411
DEBUG: Input Images: torch.Size([1, 3, 32, 128]), Mean: -0.0055, Std: 0.9920, Min: -3.6141, Max: 4.3280
DEBUG: Visual Feat: torch.Size([1, 256, 2, 8]), Mean: 0.9630, Std: 1.4515
DEBUG: Pos Embed: torch.Size([1, 256, 2, 8]), Mean: 8.0594, Std: 7.9411
DEBUG: Input Images: torch.Size([1, 3, 32, 128]), Mean: -0.0055, Std: 0.9920, Min: -3.6141, Max: 4.3280
DEBUG: Visual Feat: torch.Size([1, 256, 2, 8]), Mean: 0.9621, Std: 1.4489
DEBUG: Pos Embed: torch.Size([1, 256, 2, 8]), Mean: 8.0594, Std: 7.9411
DEBUG: Input Images: torch.Size([1, 3, 32, 128]), Mean: -0.0055, Std: 0.9920, Min: -3.6141, Max: 4.3280
DEBUG: Visual Feat: torch.Size([1, 256, 2, 8]), Mean: 0.9610, Std: 1.4460
DEBUG: Pos Embed: torch.Size([1, 256, 2, 8]), Mean: 8.0594, Std: 7.9411
DEBUG: Input Images: torch.Size([1, 3, 32, 128]), Mean: 1.6363, Std: 1.1930, Min: -2.0665, Max: 2.6400
DEBUG: Visual Feat: torch.Size([1, 256, 2, 8]), Mean: 2.5338, Std: 6.5587
DEBUG: Pos Embed: torch.Size([1, 256, 2, 8]), Mean: 8.0594, Std: 7.9411
DEBUG: Input Images: torch.Size([1, 3, 32, 128]), Mean: 1.6363, Std: 1.1930, Min: -2.0665, Max: 2.6400
DEBUG: Visual Feat: torch.Size([1, 256, 2, 8]), Mean: 2.5338, Std: 6.5587
DEBUG: Pos Embed: torch.Size([1, 256, 2, 8]), Mean: 8.0594, Std: 7.9411

[Validation Debug] Samples:
  Pred Type: <class 'dict'>
  Pred Keys: ['logits', 'tokens']
  Pred IDs: [1, 12, 12, 12, 12, 12, 12, 12, 12, 12, 12, 12, 12, 12, 12, 12, 12, 12, 12, 12, 12, 12, 12, 12, 12, 12]
  Pred: '(((((((((((((((((((((((((' | GT: '"변화와'
  Match Count: 0/1
DEBUG: Input Images: torch.Size([1, 3, 32, 128]), Mean: -0.0055, Std: 0.9920, Min: -3.6141, Max: 4.3280
DEBUG: Visual Feat: torch.Size([1, 256, 2, 8]), Mean: 0.9599, Std: 1.4438
DEBUG: Pos Embed: torch.Size([1, 256, 2, 8]), Mean: 8.0594, Std: 7.9411

[Grad Debug] Step 80 - Pos Encoder Grad Norm: 0.0000
[Grad Debug] Step 80 - Embed Tokens Grad Norm: 0.0000
DEBUG: Input Images: torch.Size([1, 3, 32, 128]), Mean: -0.0055, Std: 0.9920, Min: -3.6141, Max: 4.3280
DEBUG: Visual Feat: torch.Size([1, 256, 2, 8]), Mean: 0.9589, Std: 1.4415
DEBUG: Pos Embed: torch.Size([1, 256, 2, 8]), Mean: 8.0594, Std: 7.9411
DEBUG: Input Images: torch.Size([1, 3, 32, 128]), Mean: -0.0055, Std: 0.9920, Min: -3.6141, Max: 4.3280
DEBUG: Visual Feat: torch.Size([1, 256, 2, 8]), Mean: 0.9583, Std: 1.4433
DEBUG: Pos Embed: torch.Size([1, 256, 2, 8]), Mean: 8.0594, Std: 7.9411
DEBUG: Input Images: torch.Size([1, 3, 32, 128]), Mean: -0.0055, Std: 0.9920, Min: -3.6141, Max: 4.3280
DEBUG: Visual Feat: torch.Size([1, 256, 2, 8]), Mean: 0.9580, Std: 1.4445
DEBUG: Pos Embed: torch.Size([1, 256, 2, 8]), Mean: 8.0594, Std: 7.9411
DEBUG: Input Images: torch.Size([1, 3, 32, 128]), Mean: -0.0055, Std: 0.9920, Min: -3.6141, Max: 4.3280
DEBUG: Visual Feat: torch.Size([1, 256, 2, 8]), Mean: 0.9575, Std: 1.4450
DEBUG: Pos Embed: torch.Size([1, 256, 2, 8]), Mean: 8.0594, Std: 7.9411
DEBUG: Input Images: torch.Size([1, 3, 32, 128]), Mean: -0.0055, Std: 0.9920, Min: -3.6141, Max: 4.3280
DEBUG: Visual Feat: torch.Size([1, 256, 2, 8]), Mean: 0.9569, Std: 1.4454
DEBUG: Pos Embed: torch.Size([1, 256, 2, 8]), Mean: 8.0594, Std: 7.9411
DEBUG: Input Images: torch.Size([1, 3, 32, 128]), Mean: -0.0055, Std: 0.9920, Min: -3.6141, Max: 4.3280
DEBUG: Visual Feat: torch.Size([1, 256, 2, 8]), Mean: 0.9562, Std: 1.4450
DEBUG: Pos Embed: torch.Size([1, 256, 2, 8]), Mean: 8.0594, Std: 7.9411
DEBUG: Input Images: torch.Size([1, 3, 32, 128]), Mean: -0.0055, Std: 0.9920, Min: -3.6141, Max: 4.3280
DEBUG: Visual Feat: torch.Size([1, 256, 2, 8]), Mean: 0.9553, Std: 1.4444
DEBUG: Pos Embed: torch.Size([1, 256, 2, 8]), Mean: 8.0594, Std: 7.9411
DEBUG: Input Images: torch.Size([1, 3, 32, 128]), Mean: -0.0055, Std: 0.9920, Min: -3.6141, Max: 4.3280
DEBUG: Visual Feat: torch.Size([1, 256, 2, 8]), Mean: 0.9544, Std: 1.4434
DEBUG: Pos Embed: torch.Size([1, 256, 2, 8]), Mean: 8.0594, Std: 7.9411
DEBUG: Input Images: torch.Size([1, 3, 32, 128]), Mean: -0.0055, Std: 0.9920, Min: -3.6141, Max: 4.3280
DEBUG: Visual Feat: torch.Size([1, 256, 2, 8]), Mean: 0.9536, Std: 1.4422
DEBUG: Pos Embed: torch.Size([1, 256, 2, 8]), Mean: 8.0594, Std: 7.9411
DEBUG: Input Images: torch.Size([1, 3, 32, 128]), Mean: 1.6363, Std: 1.1930, Min: -2.0665, Max: 2.6400
DEBUG: Visual Feat: torch.Size([1, 256, 2, 8]), Mean: 2.5912, Std: 6.7336
DEBUG: Pos Embed: torch.Size([1, 256, 2, 8]), Mean: 8.0594, Std: 7.9411
DEBUG: Input Images: torch.Size([1, 3, 32, 128]), Mean: 1.6363, Std: 1.1930, Min: -2.0665, Max: 2.6400
DEBUG: Visual Feat: torch.Size([1, 256, 2, 8]), Mean: 2.5912, Std: 6.7336
DEBUG: Pos Embed: torch.Size([1, 256, 2, 8]), Mean: 8.0594, Std: 7.9411

[Validation Debug] Samples:
  Pred Type: <class 'dict'>
  Pred Keys: ['logits', 'tokens']
  Pred IDs: [1, 12, 12, 12, 12, 12, 12, 12, 12, 12, 12, 12, 12, 12, 12, 12, 12, 12, 12, 12, 12, 12, 12, 12, 12, 12]
  Pred: '(((((((((((((((((((((((((' | GT: '"변화와'
  Match Count: 0/1
DEBUG: Input Images: torch.Size([1, 3, 32, 128]), Mean: -0.0055, Std: 0.9920, Min: -3.6141, Max: 4.3280
DEBUG: Visual Feat: torch.Size([1, 256, 2, 8]), Mean: 0.9529, Std: 1.4413
DEBUG: Pos Embed: torch.Size([1, 256, 2, 8]), Mean: 8.0594, Std: 7.9411

[Grad Debug] Step 90 - Pos Encoder Grad Norm: 0.0000
[Grad Debug] Step 90 - Embed Tokens Grad Norm: 0.0000
DEBUG: Input Images: torch.Size([1, 3, 32, 128]), Mean: -0.0055, Std: 0.9920, Min: -3.6141, Max: 4.3280
DEBUG: Visual Feat: torch.Size([1, 256, 2, 8]), Mean: 0.9524, Std: 1.4404
DEBUG: Pos Embed: torch.Size([1, 256, 2, 8]), Mean: 8.0594, Std: 7.9411
DEBUG: Input Images: torch.Size([1, 3, 32, 128]), Mean: -0.0055, Std: 0.9920, Min: -3.6141, Max: 4.3280
DEBUG: Visual Feat: torch.Size([1, 256, 2, 8]), Mean: 0.9517, Std: 1.4391
DEBUG: Pos Embed: torch.Size([1, 256, 2, 8]), Mean: 8.0594, Std: 7.9411
DEBUG: Input Images: torch.Size([1, 3, 32, 128]), Mean: -0.0055, Std: 0.9920, Min: -3.6141, Max: 4.3280
DEBUG: Visual Feat: torch.Size([1, 256, 2, 8]), Mean: 0.9511, Std: 1.4379
DEBUG: Pos Embed: torch.Size([1, 256, 2, 8]), Mean: 8.0594, Std: 7.9411
DEBUG: Input Images: torch.Size([1, 3, 32, 128]), Mean: -0.0055, Std: 0.9920, Min: -3.6141, Max: 4.3280
DEBUG: Visual Feat: torch.Size([1, 256, 2, 8]), Mean: 0.9505, Std: 1.4365
DEBUG: Pos Embed: torch.Size([1, 256, 2, 8]), Mean: 8.0594, Std: 7.9411
DEBUG: Input Images: torch.Size([1, 3, 32, 128]), Mean: -0.0055, Std: 0.9920, Min: -3.6141, Max: 4.3280
DEBUG: Visual Feat: torch.Size([1, 256, 2, 8]), Mean: 0.9501, Std: 1.4353
DEBUG: Pos Embed: torch.Size([1, 256, 2, 8]), Mean: 8.0594, Std: 7.9411
DEBUG: Input Images: torch.Size([1, 3, 32, 128]), Mean: -0.0055, Std: 0.9920, Min: -3.6141, Max: 4.3280
DEBUG: Visual Feat: torch.Size([1, 256, 2, 8]), Mean: 0.9496, Std: 1.4338
DEBUG: Pos Embed: torch.Size([1, 256, 2, 8]), Mean: 8.0594, Std: 7.9411
DEBUG: Input Images: torch.Size([1, 3, 32, 128]), Mean: -0.0055, Std: 0.9920, Min: -3.6141, Max: 4.3280
DEBUG: Visual Feat: torch.Size([1, 256, 2, 8]), Mean: 0.9489, Std: 1.4323
DEBUG: Pos Embed: torch.Size([1, 256, 2, 8]), Mean: 8.0594, Std: 7.9411
DEBUG: Input Images: torch.Size([1, 3, 32, 128]), Mean: -0.0055, Std: 0.9920, Min: -3.6141, Max: 4.3280
DEBUG: Visual Feat: torch.Size([1, 256, 2, 8]), Mean: 0.9479, Std: 1.4308
DEBUG: Pos Embed: torch.Size([1, 256, 2, 8]), Mean: 8.0594, Std: 7.9411
DEBUG: Input Images: torch.Size([1, 3, 32, 128]), Mean: -0.0055, Std: 0.9920, Min: -3.6141, Max: 4.3280
DEBUG: Visual Feat: torch.Size([1, 256, 2, 8]), Mean: 0.9468, Std: 1.4293
DEBUG: Pos Embed: torch.Size([1, 256, 2, 8]), Mean: 8.0594, Std: 7.9411
DEBUG: Input Images: torch.Size([1, 3, 32, 128]), Mean: 1.6363, Std: 1.1930, Min: -2.0665, Max: 2.6400
DEBUG: Visual Feat: torch.Size([1, 256, 2, 8]), Mean: 2.7475, Std: 7.1509
DEBUG: Pos Embed: torch.Size([1, 256, 2, 8]), Mean: 8.0594, Std: 7.9411
DEBUG: Input Images: torch.Size([1, 3, 32, 128]), Mean: 1.6363, Std: 1.1930, Min: -2.0665, Max: 2.6400
DEBUG: Visual Feat: torch.Size([1, 256, 2, 8]), Mean: 2.7475, Std: 7.1509
DEBUG: Pos Embed: torch.Size([1, 256, 2, 8]), Mean: 8.0594, Std: 7.9411

[Validation Debug] Samples:
  Pred Type: <class 'dict'>
  Pred Keys: ['logits', 'tokens']
  Pred IDs: [1, 2]
  Pred: '' | GT: '"변화와'
  Match Count: 0/1
DEBUG: Input Images: torch.Size([1, 3, 32, 128]), Mean: -0.0055, Std: 0.9920, Min: -3.6141, Max: 4.3280
DEBUG: Visual Feat: torch.Size([1, 256, 2, 8]), Mean: 0.9461, Std: 1.4278
DEBUG: Pos Embed: torch.Size([1, 256, 2, 8]), Mean: 8.0594, Std: 7.9411

[Grad Debug] Step 100 - Pos Encoder Grad Norm: 0.0000
[Grad Debug] Step 100 - Embed Tokens Grad Norm: 0.0000
DEBUG: Input Images: torch.Size([1, 3, 32, 128]), Mean: -0.0055, Std: 0.9920, Min: -3.6141, Max: 4.3280
DEBUG: Visual Feat: torch.Size([1, 256, 2, 8]), Mean: 0.9453, Std: 1.4266
DEBUG: Pos Embed: torch.Size([1, 256, 2, 8]), Mean: 8.0594, Std: 7.9411
DEBUG: Input Images: torch.Size([1, 3, 32, 128]), Mean: -0.0055, Std: 0.9920, Min: -3.6141, Max: 4.3280
DEBUG: Visual Feat: torch.Size([1, 256, 2, 8]), Mean: 0.9446, Std: 1.4251
DEBUG: Pos Embed: torch.Size([1, 256, 2, 8]), Mean: 8.0594, Std: 7.9411
DEBUG: Input Images: torch.Size([1, 3, 32, 128]), Mean: -0.0055, Std: 0.9920, Min: -3.6141, Max: 4.3280
DEBUG: Visual Feat: torch.Size([1, 256, 2, 8]), Mean: 0.9437, Std: 1.4230
DEBUG: Pos Embed: torch.Size([1, 256, 2, 8]), Mean: 8.0594, Std: 7.9411
DEBUG: Input Images: torch.Size([1, 3, 32, 128]), Mean: -0.0055, Std: 0.9920, Min: -3.6141, Max: 4.3280
DEBUG: Visual Feat: torch.Size([1, 256, 2, 8]), Mean: 0.9431, Std: 1.4213
DEBUG: Pos Embed: torch.Size([1, 256, 2, 8]), Mean: 8.0594, Std: 7.9411
DEBUG: Input Images: torch.Size([1, 3, 32, 128]), Mean: -0.0055, Std: 0.9920, Min: -3.6141, Max: 4.3280
DEBUG: Visual Feat: torch.Size([1, 256, 2, 8]), Mean: 0.9425, Std: 1.4188
DEBUG: Pos Embed: torch.Size([1, 256, 2, 8]), Mean: 8.0594, Std: 7.9411
DEBUG: Input Images: torch.Size([1, 3, 32, 128]), Mean: -0.0055, Std: 0.9920, Min: -3.6141, Max: 4.3280
DEBUG: Visual Feat: torch.Size([1, 256, 2, 8]), Mean: 0.9414, Std: 1.4161
DEBUG: Pos Embed: torch.Size([1, 256, 2, 8]), Mean: 8.0594, Std: 7.9411
DEBUG: Input Images: torch.Size([1, 3, 32, 128]), Mean: -0.0055, Std: 0.9920, Min: -3.6141, Max: 4.3280
DEBUG: Visual Feat: torch.Size([1, 256, 2, 8]), Mean: 0.9403, Std: 1.4138
DEBUG: Pos Embed: torch.Size([1, 256, 2, 8]), Mean: 8.0594, Std: 7.9411
DEBUG: Input Images: torch.Size([1, 3, 32, 128]), Mean: -0.0055, Std: 0.9920, Min: -3.6141, Max: 4.3280
DEBUG: Visual Feat: torch.Size([1, 256, 2, 8]), Mean: 0.9399, Std: 1.4134
DEBUG: Pos Embed: torch.Size([1, 256, 2, 8]), Mean: 8.0594, Std: 7.9411
DEBUG: Input Images: torch.Size([1, 3, 32, 128]), Mean: -0.0055, Std: 0.9920, Min: -3.6141, Max: 4.3280
DEBUG: Visual Feat: torch.Size([1, 256, 2, 8]), Mean: 0.9406, Std: 1.4126
DEBUG: Pos Embed: torch.Size([1, 256, 2, 8]), Mean: 8.0594, Std: 7.9411
DEBUG: Input Images: torch.Size([1, 3, 32, 128]), Mean: 1.6363, Std: 1.1930, Min: -2.0665, Max: 2.6400
DEBUG: Visual Feat: torch.Size([1, 256, 2, 8]), Mean: 2.9050, Std: 7.6177
DEBUG: Pos Embed: torch.Size([1, 256, 2, 8]), Mean: 8.0594, Std: 7.9411
DEBUG: Input Images: torch.Size([1, 3, 32, 128]), Mean: 1.6363, Std: 1.1930, Min: -2.0665, Max: 2.6400
DEBUG: Visual Feat: torch.Size([1, 256, 2, 8]), Mean: 2.9050, Std: 7.6177
DEBUG: Pos Embed: torch.Size([1, 256, 2, 8]), Mean: 8.0594, Std: 7.9411

[Validation Debug] Samples:
  Pred Type: <class 'dict'>
  Pred Keys: ['logits', 'tokens']
  Pred IDs: [1, 11, 11, 11, 11, 11, 11, 11, 11, 11, 11, 11, 11, 11, 11, 11, 11, 11, 11, 11, 11, 11, 11, 11, 11, 11]
  Pred: ''''''''''''''''''''''''''' | GT: '"변화와'
  Match Count: 0/1
DEBUG: Input Images: torch.Size([1, 3, 32, 128]), Mean: -0.0055, Std: 0.9920, Min: -3.6141, Max: 4.3280
DEBUG: Visual Feat: torch.Size([1, 256, 2, 8]), Mean: 0.9414, Std: 1.4118
DEBUG: Pos Embed: torch.Size([1, 256, 2, 8]), Mean: 8.0594, Std: 7.9411

[Grad Debug] Step 110 - Pos Encoder Grad Norm: 0.0000
[Grad Debug] Step 110 - Embed Tokens Grad Norm: 0.0000
DEBUG: Input Images: torch.Size([1, 3, 32, 128]), Mean: -0.0055, Std: 0.9920, Min: -3.6141, Max: 4.3280
DEBUG: Visual Feat: torch.Size([1, 256, 2, 8]), Mean: 0.9417, Std: 1.4113
DEBUG: Pos Embed: torch.Size([1, 256, 2, 8]), Mean: 8.0594, Std: 7.9411
DEBUG: Input Images: torch.Size([1, 3, 32, 128]), Mean: -0.0055, Std: 0.9920, Min: -3.6141, Max: 4.3280
DEBUG: Visual Feat: torch.Size([1, 256, 2, 8]), Mean: 0.9419, Std: 1.4125
DEBUG: Pos Embed: torch.Size([1, 256, 2, 8]), Mean: 8.0594, Std: 7.9411
DEBUG: Input Images: torch.Size([1, 3, 32, 128]), Mean: -0.0055, Std: 0.9920, Min: -3.6141, Max: 4.3280
DEBUG: Visual Feat: torch.Size([1, 256, 2, 8]), Mean: 0.9422, Std: 1.4132
DEBUG: Pos Embed: torch.Size([1, 256, 2, 8]), Mean: 8.0594, Std: 7.9411
DEBUG: Input Images: torch.Size([1, 3, 32, 128]), Mean: -0.0055, Std: 0.9920, Min: -3.6141, Max: 4.3280
DEBUG: Visual Feat: torch.Size([1, 256, 2, 8]), Mean: 0.9425, Std: 1.4138
DEBUG: Pos Embed: torch.Size([1, 256, 2, 8]), Mean: 8.0594, Std: 7.9411
DEBUG: Input Images: torch.Size([1, 3, 32, 128]), Mean: -0.0055, Std: 0.9920, Min: -3.6141, Max: 4.3280
DEBUG: Visual Feat: torch.Size([1, 256, 2, 8]), Mean: 0.9423, Std: 1.4138
DEBUG: Pos Embed: torch.Size([1, 256, 2, 8]), Mean: 8.0594, Std: 7.9411
DEBUG: Input Images: torch.Size([1, 3, 32, 128]), Mean: -0.0055, Std: 0.9920, Min: -3.6141, Max: 4.3280
DEBUG: Visual Feat: torch.Size([1, 256, 2, 8]), Mean: 0.9422, Std: 1.4141
DEBUG: Pos Embed: torch.Size([1, 256, 2, 8]), Mean: 8.0594, Std: 7.9411
DEBUG: Input Images: torch.Size([1, 3, 32, 128]), Mean: -0.0055, Std: 0.9920, Min: -3.6141, Max: 4.3280
DEBUG: Visual Feat: torch.Size([1, 256, 2, 8]), Mean: 0.9421, Std: 1.4141
DEBUG: Pos Embed: torch.Size([1, 256, 2, 8]), Mean: 8.0594, Std: 7.9411
DEBUG: Input Images: torch.Size([1, 3, 32, 128]), Mean: -0.0055, Std: 0.9920, Min: -3.6141, Max: 4.3280
DEBUG: Visual Feat: torch.Size([1, 256, 2, 8]), Mean: 0.9424, Std: 1.4142
DEBUG: Pos Embed: torch.Size([1, 256, 2, 8]), Mean: 8.0594, Std: 7.9411
DEBUG: Input Images: torch.Size([1, 3, 32, 128]), Mean: -0.0055, Std: 0.9920, Min: -3.6141, Max: 4.3280
DEBUG: Visual Feat: torch.Size([1, 256, 2, 8]), Mean: 0.9428, Std: 1.4160
DEBUG: Pos Embed: torch.Size([1, 256, 2, 8]), Mean: 8.0594, Std: 7.9411
DEBUG: Input Images: torch.Size([1, 3, 32, 128]), Mean: 1.6363, Std: 1.1930, Min: -2.0665, Max: 2.6400
DEBUG: Visual Feat: torch.Size([1, 256, 2, 8]), Mean: 2.9455, Std: 7.6565
DEBUG: Pos Embed: torch.Size([1, 256, 2, 8]), Mean: 8.0594, Std: 7.9411
DEBUG: Input Images: torch.Size([1, 3, 32, 128]), Mean: 1.6363, Std: 1.1930, Min: -2.0665, Max: 2.6400
DEBUG: Visual Feat: torch.Size([1, 256, 2, 8]), Mean: 2.9455, Std: 7.6565
DEBUG: Pos Embed: torch.Size([1, 256, 2, 8]), Mean: 8.0594, Std: 7.9411

[Validation Debug] Samples:
  Pred Type: <class 'dict'>
  Pred Keys: ['logits', 'tokens']
  Pred IDs: [1, 11, 11, 11, 11, 11, 11, 11, 11, 11, 11, 11, 11, 11, 11, 11, 11, 11, 11, 11, 11, 11, 11, 11, 11, 11]
  Pred: ''''''''''''''''''''''''''' | GT: '"변화와'
  Match Count: 0/1
DEBUG: Input Images: torch.Size([1, 3, 32, 128]), Mean: -0.0055, Std: 0.9920, Min: -3.6141, Max: 4.3280
DEBUG: Visual Feat: torch.Size([1, 256, 2, 8]), Mean: 0.9430, Std: 1.4173
DEBUG: Pos Embed: torch.Size([1, 256, 2, 8]), Mean: 8.0594, Std: 7.9411

[Grad Debug] Step 120 - Pos Encoder Grad Norm: 0.0000
[Grad Debug] Step 120 - Embed Tokens Grad Norm: 0.0000
DEBUG: Input Images: torch.Size([1, 3, 32, 128]), Mean: -0.0055, Std: 0.9920, Min: -3.6141, Max: 4.3280
DEBUG: Visual Feat: torch.Size([1, 256, 2, 8]), Mean: 0.9434, Std: 1.4188
DEBUG: Pos Embed: torch.Size([1, 256, 2, 8]), Mean: 8.0594, Std: 7.9411
DEBUG: Input Images: torch.Size([1, 3, 32, 128]), Mean: -0.0055, Std: 0.9920, Min: -3.6141, Max: 4.3280
DEBUG: Visual Feat: torch.Size([1, 256, 2, 8]), Mean: 0.9434, Std: 1.4199
DEBUG: Pos Embed: torch.Size([1, 256, 2, 8]), Mean: 8.0594, Std: 7.9411
DEBUG: Input Images: torch.Size([1, 3, 32, 128]), Mean: -0.0055, Std: 0.9920, Min: -3.6141, Max: 4.3280
DEBUG: Visual Feat: torch.Size([1, 256, 2, 8]), Mean: 0.9447, Std: 1.4232
DEBUG: Pos Embed: torch.Size([1, 256, 2, 8]), Mean: 8.0594, Std: 7.9411
DEBUG: Input Images: torch.Size([1, 3, 32, 128]), Mean: -0.0055, Std: 0.9920, Min: -3.6141, Max: 4.3280
DEBUG: Visual Feat: torch.Size([1, 256, 2, 8]), Mean: 0.9453, Std: 1.4256
DEBUG: Pos Embed: torch.Size([1, 256, 2, 8]), Mean: 8.0594, Std: 7.9411
DEBUG: Input Images: torch.Size([1, 3, 32, 128]), Mean: -0.0055, Std: 0.9920, Min: -3.6141, Max: 4.3280
DEBUG: Visual Feat: torch.Size([1, 256, 2, 8]), Mean: 0.9455, Std: 1.4284
DEBUG: Pos Embed: torch.Size([1, 256, 2, 8]), Mean: 8.0594, Std: 7.9411
DEBUG: Input Images: torch.Size([1, 3, 32, 128]), Mean: -0.0055, Std: 0.9920, Min: -3.6141, Max: 4.3280
DEBUG: Visual Feat: torch.Size([1, 256, 2, 8]), Mean: 0.9451, Std: 1.4317
DEBUG: Pos Embed: torch.Size([1, 256, 2, 8]), Mean: 8.0594, Std: 7.9411
DEBUG: Input Images: torch.Size([1, 3, 32, 128]), Mean: -0.0055, Std: 0.9920, Min: -3.6141, Max: 4.3280
DEBUG: Visual Feat: torch.Size([1, 256, 2, 8]), Mean: 0.9449, Std: 1.4341
DEBUG: Pos Embed: torch.Size([1, 256, 2, 8]), Mean: 8.0594, Std: 7.9411
DEBUG: Input Images: torch.Size([1, 3, 32, 128]), Mean: -0.0055, Std: 0.9920, Min: -3.6141, Max: 4.3280
DEBUG: Visual Feat: torch.Size([1, 256, 2, 8]), Mean: 0.9450, Std: 1.4360
DEBUG: Pos Embed: torch.Size([1, 256, 2, 8]), Mean: 8.0594, Std: 7.9411
DEBUG: Input Images: torch.Size([1, 3, 32, 128]), Mean: -0.0055, Std: 0.9920, Min: -3.6141, Max: 4.3280
DEBUG: Visual Feat: torch.Size([1, 256, 2, 8]), Mean: 0.9449, Std: 1.4376
DEBUG: Pos Embed: torch.Size([1, 256, 2, 8]), Mean: 8.0594, Std: 7.9411
DEBUG: Input Images: torch.Size([1, 3, 32, 128]), Mean: 1.6363, Std: 1.1930, Min: -2.0665, Max: 2.6400
DEBUG: Visual Feat: torch.Size([1, 256, 2, 8]), Mean: 2.8940, Std: 7.3956
DEBUG: Pos Embed: torch.Size([1, 256, 2, 8]), Mean: 8.0594, Std: 7.9411
DEBUG: Input Images: torch.Size([1, 3, 32, 128]), Mean: 1.6363, Std: 1.1930, Min: -2.0665, Max: 2.6400
DEBUG: Visual Feat: torch.Size([1, 256, 2, 8]), Mean: 2.8940, Std: 7.3956
DEBUG: Pos Embed: torch.Size([1, 256, 2, 8]), Mean: 8.0594, Std: 7.9411

[Validation Debug] Samples:
  Pred Type: <class 'dict'>
  Pred Keys: ['logits', 'tokens']
  Pred IDs: [1, 2]
  Pred: '' | GT: '"변화와'
  Match Count: 0/1
DEBUG: Input Images: torch.Size([1, 3, 32, 128]), Mean: -0.0055, Std: 0.9920, Min: -3.6141, Max: 4.3280
DEBUG: Visual Feat: torch.Size([1, 256, 2, 8]), Mean: 0.9444, Std: 1.4385
DEBUG: Pos Embed: torch.Size([1, 256, 2, 8]), Mean: 8.0594, Std: 7.9411

[Grad Debug] Step 130 - Pos Encoder Grad Norm: 0.0000
[Grad Debug] Step 130 - Embed Tokens Grad Norm: 0.0000
DEBUG: Input Images: torch.Size([1, 3, 32, 128]), Mean: -0.0055, Std: 0.9920, Min: -3.6141, Max: 4.3280
DEBUG: Visual Feat: torch.Size([1, 256, 2, 8]), Mean: 0.9439, Std: 1.4393
DEBUG: Pos Embed: torch.Size([1, 256, 2, 8]), Mean: 8.0594, Std: 7.9411
DEBUG: Input Images: torch.Size([1, 3, 32, 128]), Mean: -0.0055, Std: 0.9920, Min: -3.6141, Max: 4.3280
DEBUG: Visual Feat: torch.Size([1, 256, 2, 8]), Mean: 0.9435, Std: 1.4397
DEBUG: Pos Embed: torch.Size([1, 256, 2, 8]), Mean: 8.0594, Std: 7.9411
DEBUG: Input Images: torch.Size([1, 3, 32, 128]), Mean: -0.0055, Std: 0.9920, Min: -3.6141, Max: 4.3280
DEBUG: Visual Feat: torch.Size([1, 256, 2, 8]), Mean: 0.9430, Std: 1.4395
DEBUG: Pos Embed: torch.Size([1, 256, 2, 8]), Mean: 8.0594, Std: 7.9411
DEBUG: Input Images: torch.Size([1, 3, 32, 128]), Mean: -0.0055, Std: 0.9920, Min: -3.6141, Max: 4.3280
DEBUG: Visual Feat: torch.Size([1, 256, 2, 8]), Mean: 0.9422, Std: 1.4386
DEBUG: Pos Embed: torch.Size([1, 256, 2, 8]), Mean: 8.0594, Std: 7.9411
DEBUG: Input Images: torch.Size([1, 3, 32, 128]), Mean: -0.0055, Std: 0.9920, Min: -3.6141, Max: 4.3280
DEBUG: Visual Feat: torch.Size([1, 256, 2, 8]), Mean: 0.9420, Std: 1.4376
DEBUG: Pos Embed: torch.Size([1, 256, 2, 8]), Mean: 8.0594, Std: 7.9411
DEBUG: Input Images: torch.Size([1, 3, 32, 128]), Mean: -0.0055, Std: 0.9920, Min: -3.6141, Max: 4.3280
DEBUG: Visual Feat: torch.Size([1, 256, 2, 8]), Mean: 0.9413, Std: 1.4361
DEBUG: Pos Embed: torch.Size([1, 256, 2, 8]), Mean: 8.0594, Std: 7.9411
DEBUG: Input Images: torch.Size([1, 3, 32, 128]), Mean: -0.0055, Std: 0.9920, Min: -3.6141, Max: 4.3280
DEBUG: Visual Feat: torch.Size([1, 256, 2, 8]), Mean: 0.9407, Std: 1.4334
DEBUG: Pos Embed: torch.Size([1, 256, 2, 8]), Mean: 8.0594, Std: 7.9411
DEBUG: Input Images: torch.Size([1, 3, 32, 128]), Mean: -0.0055, Std: 0.9920, Min: -3.6141, Max: 4.3280
DEBUG: Visual Feat: torch.Size([1, 256, 2, 8]), Mean: 0.9392, Std: 1.4296
DEBUG: Pos Embed: torch.Size([1, 256, 2, 8]), Mean: 8.0594, Std: 7.9411
DEBUG: Input Images: torch.Size([1, 3, 32, 128]), Mean: -0.0055, Std: 0.9920, Min: -3.6141, Max: 4.3280
DEBUG: Visual Feat: torch.Size([1, 256, 2, 8]), Mean: 0.9383, Std: 1.4250
DEBUG: Pos Embed: torch.Size([1, 256, 2, 8]), Mean: 8.0594, Std: 7.9411
DEBUG: Input Images: torch.Size([1, 3, 32, 128]), Mean: 1.6363, Std: 1.1930, Min: -2.0665, Max: 2.6400
DEBUG: Visual Feat: torch.Size([1, 256, 2, 8]), Mean: 2.8287, Std: 7.1193
DEBUG: Pos Embed: torch.Size([1, 256, 2, 8]), Mean: 8.0594, Std: 7.9411
DEBUG: Input Images: torch.Size([1, 3, 32, 128]), Mean: 1.6363, Std: 1.1930, Min: -2.0665, Max: 2.6400
DEBUG: Visual Feat: torch.Size([1, 256, 2, 8]), Mean: 2.8287, Std: 7.1193
DEBUG: Pos Embed: torch.Size([1, 256, 2, 8]), Mean: 8.0594, Std: 7.9411

[Validation Debug] Samples:
  Pred Type: <class 'dict'>
  Pred Keys: ['logits', 'tokens']
  Pred IDs: [1, 2]
  Pred: '' | GT: '"변화와'
  Match Count: 0/1
DEBUG: Input Images: torch.Size([1, 3, 32, 128]), Mean: -0.0055, Std: 0.9920, Min: -3.6141, Max: 4.3280
DEBUG: Visual Feat: torch.Size([1, 256, 2, 8]), Mean: 0.9376, Std: 1.4207
DEBUG: Pos Embed: torch.Size([1, 256, 2, 8]), Mean: 8.0594, Std: 7.9411

[Grad Debug] Step 140 - Pos Encoder Grad Norm: 0.0000
[Grad Debug] Step 140 - Embed Tokens Grad Norm: 0.0000
DEBUG: Input Images: torch.Size([1, 3, 32, 128]), Mean: -0.0055, Std: 0.9920, Min: -3.6141, Max: 4.3280
DEBUG: Visual Feat: torch.Size([1, 256, 2, 8]), Mean: 0.9371, Std: 1.4173
DEBUG: Pos Embed: torch.Size([1, 256, 2, 8]), Mean: 8.0594, Std: 7.9411
DEBUG: Input Images: torch.Size([1, 3, 32, 128]), Mean: -0.0055, Std: 0.9920, Min: -3.6141, Max: 4.3280
DEBUG: Visual Feat: torch.Size([1, 256, 2, 8]), Mean: 0.9363, Std: 1.4153
DEBUG: Pos Embed: torch.Size([1, 256, 2, 8]), Mean: 8.0594, Std: 7.9411
DEBUG: Input Images: torch.Size([1, 3, 32, 128]), Mean: -0.0055, Std: 0.9920, Min: -3.6141, Max: 4.3280
DEBUG: Visual Feat: torch.Size([1, 256, 2, 8]), Mean: 0.9349, Std: 1.4122
DEBUG: Pos Embed: torch.Size([1, 256, 2, 8]), Mean: 8.0594, Std: 7.9411
DEBUG: Input Images: torch.Size([1, 3, 32, 128]), Mean: -0.0055, Std: 0.9920, Min: -3.6141, Max: 4.3280
DEBUG: Visual Feat: torch.Size([1, 256, 2, 8]), Mean: 0.9339, Std: 1.4090
DEBUG: Pos Embed: torch.Size([1, 256, 2, 8]), Mean: 8.0594, Std: 7.9411
DEBUG: Input Images: torch.Size([1, 3, 32, 128]), Mean: -0.0055, Std: 0.9920, Min: -3.6141, Max: 4.3280
DEBUG: Visual Feat: torch.Size([1, 256, 2, 8]), Mean: 0.9313, Std: 1.4072
DEBUG: Pos Embed: torch.Size([1, 256, 2, 8]), Mean: 8.0594, Std: 7.9411
DEBUG: Input Images: torch.Size([1, 3, 32, 128]), Mean: -0.0055, Std: 0.9920, Min: -3.6141, Max: 4.3280
DEBUG: Visual Feat: torch.Size([1, 256, 2, 8]), Mean: 0.9297, Std: 1.4072
DEBUG: Pos Embed: torch.Size([1, 256, 2, 8]), Mean: 8.0594, Std: 7.9411
DEBUG: Input Images: torch.Size([1, 3, 32, 128]), Mean: -0.0055, Std: 0.9920, Min: -3.6141, Max: 4.3280
DEBUG: Visual Feat: torch.Size([1, 256, 2, 8]), Mean: 0.9286, Std: 1.4077
DEBUG: Pos Embed: torch.Size([1, 256, 2, 8]), Mean: 8.0594, Std: 7.9411
DEBUG: Input Images: torch.Size([1, 3, 32, 128]), Mean: -0.0055, Std: 0.9920, Min: -3.6141, Max: 4.3280
DEBUG: Visual Feat: torch.Size([1, 256, 2, 8]), Mean: 0.9277, Std: 1.4078
DEBUG: Pos Embed: torch.Size([1, 256, 2, 8]), Mean: 8.0594, Std: 7.9411
DEBUG: Input Images: torch.Size([1, 3, 32, 128]), Mean: -0.0055, Std: 0.9920, Min: -3.6141, Max: 4.3280
DEBUG: Visual Feat: torch.Size([1, 256, 2, 8]), Mean: 0.9274, Std: 1.4077
DEBUG: Pos Embed: torch.Size([1, 256, 2, 8]), Mean: 8.0594, Std: 7.9411
DEBUG: Input Images: torch.Size([1, 3, 32, 128]), Mean: 1.6363, Std: 1.1930, Min: -2.0665, Max: 2.6400
DEBUG: Visual Feat: torch.Size([1, 256, 2, 8]), Mean: 2.8193, Std: 6.8913
DEBUG: Pos Embed: torch.Size([1, 256, 2, 8]), Mean: 8.0594, Std: 7.9411
DEBUG: Input Images: torch.Size([1, 3, 32, 128]), Mean: 1.6363, Std: 1.1930, Min: -2.0665, Max: 2.6400
DEBUG: Visual Feat: torch.Size([1, 256, 2, 8]), Mean: 2.8193, Std: 6.8913
DEBUG: Pos Embed: torch.Size([1, 256, 2, 8]), Mean: 8.0594, Std: 7.9411

[Validation Debug] Samples:
  Pred Type: <class 'dict'>
  Pred Keys: ['logits', 'tokens']
  Pred IDs: [1, 10, 10, 10, 10, 10, 10, 10, 10, 10, 10, 10, 10, 10, 10, 10, 10, 10, 10, 10, 10, 10, 10, 10, 10, 10]
  Pred: '&&&&&&&&&&&&&&&&&&&&&&&&&' | GT: '"변화와'
  Match Count: 0/1
DEBUG: Input Images: torch.Size([1, 3, 32, 128]), Mean: -0.0055, Std: 0.9920, Min: -3.6141, Max: 4.3280
DEBUG: Visual Feat: torch.Size([1, 256, 2, 8]), Mean: 0.9269, Std: 1.4090
DEBUG: Pos Embed: torch.Size([1, 256, 2, 8]), Mean: 8.0594, Std: 7.9411

[Grad Debug] Step 150 - Pos Encoder Grad Norm: 0.0000
[Grad Debug] Step 150 - Embed Tokens Grad Norm: 0.0000
DEBUG: Input Images: torch.Size([1, 3, 32, 128]), Mean: -0.0055, Std: 0.9920, Min: -3.6141, Max: 4.3280
DEBUG: Visual Feat: torch.Size([1, 256, 2, 8]), Mean: 0.9257, Std: 1.4098
DEBUG: Pos Embed: torch.Size([1, 256, 2, 8]), Mean: 8.0594, Std: 7.9411
DEBUG: Input Images: torch.Size([1, 3, 32, 128]), Mean: -0.0055, Std: 0.9920, Min: -3.6141, Max: 4.3280
DEBUG: Visual Feat: torch.Size([1, 256, 2, 8]), Mean: 0.9250, Std: 1.4100
DEBUG: Pos Embed: torch.Size([1, 256, 2, 8]), Mean: 8.0594, Std: 7.9411
DEBUG: Input Images: torch.Size([1, 3, 32, 128]), Mean: -0.0055, Std: 0.9920, Min: -3.6141, Max: 4.3280
DEBUG: Visual Feat: torch.Size([1, 256, 2, 8]), Mean: 0.9247, Std: 1.4089
DEBUG: Pos Embed: torch.Size([1, 256, 2, 8]), Mean: 8.0594, Std: 7.9411
DEBUG: Input Images: torch.Size([1, 3, 32, 128]), Mean: -0.0055, Std: 0.9920, Min: -3.6141, Max: 4.3280
DEBUG: Visual Feat: torch.Size([1, 256, 2, 8]), Mean: 0.9238, Std: 1.4075
DEBUG: Pos Embed: torch.Size([1, 256, 2, 8]), Mean: 8.0594, Std: 7.9411
DEBUG: Input Images: torch.Size([1, 3, 32, 128]), Mean: -0.0055, Std: 0.9920, Min: -3.6141, Max: 4.3280
DEBUG: Visual Feat: torch.Size([1, 256, 2, 8]), Mean: 0.9234, Std: 1.4056
DEBUG: Pos Embed: torch.Size([1, 256, 2, 8]), Mean: 8.0594, Std: 7.9411
DEBUG: Input Images: torch.Size([1, 3, 32, 128]), Mean: -0.0055, Std: 0.9920, Min: -3.6141, Max: 4.3280
DEBUG: Visual Feat: torch.Size([1, 256, 2, 8]), Mean: 0.9227, Std: 1.4040
DEBUG: Pos Embed: torch.Size([1, 256, 2, 8]), Mean: 8.0594, Std: 7.9411
DEBUG: Input Images: torch.Size([1, 3, 32, 128]), Mean: -0.0055, Std: 0.9920, Min: -3.6141, Max: 4.3280
DEBUG: Visual Feat: torch.Size([1, 256, 2, 8]), Mean: 0.9216, Std: 1.4026
DEBUG: Pos Embed: torch.Size([1, 256, 2, 8]), Mean: 8.0594, Std: 7.9411
DEBUG: Input Images: torch.Size([1, 3, 32, 128]), Mean: -0.0055, Std: 0.9920, Min: -3.6141, Max: 4.3280
DEBUG: Visual Feat: torch.Size([1, 256, 2, 8]), Mean: 0.9204, Std: 1.4015
DEBUG: Pos Embed: torch.Size([1, 256, 2, 8]), Mean: 8.0594, Std: 7.9411
DEBUG: Input Images: torch.Size([1, 3, 32, 128]), Mean: -0.0055, Std: 0.9920, Min: -3.6141, Max: 4.3280
DEBUG: Visual Feat: torch.Size([1, 256, 2, 8]), Mean: 0.9193, Std: 1.4003
DEBUG: Pos Embed: torch.Size([1, 256, 2, 8]), Mean: 8.0594, Std: 7.9411
DEBUG: Input Images: torch.Size([1, 3, 32, 128]), Mean: 1.6363, Std: 1.1930, Min: -2.0665, Max: 2.6400
DEBUG: Visual Feat: torch.Size([1, 256, 2, 8]), Mean: 2.8806, Std: 6.9260
DEBUG: Pos Embed: torch.Size([1, 256, 2, 8]), Mean: 8.0594, Std: 7.9411
DEBUG: Input Images: torch.Size([1, 3, 32, 128]), Mean: 1.6363, Std: 1.1930, Min: -2.0665, Max: 2.6400
DEBUG: Visual Feat: torch.Size([1, 256, 2, 8]), Mean: 2.8806, Std: 6.9260
DEBUG: Pos Embed: torch.Size([1, 256, 2, 8]), Mean: 8.0594, Std: 7.9411

[Validation Debug] Samples:
  Pred Type: <class 'dict'>
  Pred Keys: ['logits', 'tokens']
  Pred IDs: [1, 10, 10, 10, 10, 10, 10, 10, 10, 10, 10, 10, 10, 10, 10, 10, 10, 10, 10, 10, 10, 10, 10, 10, 10, 10]
  Pred: '&&&&&&&&&&&&&&&&&&&&&&&&&' | GT: '"변화와'
  Match Count: 0/1
DEBUG: Input Images: torch.Size([1, 3, 32, 128]), Mean: -0.0055, Std: 0.9920, Min: -3.6141, Max: 4.3280
DEBUG: Visual Feat: torch.Size([1, 256, 2, 8]), Mean: 0.9182, Std: 1.3994
DEBUG: Pos Embed: torch.Size([1, 256, 2, 8]), Mean: 8.0594, Std: 7.9411

[Grad Debug] Step 160 - Pos Encoder Grad Norm: 0.0000
[Grad Debug] Step 160 - Embed Tokens Grad Norm: 0.0000
DEBUG: Input Images: torch.Size([1, 3, 32, 128]), Mean: -0.0055, Std: 0.9920, Min: -3.6141, Max: 4.3280
DEBUG: Visual Feat: torch.Size([1, 256, 2, 8]), Mean: 0.9169, Std: 1.3980
DEBUG: Pos Embed: torch.Size([1, 256, 2, 8]), Mean: 8.0594, Std: 7.9411
DEBUG: Input Images: torch.Size([1, 3, 32, 128]), Mean: -0.0055, Std: 0.9920, Min: -3.6141, Max: 4.3280
DEBUG: Visual Feat: torch.Size([1, 256, 2, 8]), Mean: 0.9158, Std: 1.3965
DEBUG: Pos Embed: torch.Size([1, 256, 2, 8]), Mean: 8.0594, Std: 7.9411
DEBUG: Input Images: torch.Size([1, 3, 32, 128]), Mean: -0.0055, Std: 0.9920, Min: -3.6141, Max: 4.3280
DEBUG: Visual Feat: torch.Size([1, 256, 2, 8]), Mean: 0.9148, Std: 1.3946
DEBUG: Pos Embed: torch.Size([1, 256, 2, 8]), Mean: 8.0594, Std: 7.9411
DEBUG: Input Images: torch.Size([1, 3, 32, 128]), Mean: -0.0055, Std: 0.9920, Min: -3.6141, Max: 4.3280
DEBUG: Visual Feat: torch.Size([1, 256, 2, 8]), Mean: 0.9136, Std: 1.3919
DEBUG: Pos Embed: torch.Size([1, 256, 2, 8]), Mean: 8.0594, Std: 7.9411
DEBUG: Input Images: torch.Size([1, 3, 32, 128]), Mean: -0.0055, Std: 0.9920, Min: -3.6141, Max: 4.3280
DEBUG: Visual Feat: torch.Size([1, 256, 2, 8]), Mean: 0.9125, Std: 1.3896
DEBUG: Pos Embed: torch.Size([1, 256, 2, 8]), Mean: 8.0594, Std: 7.9411
DEBUG: Input Images: torch.Size([1, 3, 32, 128]), Mean: -0.0055, Std: 0.9920, Min: -3.6141, Max: 4.3280
DEBUG: Visual Feat: torch.Size([1, 256, 2, 8]), Mean: 0.9115, Std: 1.3872
DEBUG: Pos Embed: torch.Size([1, 256, 2, 8]), Mean: 8.0594, Std: 7.9411
DEBUG: Input Images: torch.Size([1, 3, 32, 128]), Mean: -0.0055, Std: 0.9920, Min: -3.6141, Max: 4.3280
DEBUG: Visual Feat: torch.Size([1, 256, 2, 8]), Mean: 0.9102, Std: 1.3852
DEBUG: Pos Embed: torch.Size([1, 256, 2, 8]), Mean: 8.0594, Std: 7.9411
DEBUG: Input Images: torch.Size([1, 3, 32, 128]), Mean: -0.0055, Std: 0.9920, Min: -3.6141, Max: 4.3280
DEBUG: Visual Feat: torch.Size([1, 256, 2, 8]), Mean: 0.9096, Std: 1.3830
DEBUG: Pos Embed: torch.Size([1, 256, 2, 8]), Mean: 8.0594, Std: 7.9411
DEBUG: Input Images: torch.Size([1, 3, 32, 128]), Mean: -0.0055, Std: 0.9920, Min: -3.6141, Max: 4.3280
DEBUG: Visual Feat: torch.Size([1, 256, 2, 8]), Mean: 0.9093, Std: 1.3795
DEBUG: Pos Embed: torch.Size([1, 256, 2, 8]), Mean: 8.0594, Std: 7.9411
DEBUG: Input Images: torch.Size([1, 3, 32, 128]), Mean: 1.6363, Std: 1.1930, Min: -2.0665, Max: 2.6400
DEBUG: Visual Feat: torch.Size([1, 256, 2, 8]), Mean: 2.9855, Std: 7.1808
DEBUG: Pos Embed: torch.Size([1, 256, 2, 8]), Mean: 8.0594, Std: 7.9411
DEBUG: Input Images: torch.Size([1, 3, 32, 128]), Mean: 1.6363, Std: 1.1930, Min: -2.0665, Max: 2.6400
DEBUG: Visual Feat: torch.Size([1, 256, 2, 8]), Mean: 2.9855, Std: 7.1808
DEBUG: Pos Embed: torch.Size([1, 256, 2, 8]), Mean: 8.0594, Std: 7.9411

[Validation Debug] Samples:
  Pred Type: <class 'dict'>
  Pred Keys: ['logits', 'tokens']
  Pred IDs: [1, 11, 11, 11, 11, 11, 11, 11, 11, 11, 11, 11, 11, 11, 11, 11, 11, 11, 11, 11, 11, 11, 11, 11, 11, 11]
  Pred: ''''''''''''''''''''''''''' | GT: '"변화와'
  Match Count: 0/1
DEBUG: Input Images: torch.Size([1, 3, 32, 128]), Mean: -0.0055, Std: 0.9920, Min: -3.6141, Max: 4.3280
DEBUG: Visual Feat: torch.Size([1, 256, 2, 8]), Mean: 0.9083, Std: 1.3754
DEBUG: Pos Embed: torch.Size([1, 256, 2, 8]), Mean: 8.0594, Std: 7.9411

[Grad Debug] Step 170 - Pos Encoder Grad Norm: 0.0000
[Grad Debug] Step 170 - Embed Tokens Grad Norm: 0.0000
DEBUG: Input Images: torch.Size([1, 3, 32, 128]), Mean: -0.0055, Std: 0.9920, Min: -3.6141, Max: 4.3280
DEBUG: Visual Feat: torch.Size([1, 256, 2, 8]), Mean: 0.9073, Std: 1.3724
DEBUG: Pos Embed: torch.Size([1, 256, 2, 8]), Mean: 8.0594, Std: 7.9411
DEBUG: Input Images: torch.Size([1, 3, 32, 128]), Mean: -0.0055, Std: 0.9920, Min: -3.6141, Max: 4.3280
DEBUG: Visual Feat: torch.Size([1, 256, 2, 8]), Mean: 0.9068, Std: 1.3701
DEBUG: Pos Embed: torch.Size([1, 256, 2, 8]), Mean: 8.0594, Std: 7.9411
DEBUG: Input Images: torch.Size([1, 3, 32, 128]), Mean: -0.0055, Std: 0.9920, Min: -3.6141, Max: 4.3280
DEBUG: Visual Feat: torch.Size([1, 256, 2, 8]), Mean: 0.9046, Std: 1.3670
DEBUG: Pos Embed: torch.Size([1, 256, 2, 8]), Mean: 8.0594, Std: 7.9411
DEBUG: Input Images: torch.Size([1, 3, 32, 128]), Mean: -0.0055, Std: 0.9920, Min: -3.6141, Max: 4.3280
DEBUG: Visual Feat: torch.Size([1, 256, 2, 8]), Mean: 0.9027, Std: 1.3641
DEBUG: Pos Embed: torch.Size([1, 256, 2, 8]), Mean: 8.0594, Std: 7.9411
DEBUG: Input Images: torch.Size([1, 3, 32, 128]), Mean: -0.0055, Std: 0.9920, Min: -3.6141, Max: 4.3280
DEBUG: Visual Feat: torch.Size([1, 256, 2, 8]), Mean: 0.9008, Std: 1.3613
DEBUG: Pos Embed: torch.Size([1, 256, 2, 8]), Mean: 8.0594, Std: 7.9411
DEBUG: Input Images: torch.Size([1, 3, 32, 128]), Mean: -0.0055, Std: 0.9920, Min: -3.6141, Max: 4.3280
DEBUG: Visual Feat: torch.Size([1, 256, 2, 8]), Mean: 0.8996, Std: 1.3583
DEBUG: Pos Embed: torch.Size([1, 256, 2, 8]), Mean: 8.0594, Std: 7.9411
DEBUG: Input Images: torch.Size([1, 3, 32, 128]), Mean: -0.0055, Std: 0.9920, Min: -3.6141, Max: 4.3280
DEBUG: Visual Feat: torch.Size([1, 256, 2, 8]), Mean: 0.8986, Std: 1.3563
DEBUG: Pos Embed: torch.Size([1, 256, 2, 8]), Mean: 8.0594, Std: 7.9411
DEBUG: Input Images: torch.Size([1, 3, 32, 128]), Mean: -0.0055, Std: 0.9920, Min: -3.6141, Max: 4.3280
DEBUG: Visual Feat: torch.Size([1, 256, 2, 8]), Mean: 0.8982, Std: 1.3541
DEBUG: Pos Embed: torch.Size([1, 256, 2, 8]), Mean: 8.0594, Std: 7.9411
DEBUG: Input Images: torch.Size([1, 3, 32, 128]), Mean: -0.0055, Std: 0.9920, Min: -3.6141, Max: 4.3280
DEBUG: Visual Feat: torch.Size([1, 256, 2, 8]), Mean: 0.8977, Std: 1.3511
DEBUG: Pos Embed: torch.Size([1, 256, 2, 8]), Mean: 8.0594, Std: 7.9411
DEBUG: Input Images: torch.Size([1, 3, 32, 128]), Mean: 1.6363, Std: 1.1930, Min: -2.0665, Max: 2.6400
DEBUG: Visual Feat: torch.Size([1, 256, 2, 8]), Mean: 3.1993, Std: 7.6973
DEBUG: Pos Embed: torch.Size([1, 256, 2, 8]), Mean: 8.0594, Std: 7.9411
DEBUG: Input Images: torch.Size([1, 3, 32, 128]), Mean: 1.6363, Std: 1.1930, Min: -2.0665, Max: 2.6400
DEBUG: Visual Feat: torch.Size([1, 256, 2, 8]), Mean: 3.1993, Std: 7.6973
DEBUG: Pos Embed: torch.Size([1, 256, 2, 8]), Mean: 8.0594, Std: 7.9411

[Validation Debug] Samples:
  Pred Type: <class 'dict'>
  Pred Keys: ['logits', 'tokens']
  Pred IDs: [1, 10, 10, 10, 10, 10, 10, 10, 10, 10, 10, 10, 10, 10, 10, 10, 10, 10, 10, 10, 10, 10, 10, 10, 10, 10]
  Pred: '&&&&&&&&&&&&&&&&&&&&&&&&&' | GT: '"변화와'
  Match Count: 0/1
DEBUG: Input Images: torch.Size([1, 3, 32, 128]), Mean: -0.0055, Std: 0.9920, Min: -3.6141, Max: 4.3280
DEBUG: Visual Feat: torch.Size([1, 256, 2, 8]), Mean: 0.8971, Std: 1.3484
DEBUG: Pos Embed: torch.Size([1, 256, 2, 8]), Mean: 8.0594, Std: 7.9411

[Grad Debug] Step 180 - Pos Encoder Grad Norm: 0.0000
[Grad Debug] Step 180 - Embed Tokens Grad Norm: 0.0000INFO: `Trainer.fit` stopped: `max_epochs=200` reached.

DEBUG: Input Images: torch.Size([1, 3, 32, 128]), Mean: -0.0055, Std: 0.9920, Min: -3.6141, Max: 4.3280
DEBUG: Visual Feat: torch.Size([1, 256, 2, 8]), Mean: 0.8965, Std: 1.3462
DEBUG: Pos Embed: torch.Size([1, 256, 2, 8]), Mean: 8.0594, Std: 7.9411
DEBUG: Input Images: torch.Size([1, 3, 32, 128]), Mean: -0.0055, Std: 0.9920, Min: -3.6141, Max: 4.3280
DEBUG: Visual Feat: torch.Size([1, 256, 2, 8]), Mean: 0.8958, Std: 1.3438
DEBUG: Pos Embed: torch.Size([1, 256, 2, 8]), Mean: 8.0594, Std: 7.9411
DEBUG: Input Images: torch.Size([1, 3, 32, 128]), Mean: -0.0055, Std: 0.9920, Min: -3.6141, Max: 4.3280
DEBUG: Visual Feat: torch.Size([1, 256, 2, 8]), Mean: 0.8953, Std: 1.3411
DEBUG: Pos Embed: torch.Size([1, 256, 2, 8]), Mean: 8.0594, Std: 7.9411
DEBUG: Input Images: torch.Size([1, 3, 32, 128]), Mean: -0.0055, Std: 0.9920, Min: -3.6141, Max: 4.3280
DEBUG: Visual Feat: torch.Size([1, 256, 2, 8]), Mean: 0.8947, Std: 1.3384
DEBUG: Pos Embed: torch.Size([1, 256, 2, 8]), Mean: 8.0594, Std: 7.9411
DEBUG: Input Images: torch.Size([1, 3, 32, 128]), Mean: -0.0055, Std: 0.9920, Min: -3.6141, Max: 4.3280
DEBUG: Visual Feat: torch.Size([1, 256, 2, 8]), Mean: 0.8943, Std: 1.3355
DEBUG: Pos Embed: torch.Size([1, 256, 2, 8]), Mean: 8.0594, Std: 7.9411
DEBUG: Input Images: torch.Size([1, 3, 32, 128]), Mean: -0.0055, Std: 0.9920, Min: -3.6141, Max: 4.3280
DEBUG: Visual Feat: torch.Size([1, 256, 2, 8]), Mean: 0.8938, Std: 1.3326
DEBUG: Pos Embed: torch.Size([1, 256, 2, 8]), Mean: 8.0594, Std: 7.9411
DEBUG: Input Images: torch.Size([1, 3, 32, 128]), Mean: -0.0055, Std: 0.9920, Min: -3.6141, Max: 4.3280
DEBUG: Visual Feat: torch.Size([1, 256, 2, 8]), Mean: 0.8932, Std: 1.3309
DEBUG: Pos Embed: torch.Size([1, 256, 2, 8]), Mean: 8.0594, Std: 7.9411
DEBUG: Input Images: torch.Size([1, 3, 32, 128]), Mean: -0.0055, Std: 0.9920, Min: -3.6141, Max: 4.3280
DEBUG: Visual Feat: torch.Size([1, 256, 2, 8]), Mean: 0.8925, Std: 1.3295
DEBUG: Pos Embed: torch.Size([1, 256, 2, 8]), Mean: 8.0594, Std: 7.9411
DEBUG: Input Images: torch.Size([1, 3, 32, 128]), Mean: -0.0055, Std: 0.9920, Min: -3.6141, Max: 4.3280
DEBUG: Visual Feat: torch.Size([1, 256, 2, 8]), Mean: 0.8918, Std: 1.3283
DEBUG: Pos Embed: torch.Size([1, 256, 2, 8]), Mean: 8.0594, Std: 7.9411
DEBUG: Input Images: torch.Size([1, 3, 32, 128]), Mean: 1.6363, Std: 1.1930, Min: -2.0665, Max: 2.6400
DEBUG: Visual Feat: torch.Size([1, 256, 2, 8]), Mean: 3.3591, Std: 8.1289
DEBUG: Pos Embed: torch.Size([1, 256, 2, 8]), Mean: 8.0594, Std: 7.9411
DEBUG: Input Images: torch.Size([1, 3, 32, 128]), Mean: 1.6363, Std: 1.1930, Min: -2.0665, Max: 2.6400
DEBUG: Visual Feat: torch.Size([1, 256, 2, 8]), Mean: 3.3591, Std: 8.1289
DEBUG: Pos Embed: torch.Size([1, 256, 2, 8]), Mean: 8.0594, Std: 7.9411

[Validation Debug] Samples:
  Pred Type: <class 'dict'>
  Pred Keys: ['logits', 'tokens']
  Pred IDs: [1, 11, 11, 11, 11, 11, 11, 11, 11, 11, 11, 11, 11, 11, 11, 11, 11, 11, 11, 11, 11, 11, 11, 11, 11, 11]
  Pred: ''''''''''''''''''''''''''' | GT: '"변화와'
  Match Count: 0/1
DEBUG: Input Images: torch.Size([1, 3, 32, 128]), Mean: -0.0055, Std: 0.9920, Min: -3.6141, Max: 4.3280
DEBUG: Visual Feat: torch.Size([1, 256, 2, 8]), Mean: 0.8910, Std: 1.3269
DEBUG: Pos Embed: torch.Size([1, 256, 2, 8]), Mean: 8.0594, Std: 7.9411

[Grad Debug] Step 190 - Pos Encoder Grad Norm: 0.0000
[Grad Debug] Step 190 - Embed Tokens Grad Norm: 0.0000
DEBUG: Input Images: torch.Size([1, 3, 32, 128]), Mean: -0.0055, Std: 0.9920, Min: -3.6141, Max: 4.3280
DEBUG: Visual Feat: torch.Size([1, 256, 2, 8]), Mean: 0.8898, Std: 1.3254
DEBUG: Pos Embed: torch.Size([1, 256, 2, 8]), Mean: 8.0594, Std: 7.9411
DEBUG: Input Images: torch.Size([1, 3, 32, 128]), Mean: -0.0055, Std: 0.9920, Min: -3.6141, Max: 4.3280
DEBUG: Visual Feat: torch.Size([1, 256, 2, 8]), Mean: 0.8884, Std: 1.3231
DEBUG: Pos Embed: torch.Size([1, 256, 2, 8]), Mean: 8.0594, Std: 7.9411
DEBUG: Input Images: torch.Size([1, 3, 32, 128]), Mean: -0.0055, Std: 0.9920, Min: -3.6141, Max: 4.3280
DEBUG: Visual Feat: torch.Size([1, 256, 2, 8]), Mean: 0.8869, Std: 1.3205
DEBUG: Pos Embed: torch.Size([1, 256, 2, 8]), Mean: 8.0594, Std: 7.9411
DEBUG: Input Images: torch.Size([1, 3, 32, 128]), Mean: -0.0055, Std: 0.9920, Min: -3.6141, Max: 4.3280
DEBUG: Visual Feat: torch.Size([1, 256, 2, 8]), Mean: 0.8859, Std: 1.3181
DEBUG: Pos Embed: torch.Size([1, 256, 2, 8]), Mean: 8.0594, Std: 7.9411
DEBUG: Input Images: torch.Size([1, 3, 32, 128]), Mean: -0.0055, Std: 0.9920, Min: -3.6141, Max: 4.3280
DEBUG: Visual Feat: torch.Size([1, 256, 2, 8]), Mean: 0.8851, Std: 1.3150
DEBUG: Pos Embed: torch.Size([1, 256, 2, 8]), Mean: 8.0594, Std: 7.9411
DEBUG: Input Images: torch.Size([1, 3, 32, 128]), Mean: -0.0055, Std: 0.9920, Min: -3.6141, Max: 4.3280
DEBUG: Visual Feat: torch.Size([1, 256, 2, 8]), Mean: 0.8840, Std: 1.3116
DEBUG: Pos Embed: torch.Size([1, 256, 2, 8]), Mean: 8.0594, Std: 7.9411
DEBUG: Input Images: torch.Size([1, 3, 32, 128]), Mean: -0.0055, Std: 0.9920, Min: -3.6141, Max: 4.3280
DEBUG: Visual Feat: torch.Size([1, 256, 2, 8]), Mean: 0.8831, Std: 1.3086
DEBUG: Pos Embed: torch.Size([1, 256, 2, 8]), Mean: 8.0594, Std: 7.9411
DEBUG: Input Images: torch.Size([1, 3, 32, 128]), Mean: -0.0055, Std: 0.9920, Min: -3.6141, Max: 4.3280
DEBUG: Visual Feat: torch.Size([1, 256, 2, 8]), Mean: 0.8824, Std: 1.3076
DEBUG: Pos Embed: torch.Size([1, 256, 2, 8]), Mean: 8.0594, Std: 7.9411
DEBUG: Input Images: torch.Size([1, 3, 32, 128]), Mean: -0.0055, Std: 0.9920, Min: -3.6141, Max: 4.3280
DEBUG: Visual Feat: torch.Size([1, 256, 2, 8]), Mean: 0.8817, Std: 1.3069
DEBUG: Pos Embed: torch.Size([1, 256, 2, 8]), Mean: 8.0594, Std: 7.9411
DEBUG: Input Images: torch.Size([1, 3, 32, 128]), Mean: 1.6363, Std: 1.1930, Min: -2.0665, Max: 2.6400
DEBUG: Visual Feat: torch.Size([1, 256, 2, 8]), Mean: 3.5062, Std: 8.6285
DEBUG: Pos Embed: torch.Size([1, 256, 2, 8]), Mean: 8.0594, Std: 7.9411
DEBUG: Input Images: torch.Size([1, 3, 32, 128]), Mean: 1.6363, Std: 1.1930, Min: -2.0665, Max: 2.6400
DEBUG: Visual Feat: torch.Size([1, 256, 2, 8]), Mean: 3.5062, Std: 8.6285
DEBUG: Pos Embed: torch.Size([1, 256, 2, 8]), Mean: 8.0594, Std: 7.9411

[Validation Debug] Samples:
  Pred Type: <class 'dict'>
  Pred Keys: ['logits', 'tokens']
  Pred IDs: [1, 2]
  Pred: '' | GT: '"변화와'
  Match Count: 0/1
[2026-02-07 22:21:57,644][lightning.pytorch.utilities.rank_zero][INFO] - `Trainer.fit` stopped: `max_epochs=200` reached.
Epoch 199/199 ━━━━━━━━━━━━━━━━━━━━━━━━━━━━━━━━━━━━━━ 1/1 0:00:00 • 0:00:00 0.00it/s v_num: 63.000 val/acc: 0.000 val/cer: 
                                                                                    1.000                                 
[2026-02-07 22:21:57,928][ocr.pipelines.orchestrator][INFO] - \n✅ Training complete!

✅ Training test completed successfully!
