================================================
Quick Training Test (GPU, Limited Batches)
================================================
[2026-02-07 22:20:35,634][ocr.pipelines.orchestrator][INFO] - 🎯 OCRProjectOrchestrator initialized
[2026-02-07 22:20:35,634][ocr.pipelines.orchestrator][INFO] -    Domain: recognition
[2026-02-07 22:20:35,634][ocr.pipelines.orchestrator][INFO] -    Mode: train
[2026-02-07 22:20:35,634][ocr.pipelines.orchestrator][INFO] - \n============================================================
[2026-02-07 22:20:35,634][ocr.pipelines.orchestrator][INFO] - 🚀 Starting TRAIN for recognition domain
[2026-02-07 22:20:35,634][ocr.pipelines.orchestrator][INFO] - ============================================================\n
[2026-02-07 22:20:35,634][ocr.pipelines.orchestrator][INFO] - 🏗️ Building model and datasets...
[2026-02-07 22:20:35,634][ocr.pipelines.strategies.recognition_config][INFO] - 💉 Injecting vocab_size for recognition model...
[2026-02-07 22:20:35,636][ocr.domains.recognition.data.tokenizer][INFO] - Loaded tokenizer: 1023 chars, vocab_size=1027, max_len=25
[2026-02-07 22:20:35,637][ocr.pipelines.strategies.recognition_config][INFO] -    ✓ Vocab size 1027 injected into model config
[2026-02-07 22:20:36,950][timm.models._builder][INFO] - Loading pretrained weights from Hugging Face hub (timm/resnet18.a1_in1k)
[2026-02-07 22:20:37,190][timm.models._hub][INFO] - [timm/resnet18.a1_in1k] Safe alternative available for 'pytorch_model.bin' (as 'model.safetensors'). Loading weights using safetensors.
[2026-02-07 22:20:37,318][timm.models._builder][INFO] - Loading pretrained weights from Hugging Face hub (timm/resnet18.a1_in1k)
[2026-02-07 22:20:37,526][timm.models._hub][INFO] - [timm/resnet18.a1_in1k] Safe alternative available for 'pytorch_model.bin' (as 'model.safetensors'). Loading weights using safetensors.
[2026-02-07 22:20:37,565][ocr.pipelines.orchestrator][INFO] -    ✓ Model created: PARSeq
[2026-02-07 22:20:37,569][ocr.domains.recognition.data.tokenizer][INFO] - Loaded tokenizer: 1023 chars, vocab_size=1027, max_len=25
[2026-02-07 22:20:37,573][ocr.domains.recognition.data.tokenizer][INFO] - Loaded tokenizer: 1023 chars, vocab_size=1027, max_len=25
[2026-02-07 22:20:37,577][ocr.domains.recognition.data.tokenizer][INFO] - Loaded tokenizer: 1023 chars, vocab_size=1027, max_len=25
[2026-02-07 22:20:37,581][ocr.domains.recognition.data.tokenizer][INFO] - Loaded tokenizer: 1023 chars, vocab_size=1027, max_len=25
[2026-02-07 22:20:37,582][ocr.pipelines.orchestrator][INFO] -    ✓ Datasets created
[2026-02-07 22:20:37,605][ocr.pipelines.orchestrator][INFO] -    ✓ RecognitionPLModule created
[2026-02-07 22:20:37,616][ocr.pipelines.orchestrator][INFO] -    ✓ DataModule created
[2026-02-07 22:20:37,616][ocr.pipelines.orchestrator][INFO] - ⚡ Configuring Lightning Trainer...
INFO: GPU available: True (cuda), used: True
[2026-02-07 22:20:37,648][lightning.pytorch.utilities.rank_zero][INFO] - GPU available: True (cuda), used: True
INFO: TPU available: False, using: 0 TPU cores
[2026-02-07 22:20:37,648][lightning.pytorch.utilities.rank_zero][INFO] - TPU available: False, using: 0 TPU cores
INFO: 💡 Tip: For seamless cloud logging and experiment tracking, try installing [litlogger](https://pypi.org/project/litlogger/) to enable LitLogger, which logs metrics and artifacts automatically to the Lightning Experiments platform.
[2026-02-07 22:20:37,649][lightning.pytorch.utilities.rank_zero][INFO] - 💡 Tip: For seamless cloud logging and experiment tracking, try installing [litlogger](https://pypi.org/project/litlogger/) to enable LitLogger, which logs metrics and artifacts automatically to the Lightning Experiments platform.
INFO: `Trainer(overfit_batches=1)` was configured so 1 batch will be used.
[2026-02-07 22:20:37,649][lightning.pytorch.utilities.rank_zero][INFO] - `Trainer(overfit_batches=1)` was configured so 1 batch will be used.
[2026-02-07 22:20:37,649][ocr.pipelines.orchestrator][INFO] -    ✓ Trainer ready
[2026-02-07 22:20:37,649][ocr.pipelines.orchestrator][INFO] - 🏋️ Starting training...\n
INFO: LOCAL_RANK: 0 - CUDA_VISIBLE_DEVICES: [0]
[2026-02-07 22:20:37,837][lightning.pytorch.accelerators.cuda][INFO] - LOCAL_RANK: 0 - CUDA_VISIBLE_DEVICES: [0]
┏━━━┳━━━━━━━━━┳━━━━━━━━━━━━━━━┳━━━━━━━━┳━━━━━━━┳━━━━━━━┓
┃   ┃ Name    ┃ Type          ┃ Params ┃ Mode  ┃ FLOPs ┃
┡━━━╇━━━━━━━━━╇━━━━━━━━━━━━━━━╇━━━━━━━━╇━━━━━━━╇━━━━━━━┩
│ 0 │ model   │ PARSeq        │ 27.5 M │ train │     0 │
│ 1 │ rec_cer │ CharErrorRate │      0 │ train │     0 │
└───┴─────────┴───────────────┴────────┴───────┴───────┘
Trainable params: 27.5 M                                                                                                  
Non-trainable params: 0                                                                                                   
Total params: 27.5 M                                                                                                      
Total estimated model params size (MB): 110                                                                               
Modules in train mode: 269                                                                                                
Modules in eval mode: 0                                                                                                   
Total FLOPs: 0                                                                                                            
/workspaces/.venv/lib/python3.11/site-packages/torch/nn/functional.py:5962: UserWarning: Support for mismatched key_padding_mask and attn_mask is deprecated. Use same type for both instead.
  warnings.warn(
DEBUG: Input Images: torch.Size([1, 3, 32, 128]), Mean: 1.6363, Std: 1.1930, Min: -2.0665, Max: 2.6400
DEBUG: Visual Feat: torch.Size([1, 256, 2, 8]), Mean: 0.9974, Std: 1.4795
DEBUG: Pos Embed: torch.Size([1, 256, 2, 8]), Mean: 8.0594, Std: 7.9411

[Grad Debug] Step 0 - Pos Encoder Grad Norm: 0.0000
[Grad Debug] Step 0 - Embed Tokens Grad Norm: 0.0000
DEBUG: Input Images: torch.Size([1, 3, 32, 128]), Mean: 1.6363, Std: 1.1930, Min: -2.0665, Max: 2.6400
DEBUG: Visual Feat: torch.Size([1, 256, 2, 8]), Mean: 1.0074, Std: 1.4972
DEBUG: Pos Embed: torch.Size([1, 256, 2, 8]), Mean: 8.0594, Std: 7.9411
DEBUG: Input Images: torch.Size([1, 3, 32, 128]), Mean: 1.6363, Std: 1.1930, Min: -2.0665, Max: 2.6400
DEBUG: Visual Feat: torch.Size([1, 256, 2, 8]), Mean: 1.0154, Std: 1.5085
DEBUG: Pos Embed: torch.Size([1, 256, 2, 8]), Mean: 8.0594, Std: 7.9411
DEBUG: Input Images: torch.Size([1, 3, 32, 128]), Mean: 1.6363, Std: 1.1930, Min: -2.0665, Max: 2.6400
DEBUG: Visual Feat: torch.Size([1, 256, 2, 8]), Mean: 1.0167, Std: 1.5082
DEBUG: Pos Embed: torch.Size([1, 256, 2, 8]), Mean: 8.0594, Std: 7.9411
DEBUG: Input Images: torch.Size([1, 3, 32, 128]), Mean: 1.6363, Std: 1.1930, Min: -2.0665, Max: 2.6400
DEBUG: Visual Feat: torch.Size([1, 256, 2, 8]), Mean: 1.0063, Std: 1.4927
DEBUG: Pos Embed: torch.Size([1, 256, 2, 8]), Mean: 8.0594, Std: 7.9411
DEBUG: Input Images: torch.Size([1, 3, 32, 128]), Mean: 1.6363, Std: 1.1930, Min: -2.0665, Max: 2.6400
DEBUG: Visual Feat: torch.Size([1, 256, 2, 8]), Mean: 1.0058, Std: 1.4872
DEBUG: Pos Embed: torch.Size([1, 256, 2, 8]), Mean: 8.0594, Std: 7.9411
DEBUG: Input Images: torch.Size([1, 3, 32, 128]), Mean: 1.6363, Std: 1.1930, Min: -2.0665, Max: 2.6400
DEBUG: Visual Feat: torch.Size([1, 256, 2, 8]), Mean: 1.0046, Std: 1.4781
DEBUG: Pos Embed: torch.Size([1, 256, 2, 8]), Mean: 8.0594, Std: 7.9411
DEBUG: Input Images: torch.Size([1, 3, 32, 128]), Mean: 1.6363, Std: 1.1930, Min: -2.0665, Max: 2.6400
DEBUG: Visual Feat: torch.Size([1, 256, 2, 8]), Mean: 1.0041, Std: 1.4761
DEBUG: Pos Embed: torch.Size([1, 256, 2, 8]), Mean: 8.0594, Std: 7.9411
DEBUG: Input Images: torch.Size([1, 3, 32, 128]), Mean: 1.6363, Std: 1.1930, Min: -2.0665, Max: 2.6400
DEBUG: Visual Feat: torch.Size([1, 256, 2, 8]), Mean: 1.0026, Std: 1.4692
DEBUG: Pos Embed: torch.Size([1, 256, 2, 8]), Mean: 8.0594, Std: 7.9411
DEBUG: Input Images: torch.Size([1, 3, 32, 128]), Mean: 1.6363, Std: 1.1930, Min: -2.0665, Max: 2.6400
DEBUG: Visual Feat: torch.Size([1, 256, 2, 8]), Mean: 1.0031, Std: 1.4710
DEBUG: Pos Embed: torch.Size([1, 256, 2, 8]), Mean: 8.0594, Std: 7.9411
DEBUG: Input Images: torch.Size([1, 3, 32, 128]), Mean: 1.6363, Std: 1.1930, Min: -2.0665, Max: 2.6400
DEBUG: Visual Feat: torch.Size([1, 256, 2, 8]), Mean: 1.0997, Std: 1.5179
DEBUG: Pos Embed: torch.Size([1, 256, 2, 8]), Mean: 8.0594, Std: 7.9411
DEBUG: Input Images: torch.Size([1, 3, 32, 128]), Mean: 1.6363, Std: 1.1930, Min: -2.0665, Max: 2.6400
DEBUG: Visual Feat: torch.Size([1, 256, 2, 8]), Mean: 1.0997, Std: 1.5179
DEBUG: Pos Embed: torch.Size([1, 256, 2, 8]), Mean: 8.0594, Std: 7.9411

[Validation Debug] Samples:
  Pred Type: <class 'dict'>
  Pred Keys: ['logits', 'tokens']
  Pred IDs: [1, 2]
  Pred: '' | GT: '"변화와'
  Match Count: 0/1
DEBUG: Input Images: torch.Size([1, 3, 32, 128]), Mean: 1.6363, Std: 1.1930, Min: -2.0665, Max: 2.6400
DEBUG: Visual Feat: torch.Size([1, 256, 2, 8]), Mean: 1.0035, Std: 1.4730
DEBUG: Pos Embed: torch.Size([1, 256, 2, 8]), Mean: 8.0594, Std: 7.9411

[Grad Debug] Step 10 - Pos Encoder Grad Norm: 0.0000
[Grad Debug] Step 10 - Embed Tokens Grad Norm: 0.0000
DEBUG: Input Images: torch.Size([1, 3, 32, 128]), Mean: 1.6363, Std: 1.1930, Min: -2.0665, Max: 2.6400
DEBUG: Visual Feat: torch.Size([1, 256, 2, 8]), Mean: 1.0041, Std: 1.4717
DEBUG: Pos Embed: torch.Size([1, 256, 2, 8]), Mean: 8.0594, Std: 7.9411
DEBUG: Input Images: torch.Size([1, 3, 32, 128]), Mean: 1.6363, Std: 1.1930, Min: -2.0665, Max: 2.6400
DEBUG: Visual Feat: torch.Size([1, 256, 2, 8]), Mean: 1.0026, Std: 1.4719
DEBUG: Pos Embed: torch.Size([1, 256, 2, 8]), Mean: 8.0594, Std: 7.9411
DEBUG: Input Images: torch.Size([1, 3, 32, 128]), Mean: 1.6363, Std: 1.1930, Min: -2.0665, Max: 2.6400
DEBUG: Visual Feat: torch.Size([1, 256, 2, 8]), Mean: 1.0021, Std: 1.4762
DEBUG: Pos Embed: torch.Size([1, 256, 2, 8]), Mean: 8.0594, Std: 7.9411
DEBUG: Input Images: torch.Size([1, 3, 32, 128]), Mean: 1.6363, Std: 1.1930, Min: -2.0665, Max: 2.6400
DEBUG: Visual Feat: torch.Size([1, 256, 2, 8]), Mean: 1.0009, Std: 1.4741
DEBUG: Pos Embed: torch.Size([1, 256, 2, 8]), Mean: 8.0594, Std: 7.9411
DEBUG: Input Images: torch.Size([1, 3, 32, 128]), Mean: 1.6363, Std: 1.1930, Min: -2.0665, Max: 2.6400
DEBUG: Visual Feat: torch.Size([1, 256, 2, 8]), Mean: 0.9991, Std: 1.4748
DEBUG: Pos Embed: torch.Size([1, 256, 2, 8]), Mean: 8.0594, Std: 7.9411
DEBUG: Input Images: torch.Size([1, 3, 32, 128]), Mean: 1.6363, Std: 1.1930, Min: -2.0665, Max: 2.6400
DEBUG: Visual Feat: torch.Size([1, 256, 2, 8]), Mean: 1.0005, Std: 1.4850
DEBUG: Pos Embed: torch.Size([1, 256, 2, 8]), Mean: 8.0594, Std: 7.9411
DEBUG: Input Images: torch.Size([1, 3, 32, 128]), Mean: 1.6363, Std: 1.1930, Min: -2.0665, Max: 2.6400
DEBUG: Visual Feat: torch.Size([1, 256, 2, 8]), Mean: 1.0026, Std: 1.4977
DEBUG: Pos Embed: torch.Size([1, 256, 2, 8]), Mean: 8.0594, Std: 7.9411
DEBUG: Input Images: torch.Size([1, 3, 32, 128]), Mean: 1.6363, Std: 1.1930, Min: -2.0665, Max: 2.6400
DEBUG: Visual Feat: torch.Size([1, 256, 2, 8]), Mean: 1.0049, Std: 1.5053
DEBUG: Pos Embed: torch.Size([1, 256, 2, 8]), Mean: 8.0594, Std: 7.9411
DEBUG: Input Images: torch.Size([1, 3, 32, 128]), Mean: 1.6363, Std: 1.1930, Min: -2.0665, Max: 2.6400
DEBUG: Visual Feat: torch.Size([1, 256, 2, 8]), Mean: 1.0068, Std: 1.5086
DEBUG: Pos Embed: torch.Size([1, 256, 2, 8]), Mean: 8.0594, Std: 7.9411
DEBUG: Input Images: torch.Size([1, 3, 32, 128]), Mean: 1.6363, Std: 1.1930, Min: -2.0665, Max: 2.6400
DEBUG: Visual Feat: torch.Size([1, 256, 2, 8]), Mean: 0.9664, Std: 1.5062
DEBUG: Pos Embed: torch.Size([1, 256, 2, 8]), Mean: 8.0594, Std: 7.9411
DEBUG: Input Images: torch.Size([1, 3, 32, 128]), Mean: 1.6363, Std: 1.1930, Min: -2.0665, Max: 2.6400
DEBUG: Visual Feat: torch.Size([1, 256, 2, 8]), Mean: 0.9664, Std: 1.5062
DEBUG: Pos Embed: torch.Size([1, 256, 2, 8]), Mean: 8.0594, Std: 7.9411

[Validation Debug] Samples:
  Pred Type: <class 'dict'>
  Pred Keys: ['logits', 'tokens']
  Pred IDs: [1, 988, 988, 988, 988, 988, 988, 988, 988, 988, 988, 988, 988, 988, 988, 988, 988, 988, 988, 988, 988, 988, 988, 988, 988, 988]
  Pred: '화화화화화화화화화화화화화화화화화화화화화화화화화' | GT: '"변화와'
  Match Count: 0/1
DEBUG: Input Images: torch.Size([1, 3, 32, 128]), Mean: 1.6363, Std: 1.1930, Min: -2.0665, Max: 2.6400
DEBUG: Visual Feat: torch.Size([1, 256, 2, 8]), Mean: 1.0068, Std: 1.5101
DEBUG: Pos Embed: torch.Size([1, 256, 2, 8]), Mean: 8.0594, Std: 7.9411

[Grad Debug] Step 20 - Pos Encoder Grad Norm: 0.0000
[Grad Debug] Step 20 - Embed Tokens Grad Norm: 0.0000
DEBUG: Input Images: torch.Size([1, 3, 32, 128]), Mean: 1.6363, Std: 1.1930, Min: -2.0665, Max: 2.6400
DEBUG: Visual Feat: torch.Size([1, 256, 2, 8]), Mean: 1.0065, Std: 1.5108
DEBUG: Pos Embed: torch.Size([1, 256, 2, 8]), Mean: 8.0594, Std: 7.9411
DEBUG: Input Images: torch.Size([1, 3, 32, 128]), Mean: 1.6363, Std: 1.1930, Min: -2.0665, Max: 2.6400
DEBUG: Visual Feat: torch.Size([1, 256, 2, 8]), Mean: 1.0066, Std: 1.5145
DEBUG: Pos Embed: torch.Size([1, 256, 2, 8]), Mean: 8.0594, Std: 7.9411
DEBUG: Input Images: torch.Size([1, 3, 32, 128]), Mean: 1.6363, Std: 1.1930, Min: -2.0665, Max: 2.6400
DEBUG: Visual Feat: torch.Size([1, 256, 2, 8]), Mean: 1.0059, Std: 1.5139
DEBUG: Pos Embed: torch.Size([1, 256, 2, 8]), Mean: 8.0594, Std: 7.9411
DEBUG: Input Images: torch.Size([1, 3, 32, 128]), Mean: 1.6363, Std: 1.1930, Min: -2.0665, Max: 2.6400
DEBUG: Visual Feat: torch.Size([1, 256, 2, 8]), Mean: 1.0062, Std: 1.5102
DEBUG: Pos Embed: torch.Size([1, 256, 2, 8]), Mean: 8.0594, Std: 7.9411
DEBUG: Input Images: torch.Size([1, 3, 32, 128]), Mean: 1.6363, Std: 1.1930, Min: -2.0665, Max: 2.6400
DEBUG: Visual Feat: torch.Size([1, 256, 2, 8]), Mean: 1.0052, Std: 1.5057
DEBUG: Pos Embed: torch.Size([1, 256, 2, 8]), Mean: 8.0594, Std: 7.9411
DEBUG: Input Images: torch.Size([1, 3, 32, 128]), Mean: 1.6363, Std: 1.1930, Min: -2.0665, Max: 2.6400
DEBUG: Visual Feat: torch.Size([1, 256, 2, 8]), Mean: 1.0018, Std: 1.5009
DEBUG: Pos Embed: torch.Size([1, 256, 2, 8]), Mean: 8.0594, Std: 7.9411
DEBUG: Input Images: torch.Size([1, 3, 32, 128]), Mean: 1.6363, Std: 1.1930, Min: -2.0665, Max: 2.6400
DEBUG: Visual Feat: torch.Size([1, 256, 2, 8]), Mean: 0.9998, Std: 1.4970
DEBUG: Pos Embed: torch.Size([1, 256, 2, 8]), Mean: 8.0594, Std: 7.9411
DEBUG: Input Images: torch.Size([1, 3, 32, 128]), Mean: 1.6363, Std: 1.1930, Min: -2.0665, Max: 2.6400
DEBUG: Visual Feat: torch.Size([1, 256, 2, 8]), Mean: 0.9978, Std: 1.4938
DEBUG: Pos Embed: torch.Size([1, 256, 2, 8]), Mean: 8.0594, Std: 7.9411
DEBUG: Input Images: torch.Size([1, 3, 32, 128]), Mean: 1.6363, Std: 1.1930, Min: -2.0665, Max: 2.6400
DEBUG: Visual Feat: torch.Size([1, 256, 2, 8]), Mean: 0.9978, Std: 1.4944
DEBUG: Pos Embed: torch.Size([1, 256, 2, 8]), Mean: 8.0594, Std: 7.9411
DEBUG: Input Images: torch.Size([1, 3, 32, 128]), Mean: 1.6363, Std: 1.1930, Min: -2.0665, Max: 2.6400
DEBUG: Visual Feat: torch.Size([1, 256, 2, 8]), Mean: 0.9258, Std: 1.4486
DEBUG: Pos Embed: torch.Size([1, 256, 2, 8]), Mean: 8.0594, Std: 7.9411
DEBUG: Input Images: torch.Size([1, 3, 32, 128]), Mean: 1.6363, Std: 1.1930, Min: -2.0665, Max: 2.6400
DEBUG: Visual Feat: torch.Size([1, 256, 2, 8]), Mean: 0.9258, Std: 1.4486
DEBUG: Pos Embed: torch.Size([1, 256, 2, 8]), Mean: 8.0594, Std: 7.9411

[Validation Debug] Samples:
  Pred Type: <class 'dict'>
  Pred Keys: ['logits', 'tokens']
  Pred IDs: [1, 988, 988, 988, 988, 988, 988, 988, 988, 988, 988, 988, 988, 988, 988, 988, 988, 988, 988, 988, 988, 988, 988, 988, 988, 988]
  Pred: '화화화화화화화화화화화화화화화화화화화화화화화화화' | GT: '"변화와'
  Match Count: 0/1
DEBUG: Input Images: torch.Size([1, 3, 32, 128]), Mean: 1.6363, Std: 1.1930, Min: -2.0665, Max: 2.6400
DEBUG: Visual Feat: torch.Size([1, 256, 2, 8]), Mean: 0.9975, Std: 1.4938
DEBUG: Pos Embed: torch.Size([1, 256, 2, 8]), Mean: 8.0594, Std: 7.9411

[Grad Debug] Step 30 - Pos Encoder Grad Norm: 0.0000
[Grad Debug] Step 30 - Embed Tokens Grad Norm: 0.0000
DEBUG: Input Images: torch.Size([1, 3, 32, 128]), Mean: 1.6363, Std: 1.1930, Min: -2.0665, Max: 2.6400
DEBUG: Visual Feat: torch.Size([1, 256, 2, 8]), Mean: 0.9965, Std: 1.4896
DEBUG: Pos Embed: torch.Size([1, 256, 2, 8]), Mean: 8.0594, Std: 7.9411
DEBUG: Input Images: torch.Size([1, 3, 32, 128]), Mean: 1.6363, Std: 1.1930, Min: -2.0665, Max: 2.6400
DEBUG: Visual Feat: torch.Size([1, 256, 2, 8]), Mean: 0.9953, Std: 1.4867
DEBUG: Pos Embed: torch.Size([1, 256, 2, 8]), Mean: 8.0594, Std: 7.9411
DEBUG: Input Images: torch.Size([1, 3, 32, 128]), Mean: 1.6363, Std: 1.1930, Min: -2.0665, Max: 2.6400
DEBUG: Visual Feat: torch.Size([1, 256, 2, 8]), Mean: 0.9955, Std: 1.4850
DEBUG: Pos Embed: torch.Size([1, 256, 2, 8]), Mean: 8.0594, Std: 7.9411
DEBUG: Input Images: torch.Size([1, 3, 32, 128]), Mean: 1.6363, Std: 1.1930, Min: -2.0665, Max: 2.6400
DEBUG: Visual Feat: torch.Size([1, 256, 2, 8]), Mean: 0.9963, Std: 1.4837
DEBUG: Pos Embed: torch.Size([1, 256, 2, 8]), Mean: 8.0594, Std: 7.9411
DEBUG: Input Images: torch.Size([1, 3, 32, 128]), Mean: 1.6363, Std: 1.1930, Min: -2.0665, Max: 2.6400
DEBUG: Visual Feat: torch.Size([1, 256, 2, 8]), Mean: 0.9961, Std: 1.4830
DEBUG: Pos Embed: torch.Size([1, 256, 2, 8]), Mean: 8.0594, Std: 7.9411
DEBUG: Input Images: torch.Size([1, 3, 32, 128]), Mean: 1.6363, Std: 1.1930, Min: -2.0665, Max: 2.6400
DEBUG: Visual Feat: torch.Size([1, 256, 2, 8]), Mean: 0.9943, Std: 1.4802
DEBUG: Pos Embed: torch.Size([1, 256, 2, 8]), Mean: 8.0594, Std: 7.9411
DEBUG: Input Images: torch.Size([1, 3, 32, 128]), Mean: 1.6363, Std: 1.1930, Min: -2.0665, Max: 2.6400
DEBUG: Visual Feat: torch.Size([1, 256, 2, 8]), Mean: 0.9923, Std: 1.4776
DEBUG: Pos Embed: torch.Size([1, 256, 2, 8]), Mean: 8.0594, Std: 7.9411
DEBUG: Input Images: torch.Size([1, 3, 32, 128]), Mean: 1.6363, Std: 1.1930, Min: -2.0665, Max: 2.6400
DEBUG: Visual Feat: torch.Size([1, 256, 2, 8]), Mean: 0.9903, Std: 1.4760
DEBUG: Pos Embed: torch.Size([1, 256, 2, 8]), Mean: 8.0594, Std: 7.9411
DEBUG: Input Images: torch.Size([1, 3, 32, 128]), Mean: 1.6363, Std: 1.1930, Min: -2.0665, Max: 2.6400
DEBUG: Visual Feat: torch.Size([1, 256, 2, 8]), Mean: 0.9893, Std: 1.4736
DEBUG: Pos Embed: torch.Size([1, 256, 2, 8]), Mean: 8.0594, Std: 7.9411
DEBUG: Input Images: torch.Size([1, 3, 32, 128]), Mean: 1.6363, Std: 1.1930, Min: -2.0665, Max: 2.6400
DEBUG: Visual Feat: torch.Size([1, 256, 2, 8]), Mean: 0.9663, Std: 1.4355
DEBUG: Pos Embed: torch.Size([1, 256, 2, 8]), Mean: 8.0594, Std: 7.9411
DEBUG: Input Images: torch.Size([1, 3, 32, 128]), Mean: 1.6363, Std: 1.1930, Min: -2.0665, Max: 2.6400
DEBUG: Visual Feat: torch.Size([1, 256, 2, 8]), Mean: 0.9663, Std: 1.4355
DEBUG: Pos Embed: torch.Size([1, 256, 2, 8]), Mean: 8.0594, Std: 7.9411

[Validation Debug] Samples:
  Pred Type: <class 'dict'>
  Pred Keys: ['logits', 'tokens']
  Pred IDs: [1, 988, 988, 988, 988, 988, 988, 988, 988, 988, 988, 988, 988, 988, 988, 988, 988, 988, 988, 988, 988, 988, 988, 988, 988, 988]
  Pred: '화화화화화화화화화화화화화화화화화화화화화화화화화' | GT: '"변화와'
  Match Count: 0/1
DEBUG: Input Images: torch.Size([1, 3, 32, 128]), Mean: 1.6363, Std: 1.1930, Min: -2.0665, Max: 2.6400
DEBUG: Visual Feat: torch.Size([1, 256, 2, 8]), Mean: 0.9890, Std: 1.4706
DEBUG: Pos Embed: torch.Size([1, 256, 2, 8]), Mean: 8.0594, Std: 7.9411

[Grad Debug] Step 40 - Pos Encoder Grad Norm: 0.0000
[Grad Debug] Step 40 - Embed Tokens Grad Norm: 0.0000
DEBUG: Input Images: torch.Size([1, 3, 32, 128]), Mean: 1.6363, Std: 1.1930, Min: -2.0665, Max: 2.6400
DEBUG: Visual Feat: torch.Size([1, 256, 2, 8]), Mean: 0.9888, Std: 1.4688
DEBUG: Pos Embed: torch.Size([1, 256, 2, 8]), Mean: 8.0594, Std: 7.9411
DEBUG: Input Images: torch.Size([1, 3, 32, 128]), Mean: 1.6363, Std: 1.1930, Min: -2.0665, Max: 2.6400
DEBUG: Visual Feat: torch.Size([1, 256, 2, 8]), Mean: 0.9882, Std: 1.4684
DEBUG: Pos Embed: torch.Size([1, 256, 2, 8]), Mean: 8.0594, Std: 7.9411
DEBUG: Input Images: torch.Size([1, 3, 32, 128]), Mean: 1.6363, Std: 1.1930, Min: -2.0665, Max: 2.6400
DEBUG: Visual Feat: torch.Size([1, 256, 2, 8]), Mean: 0.9877, Std: 1.4680
DEBUG: Pos Embed: torch.Size([1, 256, 2, 8]), Mean: 8.0594, Std: 7.9411
DEBUG: Input Images: torch.Size([1, 3, 32, 128]), Mean: 1.6363, Std: 1.1930, Min: -2.0665, Max: 2.6400
DEBUG: Visual Feat: torch.Size([1, 256, 2, 8]), Mean: 0.9869, Std: 1.4664
DEBUG: Pos Embed: torch.Size([1, 256, 2, 8]), Mean: 8.0594, Std: 7.9411
DEBUG: Input Images: torch.Size([1, 3, 32, 128]), Mean: 1.6363, Std: 1.1930, Min: -2.0665, Max: 2.6400
DEBUG: Visual Feat: torch.Size([1, 256, 2, 8]), Mean: 0.9861, Std: 1.4635
DEBUG: Pos Embed: torch.Size([1, 256, 2, 8]), Mean: 8.0594, Std: 7.9411
DEBUG: Input Images: torch.Size([1, 3, 32, 128]), Mean: 1.6363, Std: 1.1930, Min: -2.0665, Max: 2.6400
DEBUG: Visual Feat: torch.Size([1, 256, 2, 8]), Mean: 0.9861, Std: 1.4609
DEBUG: Pos Embed: torch.Size([1, 256, 2, 8]), Mean: 8.0594, Std: 7.9411
DEBUG: Input Images: torch.Size([1, 3, 32, 128]), Mean: 1.6363, Std: 1.1930, Min: -2.0665, Max: 2.6400
DEBUG: Visual Feat: torch.Size([1, 256, 2, 8]), Mean: 0.9869, Std: 1.4602
DEBUG: Pos Embed: torch.Size([1, 256, 2, 8]), Mean: 8.0594, Std: 7.9411
DEBUG: Input Images: torch.Size([1, 3, 32, 128]), Mean: 1.6363, Std: 1.1930, Min: -2.0665, Max: 2.6400
DEBUG: Visual Feat: torch.Size([1, 256, 2, 8]), Mean: 0.9872, Std: 1.4591
DEBUG: Pos Embed: torch.Size([1, 256, 2, 8]), Mean: 8.0594, Std: 7.9411
DEBUG: Input Images: torch.Size([1, 3, 32, 128]), Mean: 1.6363, Std: 1.1930, Min: -2.0665, Max: 2.6400
DEBUG: Visual Feat: torch.Size([1, 256, 2, 8]), Mean: 0.9866, Std: 1.4578
DEBUG: Pos Embed: torch.Size([1, 256, 2, 8]), Mean: 8.0594, Std: 7.9411
DEBUG: Input Images: torch.Size([1, 3, 32, 128]), Mean: 1.6363, Std: 1.1930, Min: -2.0665, Max: 2.6400
DEBUG: Visual Feat: torch.Size([1, 256, 2, 8]), Mean: 0.9543, Std: 1.3948
DEBUG: Pos Embed: torch.Size([1, 256, 2, 8]), Mean: 8.0594, Std: 7.9411
DEBUG: Input Images: torch.Size([1, 3, 32, 128]), Mean: 1.6363, Std: 1.1930, Min: -2.0665, Max: 2.6400
DEBUG: Visual Feat: torch.Size([1, 256, 2, 8]), Mean: 0.9543, Std: 1.3948
DEBUG: Pos Embed: torch.Size([1, 256, 2, 8]), Mean: 8.0594, Std: 7.9411

[Validation Debug] Samples:
  Pred Type: <class 'dict'>
  Pred Keys: ['logits', 'tokens']
  Pred IDs: [1, 988, 988, 988, 988, 988, 988, 988, 988, 988, 988, 988, 988, 988, 988, 988, 988, 988, 988, 988, 988, 988, 988, 988, 988, 988]
  Pred: '화화화화화화화화화화화화화화화화화화화화화화화화화' | GT: '"변화와'
  Match Count: 0/1
DEBUG: Input Images: torch.Size([1, 3, 32, 128]), Mean: 1.6363, Std: 1.1930, Min: -2.0665, Max: 2.6400
DEBUG: Visual Feat: torch.Size([1, 256, 2, 8]), Mean: 0.9854, Std: 1.4565
DEBUG: Pos Embed: torch.Size([1, 256, 2, 8]), Mean: 8.0594, Std: 7.9411

[Grad Debug] Step 50 - Pos Encoder Grad Norm: 0.0000
[Grad Debug] Step 50 - Embed Tokens Grad Norm: 0.0000
DEBUG: Input Images: torch.Size([1, 3, 32, 128]), Mean: 1.6363, Std: 1.1930, Min: -2.0665, Max: 2.6400
DEBUG: Visual Feat: torch.Size([1, 256, 2, 8]), Mean: 0.9848, Std: 1.4557
DEBUG: Pos Embed: torch.Size([1, 256, 2, 8]), Mean: 8.0594, Std: 7.9411
DEBUG: Input Images: torch.Size([1, 3, 32, 128]), Mean: 1.6363, Std: 1.1930, Min: -2.0665, Max: 2.6400
DEBUG: Visual Feat: torch.Size([1, 256, 2, 8]), Mean: 0.9836, Std: 1.4562
DEBUG: Pos Embed: torch.Size([1, 256, 2, 8]), Mean: 8.0594, Std: 7.9411
DEBUG: Input Images: torch.Size([1, 3, 32, 128]), Mean: 1.6363, Std: 1.1930, Min: -2.0665, Max: 2.6400
DEBUG: Visual Feat: torch.Size([1, 256, 2, 8]), Mean: 0.9831, Std: 1.4581
DEBUG: Pos Embed: torch.Size([1, 256, 2, 8]), Mean: 8.0594, Std: 7.9411
DEBUG: Input Images: torch.Size([1, 3, 32, 128]), Mean: 1.6363, Std: 1.1930, Min: -2.0665, Max: 2.6400
DEBUG: Visual Feat: torch.Size([1, 256, 2, 8]), Mean: 0.9823, Std: 1.4578
DEBUG: Pos Embed: torch.Size([1, 256, 2, 8]), Mean: 8.0594, Std: 7.9411
DEBUG: Input Images: torch.Size([1, 3, 32, 128]), Mean: 1.6363, Std: 1.1930, Min: -2.0665, Max: 2.6400
DEBUG: Visual Feat: torch.Size([1, 256, 2, 8]), Mean: 0.9833, Std: 1.4624
DEBUG: Pos Embed: torch.Size([1, 256, 2, 8]), Mean: 8.0594, Std: 7.9411
DEBUG: Input Images: torch.Size([1, 3, 32, 128]), Mean: 1.6363, Std: 1.1930, Min: -2.0665, Max: 2.6400
DEBUG: Visual Feat: torch.Size([1, 256, 2, 8]), Mean: 0.9830, Std: 1.4663
DEBUG: Pos Embed: torch.Size([1, 256, 2, 8]), Mean: 8.0594, Std: 7.9411
DEBUG: Input Images: torch.Size([1, 3, 32, 128]), Mean: 1.6363, Std: 1.1930, Min: -2.0665, Max: 2.6400
DEBUG: Visual Feat: torch.Size([1, 256, 2, 8]), Mean: 0.9821, Std: 1.4690
DEBUG: Pos Embed: torch.Size([1, 256, 2, 8]), Mean: 8.0594, Std: 7.9411
DEBUG: Input Images: torch.Size([1, 3, 32, 128]), Mean: 1.6363, Std: 1.1930, Min: -2.0665, Max: 2.6400
DEBUG: Visual Feat: torch.Size([1, 256, 2, 8]), Mean: 0.9826, Std: 1.4731
DEBUG: Pos Embed: torch.Size([1, 256, 2, 8]), Mean: 8.0594, Std: 7.9411
DEBUG: Input Images: torch.Size([1, 3, 32, 128]), Mean: 1.6363, Std: 1.1930, Min: -2.0665, Max: 2.6400
DEBUG: Visual Feat: torch.Size([1, 256, 2, 8]), Mean: 0.9812, Std: 1.4695
DEBUG: Pos Embed: torch.Size([1, 256, 2, 8]), Mean: 8.0594, Std: 7.9411
DEBUG: Input Images: torch.Size([1, 3, 32, 128]), Mean: 1.6363, Std: 1.1930, Min: -2.0665, Max: 2.6400
DEBUG: Visual Feat: torch.Size([1, 256, 2, 8]), Mean: 0.9899, Std: 1.4086
DEBUG: Pos Embed: torch.Size([1, 256, 2, 8]), Mean: 8.0594, Std: 7.9411
DEBUG: Input Images: torch.Size([1, 3, 32, 128]), Mean: 1.6363, Std: 1.1930, Min: -2.0665, Max: 2.6400
DEBUG: Visual Feat: torch.Size([1, 256, 2, 8]), Mean: 0.9899, Std: 1.4086
DEBUG: Pos Embed: torch.Size([1, 256, 2, 8]), Mean: 8.0594, Std: 7.9411

[Validation Debug] Samples:
  Pred Type: <class 'dict'>
  Pred Keys: ['logits', 'tokens']
  Pred IDs: [1, 2]
  Pred: '' | GT: '"변화와'
  Match Count: 0/1
DEBUG: Input Images: torch.Size([1, 3, 32, 128]), Mean: 1.6363, Std: 1.1930, Min: -2.0665, Max: 2.6400
DEBUG: Visual Feat: torch.Size([1, 256, 2, 8]), Mean: 0.9794, Std: 1.4691
DEBUG: Pos Embed: torch.Size([1, 256, 2, 8]), Mean: 8.0594, Std: 7.9411

[Grad Debug] Step 60 - Pos Encoder Grad Norm: 0.0000
[Grad Debug] Step 60 - Embed Tokens Grad Norm: 0.0000
DEBUG: Input Images: torch.Size([1, 3, 32, 128]), Mean: 1.6363, Std: 1.1930, Min: -2.0665, Max: 2.6400
DEBUG: Visual Feat: torch.Size([1, 256, 2, 8]), Mean: 0.9791, Std: 1.4709
DEBUG: Pos Embed: torch.Size([1, 256, 2, 8]), Mean: 8.0594, Std: 7.9411
DEBUG: Input Images: torch.Size([1, 3, 32, 128]), Mean: 1.6363, Std: 1.1930, Min: -2.0665, Max: 2.6400
DEBUG: Visual Feat: torch.Size([1, 256, 2, 8]), Mean: 0.9792, Std: 1.4747
DEBUG: Pos Embed: torch.Size([1, 256, 2, 8]), Mean: 8.0594, Std: 7.9411
DEBUG: Input Images: torch.Size([1, 3, 32, 128]), Mean: 1.6363, Std: 1.1930, Min: -2.0665, Max: 2.6400
DEBUG: Visual Feat: torch.Size([1, 256, 2, 8]), Mean: 0.9790, Std: 1.4765
DEBUG: Pos Embed: torch.Size([1, 256, 2, 8]), Mean: 8.0594, Std: 7.9411
DEBUG: Input Images: torch.Size([1, 3, 32, 128]), Mean: 1.6363, Std: 1.1930, Min: -2.0665, Max: 2.6400
DEBUG: Visual Feat: torch.Size([1, 256, 2, 8]), Mean: 0.9784, Std: 1.4784
DEBUG: Pos Embed: torch.Size([1, 256, 2, 8]), Mean: 8.0594, Std: 7.9411
DEBUG: Input Images: torch.Size([1, 3, 32, 128]), Mean: 1.6363, Std: 1.1930, Min: -2.0665, Max: 2.6400
DEBUG: Visual Feat: torch.Size([1, 256, 2, 8]), Mean: 0.9779, Std: 1.4793
DEBUG: Pos Embed: torch.Size([1, 256, 2, 8]), Mean: 8.0594, Std: 7.9411
DEBUG: Input Images: torch.Size([1, 3, 32, 128]), Mean: 1.6363, Std: 1.1930, Min: -2.0665, Max: 2.6400
DEBUG: Visual Feat: torch.Size([1, 256, 2, 8]), Mean: 0.9768, Std: 1.4799
DEBUG: Pos Embed: torch.Size([1, 256, 2, 8]), Mean: 8.0594, Std: 7.9411
DEBUG: Input Images: torch.Size([1, 3, 32, 128]), Mean: 1.6363, Std: 1.1930, Min: -2.0665, Max: 2.6400
DEBUG: Visual Feat: torch.Size([1, 256, 2, 8]), Mean: 0.9757, Std: 1.4794
DEBUG: Pos Embed: torch.Size([1, 256, 2, 8]), Mean: 8.0594, Std: 7.9411
DEBUG: Input Images: torch.Size([1, 3, 32, 128]), Mean: 1.6363, Std: 1.1930, Min: -2.0665, Max: 2.6400
DEBUG: Visual Feat: torch.Size([1, 256, 2, 8]), Mean: 0.9754, Std: 1.4793
DEBUG: Pos Embed: torch.Size([1, 256, 2, 8]), Mean: 8.0594, Std: 7.9411
DEBUG: Input Images: torch.Size([1, 3, 32, 128]), Mean: 1.6363, Std: 1.1930, Min: -2.0665, Max: 2.6400
DEBUG: Visual Feat: torch.Size([1, 256, 2, 8]), Mean: 0.9747, Std: 1.4781
DEBUG: Pos Embed: torch.Size([1, 256, 2, 8]), Mean: 8.0594, Std: 7.9411
DEBUG: Input Images: torch.Size([1, 3, 32, 128]), Mean: 1.6363, Std: 1.1930, Min: -2.0665, Max: 2.6400
DEBUG: Visual Feat: torch.Size([1, 256, 2, 8]), Mean: 0.9998, Std: 1.4167
DEBUG: Pos Embed: torch.Size([1, 256, 2, 8]), Mean: 8.0594, Std: 7.9411
DEBUG: Input Images: torch.Size([1, 3, 32, 128]), Mean: 1.6363, Std: 1.1930, Min: -2.0665, Max: 2.6400
DEBUG: Visual Feat: torch.Size([1, 256, 2, 8]), Mean: 0.9998, Std: 1.4167
DEBUG: Pos Embed: torch.Size([1, 256, 2, 8]), Mean: 8.0594, Std: 7.9411

[Validation Debug] Samples:
  Pred Type: <class 'dict'>
  Pred Keys: ['logits', 'tokens']
  Pred IDs: [1, 2]
  Pred: '' | GT: '"변화와'
  Match Count: 0/1
DEBUG: Input Images: torch.Size([1, 3, 32, 128]), Mean: 1.6363, Std: 1.1930, Min: -2.0665, Max: 2.6400
DEBUG: Visual Feat: torch.Size([1, 256, 2, 8]), Mean: 0.9736, Std: 1.4764
DEBUG: Pos Embed: torch.Size([1, 256, 2, 8]), Mean: 8.0594, Std: 7.9411

[Grad Debug] Step 70 - Pos Encoder Grad Norm: 0.0000
[Grad Debug] Step 70 - Embed Tokens Grad Norm: 0.0000
DEBUG: Input Images: torch.Size([1, 3, 32, 128]), Mean: 1.6363, Std: 1.1930, Min: -2.0665, Max: 2.6400
DEBUG: Visual Feat: torch.Size([1, 256, 2, 8]), Mean: 0.9726, Std: 1.4749
DEBUG: Pos Embed: torch.Size([1, 256, 2, 8]), Mean: 8.0594, Std: 7.9411
DEBUG: Input Images: torch.Size([1, 3, 32, 128]), Mean: 1.6363, Std: 1.1930, Min: -2.0665, Max: 2.6400
DEBUG: Visual Feat: torch.Size([1, 256, 2, 8]), Mean: 0.9714, Std: 1.4734
DEBUG: Pos Embed: torch.Size([1, 256, 2, 8]), Mean: 8.0594, Std: 7.9411
DEBUG: Input Images: torch.Size([1, 3, 32, 128]), Mean: 1.6363, Std: 1.1930, Min: -2.0665, Max: 2.6400
DEBUG: Visual Feat: torch.Size([1, 256, 2, 8]), Mean: 0.9704, Std: 1.4719
DEBUG: Pos Embed: torch.Size([1, 256, 2, 8]), Mean: 8.0594, Std: 7.9411
DEBUG: Input Images: torch.Size([1, 3, 32, 128]), Mean: 1.6363, Std: 1.1930, Min: -2.0665, Max: 2.6400
DEBUG: Visual Feat: torch.Size([1, 256, 2, 8]), Mean: 0.9693, Std: 1.4696
DEBUG: Pos Embed: torch.Size([1, 256, 2, 8]), Mean: 8.0594, Std: 7.9411
DEBUG: Input Images: torch.Size([1, 3, 32, 128]), Mean: 1.6363, Std: 1.1930, Min: -2.0665, Max: 2.6400
DEBUG: Visual Feat: torch.Size([1, 256, 2, 8]), Mean: 0.9682, Std: 1.4668
DEBUG: Pos Embed: torch.Size([1, 256, 2, 8]), Mean: 8.0594, Std: 7.9411
DEBUG: Input Images: torch.Size([1, 3, 32, 128]), Mean: 1.6363, Std: 1.1930, Min: -2.0665, Max: 2.6400
DEBUG: Visual Feat: torch.Size([1, 256, 2, 8]), Mean: 0.9668, Std: 1.4642
DEBUG: Pos Embed: torch.Size([1, 256, 2, 8]), Mean: 8.0594, Std: 7.9411
DEBUG: Input Images: torch.Size([1, 3, 32, 128]), Mean: 1.6363, Std: 1.1930, Min: -2.0665, Max: 2.6400
DEBUG: Visual Feat: torch.Size([1, 256, 2, 8]), Mean: 0.9659, Std: 1.4624
DEBUG: Pos Embed: torch.Size([1, 256, 2, 8]), Mean: 8.0594, Std: 7.9411
DEBUG: Input Images: torch.Size([1, 3, 32, 128]), Mean: 1.6363, Std: 1.1930, Min: -2.0665, Max: 2.6400
DEBUG: Visual Feat: torch.Size([1, 256, 2, 8]), Mean: 0.9651, Std: 1.4611
DEBUG: Pos Embed: torch.Size([1, 256, 2, 8]), Mean: 8.0594, Std: 7.9411
DEBUG: Input Images: torch.Size([1, 3, 32, 128]), Mean: 1.6363, Std: 1.1930, Min: -2.0665, Max: 2.6400
DEBUG: Visual Feat: torch.Size([1, 256, 2, 8]), Mean: 0.9641, Std: 1.4596
DEBUG: Pos Embed: torch.Size([1, 256, 2, 8]), Mean: 8.0594, Std: 7.9411
DEBUG: Input Images: torch.Size([1, 3, 32, 128]), Mean: 1.6363, Std: 1.1930, Min: -2.0665, Max: 2.6400
DEBUG: Visual Feat: torch.Size([1, 256, 2, 8]), Mean: 0.9404, Std: 1.3694
DEBUG: Pos Embed: torch.Size([1, 256, 2, 8]), Mean: 8.0594, Std: 7.9411
DEBUG: Input Images: torch.Size([1, 3, 32, 128]), Mean: 1.6363, Std: 1.1930, Min: -2.0665, Max: 2.6400
DEBUG: Visual Feat: torch.Size([1, 256, 2, 8]), Mean: 0.9404, Std: 1.3694
DEBUG: Pos Embed: torch.Size([1, 256, 2, 8]), Mean: 8.0594, Std: 7.9411

[Validation Debug] Samples:
  Pred Type: <class 'dict'>
  Pred Keys: ['logits', 'tokens']
  Pred IDs: [1, 697, 697, 697, 697, 697, 697, 697, 697, 697, 697, 697, 697, 697, 697, 697, 697, 697, 697, 697, 697, 697, 697, 697, 697, 697]
  Pred: '와와와와와와와와와와와와와와와와와와와와와와와와와' | GT: '"변화와'
  Match Count: 0/1
DEBUG: Input Images: torch.Size([1, 3, 32, 128]), Mean: 1.6363, Std: 1.1930, Min: -2.0665, Max: 2.6400
DEBUG: Visual Feat: torch.Size([1, 256, 2, 8]), Mean: 0.9638, Std: 1.4582
DEBUG: Pos Embed: torch.Size([1, 256, 2, 8]), Mean: 8.0594, Std: 7.9411

[Grad Debug] Step 80 - Pos Encoder Grad Norm: 0.0000
[Grad Debug] Step 80 - Embed Tokens Grad Norm: 0.0000
DEBUG: Input Images: torch.Size([1, 3, 32, 128]), Mean: 1.6363, Std: 1.1930, Min: -2.0665, Max: 2.6400
DEBUG: Visual Feat: torch.Size([1, 256, 2, 8]), Mean: 0.9636, Std: 1.4571
DEBUG: Pos Embed: torch.Size([1, 256, 2, 8]), Mean: 8.0594, Std: 7.9411
DEBUG: Input Images: torch.Size([1, 3, 32, 128]), Mean: 1.6363, Std: 1.1930, Min: -2.0665, Max: 2.6400
DEBUG: Visual Feat: torch.Size([1, 256, 2, 8]), Mean: 0.9629, Std: 1.4556
DEBUG: Pos Embed: torch.Size([1, 256, 2, 8]), Mean: 8.0594, Std: 7.9411
DEBUG: Input Images: torch.Size([1, 3, 32, 128]), Mean: 1.6363, Std: 1.1930, Min: -2.0665, Max: 2.6400
DEBUG: Visual Feat: torch.Size([1, 256, 2, 8]), Mean: 0.9622, Std: 1.4540
DEBUG: Pos Embed: torch.Size([1, 256, 2, 8]), Mean: 8.0594, Std: 7.9411
DEBUG: Input Images: torch.Size([1, 3, 32, 128]), Mean: 1.6363, Std: 1.1930, Min: -2.0665, Max: 2.6400
DEBUG: Visual Feat: torch.Size([1, 256, 2, 8]), Mean: 0.9612, Std: 1.4529
DEBUG: Pos Embed: torch.Size([1, 256, 2, 8]), Mean: 8.0594, Std: 7.9411
DEBUG: Input Images: torch.Size([1, 3, 32, 128]), Mean: 1.6363, Std: 1.1930, Min: -2.0665, Max: 2.6400
DEBUG: Visual Feat: torch.Size([1, 256, 2, 8]), Mean: 0.9602, Std: 1.4518
DEBUG: Pos Embed: torch.Size([1, 256, 2, 8]), Mean: 8.0594, Std: 7.9411
DEBUG: Input Images: torch.Size([1, 3, 32, 128]), Mean: 1.6363, Std: 1.1930, Min: -2.0665, Max: 2.6400
DEBUG: Visual Feat: torch.Size([1, 256, 2, 8]), Mean: 0.9591, Std: 1.4506
DEBUG: Pos Embed: torch.Size([1, 256, 2, 8]), Mean: 8.0594, Std: 7.9411
DEBUG: Input Images: torch.Size([1, 3, 32, 128]), Mean: 1.6363, Std: 1.1930, Min: -2.0665, Max: 2.6400
DEBUG: Visual Feat: torch.Size([1, 256, 2, 8]), Mean: 0.9581, Std: 1.4496
DEBUG: Pos Embed: torch.Size([1, 256, 2, 8]), Mean: 8.0594, Std: 7.9411
DEBUG: Input Images: torch.Size([1, 3, 32, 128]), Mean: 1.6363, Std: 1.1930, Min: -2.0665, Max: 2.6400
DEBUG: Visual Feat: torch.Size([1, 256, 2, 8]), Mean: 0.9575, Std: 1.4487
DEBUG: Pos Embed: torch.Size([1, 256, 2, 8]), Mean: 8.0594, Std: 7.9411
DEBUG: Input Images: torch.Size([1, 3, 32, 128]), Mean: 1.6363, Std: 1.1930, Min: -2.0665, Max: 2.6400
DEBUG: Visual Feat: torch.Size([1, 256, 2, 8]), Mean: 0.9572, Std: 1.4478
DEBUG: Pos Embed: torch.Size([1, 256, 2, 8]), Mean: 8.0594, Std: 7.9411
DEBUG: Input Images: torch.Size([1, 3, 32, 128]), Mean: 1.6363, Std: 1.1930, Min: -2.0665, Max: 2.6400
DEBUG: Visual Feat: torch.Size([1, 256, 2, 8]), Mean: 0.8861, Std: 1.3219
DEBUG: Pos Embed: torch.Size([1, 256, 2, 8]), Mean: 8.0594, Std: 7.9411
DEBUG: Input Images: torch.Size([1, 3, 32, 128]), Mean: 1.6363, Std: 1.1930, Min: -2.0665, Max: 2.6400
DEBUG: Visual Feat: torch.Size([1, 256, 2, 8]), Mean: 0.8861, Std: 1.3219
DEBUG: Pos Embed: torch.Size([1, 256, 2, 8]), Mean: 8.0594, Std: 7.9411

[Validation Debug] Samples:
  Pred Type: <class 'dict'>
  Pred Keys: ['logits', 'tokens']
  Pred IDs: [1, 6, 6, 6, 6, 6, 6, 6, 6, 6, 6, 6, 6, 6, 6, 6, 6, 6, 6, 6, 6, 6, 6, 6, 6, 6]
  Pred: '"""""""""""""""""""""""""' | GT: '"변화와'
  Match Count: 0/1
DEBUG: Input Images: torch.Size([1, 3, 32, 128]), Mean: 1.6363, Std: 1.1930, Min: -2.0665, Max: 2.6400
DEBUG: Visual Feat: torch.Size([1, 256, 2, 8]), Mean: 0.9568, Std: 1.4472
DEBUG: Pos Embed: torch.Size([1, 256, 2, 8]), Mean: 8.0594, Std: 7.9411

[Grad Debug] Step 90 - Pos Encoder Grad Norm: 0.0000
[Grad Debug] Step 90 - Embed Tokens Grad Norm: 0.0000
DEBUG: Input Images: torch.Size([1, 3, 32, 128]), Mean: 1.6363, Std: 1.1930, Min: -2.0665, Max: 2.6400
DEBUG: Visual Feat: torch.Size([1, 256, 2, 8]), Mean: 0.9567, Std: 1.4461
DEBUG: Pos Embed: torch.Size([1, 256, 2, 8]), Mean: 8.0594, Std: 7.9411
DEBUG: Input Images: torch.Size([1, 3, 32, 128]), Mean: 1.6363, Std: 1.1930, Min: -2.0665, Max: 2.6400
DEBUG: Visual Feat: torch.Size([1, 256, 2, 8]), Mean: 0.9565, Std: 1.4447
DEBUG: Pos Embed: torch.Size([1, 256, 2, 8]), Mean: 8.0594, Std: 7.9411
DEBUG: Input Images: torch.Size([1, 3, 32, 128]), Mean: 1.6363, Std: 1.1930, Min: -2.0665, Max: 2.6400
DEBUG: Visual Feat: torch.Size([1, 256, 2, 8]), Mean: 0.9560, Std: 1.4441
DEBUG: Pos Embed: torch.Size([1, 256, 2, 8]), Mean: 8.0594, Std: 7.9411
DEBUG: Input Images: torch.Size([1, 3, 32, 128]), Mean: 1.6363, Std: 1.1930, Min: -2.0665, Max: 2.6400
DEBUG: Visual Feat: torch.Size([1, 256, 2, 8]), Mean: 0.9558, Std: 1.4432
DEBUG: Pos Embed: torch.Size([1, 256, 2, 8]), Mean: 8.0594, Std: 7.9411
DEBUG: Input Images: torch.Size([1, 3, 32, 128]), Mean: 1.6363, Std: 1.1930, Min: -2.0665, Max: 2.6400
DEBUG: Visual Feat: torch.Size([1, 256, 2, 8]), Mean: 0.9554, Std: 1.4419
DEBUG: Pos Embed: torch.Size([1, 256, 2, 8]), Mean: 8.0594, Std: 7.9411
DEBUG: Input Images: torch.Size([1, 3, 32, 128]), Mean: 1.6363, Std: 1.1930, Min: -2.0665, Max: 2.6400
DEBUG: Visual Feat: torch.Size([1, 256, 2, 8]), Mean: 0.9548, Std: 1.4405
DEBUG: Pos Embed: torch.Size([1, 256, 2, 8]), Mean: 8.0594, Std: 7.9411
DEBUG: Input Images: torch.Size([1, 3, 32, 128]), Mean: 1.6363, Std: 1.1930, Min: -2.0665, Max: 2.6400
DEBUG: Visual Feat: torch.Size([1, 256, 2, 8]), Mean: 0.9544, Std: 1.4390
DEBUG: Pos Embed: torch.Size([1, 256, 2, 8]), Mean: 8.0594, Std: 7.9411
DEBUG: Input Images: torch.Size([1, 3, 32, 128]), Mean: 1.6363, Std: 1.1930, Min: -2.0665, Max: 2.6400
DEBUG: Visual Feat: torch.Size([1, 256, 2, 8]), Mean: 0.9538, Std: 1.4375
DEBUG: Pos Embed: torch.Size([1, 256, 2, 8]), Mean: 8.0594, Std: 7.9411
DEBUG: Input Images: torch.Size([1, 3, 32, 128]), Mean: 1.6363, Std: 1.1930, Min: -2.0665, Max: 2.6400
DEBUG: Visual Feat: torch.Size([1, 256, 2, 8]), Mean: 0.9531, Std: 1.4355
DEBUG: Pos Embed: torch.Size([1, 256, 2, 8]), Mean: 8.0594, Std: 7.9411
DEBUG: Input Images: torch.Size([1, 3, 32, 128]), Mean: 1.6363, Std: 1.1930, Min: -2.0665, Max: 2.6400
DEBUG: Visual Feat: torch.Size([1, 256, 2, 8]), Mean: 0.8737, Std: 1.3107
DEBUG: Pos Embed: torch.Size([1, 256, 2, 8]), Mean: 8.0594, Std: 7.9411
DEBUG: Input Images: torch.Size([1, 3, 32, 128]), Mean: 1.6363, Std: 1.1930, Min: -2.0665, Max: 2.6400
DEBUG: Visual Feat: torch.Size([1, 256, 2, 8]), Mean: 0.8737, Std: 1.3107
DEBUG: Pos Embed: torch.Size([1, 256, 2, 8]), Mean: 8.0594, Std: 7.9411

[Validation Debug] Samples:
  Pred Type: <class 'dict'>
  Pred Keys: ['logits', 'tokens']
  Pred IDs: [1, 6, 6, 6, 6, 6, 6, 6, 6, 6, 6, 6, 6, 6, 6, 6, 6, 6, 6, 6, 6, 6, 6, 6, 6, 6]
  Pred: '"""""""""""""""""""""""""' | GT: '"변화와'
  Match Count: 0/1
DEBUG: Input Images: torch.Size([1, 3, 32, 128]), Mean: 1.6363, Std: 1.1930, Min: -2.0665, Max: 2.6400
DEBUG: Visual Feat: torch.Size([1, 256, 2, 8]), Mean: 0.9526, Std: 1.4341
DEBUG: Pos Embed: torch.Size([1, 256, 2, 8]), Mean: 8.0594, Std: 7.9411

[Grad Debug] Step 100 - Pos Encoder Grad Norm: 0.0000
[Grad Debug] Step 100 - Embed Tokens Grad Norm: 0.0000
DEBUG: Input Images: torch.Size([1, 3, 32, 128]), Mean: 1.6363, Std: 1.1930, Min: -2.0665, Max: 2.6400
DEBUG: Visual Feat: torch.Size([1, 256, 2, 8]), Mean: 0.9522, Std: 1.4331
DEBUG: Pos Embed: torch.Size([1, 256, 2, 8]), Mean: 8.0594, Std: 7.9411
DEBUG: Input Images: torch.Size([1, 3, 32, 128]), Mean: 1.6363, Std: 1.1930, Min: -2.0665, Max: 2.6400
DEBUG: Visual Feat: torch.Size([1, 256, 2, 8]), Mean: 0.9520, Std: 1.4311
DEBUG: Pos Embed: torch.Size([1, 256, 2, 8]), Mean: 8.0594, Std: 7.9411
DEBUG: Input Images: torch.Size([1, 3, 32, 128]), Mean: 1.6363, Std: 1.1930, Min: -2.0665, Max: 2.6400
DEBUG: Visual Feat: torch.Size([1, 256, 2, 8]), Mean: 0.9517, Std: 1.4285
DEBUG: Pos Embed: torch.Size([1, 256, 2, 8]), Mean: 8.0594, Std: 7.9411
DEBUG: Input Images: torch.Size([1, 3, 32, 128]), Mean: 1.6363, Std: 1.1930, Min: -2.0665, Max: 2.6400
DEBUG: Visual Feat: torch.Size([1, 256, 2, 8]), Mean: 0.9516, Std: 1.4259
DEBUG: Pos Embed: torch.Size([1, 256, 2, 8]), Mean: 8.0594, Std: 7.9411
DEBUG: Input Images: torch.Size([1, 3, 32, 128]), Mean: 1.6363, Std: 1.1930, Min: -2.0665, Max: 2.6400
DEBUG: Visual Feat: torch.Size([1, 256, 2, 8]), Mean: 0.9510, Std: 1.4231
DEBUG: Pos Embed: torch.Size([1, 256, 2, 8]), Mean: 8.0594, Std: 7.9411
DEBUG: Input Images: torch.Size([1, 3, 32, 128]), Mean: 1.6363, Std: 1.1930, Min: -2.0665, Max: 2.6400
DEBUG: Visual Feat: torch.Size([1, 256, 2, 8]), Mean: 0.9504, Std: 1.4211
DEBUG: Pos Embed: torch.Size([1, 256, 2, 8]), Mean: 8.0594, Std: 7.9411
DEBUG: Input Images: torch.Size([1, 3, 32, 128]), Mean: 1.6363, Std: 1.1930, Min: -2.0665, Max: 2.6400
DEBUG: Visual Feat: torch.Size([1, 256, 2, 8]), Mean: 0.9488, Std: 1.4188
DEBUG: Pos Embed: torch.Size([1, 256, 2, 8]), Mean: 8.0594, Std: 7.9411
DEBUG: Input Images: torch.Size([1, 3, 32, 128]), Mean: 1.6363, Std: 1.1930, Min: -2.0665, Max: 2.6400
DEBUG: Visual Feat: torch.Size([1, 256, 2, 8]), Mean: 0.9468, Std: 1.4169
DEBUG: Pos Embed: torch.Size([1, 256, 2, 8]), Mean: 8.0594, Std: 7.9411
DEBUG: Input Images: torch.Size([1, 3, 32, 128]), Mean: 1.6363, Std: 1.1930, Min: -2.0665, Max: 2.6400
DEBUG: Visual Feat: torch.Size([1, 256, 2, 8]), Mean: 0.9451, Std: 1.4154
DEBUG: Pos Embed: torch.Size([1, 256, 2, 8]), Mean: 8.0594, Std: 7.9411
DEBUG: Input Images: torch.Size([1, 3, 32, 128]), Mean: 1.6363, Std: 1.1930, Min: -2.0665, Max: 2.6400
DEBUG: Visual Feat: torch.Size([1, 256, 2, 8]), Mean: 0.8905, Std: 1.3065
DEBUG: Pos Embed: torch.Size([1, 256, 2, 8]), Mean: 8.0594, Std: 7.9411
DEBUG: Input Images: torch.Size([1, 3, 32, 128]), Mean: 1.6363, Std: 1.1930, Min: -2.0665, Max: 2.6400
DEBUG: Visual Feat: torch.Size([1, 256, 2, 8]), Mean: 0.8905, Std: 1.3065
DEBUG: Pos Embed: torch.Size([1, 256, 2, 8]), Mean: 8.0594, Std: 7.9411

[Validation Debug] Samples:
  Pred Type: <class 'dict'>
  Pred Keys: ['logits', 'tokens']
  Pred IDs: [1, 539, 539, 539, 539, 539, 539, 539, 539, 539, 539, 539, 539, 539, 539, 539, 539, 539, 539, 539, 539, 539, 539, 539, 539, 539]
  Pred: '변변변변변변변변변변변변변변변변변변변변변변변변변' | GT: '"변화와'
  Match Count: 0/1
DEBUG: Input Images: torch.Size([1, 3, 32, 128]), Mean: 1.6363, Std: 1.1930, Min: -2.0665, Max: 2.6400
DEBUG: Visual Feat: torch.Size([1, 256, 2, 8]), Mean: 0.9438, Std: 1.4136
DEBUG: Pos Embed: torch.Size([1, 256, 2, 8]), Mean: 8.0594, Std: 7.9411

[Grad Debug] Step 110 - Pos Encoder Grad Norm: 0.0000
[Grad Debug] Step 110 - Embed Tokens Grad Norm: 0.0000
DEBUG: Input Images: torch.Size([1, 3, 32, 128]), Mean: 1.6363, Std: 1.1930, Min: -2.0665, Max: 2.6400
DEBUG: Visual Feat: torch.Size([1, 256, 2, 8]), Mean: 0.9427, Std: 1.4119
DEBUG: Pos Embed: torch.Size([1, 256, 2, 8]), Mean: 8.0594, Std: 7.9411
DEBUG: Input Images: torch.Size([1, 3, 32, 128]), Mean: 1.6363, Std: 1.1930, Min: -2.0665, Max: 2.6400
DEBUG: Visual Feat: torch.Size([1, 256, 2, 8]), Mean: 0.9416, Std: 1.4100
DEBUG: Pos Embed: torch.Size([1, 256, 2, 8]), Mean: 8.0594, Std: 7.9411
DEBUG: Input Images: torch.Size([1, 3, 32, 128]), Mean: 1.6363, Std: 1.1930, Min: -2.0665, Max: 2.6400
DEBUG: Visual Feat: torch.Size([1, 256, 2, 8]), Mean: 0.9411, Std: 1.4086
DEBUG: Pos Embed: torch.Size([1, 256, 2, 8]), Mean: 8.0594, Std: 7.9411
DEBUG: Input Images: torch.Size([1, 3, 32, 128]), Mean: 1.6363, Std: 1.1930, Min: -2.0665, Max: 2.6400
DEBUG: Visual Feat: torch.Size([1, 256, 2, 8]), Mean: 0.9408, Std: 1.4080
DEBUG: Pos Embed: torch.Size([1, 256, 2, 8]), Mean: 8.0594, Std: 7.9411
DEBUG: Input Images: torch.Size([1, 3, 32, 128]), Mean: 1.6363, Std: 1.1930, Min: -2.0665, Max: 2.6400
DEBUG: Visual Feat: torch.Size([1, 256, 2, 8]), Mean: 0.9403, Std: 1.4076
DEBUG: Pos Embed: torch.Size([1, 256, 2, 8]), Mean: 8.0594, Std: 7.9411
DEBUG: Input Images: torch.Size([1, 3, 32, 128]), Mean: 1.6363, Std: 1.1930, Min: -2.0665, Max: 2.6400
DEBUG: Visual Feat: torch.Size([1, 256, 2, 8]), Mean: 0.9399, Std: 1.4079
DEBUG: Pos Embed: torch.Size([1, 256, 2, 8]), Mean: 8.0594, Std: 7.9411
DEBUG: Input Images: torch.Size([1, 3, 32, 128]), Mean: 1.6363, Std: 1.1930, Min: -2.0665, Max: 2.6400
DEBUG: Visual Feat: torch.Size([1, 256, 2, 8]), Mean: 0.9393, Std: 1.4087
DEBUG: Pos Embed: torch.Size([1, 256, 2, 8]), Mean: 8.0594, Std: 7.9411
DEBUG: Input Images: torch.Size([1, 3, 32, 128]), Mean: 1.6363, Std: 1.1930, Min: -2.0665, Max: 2.6400
DEBUG: Visual Feat: torch.Size([1, 256, 2, 8]), Mean: 0.9385, Std: 1.4117
DEBUG: Pos Embed: torch.Size([1, 256, 2, 8]), Mean: 8.0594, Std: 7.9411
DEBUG: Input Images: torch.Size([1, 3, 32, 128]), Mean: 1.6363, Std: 1.1930, Min: -2.0665, Max: 2.6400
DEBUG: Visual Feat: torch.Size([1, 256, 2, 8]), Mean: 0.9381, Std: 1.4137
DEBUG: Pos Embed: torch.Size([1, 256, 2, 8]), Mean: 8.0594, Std: 7.9411
DEBUG: Input Images: torch.Size([1, 3, 32, 128]), Mean: 1.6363, Std: 1.1930, Min: -2.0665, Max: 2.6400
DEBUG: Visual Feat: torch.Size([1, 256, 2, 8]), Mean: 0.8982, Std: 1.3238
DEBUG: Pos Embed: torch.Size([1, 256, 2, 8]), Mean: 8.0594, Std: 7.9411
DEBUG: Input Images: torch.Size([1, 3, 32, 128]), Mean: 1.6363, Std: 1.1930, Min: -2.0665, Max: 2.6400
DEBUG: Visual Feat: torch.Size([1, 256, 2, 8]), Mean: 0.8982, Std: 1.3238
DEBUG: Pos Embed: torch.Size([1, 256, 2, 8]), Mean: 8.0594, Std: 7.9411

[Validation Debug] Samples:
  Pred Type: <class 'dict'>
  Pred Keys: ['logits', 'tokens']
  Pred IDs: [1, 539, 539, 539, 539, 539, 539, 539, 539, 539, 539, 539, 539, 539, 539, 539, 539, 539, 539, 539, 539, 539, 539, 539, 539, 539]
  Pred: '변변변변변변변변변변변변변변변변변변변변변변변변변' | GT: '"변화와'
  Match Count: 0/1
DEBUG: Input Images: torch.Size([1, 3, 32, 128]), Mean: 1.6363, Std: 1.1930, Min: -2.0665, Max: 2.6400
DEBUG: Visual Feat: torch.Size([1, 256, 2, 8]), Mean: 0.9377, Std: 1.4160
DEBUG: Pos Embed: torch.Size([1, 256, 2, 8]), Mean: 8.0594, Std: 7.9411

[Grad Debug] Step 120 - Pos Encoder Grad Norm: 0.0000
[Grad Debug] Step 120 - Embed Tokens Grad Norm: 0.0000
DEBUG: Input Images: torch.Size([1, 3, 32, 128]), Mean: 1.6363, Std: 1.1930, Min: -2.0665, Max: 2.6400
DEBUG: Visual Feat: torch.Size([1, 256, 2, 8]), Mean: 0.9373, Std: 1.4179
DEBUG: Pos Embed: torch.Size([1, 256, 2, 8]), Mean: 8.0594, Std: 7.9411
DEBUG: Input Images: torch.Size([1, 3, 32, 128]), Mean: 1.6363, Std: 1.1930, Min: -2.0665, Max: 2.6400
DEBUG: Visual Feat: torch.Size([1, 256, 2, 8]), Mean: 0.9370, Std: 1.4197
DEBUG: Pos Embed: torch.Size([1, 256, 2, 8]), Mean: 8.0594, Std: 7.9411
DEBUG: Input Images: torch.Size([1, 3, 32, 128]), Mean: 1.6363, Std: 1.1930, Min: -2.0665, Max: 2.6400
DEBUG: Visual Feat: torch.Size([1, 256, 2, 8]), Mean: 0.9365, Std: 1.4208
DEBUG: Pos Embed: torch.Size([1, 256, 2, 8]), Mean: 8.0594, Std: 7.9411
DEBUG: Input Images: torch.Size([1, 3, 32, 128]), Mean: 1.6363, Std: 1.1930, Min: -2.0665, Max: 2.6400
DEBUG: Visual Feat: torch.Size([1, 256, 2, 8]), Mean: 0.9353, Std: 1.4207
DEBUG: Pos Embed: torch.Size([1, 256, 2, 8]), Mean: 8.0594, Std: 7.9411
DEBUG: Input Images: torch.Size([1, 3, 32, 128]), Mean: 1.6363, Std: 1.1930, Min: -2.0665, Max: 2.6400
DEBUG: Visual Feat: torch.Size([1, 256, 2, 8]), Mean: 0.9340, Std: 1.4205
DEBUG: Pos Embed: torch.Size([1, 256, 2, 8]), Mean: 8.0594, Std: 7.9411
DEBUG: Input Images: torch.Size([1, 3, 32, 128]), Mean: 1.6363, Std: 1.1930, Min: -2.0665, Max: 2.6400
DEBUG: Visual Feat: torch.Size([1, 256, 2, 8]), Mean: 0.9330, Std: 1.4206
DEBUG: Pos Embed: torch.Size([1, 256, 2, 8]), Mean: 8.0594, Std: 7.9411
DEBUG: Input Images: torch.Size([1, 3, 32, 128]), Mean: 1.6363, Std: 1.1930, Min: -2.0665, Max: 2.6400
DEBUG: Visual Feat: torch.Size([1, 256, 2, 8]), Mean: 0.9321, Std: 1.4210
DEBUG: Pos Embed: torch.Size([1, 256, 2, 8]), Mean: 8.0594, Std: 7.9411
DEBUG: Input Images: torch.Size([1, 3, 32, 128]), Mean: 1.6363, Std: 1.1930, Min: -2.0665, Max: 2.6400
DEBUG: Visual Feat: torch.Size([1, 256, 2, 8]), Mean: 0.9310, Std: 1.4205
DEBUG: Pos Embed: torch.Size([1, 256, 2, 8]), Mean: 8.0594, Std: 7.9411
DEBUG: Input Images: torch.Size([1, 3, 32, 128]), Mean: 1.6363, Std: 1.1930, Min: -2.0665, Max: 2.6400
DEBUG: Visual Feat: torch.Size([1, 256, 2, 8]), Mean: 0.9303, Std: 1.4205
DEBUG: Pos Embed: torch.Size([1, 256, 2, 8]), Mean: 8.0594, Std: 7.9411
DEBUG: Input Images: torch.Size([1, 3, 32, 128]), Mean: 1.6363, Std: 1.1930, Min: -2.0665, Max: 2.6400
DEBUG: Visual Feat: torch.Size([1, 256, 2, 8]), Mean: 0.9040, Std: 1.3451
DEBUG: Pos Embed: torch.Size([1, 256, 2, 8]), Mean: 8.0594, Std: 7.9411
DEBUG: Input Images: torch.Size([1, 3, 32, 128]), Mean: 1.6363, Std: 1.1930, Min: -2.0665, Max: 2.6400
DEBUG: Visual Feat: torch.Size([1, 256, 2, 8]), Mean: 0.9040, Std: 1.3451
DEBUG: Pos Embed: torch.Size([1, 256, 2, 8]), Mean: 8.0594, Std: 7.9411

[Validation Debug] Samples:
  Pred Type: <class 'dict'>
  Pred Keys: ['logits', 'tokens']
  Pred IDs: [1, 988, 988, 988, 988, 988, 988, 988, 988, 988, 988, 988, 988, 988, 988, 988, 988, 988, 988, 988, 988, 988, 988, 988, 988, 988]
  Pred: '화화화화화화화화화화화화화화화화화화화화화화화화화' | GT: '"변화와'
  Match Count: 0/1
DEBUG: Input Images: torch.Size([1, 3, 32, 128]), Mean: 1.6363, Std: 1.1930, Min: -2.0665, Max: 2.6400
DEBUG: Visual Feat: torch.Size([1, 256, 2, 8]), Mean: 0.9297, Std: 1.4214
DEBUG: Pos Embed: torch.Size([1, 256, 2, 8]), Mean: 8.0594, Std: 7.9411

[Grad Debug] Step 130 - Pos Encoder Grad Norm: 0.0000
[Grad Debug] Step 130 - Embed Tokens Grad Norm: 0.0000
DEBUG: Input Images: torch.Size([1, 3, 32, 128]), Mean: 1.6363, Std: 1.1930, Min: -2.0665, Max: 2.6400
DEBUG: Visual Feat: torch.Size([1, 256, 2, 8]), Mean: 0.9293, Std: 1.4216
DEBUG: Pos Embed: torch.Size([1, 256, 2, 8]), Mean: 8.0594, Std: 7.9411
DEBUG: Input Images: torch.Size([1, 3, 32, 128]), Mean: 1.6363, Std: 1.1930, Min: -2.0665, Max: 2.6400
DEBUG: Visual Feat: torch.Size([1, 256, 2, 8]), Mean: 0.9290, Std: 1.4219
DEBUG: Pos Embed: torch.Size([1, 256, 2, 8]), Mean: 8.0594, Std: 7.9411
DEBUG: Input Images: torch.Size([1, 3, 32, 128]), Mean: 1.6363, Std: 1.1930, Min: -2.0665, Max: 2.6400
DEBUG: Visual Feat: torch.Size([1, 256, 2, 8]), Mean: 0.9282, Std: 1.4219
DEBUG: Pos Embed: torch.Size([1, 256, 2, 8]), Mean: 8.0594, Std: 7.9411
DEBUG: Input Images: torch.Size([1, 3, 32, 128]), Mean: 1.6363, Std: 1.1930, Min: -2.0665, Max: 2.6400
DEBUG: Visual Feat: torch.Size([1, 256, 2, 8]), Mean: 0.9269, Std: 1.4212
DEBUG: Pos Embed: torch.Size([1, 256, 2, 8]), Mean: 8.0594, Std: 7.9411
DEBUG: Input Images: torch.Size([1, 3, 32, 128]), Mean: 1.6363, Std: 1.1930, Min: -2.0665, Max: 2.6400
DEBUG: Visual Feat: torch.Size([1, 256, 2, 8]), Mean: 0.9258, Std: 1.4210
DEBUG: Pos Embed: torch.Size([1, 256, 2, 8]), Mean: 8.0594, Std: 7.9411
DEBUG: Input Images: torch.Size([1, 3, 32, 128]), Mean: 1.6363, Std: 1.1930, Min: -2.0665, Max: 2.6400
DEBUG: Visual Feat: torch.Size([1, 256, 2, 8]), Mean: 0.9254, Std: 1.4209
DEBUG: Pos Embed: torch.Size([1, 256, 2, 8]), Mean: 8.0594, Std: 7.9411
DEBUG: Input Images: torch.Size([1, 3, 32, 128]), Mean: 1.6363, Std: 1.1930, Min: -2.0665, Max: 2.6400
DEBUG: Visual Feat: torch.Size([1, 256, 2, 8]), Mean: 0.9250, Std: 1.4199
DEBUG: Pos Embed: torch.Size([1, 256, 2, 8]), Mean: 8.0594, Std: 7.9411
DEBUG: Input Images: torch.Size([1, 3, 32, 128]), Mean: 1.6363, Std: 1.1930, Min: -2.0665, Max: 2.6400
DEBUG: Visual Feat: torch.Size([1, 256, 2, 8]), Mean: 0.9244, Std: 1.4180
DEBUG: Pos Embed: torch.Size([1, 256, 2, 8]), Mean: 8.0594, Std: 7.9411
DEBUG: Input Images: torch.Size([1, 3, 32, 128]), Mean: 1.6363, Std: 1.1930, Min: -2.0665, Max: 2.6400
DEBUG: Visual Feat: torch.Size([1, 256, 2, 8]), Mean: 0.9239, Std: 1.4157
DEBUG: Pos Embed: torch.Size([1, 256, 2, 8]), Mean: 8.0594, Std: 7.9411
DEBUG: Input Images: torch.Size([1, 3, 32, 128]), Mean: 1.6363, Std: 1.1930, Min: -2.0665, Max: 2.6400
DEBUG: Visual Feat: torch.Size([1, 256, 2, 8]), Mean: 0.8987, Std: 1.3416
DEBUG: Pos Embed: torch.Size([1, 256, 2, 8]), Mean: 8.0594, Std: 7.9411
DEBUG: Input Images: torch.Size([1, 3, 32, 128]), Mean: 1.6363, Std: 1.1930, Min: -2.0665, Max: 2.6400
DEBUG: Visual Feat: torch.Size([1, 256, 2, 8]), Mean: 0.8987, Std: 1.3416
DEBUG: Pos Embed: torch.Size([1, 256, 2, 8]), Mean: 8.0594, Std: 7.9411

[Validation Debug] Samples:
  Pred Type: <class 'dict'>
  Pred Keys: ['logits', 'tokens']
  Pred IDs: [1, 2]
  Pred: '' | GT: '"변화와'
  Match Count: 0/1
DEBUG: Input Images: torch.Size([1, 3, 32, 128]), Mean: 1.6363, Std: 1.1930, Min: -2.0665, Max: 2.6400
DEBUG: Visual Feat: torch.Size([1, 256, 2, 8]), Mean: 0.9234, Std: 1.4135
DEBUG: Pos Embed: torch.Size([1, 256, 2, 8]), Mean: 8.0594, Std: 7.9411

[Grad Debug] Step 140 - Pos Encoder Grad Norm: 0.0000
[Grad Debug] Step 140 - Embed Tokens Grad Norm: 0.0000
DEBUG: Input Images: torch.Size([1, 3, 32, 128]), Mean: 1.6363, Std: 1.1930, Min: -2.0665, Max: 2.6400
DEBUG: Visual Feat: torch.Size([1, 256, 2, 8]), Mean: 0.9228, Std: 1.4111
DEBUG: Pos Embed: torch.Size([1, 256, 2, 8]), Mean: 8.0594, Std: 7.9411
DEBUG: Input Images: torch.Size([1, 3, 32, 128]), Mean: 1.6363, Std: 1.1930, Min: -2.0665, Max: 2.6400
DEBUG: Visual Feat: torch.Size([1, 256, 2, 8]), Mean: 0.9225, Std: 1.4109
DEBUG: Pos Embed: torch.Size([1, 256, 2, 8]), Mean: 8.0594, Std: 7.9411
DEBUG: Input Images: torch.Size([1, 3, 32, 128]), Mean: 1.6363, Std: 1.1930, Min: -2.0665, Max: 2.6400
DEBUG: Visual Feat: torch.Size([1, 256, 2, 8]), Mean: 0.9227, Std: 1.4126
DEBUG: Pos Embed: torch.Size([1, 256, 2, 8]), Mean: 8.0594, Std: 7.9411
DEBUG: Input Images: torch.Size([1, 3, 32, 128]), Mean: 1.6363, Std: 1.1930, Min: -2.0665, Max: 2.6400
DEBUG: Visual Feat: torch.Size([1, 256, 2, 8]), Mean: 0.9232, Std: 1.4148
DEBUG: Pos Embed: torch.Size([1, 256, 2, 8]), Mean: 8.0594, Std: 7.9411
DEBUG: Input Images: torch.Size([1, 3, 32, 128]), Mean: 1.6363, Std: 1.1930, Min: -2.0665, Max: 2.6400
DEBUG: Visual Feat: torch.Size([1, 256, 2, 8]), Mean: 0.9234, Std: 1.4156
DEBUG: Pos Embed: torch.Size([1, 256, 2, 8]), Mean: 8.0594, Std: 7.9411
DEBUG: Input Images: torch.Size([1, 3, 32, 128]), Mean: 1.6363, Std: 1.1930, Min: -2.0665, Max: 2.6400
DEBUG: Visual Feat: torch.Size([1, 256, 2, 8]), Mean: 0.9234, Std: 1.4165
DEBUG: Pos Embed: torch.Size([1, 256, 2, 8]), Mean: 8.0594, Std: 7.9411
DEBUG: Input Images: torch.Size([1, 3, 32, 128]), Mean: 1.6363, Std: 1.1930, Min: -2.0665, Max: 2.6400
DEBUG: Visual Feat: torch.Size([1, 256, 2, 8]), Mean: 0.9237, Std: 1.4186
DEBUG: Pos Embed: torch.Size([1, 256, 2, 8]), Mean: 8.0594, Std: 7.9411
DEBUG: Input Images: torch.Size([1, 3, 32, 128]), Mean: 1.6363, Std: 1.1930, Min: -2.0665, Max: 2.6400
DEBUG: Visual Feat: torch.Size([1, 256, 2, 8]), Mean: 0.9239, Std: 1.4197
DEBUG: Pos Embed: torch.Size([1, 256, 2, 8]), Mean: 8.0594, Std: 7.9411
DEBUG: Input Images: torch.Size([1, 3, 32, 128]), Mean: 1.6363, Std: 1.1930, Min: -2.0665, Max: 2.6400
DEBUG: Visual Feat: torch.Size([1, 256, 2, 8]), Mean: 0.9233, Std: 1.4188
DEBUG: Pos Embed: torch.Size([1, 256, 2, 8]), Mean: 8.0594, Std: 7.9411
DEBUG: Input Images: torch.Size([1, 3, 32, 128]), Mean: 1.6363, Std: 1.1930, Min: -2.0665, Max: 2.6400
DEBUG: Visual Feat: torch.Size([1, 256, 2, 8]), Mean: 0.8743, Std: 1.2992
DEBUG: Pos Embed: torch.Size([1, 256, 2, 8]), Mean: 8.0594, Std: 7.9411
DEBUG: Input Images: torch.Size([1, 3, 32, 128]), Mean: 1.6363, Std: 1.1930, Min: -2.0665, Max: 2.6400
DEBUG: Visual Feat: torch.Size([1, 256, 2, 8]), Mean: 0.8743, Std: 1.2992
DEBUG: Pos Embed: torch.Size([1, 256, 2, 8]), Mean: 8.0594, Std: 7.9411

[Validation Debug] Samples:
  Pred Type: <class 'dict'>
  Pred Keys: ['logits', 'tokens']
  Pred IDs: [1, 988, 988, 988, 988, 988, 988, 988, 988, 988, 988, 988, 988, 988, 988, 988, 988, 988, 988, 988, 988, 988, 988, 988, 988, 988]
  Pred: '화화화화화화화화화화화화화화화화화화화화화화화화화' | GT: '"변화와'
  Match Count: 0/1
DEBUG: Input Images: torch.Size([1, 3, 32, 128]), Mean: 1.6363, Std: 1.1930, Min: -2.0665, Max: 2.6400
DEBUG: Visual Feat: torch.Size([1, 256, 2, 8]), Mean: 0.9226, Std: 1.4178
DEBUG: Pos Embed: torch.Size([1, 256, 2, 8]), Mean: 8.0594, Std: 7.9411

[Grad Debug] Step 150 - Pos Encoder Grad Norm: 0.0000
[Grad Debug] Step 150 - Embed Tokens Grad Norm: 0.0000
DEBUG: Input Images: torch.Size([1, 3, 32, 128]), Mean: 1.6363, Std: 1.1930, Min: -2.0665, Max: 2.6400
DEBUG: Visual Feat: torch.Size([1, 256, 2, 8]), Mean: 0.9220, Std: 1.4171
DEBUG: Pos Embed: torch.Size([1, 256, 2, 8]), Mean: 8.0594, Std: 7.9411
DEBUG: Input Images: torch.Size([1, 3, 32, 128]), Mean: 1.6363, Std: 1.1930, Min: -2.0665, Max: 2.6400
DEBUG: Visual Feat: torch.Size([1, 256, 2, 8]), Mean: 0.9214, Std: 1.4168
DEBUG: Pos Embed: torch.Size([1, 256, 2, 8]), Mean: 8.0594, Std: 7.9411
DEBUG: Input Images: torch.Size([1, 3, 32, 128]), Mean: 1.6363, Std: 1.1930, Min: -2.0665, Max: 2.6400
DEBUG: Visual Feat: torch.Size([1, 256, 2, 8]), Mean: 0.9211, Std: 1.4154
DEBUG: Pos Embed: torch.Size([1, 256, 2, 8]), Mean: 8.0594, Std: 7.9411
DEBUG: Input Images: torch.Size([1, 3, 32, 128]), Mean: 1.6363, Std: 1.1930, Min: -2.0665, Max: 2.6400
DEBUG: Visual Feat: torch.Size([1, 256, 2, 8]), Mean: 0.9206, Std: 1.4140
DEBUG: Pos Embed: torch.Size([1, 256, 2, 8]), Mean: 8.0594, Std: 7.9411
DEBUG: Input Images: torch.Size([1, 3, 32, 128]), Mean: 1.6363, Std: 1.1930, Min: -2.0665, Max: 2.6400
DEBUG: Visual Feat: torch.Size([1, 256, 2, 8]), Mean: 0.9206, Std: 1.4133
DEBUG: Pos Embed: torch.Size([1, 256, 2, 8]), Mean: 8.0594, Std: 7.9411
DEBUG: Input Images: torch.Size([1, 3, 32, 128]), Mean: 1.6363, Std: 1.1930, Min: -2.0665, Max: 2.6400
DEBUG: Visual Feat: torch.Size([1, 256, 2, 8]), Mean: 0.9208, Std: 1.4117
DEBUG: Pos Embed: torch.Size([1, 256, 2, 8]), Mean: 8.0594, Std: 7.9411
DEBUG: Input Images: torch.Size([1, 3, 32, 128]), Mean: 1.6363, Std: 1.1930, Min: -2.0665, Max: 2.6400
DEBUG: Visual Feat: torch.Size([1, 256, 2, 8]), Mean: 0.9201, Std: 1.4092
DEBUG: Pos Embed: torch.Size([1, 256, 2, 8]), Mean: 8.0594, Std: 7.9411
DEBUG: Input Images: torch.Size([1, 3, 32, 128]), Mean: 1.6363, Std: 1.1930, Min: -2.0665, Max: 2.6400
DEBUG: Visual Feat: torch.Size([1, 256, 2, 8]), Mean: 0.9192, Std: 1.4065
DEBUG: Pos Embed: torch.Size([1, 256, 2, 8]), Mean: 8.0594, Std: 7.9411
DEBUG: Input Images: torch.Size([1, 3, 32, 128]), Mean: 1.6363, Std: 1.1930, Min: -2.0665, Max: 2.6400
DEBUG: Visual Feat: torch.Size([1, 256, 2, 8]), Mean: 0.9186, Std: 1.4036
DEBUG: Pos Embed: torch.Size([1, 256, 2, 8]), Mean: 8.0594, Std: 7.9411
DEBUG: Input Images: torch.Size([1, 3, 32, 128]), Mean: 1.6363, Std: 1.1930, Min: -2.0665, Max: 2.6400
DEBUG: Visual Feat: torch.Size([1, 256, 2, 8]), Mean: 0.8689, Std: 1.3015
DEBUG: Pos Embed: torch.Size([1, 256, 2, 8]), Mean: 8.0594, Std: 7.9411
DEBUG: Input Images: torch.Size([1, 3, 32, 128]), Mean: 1.6363, Std: 1.1930, Min: -2.0665, Max: 2.6400
DEBUG: Visual Feat: torch.Size([1, 256, 2, 8]), Mean: 0.8689, Std: 1.3015
DEBUG: Pos Embed: torch.Size([1, 256, 2, 8]), Mean: 8.0594, Std: 7.9411

[Validation Debug] Samples:
  Pred Type: <class 'dict'>
  Pred Keys: ['logits', 'tokens']
  Pred IDs: [1, 988, 988, 988, 988, 988, 988, 988, 988, 988, 988, 988, 988, 988, 988, 988, 988, 988, 988, 988, 988, 988, 988, 988, 988, 988]
  Pred: '화화화화화화화화화화화화화화화화화화화화화화화화화' | GT: '"변화와'
  Match Count: 0/1
DEBUG: Input Images: torch.Size([1, 3, 32, 128]), Mean: 1.6363, Std: 1.1930, Min: -2.0665, Max: 2.6400
DEBUG: Visual Feat: torch.Size([1, 256, 2, 8]), Mean: 0.9171, Std: 1.3987
DEBUG: Pos Embed: torch.Size([1, 256, 2, 8]), Mean: 8.0594, Std: 7.9411

[Grad Debug] Step 160 - Pos Encoder Grad Norm: 0.0000
[Grad Debug] Step 160 - Embed Tokens Grad Norm: 0.0000
DEBUG: Input Images: torch.Size([1, 3, 32, 128]), Mean: 1.6363, Std: 1.1930, Min: -2.0665, Max: 2.6400
DEBUG: Visual Feat: torch.Size([1, 256, 2, 8]), Mean: 0.9163, Std: 1.3959
DEBUG: Pos Embed: torch.Size([1, 256, 2, 8]), Mean: 8.0594, Std: 7.9411
DEBUG: Input Images: torch.Size([1, 3, 32, 128]), Mean: 1.6363, Std: 1.1930, Min: -2.0665, Max: 2.6400
DEBUG: Visual Feat: torch.Size([1, 256, 2, 8]), Mean: 0.9161, Std: 1.3945
DEBUG: Pos Embed: torch.Size([1, 256, 2, 8]), Mean: 8.0594, Std: 7.9411
DEBUG: Input Images: torch.Size([1, 3, 32, 128]), Mean: 1.6363, Std: 1.1930, Min: -2.0665, Max: 2.6400
DEBUG: Visual Feat: torch.Size([1, 256, 2, 8]), Mean: 0.9157, Std: 1.3919
DEBUG: Pos Embed: torch.Size([1, 256, 2, 8]), Mean: 8.0594, Std: 7.9411
DEBUG: Input Images: torch.Size([1, 3, 32, 128]), Mean: 1.6363, Std: 1.1930, Min: -2.0665, Max: 2.6400
DEBUG: Visual Feat: torch.Size([1, 256, 2, 8]), Mean: 0.9155, Std: 1.3901
DEBUG: Pos Embed: torch.Size([1, 256, 2, 8]), Mean: 8.0594, Std: 7.9411
DEBUG: Input Images: torch.Size([1, 3, 32, 128]), Mean: 1.6363, Std: 1.1930, Min: -2.0665, Max: 2.6400
DEBUG: Visual Feat: torch.Size([1, 256, 2, 8]), Mean: 0.9153, Std: 1.3889
DEBUG: Pos Embed: torch.Size([1, 256, 2, 8]), Mean: 8.0594, Std: 7.9411
DEBUG: Input Images: torch.Size([1, 3, 32, 128]), Mean: 1.6363, Std: 1.1930, Min: -2.0665, Max: 2.6400
DEBUG: Visual Feat: torch.Size([1, 256, 2, 8]), Mean: 0.9154, Std: 1.3891
DEBUG: Pos Embed: torch.Size([1, 256, 2, 8]), Mean: 8.0594, Std: 7.9411
DEBUG: Input Images: torch.Size([1, 3, 32, 128]), Mean: 1.6363, Std: 1.1930, Min: -2.0665, Max: 2.6400
DEBUG: Visual Feat: torch.Size([1, 256, 2, 8]), Mean: 0.9152, Std: 1.3906
DEBUG: Pos Embed: torch.Size([1, 256, 2, 8]), Mean: 8.0594, Std: 7.9411
DEBUG: Input Images: torch.Size([1, 3, 32, 128]), Mean: 1.6363, Std: 1.1930, Min: -2.0665, Max: 2.6400
DEBUG: Visual Feat: torch.Size([1, 256, 2, 8]), Mean: 0.9156, Std: 1.3928
DEBUG: Pos Embed: torch.Size([1, 256, 2, 8]), Mean: 8.0594, Std: 7.9411
DEBUG: Input Images: torch.Size([1, 3, 32, 128]), Mean: 1.6363, Std: 1.1930, Min: -2.0665, Max: 2.6400
DEBUG: Visual Feat: torch.Size([1, 256, 2, 8]), Mean: 0.9165, Std: 1.3952
DEBUG: Pos Embed: torch.Size([1, 256, 2, 8]), Mean: 8.0594, Std: 7.9411
DEBUG: Input Images: torch.Size([1, 3, 32, 128]), Mean: 1.6363, Std: 1.1930, Min: -2.0665, Max: 2.6400
DEBUG: Visual Feat: torch.Size([1, 256, 2, 8]), Mean: 0.8895, Std: 1.2975
DEBUG: Pos Embed: torch.Size([1, 256, 2, 8]), Mean: 8.0594, Std: 7.9411
DEBUG: Input Images: torch.Size([1, 3, 32, 128]), Mean: 1.6363, Std: 1.1930, Min: -2.0665, Max: 2.6400
DEBUG: Visual Feat: torch.Size([1, 256, 2, 8]), Mean: 0.8895, Std: 1.2975
DEBUG: Pos Embed: torch.Size([1, 256, 2, 8]), Mean: 8.0594, Std: 7.9411

[Validation Debug] Samples:
  Pred Type: <class 'dict'>
  Pred Keys: ['logits', 'tokens']
  Pred IDs: [1, 2]
  Pred: '' | GT: '"변화와'
  Match Count: 0/1
DEBUG: Input Images: torch.Size([1, 3, 32, 128]), Mean: 1.6363, Std: 1.1930, Min: -2.0665, Max: 2.6400
DEBUG: Visual Feat: torch.Size([1, 256, 2, 8]), Mean: 0.9179, Std: 1.3971
DEBUG: Pos Embed: torch.Size([1, 256, 2, 8]), Mean: 8.0594, Std: 7.9411

[Grad Debug] Step 170 - Pos Encoder Grad Norm: 0.0000
[Grad Debug] Step 170 - Embed Tokens Grad Norm: 0.0000
DEBUG: Input Images: torch.Size([1, 3, 32, 128]), Mean: 1.6363, Std: 1.1930, Min: -2.0665, Max: 2.6400
DEBUG: Visual Feat: torch.Size([1, 256, 2, 8]), Mean: 0.9190, Std: 1.3982
DEBUG: Pos Embed: torch.Size([1, 256, 2, 8]), Mean: 8.0594, Std: 7.9411
DEBUG: Input Images: torch.Size([1, 3, 32, 128]), Mean: 1.6363, Std: 1.1930, Min: -2.0665, Max: 2.6400
DEBUG: Visual Feat: torch.Size([1, 256, 2, 8]), Mean: 0.9196, Std: 1.4002
DEBUG: Pos Embed: torch.Size([1, 256, 2, 8]), Mean: 8.0594, Std: 7.9411
DEBUG: Input Images: torch.Size([1, 3, 32, 128]), Mean: 1.6363, Std: 1.1930, Min: -2.0665, Max: 2.6400
DEBUG: Visual Feat: torch.Size([1, 256, 2, 8]), Mean: 0.9200, Std: 1.4018
DEBUG: Pos Embed: torch.Size([1, 256, 2, 8]), Mean: 8.0594, Std: 7.9411
DEBUG: Input Images: torch.Size([1, 3, 32, 128]), Mean: 1.6363, Std: 1.1930, Min: -2.0665, Max: 2.6400
DEBUG: Visual Feat: torch.Size([1, 256, 2, 8]), Mean: 0.9204, Std: 1.4030
DEBUG: Pos Embed: torch.Size([1, 256, 2, 8]), Mean: 8.0594, Std: 7.9411
DEBUG: Input Images: torch.Size([1, 3, 32, 128]), Mean: 1.6363, Std: 1.1930, Min: -2.0665, Max: 2.6400
DEBUG: Visual Feat: torch.Size([1, 256, 2, 8]), Mean: 0.9209, Std: 1.4048
DEBUG: Pos Embed: torch.Size([1, 256, 2, 8]), Mean: 8.0594, Std: 7.9411
DEBUG: Input Images: torch.Size([1, 3, 32, 128]), Mean: 1.6363, Std: 1.1930, Min: -2.0665, Max: 2.6400
DEBUG: Visual Feat: torch.Size([1, 256, 2, 8]), Mean: 0.9217, Std: 1.4058
DEBUG: Pos Embed: torch.Size([1, 256, 2, 8]), Mean: 8.0594, Std: 7.9411
DEBUG: Input Images: torch.Size([1, 3, 32, 128]), Mean: 1.6363, Std: 1.1930, Min: -2.0665, Max: 2.6400
DEBUG: Visual Feat: torch.Size([1, 256, 2, 8]), Mean: 0.9218, Std: 1.4074
DEBUG: Pos Embed: torch.Size([1, 256, 2, 8]), Mean: 8.0594, Std: 7.9411
DEBUG: Input Images: torch.Size([1, 3, 32, 128]), Mean: 1.6363, Std: 1.1930, Min: -2.0665, Max: 2.6400
DEBUG: Visual Feat: torch.Size([1, 256, 2, 8]), Mean: 0.9213, Std: 1.4083
DEBUG: Pos Embed: torch.Size([1, 256, 2, 8]), Mean: 8.0594, Std: 7.9411
DEBUG: Input Images: torch.Size([1, 3, 32, 128]), Mean: 1.6363, Std: 1.1930, Min: -2.0665, Max: 2.6400
DEBUG: Visual Feat: torch.Size([1, 256, 2, 8]), Mean: 0.9203, Std: 1.4084
DEBUG: Pos Embed: torch.Size([1, 256, 2, 8]), Mean: 8.0594, Std: 7.9411
DEBUG: Input Images: torch.Size([1, 3, 32, 128]), Mean: 1.6363, Std: 1.1930, Min: -2.0665, Max: 2.6400INFO: `Trainer.fit` stopped: `max_epochs=200` reached.

DEBUG: Visual Feat: torch.Size([1, 256, 2, 8]), Mean: 0.8762, Std: 1.2845
DEBUG: Pos Embed: torch.Size([1, 256, 2, 8]), Mean: 8.0594, Std: 7.9411
DEBUG: Input Images: torch.Size([1, 3, 32, 128]), Mean: 1.6363, Std: 1.1930, Min: -2.0665, Max: 2.6400
DEBUG: Visual Feat: torch.Size([1, 256, 2, 8]), Mean: 0.8762, Std: 1.2845
DEBUG: Pos Embed: torch.Size([1, 256, 2, 8]), Mean: 8.0594, Std: 7.9411

[Validation Debug] Samples:
  Pred Type: <class 'dict'>
  Pred Keys: ['logits', 'tokens']
  Pred IDs: [1, 697, 697, 697, 697, 697, 697, 697, 697, 697, 697, 697, 697, 697, 697, 697, 697, 697, 697, 697, 697, 697, 697, 697, 697, 697]
  Pred: '와와와와와와와와와와와와와와와와와와와와와와와와와' | GT: '"변화와'
  Match Count: 0/1
DEBUG: Input Images: torch.Size([1, 3, 32, 128]), Mean: 1.6363, Std: 1.1930, Min: -2.0665, Max: 2.6400
DEBUG: Visual Feat: torch.Size([1, 256, 2, 8]), Mean: 0.9188, Std: 1.4069
DEBUG: Pos Embed: torch.Size([1, 256, 2, 8]), Mean: 8.0594, Std: 7.9411

[Grad Debug] Step 180 - Pos Encoder Grad Norm: 0.0000
[Grad Debug] Step 180 - Embed Tokens Grad Norm: 0.0000
DEBUG: Input Images: torch.Size([1, 3, 32, 128]), Mean: 1.6363, Std: 1.1930, Min: -2.0665, Max: 2.6400
DEBUG: Visual Feat: torch.Size([1, 256, 2, 8]), Mean: 0.9175, Std: 1.4067
DEBUG: Pos Embed: torch.Size([1, 256, 2, 8]), Mean: 8.0594, Std: 7.9411
DEBUG: Input Images: torch.Size([1, 3, 32, 128]), Mean: 1.6363, Std: 1.1930, Min: -2.0665, Max: 2.6400
DEBUG: Visual Feat: torch.Size([1, 256, 2, 8]), Mean: 0.9163, Std: 1.4068
DEBUG: Pos Embed: torch.Size([1, 256, 2, 8]), Mean: 8.0594, Std: 7.9411
DEBUG: Input Images: torch.Size([1, 3, 32, 128]), Mean: 1.6363, Std: 1.1930, Min: -2.0665, Max: 2.6400
DEBUG: Visual Feat: torch.Size([1, 256, 2, 8]), Mean: 0.9154, Std: 1.4072
DEBUG: Pos Embed: torch.Size([1, 256, 2, 8]), Mean: 8.0594, Std: 7.9411
DEBUG: Input Images: torch.Size([1, 3, 32, 128]), Mean: 1.6363, Std: 1.1930, Min: -2.0665, Max: 2.6400
DEBUG: Visual Feat: torch.Size([1, 256, 2, 8]), Mean: 0.9147, Std: 1.4078
DEBUG: Pos Embed: torch.Size([1, 256, 2, 8]), Mean: 8.0594, Std: 7.9411
DEBUG: Input Images: torch.Size([1, 3, 32, 128]), Mean: 1.6363, Std: 1.1930, Min: -2.0665, Max: 2.6400
DEBUG: Visual Feat: torch.Size([1, 256, 2, 8]), Mean: 0.9140, Std: 1.4058
DEBUG: Pos Embed: torch.Size([1, 256, 2, 8]), Mean: 8.0594, Std: 7.9411
DEBUG: Input Images: torch.Size([1, 3, 32, 128]), Mean: 1.6363, Std: 1.1930, Min: -2.0665, Max: 2.6400
DEBUG: Visual Feat: torch.Size([1, 256, 2, 8]), Mean: 0.9128, Std: 1.4041
DEBUG: Pos Embed: torch.Size([1, 256, 2, 8]), Mean: 8.0594, Std: 7.9411
DEBUG: Input Images: torch.Size([1, 3, 32, 128]), Mean: 1.6363, Std: 1.1930, Min: -2.0665, Max: 2.6400
DEBUG: Visual Feat: torch.Size([1, 256, 2, 8]), Mean: 0.9112, Std: 1.4021
DEBUG: Pos Embed: torch.Size([1, 256, 2, 8]), Mean: 8.0594, Std: 7.9411
DEBUG: Input Images: torch.Size([1, 3, 32, 128]), Mean: 1.6363, Std: 1.1930, Min: -2.0665, Max: 2.6400
DEBUG: Visual Feat: torch.Size([1, 256, 2, 8]), Mean: 0.9094, Std: 1.4004
DEBUG: Pos Embed: torch.Size([1, 256, 2, 8]), Mean: 8.0594, Std: 7.9411
DEBUG: Input Images: torch.Size([1, 3, 32, 128]), Mean: 1.6363, Std: 1.1930, Min: -2.0665, Max: 2.6400
DEBUG: Visual Feat: torch.Size([1, 256, 2, 8]), Mean: 0.9077, Std: 1.3994
DEBUG: Pos Embed: torch.Size([1, 256, 2, 8]), Mean: 8.0594, Std: 7.9411
DEBUG: Input Images: torch.Size([1, 3, 32, 128]), Mean: 1.6363, Std: 1.1930, Min: -2.0665, Max: 2.6400
DEBUG: Visual Feat: torch.Size([1, 256, 2, 8]), Mean: 0.8758, Std: 1.2836
DEBUG: Pos Embed: torch.Size([1, 256, 2, 8]), Mean: 8.0594, Std: 7.9411
DEBUG: Input Images: torch.Size([1, 3, 32, 128]), Mean: 1.6363, Std: 1.1930, Min: -2.0665, Max: 2.6400
DEBUG: Visual Feat: torch.Size([1, 256, 2, 8]), Mean: 0.8758, Std: 1.2836
DEBUG: Pos Embed: torch.Size([1, 256, 2, 8]), Mean: 8.0594, Std: 7.9411

[Validation Debug] Samples:
  Pred Type: <class 'dict'>
  Pred Keys: ['logits', 'tokens']
  Pred IDs: [1, 539, 539, 539, 539, 539, 539, 539, 539, 539, 539, 539, 539, 539, 539, 539, 539, 539, 539, 539, 539, 539, 539, 539, 539, 539]
  Pred: '변변변변변변변변변변변변변변변변변변변변변변변변변' | GT: '"변화와'
  Match Count: 0/1
DEBUG: Input Images: torch.Size([1, 3, 32, 128]), Mean: 1.6363, Std: 1.1930, Min: -2.0665, Max: 2.6400
DEBUG: Visual Feat: torch.Size([1, 256, 2, 8]), Mean: 0.9060, Std: 1.3977
DEBUG: Pos Embed: torch.Size([1, 256, 2, 8]), Mean: 8.0594, Std: 7.9411

[Grad Debug] Step 190 - Pos Encoder Grad Norm: 0.0001
[Grad Debug] Step 190 - Embed Tokens Grad Norm: 0.0001
DEBUG: Input Images: torch.Size([1, 3, 32, 128]), Mean: 1.6363, Std: 1.1930, Min: -2.0665, Max: 2.6400
DEBUG: Visual Feat: torch.Size([1, 256, 2, 8]), Mean: 0.9047, Std: 1.3947
DEBUG: Pos Embed: torch.Size([1, 256, 2, 8]), Mean: 8.0594, Std: 7.9411
DEBUG: Input Images: torch.Size([1, 3, 32, 128]), Mean: 1.6363, Std: 1.1930, Min: -2.0665, Max: 2.6400
DEBUG: Visual Feat: torch.Size([1, 256, 2, 8]), Mean: 0.9036, Std: 1.3919
DEBUG: Pos Embed: torch.Size([1, 256, 2, 8]), Mean: 8.0594, Std: 7.9411
DEBUG: Input Images: torch.Size([1, 3, 32, 128]), Mean: 1.6363, Std: 1.1930, Min: -2.0665, Max: 2.6400
DEBUG: Visual Feat: torch.Size([1, 256, 2, 8]), Mean: 0.9028, Std: 1.3906
DEBUG: Pos Embed: torch.Size([1, 256, 2, 8]), Mean: 8.0594, Std: 7.9411
DEBUG: Input Images: torch.Size([1, 3, 32, 128]), Mean: 1.6363, Std: 1.1930, Min: -2.0665, Max: 2.6400
DEBUG: Visual Feat: torch.Size([1, 256, 2, 8]), Mean: 0.9029, Std: 1.3882
DEBUG: Pos Embed: torch.Size([1, 256, 2, 8]), Mean: 8.0594, Std: 7.9411
DEBUG: Input Images: torch.Size([1, 3, 32, 128]), Mean: 1.6363, Std: 1.1930, Min: -2.0665, Max: 2.6400
DEBUG: Visual Feat: torch.Size([1, 256, 2, 8]), Mean: 0.9031, Std: 1.3832
DEBUG: Pos Embed: torch.Size([1, 256, 2, 8]), Mean: 8.0594, Std: 7.9411
DEBUG: Input Images: torch.Size([1, 3, 32, 128]), Mean: 1.6363, Std: 1.1930, Min: -2.0665, Max: 2.6400
DEBUG: Visual Feat: torch.Size([1, 256, 2, 8]), Mean: 0.9034, Std: 1.3794
DEBUG: Pos Embed: torch.Size([1, 256, 2, 8]), Mean: 8.0594, Std: 7.9411
DEBUG: Input Images: torch.Size([1, 3, 32, 128]), Mean: 1.6363, Std: 1.1930, Min: -2.0665, Max: 2.6400
DEBUG: Visual Feat: torch.Size([1, 256, 2, 8]), Mean: 0.9030, Std: 1.3749
DEBUG: Pos Embed: torch.Size([1, 256, 2, 8]), Mean: 8.0594, Std: 7.9411
DEBUG: Input Images: torch.Size([1, 3, 32, 128]), Mean: 1.6363, Std: 1.1930, Min: -2.0665, Max: 2.6400
DEBUG: Visual Feat: torch.Size([1, 256, 2, 8]), Mean: 0.9016, Std: 1.3678
DEBUG: Pos Embed: torch.Size([1, 256, 2, 8]), Mean: 8.0594, Std: 7.9411
DEBUG: Input Images: torch.Size([1, 3, 32, 128]), Mean: 1.6363, Std: 1.1930, Min: -2.0665, Max: 2.6400
DEBUG: Visual Feat: torch.Size([1, 256, 2, 8]), Mean: 0.9009, Std: 1.3618
DEBUG: Pos Embed: torch.Size([1, 256, 2, 8]), Mean: 8.0594, Std: 7.9411
DEBUG: Input Images: torch.Size([1, 3, 32, 128]), Mean: 1.6363, Std: 1.1930, Min: -2.0665, Max: 2.6400
DEBUG: Visual Feat: torch.Size([1, 256, 2, 8]), Mean: 0.8647, Std: 1.2929
DEBUG: Pos Embed: torch.Size([1, 256, 2, 8]), Mean: 8.0594, Std: 7.9411
DEBUG: Input Images: torch.Size([1, 3, 32, 128]), Mean: 1.6363, Std: 1.1930, Min: -2.0665, Max: 2.6400
DEBUG: Visual Feat: torch.Size([1, 256, 2, 8]), Mean: 0.8647, Std: 1.2929
DEBUG: Pos Embed: torch.Size([1, 256, 2, 8]), Mean: 8.0594, Std: 7.9411

[Validation Debug] Samples:
  Pred Type: <class 'dict'>
  Pred Keys: ['logits', 'tokens']
  Pred IDs: [1, 988, 988, 988, 988, 988, 988, 988, 988, 988, 988, 988, 988, 988, 988, 988, 988, 988, 988, 988, 988, 988, 988, 988, 988, 988]
  Pred: '화화화화화화화화화화화화화화화화화화화화화화화화화' | GT: '"변화와'
  Match Count: 0/1
[2026-02-07 22:21:06,050][lightning.pytorch.utilities.rank_zero][INFO] - `Trainer.fit` stopped: `max_epochs=200` reached.
Epoch 199/199 ━━━━━━━━━━━━━━━━━━━━━━━━━━━━━━━━━━━━━━ 1/1 0:00:00 • 0:00:00 0.00it/s v_num: 62.000 val/acc: 0.000 val/cer: 
                                                                                    6.000                                 
[2026-02-07 22:21:06,357][ocr.pipelines.orchestrator][INFO] - \n✅ Training complete!

✅ Training test completed successfully!
