[2026-02-08 02:32:48,359][ocr.pipelines.orchestrator][INFO] - 🎯 OCRProjectOrchestrator initialized
[2026-02-08 02:32:48,359][ocr.pipelines.orchestrator][INFO] -    Domain: recognition
[2026-02-08 02:32:48,359][ocr.pipelines.orchestrator][INFO] -    Mode: train
[2026-02-08 02:32:48,359][ocr.pipelines.orchestrator][INFO] - \n============================================================
[2026-02-08 02:32:48,359][ocr.pipelines.orchestrator][INFO] - 🚀 Starting TRAIN for recognition domain
[2026-02-08 02:32:48,359][ocr.pipelines.orchestrator][INFO] - ============================================================\n
[2026-02-08 02:32:48,359][ocr.pipelines.orchestrator][INFO] - 🏗️ Building model and datasets...
[2026-02-08 02:32:48,360][ocr.pipelines.strategies.recognition_config][INFO] - 💉 Injecting vocab_size for recognition model...
[2026-02-08 02:32:48,361][ocr.domains.recognition.data.tokenizer][INFO] - Loaded tokenizer: 1023 chars, vocab_size=1027, max_len=25
[2026-02-08 02:32:48,362][ocr.pipelines.strategies.recognition_config][INFO] -    ✓ Vocab size 1027 injected into model config
[2026-02-08 02:32:50,007][timm.models._builder][INFO] - Loading pretrained weights from Hugging Face hub (timm/resnet18.a1_in1k)
[2026-02-08 02:32:50,250][timm.models._hub][INFO] - [timm/resnet18.a1_in1k] Safe alternative available for 'pytorch_model.bin' (as 'model.safetensors'). Loading weights using safetensors.
[2026-02-08 02:32:50,404][timm.models._builder][INFO] - Loading pretrained weights from Hugging Face hub (timm/resnet18.a1_in1k)
[2026-02-08 02:32:50,610][timm.models._hub][INFO] - [timm/resnet18.a1_in1k] Safe alternative available for 'pytorch_model.bin' (as 'model.safetensors'). Loading weights using safetensors.
[2026-02-08 02:32:51,101][ocr.pipelines.orchestrator][INFO] -    ✓ Model created: PARSeqOfficial
[2026-02-08 02:32:51,106][ocr.domains.recognition.data.tokenizer][INFO] - Loaded tokenizer: 1023 chars, vocab_size=1027, max_len=25
[2026-02-08 02:32:51,111][ocr.domains.recognition.data.tokenizer][INFO] - Loaded tokenizer: 1023 chars, vocab_size=1027, max_len=25
[2026-02-08 02:32:51,240][ocr.domains.recognition.data.tokenizer][INFO] - Loaded tokenizer: 1023 chars, vocab_size=1027, max_len=25
[2026-02-08 02:32:51,245][ocr.domains.recognition.data.tokenizer][INFO] - Loaded tokenizer: 1023 chars, vocab_size=1027, max_len=25
[2026-02-08 02:32:51,247][ocr.pipelines.orchestrator][INFO] -    ✓ Datasets created
[2026-02-08 02:32:51,271][ocr.pipelines.orchestrator][INFO] -    ✓ RecognitionPLModule created
[2026-02-08 02:32:51,282][ocr.pipelines.orchestrator][INFO] -    ✓ DataModule created
[2026-02-08 02:32:51,283][ocr.pipelines.orchestrator][INFO] - ⚡ Configuring Lightning Trainer...
INFO: Using 16bit Automatic Mixed Precision (AMP)
[2026-02-08 02:32:51,310][lightning.pytorch.utilities.rank_zero][INFO] - Using 16bit Automatic Mixed Precision (AMP)
INFO: GPU available: True (cuda), used: True
[2026-02-08 02:32:51,317][lightning.pytorch.utilities.rank_zero][INFO] - GPU available: True (cuda), used: True
INFO: TPU available: False, using: 0 TPU cores
[2026-02-08 02:32:51,318][lightning.pytorch.utilities.rank_zero][INFO] - TPU available: False, using: 0 TPU cores
INFO: 💡 Tip: For seamless cloud logging and experiment tracking, try installing [litlogger](https://pypi.org/project/litlogger/) to enable LitLogger, which logs metrics and artifacts automatically to the Lightning Experiments platform.
[2026-02-08 02:32:51,319][lightning.pytorch.utilities.rank_zero][INFO] - 💡 Tip: For seamless cloud logging and experiment tracking, try installing [litlogger](https://pypi.org/project/litlogger/) to enable LitLogger, which logs metrics and artifacts automatically to the Lightning Experiments platform.
[2026-02-08 02:32:51,319][ocr.pipelines.orchestrator][INFO] -    ✓ Trainer ready
[2026-02-08 02:32:51,319][ocr.pipelines.orchestrator][INFO] - 🏋️ Starting training...\n
INFO: LOCAL_RANK: 0 - CUDA_VISIBLE_DEVICES: [0]
[2026-02-08 02:32:51,375][lightning.pytorch.accelerators.cuda][INFO] - LOCAL_RANK: 0 - CUDA_VISIBLE_DEVICES: [0]
/workspaces/.venv/lib/python3.11/site-packages/lightning/pytorch/utilities/model_summary/model_summary.py:242: Precision 16-mixed is not supported by the model summary.  Estimated model size in MB will not be accurate. Using 32 bits instead.
┏━━━┳━━━━━━━━━┳━━━━━━━━━━━━━━━━┳━━━━━━━━┳━━━━━━━┳━━━━━━━┓
┃   ┃ Name    ┃ Type           ┃ Params ┃ Mode  ┃ FLOPs ┃
┡━━━╇━━━━━━━━━╇━━━━━━━━━━━━━━━━╇━━━━━━━━╇━━━━━━━╇━━━━━━━┩
│ 0 │ model   │ PARSeqOfficial │ 24.5 M │ train │     0 │
│ 1 │ rec_cer │ CharErrorRate  │      0 │ train │     0 │
└───┴─────────┴────────────────┴────────┴───────┴───────┘
Trainable params: 24.5 M                                                                                      
Non-trainable params: 0                                                                                       
Total params: 24.5 M                                                                                          
Total estimated model params size (MB): 98                                                                    
Modules in train mode: 289                                                                                    
Modules in eval mode: 0                                                                                       
Total FLOPs: 0                                                                                                

[Validation Debug] Samples:
  Pred Type: <class 'dict'>
  Pred Keys: ['logits', 'tokens']
  Pred IDs: [654, 929, 929, 654, 727, 929, 727, 80, 80, 727, 679, 897, 654, 80, 670, 670, 80, 654, 929, 897, 330, 80, 679, 929, 80, 654]
  Pred: '액퍼퍼액으퍼으ll으연털액l엌엌l액퍼털닉l연퍼l액' | GT: '"변화와'
  Match Count: 0/1
terminate called after throwing an instance of 'c10::Error'
  what():  CUDA error: initialization error
CUDA kernel errors might be asynchronously reported at some other API call, so the stacktrace below might be incorrect.
For debugging consider passing CUDA_LAUNCH_BLOCKING=1
Compile with `TORCH_USE_CUDA_DSA` to enable device-side assertions.

Exception raised from c10_cuda_check_implementation at /pytorch/c10/cuda/CUDAException.cpp:43 (most recent call first):
frame #0: c10::Error::Error(c10::SourceLocation, std::string) + 0x96 (0x75c83c36c1b6 in /workspaces/.venv/lib/python3.11/site-packages/torch/lib/libc10.so)
frame #1: c10::detail::torchCheckFail(char const*, char const*, unsigned int, std::string const&) + 0x64 (0x75c83c315a76 in /workspaces/.venv/lib/python3.11/site-packages/torch/lib/libc10.so)
frame #2: c10::cuda::c10_cuda_check_implementation(int, char const*, char const*, int, bool) + 0x118 (0x75c83c7a3918 in /workspaces/.venv/lib/python3.11/site-packages/torch/lib/libc10_cuda.so)
frame #3: c10::cuda::ExchangeDevice(signed char) + 0x92 (0x75c83c7a4002 in /workspaces/.venv/lib/python3.11/site-packages/torch/lib/libc10_cuda.so)
frame #4: <unknown function> + 0x103ad3a (0x75c7ea63ad3a in /workspaces/.venv/lib/python3.11/site-packages/torch/lib/libtorch_cuda.so)
frame #5: <unknown function> + 0x10433c5 (0x75c7ea6433c5 in /workspaces/.venv/lib/python3.11/site-packages/torch/lib/libtorch_cuda.so)
frame #6: <unknown function> + 0x643582 (0x75c834043582 in /workspaces/.venv/lib/python3.11/site-packages/torch/lib/libtorch_python.so)
frame #7: <unknown function> + 0x6f30f (0x75c83c34d30f in /workspaces/.venv/lib/python3.11/site-packages/torch/lib/libc10.so)
frame #8: c10::TensorImpl::~TensorImpl() + 0x21b (0x75c83c34633b in /workspaces/.venv/lib/python3.11/site-packages/torch/lib/libc10.so)
frame #9: c10::TensorImpl::~TensorImpl() + 0x9 (0x75c83c3464e9 in /workspaces/.venv/lib/python3.11/site-packages/torch/lib/libc10.so)
frame #10: <unknown function> + 0x904458 (0x75c834304458 in /workspaces/.venv/lib/python3.11/site-packages/torch/lib/libtorch_python.so)
frame #11: THPVariable_subclass_dealloc(_object*) + 0x2f6 (0x75c8343047a6 in /workspaces/.venv/lib/python3.11/site-packages/torch/lib/libtorch_python.so)
frame #12: <unknown function> + 0x33484e (0x604e163de84e in /workspaces/.venv/bin/python3)
frame #13: <unknown function> + 0x31ec3e (0x604e163c8c3e in /workspaces/.venv/bin/python3)
frame #14: <unknown function> + 0x31ec73 (0x604e163c8c73 in /workspaces/.venv/bin/python3)
frame #15: <unknown function> + 0x31ec73 (0x604e163c8c73 in /workspaces/.venv/bin/python3)
frame #16: <unknown function> + 0x31ec73 (0x604e163c8c73 in /workspaces/.venv/bin/python3)
frame #17: <unknown function> + 0x31ec73 (0x604e163c8c73 in /workspaces/.venv/bin/python3)
frame #18: <unknown function> + 0x31ec73 (0x604e163c8c73 in /workspaces/.venv/bin/python3)
frame #19: <unknown function> + 0x31ec73 (0x604e163c8c73 in /workspaces/.venv/bin/python3)
frame #20: <unknown function> + 0x3d2c34 (0x604e1647cc34 in /workspaces/.venv/bin/python3)
frame #21: <unknown function> + 0x1fd241 (0x604e162a7241 in /workspaces/.venv/bin/python3)
frame #22: <unknown function> + 0x3dac87 (0x604e16484c87 in /workspaces/.venv/bin/python3)
frame #23: PyType_GenericAlloc + 0x1ef (0x604e163f946f in /workspaces/.venv/bin/python3)
frame #24: <unknown function> + 0x350a29 (0x604e163faa29 in /workspaces/.venv/bin/python3)
frame #25: <unknown function> + 0x34add0 (0x604e163f4dd0 in /workspaces/.venv/bin/python3)
frame #26: _PyEval_EvalFrameDefault + 0x3558d (0x604e16451a9d in /workspaces/.venv/bin/python3)
frame #27: _PyFunction_Vectorcall + 0x535 (0x604e163bf815 in /workspaces/.venv/bin/python3)
frame #28: _PyEval_EvalFrameDefault + 0x39877 (0x604e16455d87 in /workspaces/.venv/bin/python3)
frame #29: _PyFunction_Vectorcall + 0x535 (0x604e163bf815 in /workspaces/.venv/bin/python3)
frame #30: _PyEval_EvalFrameDefault + 0x39877 (0x604e16455d87 in /workspaces/.venv/bin/python3)
frame #31: _PyFunction_Vectorcall + 0x535 (0x604e163bf815 in /workspaces/.venv/bin/python3)
frame #32: _PyEval_EvalFrameDefault + 0x39877 (0x604e16455d87 in /workspaces/.venv/bin/python3)
frame #33: _PyFunction_Vectorcall + 0x535 (0x604e163bf815 in /workspaces/.venv/bin/python3)
frame #34: <unknown function> + 0x3479d9 (0x604e163f19d9 in /workspaces/.venv/bin/python3)
frame #35: <unknown function> + 0x34ae05 (0x604e163f4e05 in /workspaces/.venv/bin/python3)
frame #36: _PyEval_EvalFrameDefault + 0x3558d (0x604e16451a9d in /workspaces/.venv/bin/python3)
frame #37: _PyFunction_Vectorcall + 0x535 (0x604e163bf815 in /workspaces/.venv/bin/python3)
frame #38: <unknown function> + 0x3479d9 (0x604e163f19d9 in /workspaces/.venv/bin/python3)
frame #39: <unknown function> + 0x34ae05 (0x604e163f4e05 in /workspaces/.venv/bin/python3)
frame #40: _PyEval_EvalFrameDefault + 0x3558d (0x604e16451a9d in /workspaces/.venv/bin/python3)
frame #41: _PyFunction_Vectorcall + 0x535 (0x604e163bf815 in /workspaces/.venv/bin/python3)
frame #42: PyObject_CallOneArg + 0x52 (0x604e1629ff42 in /workspaces/.venv/bin/python3)
frame #43: <unknown function> + 0x4630b2 (0x604e1650d0b2 in /workspaces/.venv/bin/python3)
frame #44: PyObject_GetIter + 0x13 (0x604e1629a0f3 in /workspaces/.venv/bin/python3)
frame #45: <unknown function> + 0x338d8b (0x604e163e2d8b in /workspaces/.venv/bin/python3)
frame #46: _PyEval_EvalFrameDefault + 0x35127 (0x604e16451637 in /workspaces/.venv/bin/python3)
frame #47: _PyFunction_Vectorcall + 0x535 (0x604e163bf815 in /workspaces/.venv/bin/python3)
frame #48: PyObject_CallOneArg + 0x52 (0x604e1629ff42 in /workspaces/.venv/bin/python3)
frame #49: <unknown function> + 0x4630b2 (0x604e1650d0b2 in /workspaces/.venv/bin/python3)
frame #50: PyObject_GetIter + 0x13 (0x604e1629a0f3 in /workspaces/.venv/bin/python3)
frame #51: <unknown function> + 0x338d8b (0x604e163e2d8b in /workspaces/.venv/bin/python3)
frame #52: _PyEval_EvalFrameDefault + 0x35127 (0x604e16451637 in /workspaces/.venv/bin/python3)
frame #53: _PyFunction_Vectorcall + 0x535 (0x604e163bf815 in /workspaces/.venv/bin/python3)
frame #54: PyObject_CallOneArg + 0x52 (0x604e1629ff42 in /workspaces/.venv/bin/python3)
frame #55: <unknown function> + 0x4630b2 (0x604e1650d0b2 in /workspaces/.venv/bin/python3)
frame #56: PyObject_GetIter + 0x13 (0x604e1629a0f3 in /workspaces/.venv/bin/python3)
frame #57: <unknown function> + 0x338d8b (0x604e163e2d8b in /workspaces/.venv/bin/python3)
frame #58: _PyEval_EvalFrameDefault + 0x35127 (0x604e16451637 in /workspaces/.venv/bin/python3)
frame #59: _PyFunction_Vectorcall + 0x535 (0x604e163bf815 in /workspaces/.venv/bin/python3)
frame #60: PyObject_CallOneArg + 0x52 (0x604e1629ff42 in /workspaces/.venv/bin/python3)
frame #61: <unknown function> + 0x4630b2 (0x604e1650d0b2 in /workspaces/.venv/bin/python3)
frame #62: PyObject_GetIter + 0x13 (0x604e1629a0f3 in /workspaces/.venv/bin/python3)

terminate called after throwing an instance of 'c10::Error'
  what():  CUDA error: initialization error
CUDA kernel errors might be asynchronously reported at some other API call, so the stacktrace below might be incorrect.
For debugging consider passing CUDA_LAUNCH_BLOCKING=1
Compile with `TORCH_USE_CUDA_DSA` to enable device-side assertions.

Exception raised from c10_cuda_check_implementation at /pytorch/c10/cuda/CUDAException.cpp:43 (most recent call first):
frame #0: c10::Error::Error(c10::SourceLocation, std::string) + 0x96 (0x75c83c36c1b6 in /workspaces/.venv/lib/python3.11/site-packages/torch/lib/libc10.so)
frame #1: c10::detail::torchCheckFail(char const*, char const*, unsigned int, std::string const&) + 0x64 (0x75c83c315a76 in /workspaces/.venv/lib/python3.11/site-packages/torch/lib/libc10.so)
frame #2: c10::cuda::c10_cuda_check_implementation(int, char const*, char const*, int, bool) + 0x118 (0x75c83c7a3918 in /workspaces/.venv/lib/python3.11/site-packages/torch/lib/libc10_cuda.so)
frame #3: c10::cuda::ExchangeDevice(signed char) + 0x92 (0x75c83c7a4002 in /workspaces/.venv/lib/python3.11/site-packages/torch/lib/libc10_cuda.so)
frame #4: <unknown function> + 0x103ad3a (0x75c7ea63ad3a in /workspaces/.venv/lib/python3.11/site-packages/torch/lib/libtorch_cuda.so)
frame #5: <unknown function> + 0x10433c5 (0x75c7ea6433c5 in /workspaces/.venv/lib/python3.11/site-packages/torch/lib/libtorch_cuda.so)
frame #6: <unknown function> + 0x643582 (0x75c834043582 in /workspaces/.venv/lib/python3.11/site-packages/torch/lib/libtorch_python.so)
frame #7: <unknown function> + 0x6f30f (0x75c83c34d30f in /workspaces/.venv/lib/python3.11/site-packages/torch/lib/libc10.so)
frame #8: c10::TensorImpl::~TensorImpl() + 0x21b (0x75c83c34633b in /workspaces/.venv/lib/python3.11/site-packages/torch/lib/libc10.so)
frame #9: c10::TensorImpl::~TensorImpl() + 0x9 (0x75c83c3464e9 in /workspaces/.venv/lib/python3.11/site-packages/torch/lib/libc10.so)
frame #10: <unknown function> + 0x904458 (0x75c834304458 in /workspaces/.venv/lib/python3.11/site-packages/torch/lib/libtorch_python.so)
frame #11: THPVariable_subclass_dealloc(_object*) + 0x2f6 (0x75c8343047a6 in /workspaces/.venv/lib/python3.11/site-packages/torch/lib/libtorch_python.so)
frame #12: <unknown function> + 0x33484e (0x604e163de84e in /workspaces/.venv/bin/python3)
frame #13: <unknown function> + 0x31ec3e (0x604e163c8c3e in /workspaces/.venv/bin/python3)
frame #14: <unknown function> + 0x31ec73 (0x604e163c8c73 in /workspaces/.venv/bin/python3)
frame #15: <unknown function> + 0x31ec73 (0x604e163c8c73 in /workspaces/.venv/bin/python3)
frame #16: <unknown function> + 0x31ec73 (0x604e163c8c73 in /workspaces/.venv/bin/python3)
frame #17: <unknown function> + 0x31ec73 (0x604e163c8c73 in /workspaces/.venv/bin/python3)
frame #18: <unknown function> + 0x31ec73 (0x604e163c8c73 in /workspaces/.venv/bin/python3)
frame #19: <unknown function> + 0x31ec73 (0x604e163c8c73 in /workspaces/.venv/bin/python3)
frame #20: <unknown function> + 0x3d2c34 (0x604e1647cc34 in /workspaces/.venv/bin/python3)
frame #21: <unknown function> + 0x1fd241 (0x604e162a7241 in /workspaces/.venv/bin/python3)
frame #22: <unknown function> + 0x3dac87 (0x604e16484c87 in /workspaces/.venv/bin/python3)
frame #23: PyType_GenericAlloc + 0x1ef (0x604e163f946f in /workspaces/.venv/bin/python3)
frame #24: <unknown function> + 0x350a29 (0x604e163faa29 in /workspaces/.venv/bin/python3)
frame #25: <unknown function> + 0x34add0 (0x604e163f4dd0 in /workspaces/.venv/bin/python3)
frame #26: _PyEval_EvalFrameDefault + 0x3558d (0x604e16451a9d in /workspaces/.venv/bin/python3)
frame #27: _PyFunction_Vectorcall + 0x535 (0x604e163bf815 in /workspaces/.venv/bin/python3)
frame #28: _PyEval_EvalFrameDefault + 0x39877 (0x604e16455d87 in /workspaces/.venv/bin/python3)
frame #29: _PyFunction_Vectorcall + 0x535 (0x604e163bf815 in /workspaces/.venv/bin/python3)
frame #30: _PyEval_EvalFrameDefault + 0x39877 (0x604e16455d87 in /workspaces/.venv/bin/python3)
frame #31: _PyFunction_Vectorcall + 0x535 (0x604e163bf815 in /workspaces/.venv/bin/python3)
frame #32: _PyEval_EvalFrameDefault + 0x39877 (0x604e16455d87 in /workspaces/.venv/bin/python3)
frame #33: _PyFunction_Vectorcall + 0x535 (0x604e163bf815 in /workspaces/.venv/bin/python3)
frame #34: <unknown function> + 0x3479d9 (0x604e163f19d9 in /workspaces/.venv/bin/python3)
frame #35: <unknown function> + 0x34ae05 (0x604e163f4e05 in /workspaces/.venv/bin/python3)
frame #36: _PyEval_EvalFrameDefault + 0x3558d (0x604e16451a9d in /workspaces/.venv/bin/python3)
frame #37: _PyFunction_Vectorcall + 0x535 (0x604e163bf815 in /workspaces/.venv/bin/python3)
frame #38: <unknown function> + 0x3479d9 (0x604e163f19d9 in /workspaces/.venv/bin/python3)
frame #39: <unknown function> + 0x34ae05 (0x604e163f4e05 in /workspaces/.venv/bin/python3)
frame #40: _PyEval_EvalFrameDefault + 0x3558d (0x604e16451a9d in /workspaces/.venv/bin/python3)
frame #41: _PyFunction_Vectorcall + 0x535 (0x604e163bf815 in /workspaces/.venv/bin/python3)
frame #42: PyObject_CallOneArg + 0x52 (0x604e1629ff42 in /workspaces/.venv/bin/python3)
frame #43: <unknown function> + 0x4630b2 (0x604e1650d0b2 in /workspaces/.venv/bin/python3)
frame #44: PyObject_GetIter + 0x13 (0x604e1629a0f3 in /workspaces/.venv/bin/python3)
frame #45: <unknown function> + 0x338d8b (0x604e163e2d8b in /workspaces/.venv/bin/python3)
frame #46: _PyEval_EvalFrameDefault + 0x35127 (0x604e16451637 in /workspaces/.venv/bin/python3)
frame #47: _PyFunction_Vectorcall + 0x535 (0x604e163bf815 in /workspaces/.venv/bin/python3)
frame #48: PyObject_CallOneArg + 0x52 (0x604e1629ff42 in /workspaces/.venv/bin/python3)
frame #49: <unknown function> + 0x4630b2 (0x604e1650d0b2 in /workspaces/.venv/bin/python3)
frame #50: PyObject_GetIter + 0x13 (0x604e1629a0f3 in /workspaces/.venv/bin/python3)
frame #51: <unknown function> + 0x338d8b (0x604e163e2d8b in /workspaces/.venv/bin/python3)
frame #52: _PyEval_EvalFrameDefault + 0x35127 (0x604e16451637 in /workspaces/.venv/bin/python3)
frame #53: _PyFunction_Vectorcall + 0x535 (0x604e163bf815 in /workspaces/.venv/bin/python3)
frame #54: PyObject_CallOneArg + 0x52 (0x604e1629ff42 in /workspaces/.venv/bin/python3)
frame #55: <unknown function> + 0x4630b2 (0x604e1650d0b2 in /workspaces/.venv/bin/python3)
frame #56: PyObject_GetIter + 0x13 (0x604e1629a0f3 in /workspaces/.venv/bin/python3)
frame #57: <unknown function> + 0x338d8b (0x604e163e2d8b in /workspaces/.venv/bin/python3)
frame #58: _PyEval_EvalFrameDefault + 0x35127 (0x604e16451637 in /workspaces/.venv/bin/python3)
frame #59: _PyFunction_Vectorcall + 0x535 (0x604e163bf815 in /workspaces/.venv/bin/python3)
frame #60: PyObject_CallOneArg + 0x52 (0x604e1629ff42 in /workspaces/.venv/bin/python3)
frame #61: <unknown function> + 0x4630b2 (0x604e1650d0b2 in /workspaces/.venv/bin/python3)
frame #62: PyObject_GetIter + 0x13 (0x604e1629a0f3 in /workspaces/.venv/bin/python3)

